[2025-04-10T07:24:15.478+0000] {local_task_job_runner.py:123} INFO - ::group::Pre task execution logs
[2025-04-10T07:24:15.519+0000] {taskinstance.py:2612} INFO - Dependencies all met for dep_context=non-requeueable deps ti=<TaskInstance: extract_raw_data_pipeline.run_dbt_staging scheduled__2025-04-10T07:23:00+00:00 [queued]>
[2025-04-10T07:24:15.557+0000] {taskinstance.py:2612} INFO - Dependencies all met for dep_context=requeueable deps ti=<TaskInstance: extract_raw_data_pipeline.run_dbt_staging scheduled__2025-04-10T07:23:00+00:00 [queued]>
[2025-04-10T07:24:15.559+0000] {taskinstance.py:2865} INFO - Starting attempt 1 of 1
[2025-04-10T07:24:15.605+0000] {taskinstance.py:2888} INFO - Executing <Task(BashOperator): run_dbt_staging> on 2025-04-10 07:23:00+00:00
[2025-04-10T07:24:15.628+0000] {warnings.py:112} WARNING - /home/***/.local/lib/python3.12/site-packages/***/task/task_runner/standard_task_runner.py:70: DeprecationWarning: This process (pid=3636) is multi-threaded, use of fork() may lead to deadlocks in the child.
  pid = os.fork()

[2025-04-10T07:24:15.634+0000] {standard_task_runner.py:72} INFO - Started process 3638 to run task
[2025-04-10T07:24:15.634+0000] {standard_task_runner.py:104} INFO - Running: ['***', 'tasks', 'run', 'extract_raw_data_pipeline', 'run_dbt_staging', 'scheduled__2025-04-10T07:23:00+00:00', '--job-id', '578', '--raw', '--subdir', 'DAGS_FOLDER/driven_data_pipeline.py', '--cfg-path', '/tmp/tmpm6uzikwr']
[2025-04-10T07:24:15.638+0000] {standard_task_runner.py:105} INFO - Job 578: Subtask run_dbt_staging
[2025-04-10T07:24:15.775+0000] {task_command.py:467} INFO - Running <TaskInstance: extract_raw_data_pipeline.run_dbt_staging scheduled__2025-04-10T07:23:00+00:00 [running]> on host c829a6b69367
[2025-04-10T07:24:16.028+0000] {taskinstance.py:3131} INFO - Exporting env vars: AIRFLOW_CTX_DAG_OWNER='***' AIRFLOW_CTX_DAG_ID='extract_raw_data_pipeline' AIRFLOW_CTX_TASK_ID='run_dbt_staging' AIRFLOW_CTX_EXECUTION_DATE='2025-04-10T07:23:00+00:00' AIRFLOW_CTX_TRY_NUMBER='1' AIRFLOW_CTX_DAG_RUN_ID='scheduled__2025-04-10T07:23:00+00:00'
[2025-04-10T07:24:16.032+0000] {taskinstance.py:731} INFO - ::endgroup::
[2025-04-10T07:24:16.079+0000] {subprocess.py:63} INFO - Tmp dir root location: /tmp
[2025-04-10T07:24:16.081+0000] {subprocess.py:75} INFO - Running command: ['/usr/bin/bash', '-c', 'set -x; cd /opt/***/dbt && dbt run --select tag:staging']
[2025-04-10T07:24:16.124+0000] {subprocess.py:86} INFO - Output:
[2025-04-10T07:24:16.127+0000] {subprocess.py:93} INFO - + cd /opt/***/dbt
[2025-04-10T07:24:16.128+0000] {subprocess.py:93} INFO - + dbt run --select tag:staging
[2025-04-10T07:24:22.688+0000] {subprocess.py:93} INFO - [0m07:24:22  Running with dbt=1.8.0
[2025-04-10T07:24:23.313+0000] {subprocess.py:93} INFO - [0m07:24:23  Registered adapter: postgres=1.8.2
[2025-04-10T07:24:24.763+0000] {subprocess.py:93} INFO - [0m07:24:24  Found 9 models, 10 sources, 428 macros
[2025-04-10T07:24:24.773+0000] {subprocess.py:93} INFO - [0m07:24:24
[2025-04-10T07:24:25.159+0000] {subprocess.py:93} INFO - [0m07:24:25  Concurrency: 1 threads (target='dev')
[2025-04-10T07:24:25.161+0000] {subprocess.py:93} INFO - [0m07:24:25
[2025-04-10T07:24:25.189+0000] {subprocess.py:93} INFO - [0m07:24:25  1 of 5 START sql table model driven_staging.dim_address ........................ [RUN]
[2025-04-10T07:25:12.615+0000] {subprocess.py:93} INFO - [0m07:25:12  1 of 5 OK created sql table model driven_staging.dim_address ................... [[32mSELECT 1097807[0m in 47.41s]
[2025-04-10T07:25:12.638+0000] {subprocess.py:93} INFO - [0m07:25:12  2 of 5 START sql table model driven_staging.dim_date ........................... [RUN]
[2025-04-10T07:25:27.179+0000] {subprocess.py:93} INFO - [0m07:25:27  2 of 5 OK created sql table model driven_staging.dim_date ...................... [[32mSELECT 1127809[0m in 14.53s]
[2025-04-10T07:25:27.189+0000] {subprocess.py:93} INFO - [0m07:25:27  3 of 5 START sql table model driven_staging.dim_finance ........................ [RUN]
[2025-04-10T07:25:39.009+0000] {subprocess.py:93} INFO - [0m07:25:39  3 of 5 OK created sql table model driven_staging.dim_finance ................... [[32mSELECT 1127809[0m in 11.82s]
[2025-04-10T07:25:39.017+0000] {subprocess.py:93} INFO - [0m07:25:39  4 of 5 START sql table model driven_staging.dim_person ......................... [RUN]
[2025-04-10T07:25:43.083+0000] {subprocess.py:93} INFO - [0m07:25:43  4 of 5 OK created sql table model driven_staging.dim_person .................... [[32mSELECT 1127809[0m in 4.06s]
[2025-04-10T07:25:43.090+0000] {subprocess.py:93} INFO - [0m07:25:43  5 of 5 START sql table model driven_staging.fact_network_usage ................. [RUN]
[2025-04-10T07:26:03.553+0000] {subprocess.py:93} INFO - [0m07:26:03  5 of 5 OK created sql table model driven_staging.fact_network_usage ............ [[32mSELECT 1127809[0m in 20.45s]
[2025-04-10T07:26:03.604+0000] {subprocess.py:93} INFO - [0m07:26:03
[2025-04-10T07:26:03.613+0000] {subprocess.py:93} INFO - [0m07:26:03  Finished running 5 table models in 0 hours 1 minutes and 38.83 seconds (98.83s).
[2025-04-10T07:26:03.828+0000] {subprocess.py:93} INFO - [0m07:26:03
[2025-04-10T07:26:03.832+0000] {subprocess.py:93} INFO - [0m07:26:03  [32mCompleted successfully[0m
[2025-04-10T07:26:03.836+0000] {subprocess.py:93} INFO - [0m07:26:03
[2025-04-10T07:26:03.844+0000] {subprocess.py:93} INFO - [0m07:26:03  Done. PASS=5 WARN=0 ERROR=0 SKIP=0 TOTAL=5
[2025-04-10T07:26:06.477+0000] {subprocess.py:97} INFO - Command exited with return code 0
[2025-04-10T07:26:06.644+0000] {taskinstance.py:340} INFO - ::group::Post task execution logs
[2025-04-10T07:26:06.646+0000] {taskinstance.py:352} INFO - Marking task as SUCCESS. dag_id=extract_raw_data_pipeline, task_id=run_dbt_staging, run_id=scheduled__2025-04-10T07:23:00+00:00, execution_date=20250410T072300, start_date=20250410T072415, end_date=20250410T072606
[2025-04-10T07:26:06.784+0000] {local_task_job_runner.py:266} INFO - Task exited with return code 0
[2025-04-10T07:26:06.878+0000] {taskinstance.py:3900} INFO - 1 downstream tasks scheduled from follow-on schedule check
[2025-04-10T07:26:06.885+0000] {local_task_job_runner.py:245} INFO - ::endgroup::
