[2025-04-10T07:20:13.473+0000] {local_task_job_runner.py:123} INFO - ::group::Pre task execution logs
[2025-04-10T07:20:13.520+0000] {taskinstance.py:2612} INFO - Dependencies all met for dep_context=non-requeueable deps ti=<TaskInstance: extract_raw_data_pipeline.run_dbt_trusted scheduled__2025-04-10T07:17:00+00:00 [queued]>
[2025-04-10T07:20:13.547+0000] {taskinstance.py:2612} INFO - Dependencies all met for dep_context=requeueable deps ti=<TaskInstance: extract_raw_data_pipeline.run_dbt_trusted scheduled__2025-04-10T07:17:00+00:00 [queued]>
[2025-04-10T07:20:13.549+0000] {taskinstance.py:2865} INFO - Starting attempt 1 of 1
[2025-04-10T07:20:13.619+0000] {taskinstance.py:2888} INFO - Executing <Task(BashOperator): run_dbt_trusted> on 2025-04-10 07:17:00+00:00
[2025-04-10T07:20:13.643+0000] {warnings.py:112} WARNING - /home/***/.local/lib/python3.12/site-packages/***/task/task_runner/standard_task_runner.py:70: DeprecationWarning: This process (pid=3376) is multi-threaded, use of fork() may lead to deadlocks in the child.
  pid = os.fork()

[2025-04-10T07:20:13.647+0000] {standard_task_runner.py:72} INFO - Started process 3379 to run task
[2025-04-10T07:20:13.648+0000] {standard_task_runner.py:104} INFO - Running: ['***', 'tasks', 'run', 'extract_raw_data_pipeline', 'run_dbt_trusted', 'scheduled__2025-04-10T07:17:00+00:00', '--job-id', '551', '--raw', '--subdir', 'DAGS_FOLDER/driven_data_pipeline.py', '--cfg-path', '/tmp/tmphb529dxa']
[2025-04-10T07:20:13.651+0000] {standard_task_runner.py:105} INFO - Job 551: Subtask run_dbt_trusted
[2025-04-10T07:20:13.789+0000] {task_command.py:467} INFO - Running <TaskInstance: extract_raw_data_pipeline.run_dbt_trusted scheduled__2025-04-10T07:17:00+00:00 [running]> on host c829a6b69367
[2025-04-10T07:20:14.121+0000] {taskinstance.py:3131} INFO - Exporting env vars: AIRFLOW_CTX_DAG_OWNER='***' AIRFLOW_CTX_DAG_ID='extract_raw_data_pipeline' AIRFLOW_CTX_TASK_ID='run_dbt_trusted' AIRFLOW_CTX_EXECUTION_DATE='2025-04-10T07:17:00+00:00' AIRFLOW_CTX_TRY_NUMBER='1' AIRFLOW_CTX_DAG_RUN_ID='scheduled__2025-04-10T07:17:00+00:00'
[2025-04-10T07:20:14.124+0000] {taskinstance.py:731} INFO - ::endgroup::
[2025-04-10T07:20:14.164+0000] {subprocess.py:63} INFO - Tmp dir root location: /tmp
[2025-04-10T07:20:14.170+0000] {subprocess.py:75} INFO - Running command: ['/usr/bin/bash', '-c', 'set -x; cd /opt/***/dbt && dbt run --select tag:trusted']
[2025-04-10T07:20:14.221+0000] {subprocess.py:86} INFO - Output:
[2025-04-10T07:20:14.230+0000] {subprocess.py:93} INFO - + cd /opt/***/dbt
[2025-04-10T07:20:14.233+0000] {subprocess.py:93} INFO - + dbt run --select tag:trusted
[2025-04-10T07:20:21.362+0000] {subprocess.py:93} INFO - [0m07:20:21  Running with dbt=1.8.0
[2025-04-10T07:20:22.118+0000] {subprocess.py:93} INFO - [0m07:20:22  Registered adapter: postgres=1.8.2
[2025-04-10T07:20:23.856+0000] {subprocess.py:93} INFO - [0m07:20:23  Found 9 models, 10 sources, 428 macros
[2025-04-10T07:20:23.863+0000] {subprocess.py:93} INFO - [0m07:20:23
[2025-04-10T07:20:24.220+0000] {subprocess.py:93} INFO - [0m07:20:24  Concurrency: 1 threads (target='dev')
[2025-04-10T07:20:24.223+0000] {subprocess.py:93} INFO - [0m07:20:24
[2025-04-10T07:20:24.277+0000] {subprocess.py:93} INFO - [0m07:20:24  1 of 4 START sql table model driven_trusted.non_pii_data ....................... [RUN]
[2025-04-10T07:21:04.166+0000] {subprocess.py:93} INFO - [0m07:21:04  1 of 4 OK created sql table model driven_trusted.non_pii_data .................. [[32mSELECT 931245[0m in 39.87s]
[2025-04-10T07:21:04.189+0000] {subprocess.py:93} INFO - [0m07:21:04  2 of 4 START sql table model driven_trusted.payment_data ....................... [RUN]
[2025-04-10T07:21:11.503+0000] {subprocess.py:93} INFO - [0m07:21:11  2 of 4 OK created sql table model driven_trusted.payment_data .................. [[32mSELECT 958038[0m in 7.30s]
[2025-04-10T07:21:11.530+0000] {subprocess.py:93} INFO - [0m07:21:11  3 of 4 START sql table model driven_trusted.pii_data ........................... [RUN]
[2025-04-10T07:21:20.702+0000] {subprocess.py:93} INFO - [0m07:21:20  3 of 4 ERROR creating sql table model driven_trusted.pii_data .................. [[31mERROR[0m in 9.16s]
[2025-04-10T07:21:20.718+0000] {subprocess.py:93} INFO - [0m07:21:20  4 of 4 START sql table model driven_trusted.technical_data ..................... [RUN]
[2025-04-10T07:21:41.062+0000] {subprocess.py:93} INFO - [0m07:21:41  4 of 4 OK created sql table model driven_trusted.technical_data ................ [[32mSELECT 984881[0m in 20.34s]
[2025-04-10T07:21:41.153+0000] {subprocess.py:93} INFO - [0m07:21:41
[2025-04-10T07:21:41.155+0000] {subprocess.py:93} INFO - [0m07:21:41  Finished running 4 table models in 0 hours 1 minutes and 17.29 seconds (77.29s).
[2025-04-10T07:21:41.366+0000] {subprocess.py:93} INFO - [0m07:21:41
[2025-04-10T07:21:41.370+0000] {subprocess.py:93} INFO - [0m07:21:41  [31mCompleted with 1 error and 0 warnings:[0m
[2025-04-10T07:21:41.371+0000] {subprocess.py:93} INFO - [0m07:21:41
[2025-04-10T07:21:41.374+0000] {subprocess.py:93} INFO - [0m07:21:41    Database Error in model trusted_pii_data (models/trusted_pii_data.sql)
[2025-04-10T07:21:41.376+0000] {subprocess.py:93} INFO -   could not resize shared memory segment "/PostgreSQL.447330151" to 33554432 bytes: No space left on device
[2025-04-10T07:21:41.377+0000] {subprocess.py:93} INFO -   compiled code at target/run/dbt_driven_data/models/trusted_pii_data.sql
[2025-04-10T07:21:41.384+0000] {subprocess.py:93} INFO - [0m07:21:41
[2025-04-10T07:21:41.399+0000] {subprocess.py:93} INFO - [0m07:21:41  Done. PASS=3 WARN=0 ERROR=1 SKIP=0 TOTAL=4
[2025-04-10T07:21:43.531+0000] {subprocess.py:97} INFO - Command exited with return code 1
[2025-04-10T07:21:43.565+0000] {taskinstance.py:3310} ERROR - Task failed with exception
Traceback (most recent call last):
  File "/home/airflow/.local/lib/python3.12/site-packages/airflow/models/taskinstance.py", line 767, in _execute_task
    result = _execute_callable(context=context, **execute_callable_kwargs)
             ^^^^^^^^^^^^^^^^^^^^^^^^^^^^^^^^^^^^^^^^^^^^^^^^^^^^^^^^^^^^^
  File "/home/airflow/.local/lib/python3.12/site-packages/airflow/models/taskinstance.py", line 733, in _execute_callable
    return ExecutionCallableRunner(
           ^^^^^^^^^^^^^^^^^^^^^^^^
  File "/home/airflow/.local/lib/python3.12/site-packages/airflow/utils/operator_helpers.py", line 252, in run
    return self.func(*args, **kwargs)
           ^^^^^^^^^^^^^^^^^^^^^^^^^^
  File "/home/airflow/.local/lib/python3.12/site-packages/airflow/models/baseoperator.py", line 406, in wrapper
    return func(self, *args, **kwargs)
           ^^^^^^^^^^^^^^^^^^^^^^^^^^^
  File "/home/airflow/.local/lib/python3.12/site-packages/airflow/operators/bash.py", line 249, in execute
    raise AirflowException(
airflow.exceptions.AirflowException: Bash command failed. The command returned a non-zero exit code 1.
[2025-04-10T07:21:43.577+0000] {taskinstance.py:1225} INFO - Marking task as FAILED. dag_id=extract_raw_data_pipeline, task_id=run_dbt_trusted, run_id=scheduled__2025-04-10T07:17:00+00:00, execution_date=20250410T071700, start_date=20250410T072013, end_date=20250410T072143
[2025-04-10T07:21:43.622+0000] {taskinstance.py:340} INFO - ::group::Post task execution logs
[2025-04-10T07:21:43.626+0000] {standard_task_runner.py:124} ERROR - Failed to execute job 551 for task run_dbt_trusted (Bash command failed. The command returned a non-zero exit code 1.; 3379)
Traceback (most recent call last):
  File "/home/airflow/.local/lib/python3.12/site-packages/airflow/task/task_runner/standard_task_runner.py", line 117, in _start_by_fork
    ret = args.func(args, dag=self.dag)
          ^^^^^^^^^^^^^^^^^^^^^^^^^^^^^
  File "/home/airflow/.local/lib/python3.12/site-packages/airflow/cli/cli_config.py", line 49, in command
    return func(*args, **kwargs)
           ^^^^^^^^^^^^^^^^^^^^^
  File "/home/airflow/.local/lib/python3.12/site-packages/airflow/utils/cli.py", line 115, in wrapper
    return f(*args, **kwargs)
           ^^^^^^^^^^^^^^^^^^
  File "/home/airflow/.local/lib/python3.12/site-packages/airflow/cli/commands/task_command.py", line 483, in task_run
    task_return_code = _run_task_by_selected_method(args, _dag, ti)
                       ^^^^^^^^^^^^^^^^^^^^^^^^^^^^^^^^^^^^^^^^^^^^
  File "/home/airflow/.local/lib/python3.12/site-packages/airflow/cli/commands/task_command.py", line 256, in _run_task_by_selected_method
    return _run_raw_task(args, ti)
           ^^^^^^^^^^^^^^^^^^^^^^^
  File "/home/airflow/.local/lib/python3.12/site-packages/airflow/cli/commands/task_command.py", line 341, in _run_raw_task
    return ti._run_raw_task(
           ^^^^^^^^^^^^^^^^^
  File "/home/airflow/.local/lib/python3.12/site-packages/airflow/utils/session.py", line 97, in wrapper
    return func(*args, session=session, **kwargs)
           ^^^^^^^^^^^^^^^^^^^^^^^^^^^^^^^^^^^^^^
  File "/home/airflow/.local/lib/python3.12/site-packages/airflow/models/taskinstance.py", line 3004, in _run_raw_task
    return _run_raw_task(
           ^^^^^^^^^^^^^^
  File "/home/airflow/.local/lib/python3.12/site-packages/airflow/models/taskinstance.py", line 273, in _run_raw_task
    TaskInstance._execute_task_with_callbacks(
  File "/home/airflow/.local/lib/python3.12/site-packages/airflow/models/taskinstance.py", line 3158, in _execute_task_with_callbacks
    result = self._execute_task(context, task_orig)
             ^^^^^^^^^^^^^^^^^^^^^^^^^^^^^^^^^^^^^^
  File "/home/airflow/.local/lib/python3.12/site-packages/airflow/models/taskinstance.py", line 3182, in _execute_task
    return _execute_task(self, context, task_orig)
           ^^^^^^^^^^^^^^^^^^^^^^^^^^^^^^^^^^^^^^^
  File "/home/airflow/.local/lib/python3.12/site-packages/airflow/models/taskinstance.py", line 767, in _execute_task
    result = _execute_callable(context=context, **execute_callable_kwargs)
             ^^^^^^^^^^^^^^^^^^^^^^^^^^^^^^^^^^^^^^^^^^^^^^^^^^^^^^^^^^^^^
  File "/home/airflow/.local/lib/python3.12/site-packages/airflow/models/taskinstance.py", line 733, in _execute_callable
    return ExecutionCallableRunner(
           ^^^^^^^^^^^^^^^^^^^^^^^^
  File "/home/airflow/.local/lib/python3.12/site-packages/airflow/utils/operator_helpers.py", line 252, in run
    return self.func(*args, **kwargs)
           ^^^^^^^^^^^^^^^^^^^^^^^^^^
  File "/home/airflow/.local/lib/python3.12/site-packages/airflow/models/baseoperator.py", line 406, in wrapper
    return func(self, *args, **kwargs)
           ^^^^^^^^^^^^^^^^^^^^^^^^^^^
  File "/home/airflow/.local/lib/python3.12/site-packages/airflow/operators/bash.py", line 249, in execute
    raise AirflowException(
airflow.exceptions.AirflowException: Bash command failed. The command returned a non-zero exit code 1.
[2025-04-10T07:21:43.658+0000] {local_task_job_runner.py:266} INFO - Task exited with return code 1
[2025-04-10T07:21:43.674+0000] {standard_task_runner.py:217} INFO - Process not found (most likely exited), stop collecting metrics
[2025-04-10T07:21:43.703+0000] {taskinstance.py:3900} INFO - 0 downstream tasks scheduled from follow-on schedule check
[2025-04-10T07:21:43.712+0000] {local_task_job_runner.py:245} INFO - ::endgroup::
