[2025-04-10T07:41:01.155+0000] {local_task_job_runner.py:123} INFO - ::group::Pre task execution logs
[2025-04-10T07:41:01.189+0000] {taskinstance.py:2612} INFO - Dependencies all met for dep_context=non-requeueable deps ti=<TaskInstance: extract_raw_data_pipeline.run_dbt_trusted scheduled__2025-04-10T07:38:00+00:00 [queued]>
[2025-04-10T07:41:01.207+0000] {taskinstance.py:2612} INFO - Dependencies all met for dep_context=requeueable deps ti=<TaskInstance: extract_raw_data_pipeline.run_dbt_trusted scheduled__2025-04-10T07:38:00+00:00 [queued]>
[2025-04-10T07:41:01.208+0000] {taskinstance.py:2865} INFO - Starting attempt 1 of 1
[2025-04-10T07:41:01.238+0000] {taskinstance.py:2888} INFO - Executing <Task(BashOperator): run_dbt_trusted> on 2025-04-10 07:38:00+00:00
[2025-04-10T07:41:01.253+0000] {warnings.py:112} WARNING - /home/***/.local/lib/python3.12/site-packages/***/task/task_runner/standard_task_runner.py:70: DeprecationWarning: This process (pid=4613) is multi-threaded, use of fork() may lead to deadlocks in the child.
  pid = os.fork()

[2025-04-10T07:41:01.257+0000] {standard_task_runner.py:72} INFO - Started process 4617 to run task
[2025-04-10T07:41:01.256+0000] {standard_task_runner.py:104} INFO - Running: ['***', 'tasks', 'run', 'extract_raw_data_pipeline', 'run_dbt_trusted', 'scheduled__2025-04-10T07:38:00+00:00', '--job-id', '675', '--raw', '--subdir', 'DAGS_FOLDER/driven_data_pipeline.py', '--cfg-path', '/tmp/tmp05lz_b9z']
[2025-04-10T07:41:01.258+0000] {standard_task_runner.py:105} INFO - Job 675: Subtask run_dbt_trusted
[2025-04-10T07:41:01.344+0000] {task_command.py:467} INFO - Running <TaskInstance: extract_raw_data_pipeline.run_dbt_trusted scheduled__2025-04-10T07:38:00+00:00 [running]> on host c829a6b69367
[2025-04-10T07:41:01.500+0000] {taskinstance.py:3131} INFO - Exporting env vars: AIRFLOW_CTX_DAG_OWNER='***' AIRFLOW_CTX_DAG_ID='extract_raw_data_pipeline' AIRFLOW_CTX_TASK_ID='run_dbt_trusted' AIRFLOW_CTX_EXECUTION_DATE='2025-04-10T07:38:00+00:00' AIRFLOW_CTX_TRY_NUMBER='1' AIRFLOW_CTX_DAG_RUN_ID='scheduled__2025-04-10T07:38:00+00:00'
[2025-04-10T07:41:01.502+0000] {taskinstance.py:731} INFO - ::endgroup::
[2025-04-10T07:41:01.528+0000] {subprocess.py:63} INFO - Tmp dir root location: /tmp
[2025-04-10T07:41:01.530+0000] {subprocess.py:75} INFO - Running command: ['/usr/bin/bash', '-c', 'set -x; cd /opt/***/dbt && dbt run --select tag:trusted']
[2025-04-10T07:41:01.552+0000] {subprocess.py:86} INFO - Output:
[2025-04-10T07:41:01.554+0000] {subprocess.py:93} INFO - + cd /opt/***/dbt
[2025-04-10T07:41:01.555+0000] {subprocess.py:93} INFO - + dbt run --select tag:trusted
[2025-04-10T07:41:05.476+0000] {subprocess.py:93} INFO - [0m07:41:05  Running with dbt=1.8.0
[2025-04-10T07:41:05.959+0000] {subprocess.py:93} INFO - [0m07:41:05  Registered adapter: postgres=1.8.2
[2025-04-10T07:41:06.943+0000] {subprocess.py:93} INFO - [0m07:41:06  Found 9 models, 10 sources, 428 macros
[2025-04-10T07:41:06.956+0000] {subprocess.py:93} INFO - [0m07:41:06
[2025-04-10T07:41:07.177+0000] {subprocess.py:93} INFO - [0m07:41:07  Concurrency: 1 threads (target='dev')
[2025-04-10T07:41:07.178+0000] {subprocess.py:93} INFO - [0m07:41:07
[2025-04-10T07:41:07.191+0000] {subprocess.py:93} INFO - [0m07:41:07  1 of 4 START sql table model driven_trusted.non_pii_data ....................... [RUN]
[2025-04-10T07:42:18.735+0000] {subprocess.py:93} INFO - [0m07:42:18  1 of 4 OK created sql table model driven_trusted.non_pii_data .................. [[32mSELECT 1634028[0m in 71.54s]
[2025-04-10T07:42:18.751+0000] {subprocess.py:93} INFO - [0m07:42:18  2 of 4 START sql table model driven_trusted.payment_data ....................... [RUN]
[2025-04-10T07:42:26.433+0000] {subprocess.py:93} INFO - [0m07:42:26  2 of 4 OK created sql table model driven_trusted.payment_data .................. [[32mSELECT 1634028[0m in 7.68s]
[2025-04-10T07:42:26.446+0000] {subprocess.py:93} INFO - [0m07:42:26  3 of 4 START sql table model driven_trusted.pii_data ........................... [RUN]
[2025-04-10T07:43:16.231+0000] {subprocess.py:93} INFO - [0m07:43:16  3 of 4 OK created sql table model driven_trusted.pii_data ...................... [[32mSELECT 1634028[0m in 49.78s]
[2025-04-10T07:43:16.236+0000] {subprocess.py:93} INFO - [0m07:43:16  4 of 4 START sql table model driven_trusted.technical_data ..................... [RUN]
[2025-04-10T07:43:38.560+0000] {subprocess.py:93} INFO - [0m07:43:38  4 of 4 OK created sql table model driven_trusted.technical_data ................ [[32mSELECT 1634028[0m in 22.32s]
[2025-04-10T07:43:38.577+0000] {subprocess.py:93} INFO - [0m07:43:38
[2025-04-10T07:43:38.578+0000] {subprocess.py:93} INFO - [0m07:43:38  Finished running 4 table models in 0 hours 2 minutes and 31.62 seconds (151.62s).
[2025-04-10T07:43:38.665+0000] {subprocess.py:93} INFO - [0m07:43:38
[2025-04-10T07:43:38.666+0000] {subprocess.py:93} INFO - [0m07:43:38  [32mCompleted successfully[0m
[2025-04-10T07:43:38.667+0000] {subprocess.py:93} INFO - [0m07:43:38
[2025-04-10T07:43:38.668+0000] {subprocess.py:93} INFO - [0m07:43:38  Done. PASS=4 WARN=0 ERROR=0 SKIP=0 TOTAL=4
[2025-04-10T07:43:40.262+0000] {subprocess.py:97} INFO - Command exited with return code 0
[2025-04-10T07:43:40.326+0000] {taskinstance.py:340} INFO - ::group::Post task execution logs
[2025-04-10T07:43:40.328+0000] {taskinstance.py:352} INFO - Marking task as SUCCESS. dag_id=extract_raw_data_pipeline, task_id=run_dbt_trusted, run_id=scheduled__2025-04-10T07:38:00+00:00, execution_date=20250410T073800, start_date=20250410T074101, end_date=20250410T074340
[2025-04-10T07:43:40.407+0000] {local_task_job_runner.py:266} INFO - Task exited with return code 0
[2025-04-10T07:43:40.423+0000] {local_task_job_runner.py:245} INFO - ::endgroup::
