[2025-04-10T07:22:02.230+0000] {local_task_job_runner.py:123} INFO - ::group::Pre task execution logs
[2025-04-10T07:22:02.274+0000] {taskinstance.py:2612} INFO - Dependencies all met for dep_context=non-requeueable deps ti=<TaskInstance: extract_raw_data_pipeline.extract_raw_data scheduled__2025-04-10T07:21:00+00:00 [queued]>
[2025-04-10T07:22:02.295+0000] {taskinstance.py:2612} INFO - Dependencies all met for dep_context=requeueable deps ti=<TaskInstance: extract_raw_data_pipeline.extract_raw_data scheduled__2025-04-10T07:21:00+00:00 [queued]>
[2025-04-10T07:22:02.296+0000] {taskinstance.py:2865} INFO - Starting attempt 1 of 1
[2025-04-10T07:22:02.340+0000] {taskinstance.py:2888} INFO - Executing <Task(PythonOperator): extract_raw_data> on 2025-04-10 07:21:00+00:00
[2025-04-10T07:22:02.360+0000] {warnings.py:112} WARNING - /home/***/.local/lib/python3.12/site-packages/***/task/task_runner/standard_task_runner.py:70: DeprecationWarning: This process (pid=3489) is multi-threaded, use of fork() may lead to deadlocks in the child.
  pid = os.fork()

[2025-04-10T07:22:02.364+0000] {standard_task_runner.py:72} INFO - Started process 3494 to run task
[2025-04-10T07:22:02.364+0000] {standard_task_runner.py:104} INFO - Running: ['***', 'tasks', 'run', 'extract_raw_data_pipeline', 'extract_raw_data', 'scheduled__2025-04-10T07:21:00+00:00', '--job-id', '563', '--raw', '--subdir', 'DAGS_FOLDER/driven_data_pipeline.py', '--cfg-path', '/tmp/tmpwp5c8iug']
[2025-04-10T07:22:02.367+0000] {standard_task_runner.py:105} INFO - Job 563: Subtask extract_raw_data
[2025-04-10T07:22:02.485+0000] {task_command.py:467} INFO - Running <TaskInstance: extract_raw_data_pipeline.extract_raw_data scheduled__2025-04-10T07:21:00+00:00 [running]> on host c829a6b69367
[2025-04-10T07:22:02.663+0000] {taskinstance.py:3131} INFO - Exporting env vars: AIRFLOW_CTX_DAG_OWNER='***' AIRFLOW_CTX_DAG_ID='extract_raw_data_pipeline' AIRFLOW_CTX_TASK_ID='extract_raw_data' AIRFLOW_CTX_EXECUTION_DATE='2025-04-10T07:21:00+00:00' AIRFLOW_CTX_TRY_NUMBER='1' AIRFLOW_CTX_DAG_RUN_ID='scheduled__2025-04-10T07:21:00+00:00'
[2025-04-10T07:22:02.666+0000] {taskinstance.py:731} INFO - ::endgroup::
[2025-04-10T07:22:02.699+0000] {driven_data_pipeline.py:148} INFO - Started batch processing for 2025-04-10.
[2025-04-10T07:22:02.700+0000] {driven_data_pipeline.py:35} INFO - Created synthetic data for RO country code.
[2025-04-10T07:22:03.200+0000] {driven_data_pipeline.py:105} INFO - Written 316 records to the CSV file.
[2025-04-10T07:22:04.022+0000] {driven_data_pipeline.py:121} INFO - Added UUID to the dataset.
[2025-04-10T07:22:04.654+0000] {driven_data_pipeline.py:140} INFO - Updated accessed timestamp.
[2025-04-10T07:22:04.656+0000] {driven_data_pipeline.py:156} INFO - Finished batch processing 2025-04-10.
[2025-04-10T07:22:04.658+0000] {python.py:240} INFO - Done. Returned value was: None
[2025-04-10T07:22:04.683+0000] {taskinstance.py:340} INFO - ::group::Post task execution logs
[2025-04-10T07:22:04.684+0000] {taskinstance.py:352} INFO - Marking task as SUCCESS. dag_id=extract_raw_data_pipeline, task_id=extract_raw_data, run_id=scheduled__2025-04-10T07:21:00+00:00, execution_date=20250410T072100, start_date=20250410T072202, end_date=20250410T072204
[2025-04-10T07:22:04.755+0000] {local_task_job_runner.py:266} INFO - Task exited with return code 0
[2025-04-10T07:22:04.827+0000] {taskinstance.py:3900} INFO - 1 downstream tasks scheduled from follow-on schedule check
[2025-04-10T07:22:04.836+0000] {local_task_job_runner.py:245} INFO - ::endgroup::
