[2025-04-10T07:08:03.564+0000] {local_task_job_runner.py:123} INFO - ::group::Pre task execution logs
[2025-04-10T07:08:03.626+0000] {taskinstance.py:2612} INFO - Dependencies all met for dep_context=non-requeueable deps ti=<TaskInstance: extract_raw_data_pipeline.run_dbt_trusted scheduled__2025-04-10T07:06:00+00:00 [queued]>
[2025-04-10T07:08:03.667+0000] {taskinstance.py:2612} INFO - Dependencies all met for dep_context=requeueable deps ti=<TaskInstance: extract_raw_data_pipeline.run_dbt_trusted scheduled__2025-04-10T07:06:00+00:00 [queued]>
[2025-04-10T07:08:03.669+0000] {taskinstance.py:2865} INFO - Starting attempt 1 of 1
[2025-04-10T07:08:03.722+0000] {taskinstance.py:2888} INFO - Executing <Task(BashOperator): run_dbt_trusted> on 2025-04-10 07:06:00+00:00
[2025-04-10T07:08:03.751+0000] {warnings.py:112} WARNING - /home/***/.local/lib/python3.12/site-packages/***/task/task_runner/standard_task_runner.py:70: DeprecationWarning: This process (pid=2657) is multi-threaded, use of fork() may lead to deadlocks in the child.
  pid = os.fork()

[2025-04-10T07:08:03.761+0000] {standard_task_runner.py:72} INFO - Started process 2662 to run task
[2025-04-10T07:08:03.765+0000] {standard_task_runner.py:104} INFO - Running: ['***', 'tasks', 'run', 'extract_raw_data_pipeline', 'run_dbt_trusted', 'scheduled__2025-04-10T07:06:00+00:00', '--job-id', '478', '--raw', '--subdir', 'DAGS_FOLDER/driven_data_pipeline.py', '--cfg-path', '/tmp/tmpxbte8523']
[2025-04-10T07:08:03.779+0000] {standard_task_runner.py:105} INFO - Job 478: Subtask run_dbt_trusted
[2025-04-10T07:08:04.002+0000] {task_command.py:467} INFO - Running <TaskInstance: extract_raw_data_pipeline.run_dbt_trusted scheduled__2025-04-10T07:06:00+00:00 [running]> on host c829a6b69367
[2025-04-10T07:08:04.428+0000] {taskinstance.py:3131} INFO - Exporting env vars: AIRFLOW_CTX_DAG_OWNER='***' AIRFLOW_CTX_DAG_ID='extract_raw_data_pipeline' AIRFLOW_CTX_TASK_ID='run_dbt_trusted' AIRFLOW_CTX_EXECUTION_DATE='2025-04-10T07:06:00+00:00' AIRFLOW_CTX_TRY_NUMBER='1' AIRFLOW_CTX_DAG_RUN_ID='scheduled__2025-04-10T07:06:00+00:00'
[2025-04-10T07:08:04.432+0000] {taskinstance.py:731} INFO - ::endgroup::
[2025-04-10T07:08:04.486+0000] {subprocess.py:63} INFO - Tmp dir root location: /tmp
[2025-04-10T07:08:04.492+0000] {subprocess.py:75} INFO - Running command: ['/usr/bin/bash', '-c', 'set -x; cd /opt/***/dbt && dbt run --select tag:trusted']
[2025-04-10T07:08:04.543+0000] {subprocess.py:86} INFO - Output:
[2025-04-10T07:08:04.554+0000] {subprocess.py:93} INFO - + cd /opt/***/dbt
[2025-04-10T07:08:04.559+0000] {subprocess.py:93} INFO - + dbt run --select tag:trusted
[2025-04-10T07:08:11.242+0000] {subprocess.py:93} INFO - [0m07:08:11  Running with dbt=1.8.0
[2025-04-10T07:08:11.872+0000] {subprocess.py:93} INFO - [0m07:08:11  Registered adapter: postgres=1.8.2
[2025-04-10T07:08:13.294+0000] {subprocess.py:93} INFO - [0m07:08:13  Found 9 models, 10 sources, 428 macros
[2025-04-10T07:08:13.344+0000] {subprocess.py:93} INFO - [0m07:08:13
[2025-04-10T07:08:13.746+0000] {subprocess.py:93} INFO - [0m07:08:13  Concurrency: 1 threads (target='dev')
[2025-04-10T07:08:13.748+0000] {subprocess.py:93} INFO - [0m07:08:13
[2025-04-10T07:08:13.790+0000] {subprocess.py:93} INFO - [0m07:08:13  1 of 4 START sql table model driven_trusted.non_pii_data ....................... [RUN]
[2025-04-10T07:08:41.077+0000] {subprocess.py:93} INFO - [0m07:08:41  1 of 4 OK created sql table model driven_trusted.non_pii_data .................. [[32mSELECT 680370[0m in 27.28s]
[2025-04-10T07:08:41.082+0000] {subprocess.py:93} INFO - [0m07:08:41  2 of 4 START sql table model driven_trusted.payment_data ....................... [RUN]
[2025-04-10T07:08:47.306+0000] {subprocess.py:93} INFO - [0m07:08:47  2 of 4 OK created sql table model driven_trusted.payment_data .................. [[32mSELECT 680370[0m in 6.22s]
[2025-04-10T07:08:47.318+0000] {subprocess.py:93} INFO - [0m07:08:47  3 of 4 START sql table model driven_trusted.pii_data ........................... [RUN]
[2025-04-10T07:08:56.532+0000] {subprocess.py:93} INFO - [0m07:08:56  3 of 4 OK created sql table model driven_trusted.pii_data ...................... [[32mSELECT 680370[0m in 9.20s]
[2025-04-10T07:08:56.547+0000] {subprocess.py:93} INFO - [0m07:08:56  4 of 4 START sql table model driven_trusted.technical_data ..................... [RUN]
[2025-04-10T07:08:59.526+0000] {subprocess.py:93} INFO - [0m07:08:59  4 of 4 OK created sql table model driven_trusted.technical_data ................ [[32mSELECT 680370[0m in 2.97s]
[2025-04-10T07:08:59.573+0000] {subprocess.py:93} INFO - [0m07:08:59
[2025-04-10T07:08:59.576+0000] {subprocess.py:93} INFO - [0m07:08:59  Finished running 4 table models in 0 hours 0 minutes and 46.23 seconds (46.23s).
[2025-04-10T07:08:59.733+0000] {subprocess.py:93} INFO - [0m07:08:59
[2025-04-10T07:08:59.737+0000] {subprocess.py:93} INFO - [0m07:08:59  [32mCompleted successfully[0m
[2025-04-10T07:08:59.740+0000] {subprocess.py:93} INFO - [0m07:08:59
[2025-04-10T07:08:59.742+0000] {subprocess.py:93} INFO - [0m07:08:59  Done. PASS=4 WARN=0 ERROR=0 SKIP=0 TOTAL=4
[2025-04-10T07:09:02.179+0000] {subprocess.py:97} INFO - Command exited with return code 0
[2025-04-10T07:09:02.277+0000] {taskinstance.py:340} INFO - ::group::Post task execution logs
[2025-04-10T07:09:02.280+0000] {taskinstance.py:352} INFO - Marking task as SUCCESS. dag_id=extract_raw_data_pipeline, task_id=run_dbt_trusted, run_id=scheduled__2025-04-10T07:06:00+00:00, execution_date=20250410T070600, start_date=20250410T070803, end_date=20250410T070902
[2025-04-10T07:09:02.363+0000] {local_task_job_runner.py:266} INFO - Task exited with return code 0
[2025-04-10T07:09:02.387+0000] {local_task_job_runner.py:245} INFO - ::endgroup::
