[2025-04-10T07:02:49.165+0000] {local_task_job_runner.py:123} INFO - ::group::Pre task execution logs
[2025-04-10T07:02:49.210+0000] {taskinstance.py:2612} INFO - Dependencies all met for dep_context=non-requeueable deps ti=<TaskInstance: extract_raw_data_pipeline.run_dbt_trusted scheduled__2025-04-10T07:01:00+00:00 [queued]>
[2025-04-10T07:02:49.237+0000] {taskinstance.py:2612} INFO - Dependencies all met for dep_context=requeueable deps ti=<TaskInstance: extract_raw_data_pipeline.run_dbt_trusted scheduled__2025-04-10T07:01:00+00:00 [queued]>
[2025-04-10T07:02:49.238+0000] {taskinstance.py:2865} INFO - Starting attempt 1 of 1
[2025-04-10T07:02:49.273+0000] {taskinstance.py:2888} INFO - Executing <Task(BashOperator): run_dbt_trusted> on 2025-04-10 07:01:00+00:00
[2025-04-10T07:02:49.284+0000] {warnings.py:112} WARNING - /home/***/.local/lib/python3.12/site-packages/***/task/task_runner/standard_task_runner.py:70: DeprecationWarning: This process (pid=2357) is multi-threaded, use of fork() may lead to deadlocks in the child.
  pid = os.fork()

[2025-04-10T07:02:49.289+0000] {standard_task_runner.py:72} INFO - Started process 2359 to run task
[2025-04-10T07:02:49.290+0000] {standard_task_runner.py:104} INFO - Running: ['***', 'tasks', 'run', 'extract_raw_data_pipeline', 'run_dbt_trusted', 'scheduled__2025-04-10T07:01:00+00:00', '--job-id', '448', '--raw', '--subdir', 'DAGS_FOLDER/driven_data_pipeline.py', '--cfg-path', '/tmp/tmplh0sip9f']
[2025-04-10T07:02:49.294+0000] {standard_task_runner.py:105} INFO - Job 448: Subtask run_dbt_trusted
[2025-04-10T07:02:49.403+0000] {task_command.py:467} INFO - Running <TaskInstance: extract_raw_data_pipeline.run_dbt_trusted scheduled__2025-04-10T07:01:00+00:00 [running]> on host c829a6b69367
[2025-04-10T07:02:49.592+0000] {taskinstance.py:3131} INFO - Exporting env vars: AIRFLOW_CTX_DAG_OWNER='***' AIRFLOW_CTX_DAG_ID='extract_raw_data_pipeline' AIRFLOW_CTX_TASK_ID='run_dbt_trusted' AIRFLOW_CTX_EXECUTION_DATE='2025-04-10T07:01:00+00:00' AIRFLOW_CTX_TRY_NUMBER='1' AIRFLOW_CTX_DAG_RUN_ID='scheduled__2025-04-10T07:01:00+00:00'
[2025-04-10T07:02:49.596+0000] {taskinstance.py:731} INFO - ::endgroup::
[2025-04-10T07:02:49.630+0000] {subprocess.py:63} INFO - Tmp dir root location: /tmp
[2025-04-10T07:02:49.633+0000] {subprocess.py:75} INFO - Running command: ['/usr/bin/bash', '-c', 'set -x; cd /opt/***/dbt && dbt run --select tag:trusted']
[2025-04-10T07:02:49.666+0000] {subprocess.py:86} INFO - Output:
[2025-04-10T07:02:49.668+0000] {subprocess.py:93} INFO - + cd /opt/***/dbt
[2025-04-10T07:02:49.669+0000] {subprocess.py:93} INFO - + dbt run --select tag:trusted
[2025-04-10T07:02:55.229+0000] {subprocess.py:93} INFO - [0m07:02:55  Running with dbt=1.8.0
[2025-04-10T07:02:56.091+0000] {subprocess.py:93} INFO - [0m07:02:56  Registered adapter: postgres=1.8.2
[2025-04-10T07:02:57.477+0000] {subprocess.py:93} INFO - [0m07:02:57  Found 9 models, 10 sources, 428 macros
[2025-04-10T07:02:57.484+0000] {subprocess.py:93} INFO - [0m07:02:57
[2025-04-10T07:02:57.691+0000] {subprocess.py:93} INFO - [0m07:02:57  Concurrency: 1 threads (target='dev')
[2025-04-10T07:02:57.693+0000] {subprocess.py:93} INFO - [0m07:02:57
[2025-04-10T07:02:57.712+0000] {subprocess.py:93} INFO - [0m07:02:57  1 of 4 START sql table model driven_trusted.non_pii_data ....................... [RUN]
[2025-04-10T07:03:17.570+0000] {subprocess.py:93} INFO - [0m07:03:17  1 of 4 OK created sql table model driven_trusted.non_pii_data .................. [[32mSELECT 593088[0m in 19.85s]
[2025-04-10T07:03:17.583+0000] {subprocess.py:93} INFO - [0m07:03:17  2 of 4 START sql table model driven_trusted.payment_data ....................... [RUN]
[2025-04-10T07:03:26.584+0000] {subprocess.py:93} INFO - [0m07:03:26  2 of 4 OK created sql table model driven_trusted.payment_data .................. [[32mSELECT 593088[0m in 9.00s]
[2025-04-10T07:03:26.588+0000] {subprocess.py:93} INFO - [0m07:03:26  3 of 4 START sql table model driven_trusted.pii_data ........................... [RUN]
[2025-04-10T07:03:34.865+0000] {subprocess.py:93} INFO - [0m07:03:34  3 of 4 OK created sql table model driven_trusted.pii_data ...................... [[32mSELECT 593088[0m in 8.27s]
[2025-04-10T07:03:34.871+0000] {subprocess.py:93} INFO - [0m07:03:34  4 of 4 START sql table model driven_trusted.technical_data ..................... [RUN]
[2025-04-10T07:03:39.402+0000] {subprocess.py:93} INFO - [0m07:03:39  4 of 4 OK created sql table model driven_trusted.technical_data ................ [[32mSELECT 593088[0m in 4.52s]
[2025-04-10T07:03:39.459+0000] {subprocess.py:93} INFO - [0m07:03:39
[2025-04-10T07:03:39.461+0000] {subprocess.py:93} INFO - [0m07:03:39  Finished running 4 table models in 0 hours 0 minutes and 41.97 seconds (41.97s).
[2025-04-10T07:03:39.665+0000] {subprocess.py:93} INFO - [0m07:03:39
[2025-04-10T07:03:39.667+0000] {subprocess.py:93} INFO - [0m07:03:39  [32mCompleted successfully[0m
[2025-04-10T07:03:39.671+0000] {subprocess.py:93} INFO - [0m07:03:39
[2025-04-10T07:03:39.674+0000] {subprocess.py:93} INFO - [0m07:03:39  Done. PASS=4 WARN=0 ERROR=0 SKIP=0 TOTAL=4
[2025-04-10T07:03:41.384+0000] {subprocess.py:97} INFO - Command exited with return code 0
[2025-04-10T07:03:41.466+0000] {taskinstance.py:340} INFO - ::group::Post task execution logs
[2025-04-10T07:03:41.469+0000] {taskinstance.py:352} INFO - Marking task as SUCCESS. dag_id=extract_raw_data_pipeline, task_id=run_dbt_trusted, run_id=scheduled__2025-04-10T07:01:00+00:00, execution_date=20250410T070100, start_date=20250410T070249, end_date=20250410T070341
[2025-04-10T07:03:41.545+0000] {local_task_job_runner.py:266} INFO - Task exited with return code 0
[2025-04-10T07:03:41.571+0000] {taskinstance.py:3900} INFO - 0 downstream tasks scheduled from follow-on schedule check
[2025-04-10T07:03:41.575+0000] {local_task_job_runner.py:245} INFO - ::endgroup::
