[2025-04-10T07:36:30.043+0000] {local_task_job_runner.py:123} INFO - ::group::Pre task execution logs
[2025-04-10T07:36:30.227+0000] {taskinstance.py:2612} INFO - Dependencies all met for dep_context=non-requeueable deps ti=<TaskInstance: extract_raw_data_pipeline.run_dbt_trusted scheduled__2025-04-10T07:33:00+00:00 [queued]>
[2025-04-10T07:36:30.283+0000] {taskinstance.py:2612} INFO - Dependencies all met for dep_context=requeueable deps ti=<TaskInstance: extract_raw_data_pipeline.run_dbt_trusted scheduled__2025-04-10T07:33:00+00:00 [queued]>
[2025-04-10T07:36:30.285+0000] {taskinstance.py:2865} INFO - Starting attempt 1 of 1
[2025-04-10T07:36:30.452+0000] {taskinstance.py:2888} INFO - Executing <Task(BashOperator): run_dbt_trusted> on 2025-04-10 07:33:00+00:00
[2025-04-10T07:36:30.463+0000] {warnings.py:112} WARNING - /home/***/.local/lib/python3.12/site-packages/***/task/task_runner/standard_task_runner.py:70: DeprecationWarning: This process (pid=4357) is multi-threaded, use of fork() may lead to deadlocks in the child.
  pid = os.fork()

[2025-04-10T07:36:30.466+0000] {standard_task_runner.py:72} INFO - Started process 4359 to run task
[2025-04-10T07:36:30.466+0000] {standard_task_runner.py:104} INFO - Running: ['***', 'tasks', 'run', 'extract_raw_data_pipeline', 'run_dbt_trusted', 'scheduled__2025-04-10T07:33:00+00:00', '--job-id', '650', '--raw', '--subdir', 'DAGS_FOLDER/driven_data_pipeline.py', '--cfg-path', '/tmp/tmpz3d0g3iv']
[2025-04-10T07:36:30.468+0000] {standard_task_runner.py:105} INFO - Job 650: Subtask run_dbt_trusted
[2025-04-10T07:36:30.570+0000] {task_command.py:467} INFO - Running <TaskInstance: extract_raw_data_pipeline.run_dbt_trusted scheduled__2025-04-10T07:33:00+00:00 [running]> on host c829a6b69367
[2025-04-10T07:36:30.736+0000] {taskinstance.py:3131} INFO - Exporting env vars: AIRFLOW_CTX_DAG_OWNER='***' AIRFLOW_CTX_DAG_ID='extract_raw_data_pipeline' AIRFLOW_CTX_TASK_ID='run_dbt_trusted' AIRFLOW_CTX_EXECUTION_DATE='2025-04-10T07:33:00+00:00' AIRFLOW_CTX_TRY_NUMBER='1' AIRFLOW_CTX_DAG_RUN_ID='scheduled__2025-04-10T07:33:00+00:00'
[2025-04-10T07:36:30.738+0000] {taskinstance.py:731} INFO - ::endgroup::
[2025-04-10T07:36:30.765+0000] {subprocess.py:63} INFO - Tmp dir root location: /tmp
[2025-04-10T07:36:30.767+0000] {subprocess.py:75} INFO - Running command: ['/usr/bin/bash', '-c', 'set -x; cd /opt/***/dbt && dbt run --select tag:trusted']
[2025-04-10T07:36:30.791+0000] {subprocess.py:86} INFO - Output:
[2025-04-10T07:36:30.794+0000] {subprocess.py:93} INFO - + cd /opt/***/dbt
[2025-04-10T07:36:30.795+0000] {subprocess.py:93} INFO - + dbt run --select tag:trusted
[2025-04-10T07:36:34.653+0000] {subprocess.py:93} INFO - [0m07:36:34  Running with dbt=1.8.0
[2025-04-10T07:36:35.022+0000] {subprocess.py:93} INFO - [0m07:36:35  Registered adapter: postgres=1.8.2
[2025-04-10T07:36:35.624+0000] {subprocess.py:93} INFO - [0m07:36:35  Found 9 models, 10 sources, 428 macros
[2025-04-10T07:36:35.628+0000] {subprocess.py:93} INFO - [0m07:36:35
[2025-04-10T07:36:35.797+0000] {subprocess.py:93} INFO - [0m07:36:35  Concurrency: 1 threads (target='dev')
[2025-04-10T07:36:35.798+0000] {subprocess.py:93} INFO - [0m07:36:35
[2025-04-10T07:36:35.815+0000] {subprocess.py:93} INFO - [0m07:36:35  1 of 4 START sql table model driven_trusted.non_pii_data ....................... [RUN]
[2025-04-10T07:37:10.755+0000] {subprocess.py:93} INFO - [0m07:37:10  1 of 4 OK created sql table model driven_trusted.non_pii_data .................. [[32mSELECT 1489545[0m in 34.93s]
[2025-04-10T07:37:10.761+0000] {subprocess.py:93} INFO - [0m07:37:10  2 of 4 START sql table model driven_trusted.payment_data ....................... [RUN]
[2025-04-10T07:37:28.274+0000] {subprocess.py:93} INFO - [0m07:37:28  2 of 4 OK created sql table model driven_trusted.payment_data .................. [[32mSELECT 1489545[0m in 17.51s]
[2025-04-10T07:37:28.277+0000] {subprocess.py:93} INFO - [0m07:37:28  3 of 4 START sql table model driven_trusted.pii_data ........................... [RUN]
[2025-04-10T07:38:18.877+0000] {subprocess.py:93} INFO - [0m07:38:18  3 of 4 OK created sql table model driven_trusted.pii_data ...................... [[32mSELECT 1524856[0m in 50.59s]
[2025-04-10T07:38:18.889+0000] {subprocess.py:93} INFO - [0m07:38:18  4 of 4 START sql table model driven_trusted.technical_data ..................... [RUN]
[2025-04-10T07:38:40.167+0000] {subprocess.py:93} INFO - [0m07:38:40  4 of 4 OK created sql table model driven_trusted.technical_data ................ [[32mSELECT 1524856[0m in 21.27s]
[2025-04-10T07:38:40.194+0000] {subprocess.py:93} INFO - [0m07:38:40
[2025-04-10T07:38:40.195+0000] {subprocess.py:93} INFO - [0m07:38:40  Finished running 4 table models in 0 hours 2 minutes and 4.56 seconds (124.56s).
[2025-04-10T07:38:40.275+0000] {subprocess.py:93} INFO - [0m07:38:40
[2025-04-10T07:38:40.276+0000] {subprocess.py:93} INFO - [0m07:38:40  [32mCompleted successfully[0m
[2025-04-10T07:38:40.277+0000] {subprocess.py:93} INFO - [0m07:38:40
[2025-04-10T07:38:40.279+0000] {subprocess.py:93} INFO - [0m07:38:40  Done. PASS=4 WARN=0 ERROR=0 SKIP=0 TOTAL=4
[2025-04-10T07:38:41.601+0000] {subprocess.py:97} INFO - Command exited with return code 0
[2025-04-10T07:38:41.639+0000] {taskinstance.py:340} INFO - ::group::Post task execution logs
[2025-04-10T07:38:41.640+0000] {taskinstance.py:352} INFO - Marking task as SUCCESS. dag_id=extract_raw_data_pipeline, task_id=run_dbt_trusted, run_id=scheduled__2025-04-10T07:33:00+00:00, execution_date=20250410T073300, start_date=20250410T073630, end_date=20250410T073841
[2025-04-10T07:38:41.678+0000] {local_task_job_runner.py:266} INFO - Task exited with return code 0
[2025-04-10T07:38:41.697+0000] {taskinstance.py:3900} INFO - 0 downstream tasks scheduled from follow-on schedule check
[2025-04-10T07:38:41.702+0000] {local_task_job_runner.py:245} INFO - ::endgroup::
