[2025-04-09T07:27:18.157+0000] {local_task_job_runner.py:123} INFO - ::group::Pre task execution logs
[2025-04-09T07:27:18.176+0000] {taskinstance.py:2612} INFO - Dependencies all met for dep_context=non-requeueable deps ti=<TaskInstance: extract_raw_data_pipeline.run_dbt_trusted scheduled__2025-04-09T07:26:00+00:00 [queued]>
[2025-04-09T07:27:18.187+0000] {taskinstance.py:2612} INFO - Dependencies all met for dep_context=requeueable deps ti=<TaskInstance: extract_raw_data_pipeline.run_dbt_trusted scheduled__2025-04-09T07:26:00+00:00 [queued]>
[2025-04-09T07:27:18.188+0000] {taskinstance.py:2865} INFO - Starting attempt 1 of 1
[2025-04-09T07:27:18.205+0000] {taskinstance.py:2888} INFO - Executing <Task(BashOperator): run_dbt_trusted> on 2025-04-09 07:26:00+00:00
[2025-04-09T07:27:18.215+0000] {warnings.py:112} WARNING - /home/***/.local/lib/python3.12/site-packages/***/task/task_runner/standard_task_runner.py:70: DeprecationWarning: This process (pid=2567) is multi-threaded, use of fork() may lead to deadlocks in the child.
  pid = os.fork()

[2025-04-09T07:27:18.219+0000] {standard_task_runner.py:72} INFO - Started process 2569 to run task
[2025-04-09T07:27:18.219+0000] {standard_task_runner.py:104} INFO - Running: ['***', 'tasks', 'run', 'extract_raw_data_pipeline', 'run_dbt_trusted', 'scheduled__2025-04-09T07:26:00+00:00', '--job-id', '232', '--raw', '--subdir', 'DAGS_FOLDER/driven_data_pipeline.py', '--cfg-path', '/tmp/tmpck72f0le']
[2025-04-09T07:27:18.220+0000] {standard_task_runner.py:105} INFO - Job 232: Subtask run_dbt_trusted
[2025-04-09T07:27:18.283+0000] {task_command.py:467} INFO - Running <TaskInstance: extract_raw_data_pipeline.run_dbt_trusted scheduled__2025-04-09T07:26:00+00:00 [running]> on host c829a6b69367
[2025-04-09T07:27:18.375+0000] {taskinstance.py:3131} INFO - Exporting env vars: AIRFLOW_CTX_DAG_OWNER='***' AIRFLOW_CTX_DAG_ID='extract_raw_data_pipeline' AIRFLOW_CTX_TASK_ID='run_dbt_trusted' AIRFLOW_CTX_EXECUTION_DATE='2025-04-09T07:26:00+00:00' AIRFLOW_CTX_TRY_NUMBER='1' AIRFLOW_CTX_DAG_RUN_ID='scheduled__2025-04-09T07:26:00+00:00'
[2025-04-09T07:27:18.376+0000] {taskinstance.py:731} INFO - ::endgroup::
[2025-04-09T07:27:18.391+0000] {subprocess.py:63} INFO - Tmp dir root location: /tmp
[2025-04-09T07:27:18.393+0000] {subprocess.py:75} INFO - Running command: ['/usr/bin/bash', '-c', 'set -x; cd /opt/***/dbt && dbt run --select tag:trusted']
[2025-04-09T07:27:18.410+0000] {subprocess.py:86} INFO - Output:
[2025-04-09T07:27:18.412+0000] {subprocess.py:93} INFO - + cd /opt/***/dbt
[2025-04-09T07:27:18.413+0000] {subprocess.py:93} INFO - + dbt run --select tag:trusted
[2025-04-09T07:27:20.652+0000] {subprocess.py:93} INFO - [0m07:27:20  Running with dbt=1.8.0
[2025-04-09T07:27:21.012+0000] {subprocess.py:93} INFO - [0m07:27:21  Registered adapter: postgres=1.8.2
[2025-04-09T07:27:21.677+0000] {subprocess.py:93} INFO - [0m07:27:21  Found 9 models, 10 sources, 428 macros
[2025-04-09T07:27:21.684+0000] {subprocess.py:93} INFO - [0m07:27:21
[2025-04-09T07:27:21.843+0000] {subprocess.py:93} INFO - [0m07:27:21  Concurrency: 1 threads (target='dev')
[2025-04-09T07:27:21.843+0000] {subprocess.py:93} INFO - [0m07:27:21
[2025-04-09T07:27:21.859+0000] {subprocess.py:93} INFO - [0m07:27:21  1 of 4 START sql table model driven_trusted.non_pii_data ....................... [RUN]
[2025-04-09T07:27:28.988+0000] {subprocess.py:93} INFO - [0m07:27:28  1 of 4 OK created sql table model driven_trusted.non_pii_data .................. [[32mSELECT 320584[0m in 7.13s]
[2025-04-09T07:27:28.991+0000] {subprocess.py:93} INFO - [0m07:27:28  2 of 4 START sql table model driven_trusted.payment_data ....................... [RUN]
[2025-04-09T07:27:31.271+0000] {subprocess.py:93} INFO - [0m07:27:31  2 of 4 OK created sql table model driven_trusted.payment_data .................. [[32mSELECT 320584[0m in 2.28s]
[2025-04-09T07:27:31.275+0000] {subprocess.py:93} INFO - [0m07:27:31  3 of 4 START sql table model driven_trusted.pii_data ........................... [RUN]
[2025-04-09T07:27:37.677+0000] {subprocess.py:93} INFO - [0m07:27:37  3 of 4 OK created sql table model driven_trusted.pii_data ...................... [[32mSELECT 320584[0m in 6.40s]
[2025-04-09T07:27:37.683+0000] {subprocess.py:93} INFO - [0m07:27:37  4 of 4 START sql table model driven_trusted.technical_data ..................... [RUN]
[2025-04-09T07:27:39.521+0000] {subprocess.py:93} INFO - [0m07:27:39  4 of 4 OK created sql table model driven_trusted.technical_data ................ [[32mSELECT 320584[0m in 1.84s]
[2025-04-09T07:27:39.540+0000] {subprocess.py:93} INFO - [0m07:27:39
[2025-04-09T07:27:39.541+0000] {subprocess.py:93} INFO - [0m07:27:39  Finished running 4 table models in 0 hours 0 minutes and 17.85 seconds (17.85s).
[2025-04-09T07:27:39.612+0000] {subprocess.py:93} INFO - [0m07:27:39
[2025-04-09T07:27:39.613+0000] {subprocess.py:93} INFO - [0m07:27:39  [32mCompleted successfully[0m
[2025-04-09T07:27:39.614+0000] {subprocess.py:93} INFO - [0m07:27:39
[2025-04-09T07:27:39.615+0000] {subprocess.py:93} INFO - [0m07:27:39  Done. PASS=4 WARN=0 ERROR=0 SKIP=0 TOTAL=4
[2025-04-09T07:27:40.680+0000] {subprocess.py:97} INFO - Command exited with return code 0
[2025-04-09T07:27:40.715+0000] {taskinstance.py:340} INFO - ::group::Post task execution logs
[2025-04-09T07:27:40.716+0000] {taskinstance.py:352} INFO - Marking task as SUCCESS. dag_id=extract_raw_data_pipeline, task_id=run_dbt_trusted, run_id=scheduled__2025-04-09T07:26:00+00:00, execution_date=20250409T072600, start_date=20250409T072718, end_date=20250409T072740
[2025-04-09T07:27:40.759+0000] {local_task_job_runner.py:266} INFO - Task exited with return code 0
[2025-04-09T07:27:40.777+0000] {taskinstance.py:3900} INFO - 0 downstream tasks scheduled from follow-on schedule check
[2025-04-09T07:27:40.780+0000] {local_task_job_runner.py:245} INFO - ::endgroup::
