[2025-04-09T07:16:08.160+0000] {local_task_job_runner.py:123} INFO - ::group::Pre task execution logs
[2025-04-09T07:16:08.180+0000] {taskinstance.py:2612} INFO - Dependencies all met for dep_context=non-requeueable deps ti=<TaskInstance: extract_raw_data_pipeline.run_dbt_staging scheduled__2025-04-09T07:15:00+00:00 [queued]>
[2025-04-09T07:16:08.191+0000] {taskinstance.py:2612} INFO - Dependencies all met for dep_context=requeueable deps ti=<TaskInstance: extract_raw_data_pipeline.run_dbt_staging scheduled__2025-04-09T07:15:00+00:00 [queued]>
[2025-04-09T07:16:08.192+0000] {taskinstance.py:2865} INFO - Starting attempt 1 of 1
[2025-04-09T07:16:08.211+0000] {taskinstance.py:2888} INFO - Executing <Task(BashOperator): run_dbt_staging> on 2025-04-09 07:15:00+00:00
[2025-04-09T07:16:08.220+0000] {warnings.py:112} WARNING - /home/***/.local/lib/python3.12/site-packages/***/task/task_runner/standard_task_runner.py:70: DeprecationWarning: This process (pid=1884) is multi-threaded, use of fork() may lead to deadlocks in the child.
  pid = os.fork()

[2025-04-09T07:16:08.222+0000] {standard_task_runner.py:72} INFO - Started process 1886 to run task
[2025-04-09T07:16:08.222+0000] {standard_task_runner.py:104} INFO - Running: ['***', 'tasks', 'run', 'extract_raw_data_pipeline', 'run_dbt_staging', 'scheduled__2025-04-09T07:15:00+00:00', '--job-id', '165', '--raw', '--subdir', 'DAGS_FOLDER/driven_data_pipeline.py', '--cfg-path', '/tmp/tmpfp0o2a6z']
[2025-04-09T07:16:08.224+0000] {standard_task_runner.py:105} INFO - Job 165: Subtask run_dbt_staging
[2025-04-09T07:16:08.286+0000] {task_command.py:467} INFO - Running <TaskInstance: extract_raw_data_pipeline.run_dbt_staging scheduled__2025-04-09T07:15:00+00:00 [running]> on host c829a6b69367
[2025-04-09T07:16:08.393+0000] {taskinstance.py:3131} INFO - Exporting env vars: AIRFLOW_CTX_DAG_OWNER='***' AIRFLOW_CTX_DAG_ID='extract_raw_data_pipeline' AIRFLOW_CTX_TASK_ID='run_dbt_staging' AIRFLOW_CTX_EXECUTION_DATE='2025-04-09T07:15:00+00:00' AIRFLOW_CTX_TRY_NUMBER='1' AIRFLOW_CTX_DAG_RUN_ID='scheduled__2025-04-09T07:15:00+00:00'
[2025-04-09T07:16:08.395+0000] {taskinstance.py:731} INFO - ::endgroup::
[2025-04-09T07:16:08.413+0000] {subprocess.py:63} INFO - Tmp dir root location: /tmp
[2025-04-09T07:16:08.415+0000] {subprocess.py:75} INFO - Running command: ['/usr/bin/bash', '-c', 'set -x; cd /opt/***/dbt && dbt run --select tag:staging']
[2025-04-09T07:16:08.431+0000] {subprocess.py:86} INFO - Output:
[2025-04-09T07:16:08.433+0000] {subprocess.py:93} INFO - + cd /opt/***/dbt
[2025-04-09T07:16:08.434+0000] {subprocess.py:93} INFO - + dbt run --select tag:staging
[2025-04-09T07:16:11.043+0000] {subprocess.py:93} INFO - [0m07:16:11  Running with dbt=1.8.0
[2025-04-09T07:16:11.326+0000] {subprocess.py:93} INFO - [0m07:16:11  Registered adapter: postgres=1.8.2
[2025-04-09T07:16:11.784+0000] {subprocess.py:93} INFO - [0m07:16:11  Found 9 models, 10 sources, 428 macros
[2025-04-09T07:16:11.787+0000] {subprocess.py:93} INFO - [0m07:16:11
[2025-04-09T07:16:11.934+0000] {subprocess.py:93} INFO - [0m07:16:11  Concurrency: 1 threads (target='dev')
[2025-04-09T07:16:11.935+0000] {subprocess.py:93} INFO - [0m07:16:11
[2025-04-09T07:16:11.962+0000] {subprocess.py:93} INFO - [0m07:16:11  1 of 5 START sql table model driven_staging.dim_address ........................ [RUN]
[2025-04-09T07:16:12.336+0000] {subprocess.py:93} INFO - [0m07:16:12  1 of 5 OK created sql table model driven_staging.dim_address ................... [[32mSELECT 96568[0m in 0.37s]
[2025-04-09T07:16:12.340+0000] {subprocess.py:93} INFO - [0m07:16:12  2 of 5 START sql table model driven_staging.dim_date ........................... [RUN]
[2025-04-09T07:16:12.522+0000] {subprocess.py:93} INFO - [0m07:16:12  2 of 5 OK created sql table model driven_staging.dim_date ...................... [[32mSELECT 96568[0m in 0.18s]
[2025-04-09T07:16:12.525+0000] {subprocess.py:93} INFO - [0m07:16:12  3 of 5 START sql table model driven_staging.dim_finance ........................ [RUN]
[2025-04-09T07:16:12.738+0000] {subprocess.py:93} INFO - [0m07:16:12  3 of 5 OK created sql table model driven_staging.dim_finance ................... [[32mSELECT 96568[0m in 0.21s]
[2025-04-09T07:16:12.740+0000] {subprocess.py:93} INFO - [0m07:16:12  4 of 5 START sql table model driven_staging.dim_person ......................... [RUN]
[2025-04-09T07:16:13.009+0000] {subprocess.py:93} INFO - [0m07:16:13  4 of 5 OK created sql table model driven_staging.dim_person .................... [[32mSELECT 96568[0m in 0.27s]
[2025-04-09T07:16:13.012+0000] {subprocess.py:93} INFO - [0m07:16:13  5 of 5 START sql table model driven_staging.fact_network_usage ................. [RUN]
[2025-04-09T07:16:13.177+0000] {subprocess.py:93} INFO - [0m07:16:13  5 of 5 OK created sql table model driven_staging.fact_network_usage ............ [[32mSELECT 96568[0m in 0.16s]
[2025-04-09T07:16:13.197+0000] {subprocess.py:93} INFO - [0m07:16:13
[2025-04-09T07:16:13.198+0000] {subprocess.py:93} INFO - [0m07:16:13  Finished running 5 table models in 0 hours 0 minutes and 1.41 seconds (1.41s).
[2025-04-09T07:16:13.277+0000] {subprocess.py:93} INFO - [0m07:16:13
[2025-04-09T07:16:13.278+0000] {subprocess.py:93} INFO - [0m07:16:13  [32mCompleted successfully[0m
[2025-04-09T07:16:13.279+0000] {subprocess.py:93} INFO - [0m07:16:13
[2025-04-09T07:16:13.280+0000] {subprocess.py:93} INFO - [0m07:16:13  Done. PASS=5 WARN=0 ERROR=0 SKIP=0 TOTAL=5
[2025-04-09T07:16:14.501+0000] {subprocess.py:97} INFO - Command exited with return code 0
[2025-04-09T07:16:14.532+0000] {taskinstance.py:340} INFO - ::group::Post task execution logs
[2025-04-09T07:16:14.533+0000] {taskinstance.py:352} INFO - Marking task as SUCCESS. dag_id=extract_raw_data_pipeline, task_id=run_dbt_staging, run_id=scheduled__2025-04-09T07:15:00+00:00, execution_date=20250409T071500, start_date=20250409T071608, end_date=20250409T071614
[2025-04-09T07:16:14.588+0000] {local_task_job_runner.py:266} INFO - Task exited with return code 0
[2025-04-09T07:16:14.596+0000] {local_task_job_runner.py:245} INFO - ::endgroup::
