[2025-04-10T07:41:43.361+0000] {local_task_job_runner.py:123} INFO - ::group::Pre task execution logs
[2025-04-10T07:41:43.391+0000] {taskinstance.py:2612} INFO - Dependencies all met for dep_context=non-requeueable deps ti=<TaskInstance: extract_raw_data_pipeline.run_dbt_trusted scheduled__2025-04-10T07:39:00+00:00 [queued]>
[2025-04-10T07:41:43.409+0000] {taskinstance.py:2612} INFO - Dependencies all met for dep_context=requeueable deps ti=<TaskInstance: extract_raw_data_pipeline.run_dbt_trusted scheduled__2025-04-10T07:39:00+00:00 [queued]>
[2025-04-10T07:41:43.410+0000] {taskinstance.py:2865} INFO - Starting attempt 1 of 1
[2025-04-10T07:41:43.439+0000] {taskinstance.py:2888} INFO - Executing <Task(BashOperator): run_dbt_trusted> on 2025-04-10 07:39:00+00:00
[2025-04-10T07:41:43.459+0000] {warnings.py:112} WARNING - /home/***/.local/lib/python3.12/site-packages/***/task/task_runner/standard_task_runner.py:70: DeprecationWarning: This process (pid=4672) is multi-threaded, use of fork() may lead to deadlocks in the child.
  pid = os.fork()

[2025-04-10T07:41:43.462+0000] {standard_task_runner.py:72} INFO - Started process 4674 to run task
[2025-04-10T07:41:43.462+0000] {standard_task_runner.py:104} INFO - Running: ['***', 'tasks', 'run', 'extract_raw_data_pipeline', 'run_dbt_trusted', 'scheduled__2025-04-10T07:39:00+00:00', '--job-id', '681', '--raw', '--subdir', 'DAGS_FOLDER/driven_data_pipeline.py', '--cfg-path', '/tmp/tmpxfttippe']
[2025-04-10T07:41:43.465+0000] {standard_task_runner.py:105} INFO - Job 681: Subtask run_dbt_trusted
[2025-04-10T07:41:43.544+0000] {task_command.py:467} INFO - Running <TaskInstance: extract_raw_data_pipeline.run_dbt_trusted scheduled__2025-04-10T07:39:00+00:00 [running]> on host c829a6b69367
[2025-04-10T07:41:43.670+0000] {taskinstance.py:3131} INFO - Exporting env vars: AIRFLOW_CTX_DAG_OWNER='***' AIRFLOW_CTX_DAG_ID='extract_raw_data_pipeline' AIRFLOW_CTX_TASK_ID='run_dbt_trusted' AIRFLOW_CTX_EXECUTION_DATE='2025-04-10T07:39:00+00:00' AIRFLOW_CTX_TRY_NUMBER='1' AIRFLOW_CTX_DAG_RUN_ID='scheduled__2025-04-10T07:39:00+00:00'
[2025-04-10T07:41:43.672+0000] {taskinstance.py:731} INFO - ::endgroup::
[2025-04-10T07:41:43.698+0000] {subprocess.py:63} INFO - Tmp dir root location: /tmp
[2025-04-10T07:41:43.699+0000] {subprocess.py:75} INFO - Running command: ['/usr/bin/bash', '-c', 'set -x; cd /opt/***/dbt && dbt run --select tag:trusted']
[2025-04-10T07:41:43.722+0000] {subprocess.py:86} INFO - Output:
[2025-04-10T07:41:43.725+0000] {subprocess.py:93} INFO - + cd /opt/***/dbt
[2025-04-10T07:41:43.726+0000] {subprocess.py:93} INFO - + dbt run --select tag:trusted
[2025-04-10T07:41:46.538+0000] {subprocess.py:93} INFO - [0m07:41:46  Running with dbt=1.8.0
[2025-04-10T07:41:46.881+0000] {subprocess.py:93} INFO - [0m07:41:46  Registered adapter: postgres=1.8.2
[2025-04-10T07:41:47.509+0000] {subprocess.py:93} INFO - [0m07:41:47  Found 9 models, 10 sources, 428 macros
[2025-04-10T07:41:47.513+0000] {subprocess.py:93} INFO - [0m07:41:47
[2025-04-10T07:41:47.665+0000] {subprocess.py:93} INFO - [0m07:41:47  Concurrency: 1 threads (target='dev')
[2025-04-10T07:41:47.666+0000] {subprocess.py:93} INFO - [0m07:41:47
[2025-04-10T07:41:47.679+0000] {subprocess.py:93} INFO - [0m07:41:47  1 of 4 START sql table model driven_trusted.non_pii_data ....................... [RUN]
[2025-04-10T07:42:58.730+0000] {subprocess.py:93} INFO - [0m07:42:58  1 of 4 OK created sql table model driven_trusted.non_pii_data .................. [[32mSELECT 1634028[0m in 71.05s]
[2025-04-10T07:42:58.733+0000] {subprocess.py:93} INFO - [0m07:42:58  2 of 4 START sql table model driven_trusted.payment_data ....................... [RUN]
[2025-04-10T07:43:08.967+0000] {subprocess.py:93} INFO - [0m07:43:08  2 of 4 OK created sql table model driven_trusted.payment_data .................. [[32mSELECT 1634028[0m in 10.22s]
[2025-04-10T07:43:08.978+0000] {subprocess.py:93} INFO - [0m07:43:08  3 of 4 START sql table model driven_trusted.pii_data ........................... [RUN]
[2025-04-10T07:43:38.985+0000] {subprocess.py:93} INFO - [0m07:43:38  3 of 4 OK created sql table model driven_trusted.pii_data ...................... [[32mSELECT 1634028[0m in 30.00s]
[2025-04-10T07:43:38.990+0000] {subprocess.py:93} INFO - [0m07:43:38  4 of 4 START sql table model driven_trusted.technical_data ..................... [RUN]
[2025-04-10T07:44:05.540+0000] {subprocess.py:93} INFO - [0m07:44:05  4 of 4 OK created sql table model driven_trusted.technical_data ................ [[32mSELECT 1749243[0m in 26.55s]
[2025-04-10T07:44:05.564+0000] {subprocess.py:93} INFO - [0m07:44:05
[2025-04-10T07:44:05.565+0000] {subprocess.py:93} INFO - [0m07:44:05  Finished running 4 table models in 0 hours 2 minutes and 18.05 seconds (138.05s).
[2025-04-10T07:44:05.646+0000] {subprocess.py:93} INFO - [0m07:44:05
[2025-04-10T07:44:05.647+0000] {subprocess.py:93} INFO - [0m07:44:05  [32mCompleted successfully[0m
[2025-04-10T07:44:05.647+0000] {subprocess.py:93} INFO - [0m07:44:05
[2025-04-10T07:44:05.648+0000] {subprocess.py:93} INFO - [0m07:44:05  Done. PASS=4 WARN=0 ERROR=0 SKIP=0 TOTAL=4
[2025-04-10T07:44:06.795+0000] {subprocess.py:97} INFO - Command exited with return code 0
[2025-04-10T07:44:06.848+0000] {taskinstance.py:340} INFO - ::group::Post task execution logs
[2025-04-10T07:44:06.849+0000] {taskinstance.py:352} INFO - Marking task as SUCCESS. dag_id=extract_raw_data_pipeline, task_id=run_dbt_trusted, run_id=scheduled__2025-04-10T07:39:00+00:00, execution_date=20250410T073900, start_date=20250410T074143, end_date=20250410T074406
[2025-04-10T07:44:06.895+0000] {local_task_job_runner.py:266} INFO - Task exited with return code 0
[2025-04-10T07:44:06.924+0000] {taskinstance.py:3900} INFO - 0 downstream tasks scheduled from follow-on schedule check
[2025-04-10T07:44:06.929+0000] {local_task_job_runner.py:245} INFO - ::endgroup::
