[2025-04-09T07:35:08.829+0000] {local_task_job_runner.py:123} INFO - ::group::Pre task execution logs
[2025-04-09T07:35:08.867+0000] {taskinstance.py:2612} INFO - Dependencies all met for dep_context=non-requeueable deps ti=<TaskInstance: extract_raw_data_pipeline.run_dbt_staging scheduled__2025-04-09T07:34:00+00:00 [queued]>
[2025-04-09T07:35:08.894+0000] {taskinstance.py:2612} INFO - Dependencies all met for dep_context=requeueable deps ti=<TaskInstance: extract_raw_data_pipeline.run_dbt_staging scheduled__2025-04-09T07:34:00+00:00 [queued]>
[2025-04-09T07:35:08.895+0000] {taskinstance.py:2865} INFO - Starting attempt 1 of 1
[2025-04-09T07:35:08.947+0000] {taskinstance.py:2888} INFO - Executing <Task(BashOperator): run_dbt_staging> on 2025-04-09 07:34:00+00:00
[2025-04-09T07:35:08.968+0000] {standard_task_runner.py:104} INFO - Running: ['***', 'tasks', 'run', 'extract_raw_data_pipeline', 'run_dbt_staging', 'scheduled__2025-04-09T07:34:00+00:00', '--job-id', '277', '--raw', '--subdir', 'DAGS_FOLDER/driven_data_pipeline.py', '--cfg-path', '/tmp/tmpkfsqmmij']
[2025-04-09T07:35:08.968+0000] {warnings.py:112} WARNING - /home/***/.local/lib/python3.12/site-packages/***/task/task_runner/standard_task_runner.py:70: DeprecationWarning: This process (pid=2978) is multi-threaded, use of fork() may lead to deadlocks in the child.
  pid = os.fork()

[2025-04-09T07:35:08.971+0000] {standard_task_runner.py:105} INFO - Job 277: Subtask run_dbt_staging
[2025-04-09T07:35:08.972+0000] {standard_task_runner.py:72} INFO - Started process 2982 to run task
[2025-04-09T07:35:09.098+0000] {task_command.py:467} INFO - Running <TaskInstance: extract_raw_data_pipeline.run_dbt_staging scheduled__2025-04-09T07:34:00+00:00 [running]> on host c829a6b69367
[2025-04-09T07:35:09.278+0000] {taskinstance.py:3131} INFO - Exporting env vars: AIRFLOW_CTX_DAG_OWNER='***' AIRFLOW_CTX_DAG_ID='extract_raw_data_pipeline' AIRFLOW_CTX_TASK_ID='run_dbt_staging' AIRFLOW_CTX_EXECUTION_DATE='2025-04-09T07:34:00+00:00' AIRFLOW_CTX_TRY_NUMBER='1' AIRFLOW_CTX_DAG_RUN_ID='scheduled__2025-04-09T07:34:00+00:00'
[2025-04-09T07:35:09.280+0000] {taskinstance.py:731} INFO - ::endgroup::
[2025-04-09T07:35:09.316+0000] {subprocess.py:63} INFO - Tmp dir root location: /tmp
[2025-04-09T07:35:09.318+0000] {subprocess.py:75} INFO - Running command: ['/usr/bin/bash', '-c', 'set -x; cd /opt/***/dbt && dbt run --select tag:staging']
[2025-04-09T07:35:09.343+0000] {subprocess.py:86} INFO - Output:
[2025-04-09T07:35:09.348+0000] {subprocess.py:93} INFO - + cd /opt/***/dbt
[2025-04-09T07:35:09.349+0000] {subprocess.py:93} INFO - + dbt run --select tag:staging
[2025-04-09T07:35:13.773+0000] {subprocess.py:93} INFO - [0m07:35:13  Running with dbt=1.8.0
[2025-04-09T07:35:14.337+0000] {subprocess.py:93} INFO - [0m07:35:14  Registered adapter: postgres=1.8.2
[2025-04-09T07:35:15.075+0000] {subprocess.py:93} INFO - [0m07:35:15  Found 9 models, 10 sources, 428 macros
[2025-04-09T07:35:15.081+0000] {subprocess.py:93} INFO - [0m07:35:15
[2025-04-09T07:35:15.294+0000] {subprocess.py:93} INFO - [0m07:35:15  Concurrency: 1 threads (target='dev')
[2025-04-09T07:35:15.296+0000] {subprocess.py:93} INFO - [0m07:35:15
[2025-04-09T07:35:15.318+0000] {subprocess.py:93} INFO - [0m07:35:15  1 of 5 START sql table model driven_staging.dim_address ........................ [RUN]
[2025-04-09T07:35:16.231+0000] {subprocess.py:93} INFO - [0m07:35:16  1 of 5 OK created sql table model driven_staging.dim_address ................... [[32mSELECT 345554[0m in 0.91s]
[2025-04-09T07:35:16.236+0000] {subprocess.py:93} INFO - [0m07:35:16  2 of 5 START sql table model driven_staging.dim_date ........................... [RUN]
[2025-04-09T07:35:16.755+0000] {subprocess.py:93} INFO - [0m07:35:16  2 of 5 OK created sql table model driven_staging.dim_date ...................... [[32mSELECT 345554[0m in 0.52s]
[2025-04-09T07:35:16.758+0000] {subprocess.py:93} INFO - [0m07:35:16  3 of 5 START sql table model driven_staging.dim_finance ........................ [RUN]
[2025-04-09T07:35:17.168+0000] {subprocess.py:93} INFO - [0m07:35:17  3 of 5 OK created sql table model driven_staging.dim_finance ................... [[32mSELECT 347335[0m in 0.41s]
[2025-04-09T07:35:17.170+0000] {subprocess.py:93} INFO - [0m07:35:17  4 of 5 START sql table model driven_staging.dim_person ......................... [RUN]
[2025-04-09T07:35:17.851+0000] {subprocess.py:93} INFO - [0m07:35:17  4 of 5 OK created sql table model driven_staging.dim_person .................... [[32mSELECT 347335[0m in 0.68s]
[2025-04-09T07:35:17.855+0000] {subprocess.py:93} INFO - [0m07:35:17  5 of 5 START sql table model driven_staging.fact_network_usage ................. [RUN]
[2025-04-09T07:35:18.354+0000] {subprocess.py:93} INFO - [0m07:35:18  5 of 5 OK created sql table model driven_staging.fact_network_usage ............ [[32mSELECT 347335[0m in 0.50s]
[2025-04-09T07:35:18.372+0000] {subprocess.py:93} INFO - [0m07:35:18
[2025-04-09T07:35:18.373+0000] {subprocess.py:93} INFO - [0m07:35:18  Finished running 5 table models in 0 hours 0 minutes and 3.29 seconds (3.29s).
[2025-04-09T07:35:18.454+0000] {subprocess.py:93} INFO - [0m07:35:18
[2025-04-09T07:35:18.455+0000] {subprocess.py:93} INFO - [0m07:35:18  [32mCompleted successfully[0m
[2025-04-09T07:35:18.457+0000] {subprocess.py:93} INFO - [0m07:35:18
[2025-04-09T07:35:18.458+0000] {subprocess.py:93} INFO - [0m07:35:18  Done. PASS=5 WARN=0 ERROR=0 SKIP=0 TOTAL=5
[2025-04-09T07:35:30.003+0000] {subprocess.py:97} INFO - Command exited with return code 0
[2025-04-09T07:35:30.035+0000] {taskinstance.py:340} INFO - ::group::Post task execution logs
[2025-04-09T07:35:30.036+0000] {taskinstance.py:352} INFO - Marking task as SUCCESS. dag_id=extract_raw_data_pipeline, task_id=run_dbt_staging, run_id=scheduled__2025-04-09T07:34:00+00:00, execution_date=20250409T073400, start_date=20250409T073508, end_date=20250409T073530
[2025-04-09T07:35:30.062+0000] {local_task_job_runner.py:266} INFO - Task exited with return code 0
[2025-04-09T07:35:30.085+0000] {taskinstance.py:3900} INFO - 1 downstream tasks scheduled from follow-on schedule check
[2025-04-09T07:35:30.088+0000] {local_task_job_runner.py:245} INFO - ::endgroup::
