[2025-04-10T07:37:31.337+0000] {local_task_job_runner.py:123} INFO - ::group::Pre task execution logs
[2025-04-10T07:37:31.365+0000] {taskinstance.py:2612} INFO - Dependencies all met for dep_context=non-requeueable deps ti=<TaskInstance: extract_raw_data_pipeline.run_dbt_trusted scheduled__2025-04-10T07:35:00+00:00 [queued]>
[2025-04-10T07:37:31.381+0000] {taskinstance.py:2612} INFO - Dependencies all met for dep_context=requeueable deps ti=<TaskInstance: extract_raw_data_pipeline.run_dbt_trusted scheduled__2025-04-10T07:35:00+00:00 [queued]>
[2025-04-10T07:37:31.381+0000] {taskinstance.py:2865} INFO - Starting attempt 1 of 1
[2025-04-10T07:37:31.411+0000] {taskinstance.py:2888} INFO - Executing <Task(BashOperator): run_dbt_trusted> on 2025-04-10 07:35:00+00:00
[2025-04-10T07:37:31.423+0000] {warnings.py:112} WARNING - /home/***/.local/lib/python3.12/site-packages/***/task/task_runner/standard_task_runner.py:70: DeprecationWarning: This process (pid=4430) is multi-threaded, use of fork() may lead to deadlocks in the child.
  pid = os.fork()

[2025-04-10T07:37:31.426+0000] {standard_task_runner.py:72} INFO - Started process 4432 to run task
[2025-04-10T07:37:31.426+0000] {standard_task_runner.py:104} INFO - Running: ['***', 'tasks', 'run', 'extract_raw_data_pipeline', 'run_dbt_trusted', 'scheduled__2025-04-10T07:35:00+00:00', '--job-id', '657', '--raw', '--subdir', 'DAGS_FOLDER/driven_data_pipeline.py', '--cfg-path', '/tmp/tmpemjaeix0']
[2025-04-10T07:37:31.427+0000] {standard_task_runner.py:105} INFO - Job 657: Subtask run_dbt_trusted
[2025-04-10T07:37:31.510+0000] {task_command.py:467} INFO - Running <TaskInstance: extract_raw_data_pipeline.run_dbt_trusted scheduled__2025-04-10T07:35:00+00:00 [running]> on host c829a6b69367
[2025-04-10T07:37:31.676+0000] {taskinstance.py:3131} INFO - Exporting env vars: AIRFLOW_CTX_DAG_OWNER='***' AIRFLOW_CTX_DAG_ID='extract_raw_data_pipeline' AIRFLOW_CTX_TASK_ID='run_dbt_trusted' AIRFLOW_CTX_EXECUTION_DATE='2025-04-10T07:35:00+00:00' AIRFLOW_CTX_TRY_NUMBER='1' AIRFLOW_CTX_DAG_RUN_ID='scheduled__2025-04-10T07:35:00+00:00'
[2025-04-10T07:37:31.677+0000] {taskinstance.py:731} INFO - ::endgroup::
[2025-04-10T07:37:31.698+0000] {subprocess.py:63} INFO - Tmp dir root location: /tmp
[2025-04-10T07:37:31.700+0000] {subprocess.py:75} INFO - Running command: ['/usr/bin/bash', '-c', 'set -x; cd /opt/***/dbt && dbt run --select tag:trusted']
[2025-04-10T07:37:31.716+0000] {subprocess.py:86} INFO - Output:
[2025-04-10T07:37:31.718+0000] {subprocess.py:93} INFO - + cd /opt/***/dbt
[2025-04-10T07:37:31.719+0000] {subprocess.py:93} INFO - + dbt run --select tag:trusted
[2025-04-10T07:37:34.864+0000] {subprocess.py:93} INFO - [0m07:37:34  Running with dbt=1.8.0
[2025-04-10T07:37:35.216+0000] {subprocess.py:93} INFO - [0m07:37:35  Registered adapter: postgres=1.8.2
[2025-04-10T07:37:35.833+0000] {subprocess.py:93} INFO - [0m07:37:35  Found 9 models, 10 sources, 428 macros
[2025-04-10T07:37:35.837+0000] {subprocess.py:93} INFO - [0m07:37:35
[2025-04-10T07:37:36.004+0000] {subprocess.py:93} INFO - [0m07:37:36  Concurrency: 1 threads (target='dev')
[2025-04-10T07:37:36.005+0000] {subprocess.py:93} INFO - [0m07:37:36
[2025-04-10T07:37:36.020+0000] {subprocess.py:93} INFO - [0m07:37:36  1 of 4 START sql table model driven_trusted.non_pii_data ....................... [RUN]
[2025-04-10T07:39:02.453+0000] {subprocess.py:93} INFO - [0m07:39:02  1 of 4 OK created sql table model driven_trusted.non_pii_data .................. [[32mSELECT 1524856[0m in 86.43s]
[2025-04-10T07:39:02.460+0000] {subprocess.py:93} INFO - [0m07:39:02  2 of 4 START sql table model driven_trusted.payment_data ....................... [RUN]
[2025-04-10T07:39:06.482+0000] {subprocess.py:93} INFO - [0m07:39:06  2 of 4 OK created sql table model driven_trusted.payment_data .................. [[32mSELECT 1524856[0m in 4.02s]
[2025-04-10T07:39:06.487+0000] {subprocess.py:93} INFO - [0m07:39:06  3 of 4 START sql table model driven_trusted.pii_data ........................... [RUN]
[2025-04-10T07:40:14.503+0000] {subprocess.py:93} INFO - [0m07:40:14  3 of 4 OK created sql table model driven_trusted.pii_data ...................... [[32mSELECT 1524856[0m in 68.01s]
[2025-04-10T07:40:14.511+0000] {subprocess.py:93} INFO - [0m07:40:14  4 of 4 START sql table model driven_trusted.technical_data ..................... [RUN]
[2025-04-10T07:40:25.467+0000] {subprocess.py:93} INFO - [0m07:40:25  4 of 4 OK created sql table model driven_trusted.technical_data ................ [[32mSELECT 1560889[0m in 10.95s]
[2025-04-10T07:40:25.543+0000] {subprocess.py:93} INFO - [0m07:40:25
[2025-04-10T07:40:25.549+0000] {subprocess.py:93} INFO - [0m07:40:25  Finished running 4 table models in 0 hours 2 minutes and 49.70 seconds (169.70s).
[2025-04-10T07:40:25.767+0000] {subprocess.py:93} INFO - [0m07:40:25
[2025-04-10T07:40:25.770+0000] {subprocess.py:93} INFO - [0m07:40:25  [32mCompleted successfully[0m
[2025-04-10T07:40:25.773+0000] {subprocess.py:93} INFO - [0m07:40:25
[2025-04-10T07:40:25.780+0000] {subprocess.py:93} INFO - [0m07:40:25  Done. PASS=4 WARN=0 ERROR=0 SKIP=0 TOTAL=4
[2025-04-10T07:40:27.595+0000] {subprocess.py:97} INFO - Command exited with return code 0
[2025-04-10T07:40:27.707+0000] {taskinstance.py:340} INFO - ::group::Post task execution logs
[2025-04-10T07:40:27.710+0000] {taskinstance.py:352} INFO - Marking task as SUCCESS. dag_id=extract_raw_data_pipeline, task_id=run_dbt_trusted, run_id=scheduled__2025-04-10T07:35:00+00:00, execution_date=20250410T073500, start_date=20250410T073731, end_date=20250410T074027
[2025-04-10T07:40:27.943+0000] {local_task_job_runner.py:266} INFO - Task exited with return code 0
[2025-04-10T07:40:28.018+0000] {taskinstance.py:3900} INFO - 0 downstream tasks scheduled from follow-on schedule check
[2025-04-10T07:40:28.026+0000] {local_task_job_runner.py:245} INFO - ::endgroup::
