[2025-04-10T07:48:59.957+0000] {local_task_job_runner.py:123} INFO - ::group::Pre task execution logs
[2025-04-10T07:48:59.982+0000] {taskinstance.py:2612} INFO - Dependencies all met for dep_context=non-requeueable deps ti=<TaskInstance: extract_raw_data_pipeline.run_dbt_trusted scheduled__2025-04-10T07:45:00+00:00 [queued]>
[2025-04-10T07:48:59.997+0000] {taskinstance.py:2612} INFO - Dependencies all met for dep_context=requeueable deps ti=<TaskInstance: extract_raw_data_pipeline.run_dbt_trusted scheduled__2025-04-10T07:45:00+00:00 [queued]>
[2025-04-10T07:48:59.997+0000] {taskinstance.py:2865} INFO - Starting attempt 1 of 1
[2025-04-10T07:49:00.031+0000] {taskinstance.py:2888} INFO - Executing <Task(BashOperator): run_dbt_trusted> on 2025-04-10 07:45:00+00:00
[2025-04-10T07:49:00.042+0000] {warnings.py:112} WARNING - /home/***/.local/lib/python3.12/site-packages/***/task/task_runner/standard_task_runner.py:70: DeprecationWarning: This process (pid=5082) is multi-threaded, use of fork() may lead to deadlocks in the child.
  pid = os.fork()

[2025-04-10T07:49:00.045+0000] {standard_task_runner.py:72} INFO - Started process 5084 to run task
[2025-04-10T07:49:00.045+0000] {standard_task_runner.py:104} INFO - Running: ['***', 'tasks', 'run', 'extract_raw_data_pipeline', 'run_dbt_trusted', 'scheduled__2025-04-10T07:45:00+00:00', '--job-id', '722', '--raw', '--subdir', 'DAGS_FOLDER/driven_data_pipeline.py', '--cfg-path', '/tmp/tmpch7j1g_9']
[2025-04-10T07:49:00.047+0000] {standard_task_runner.py:105} INFO - Job 722: Subtask run_dbt_trusted
[2025-04-10T07:49:00.115+0000] {task_command.py:467} INFO - Running <TaskInstance: extract_raw_data_pipeline.run_dbt_trusted scheduled__2025-04-10T07:45:00+00:00 [running]> on host c829a6b69367
[2025-04-10T07:49:00.241+0000] {taskinstance.py:3131} INFO - Exporting env vars: AIRFLOW_CTX_DAG_OWNER='***' AIRFLOW_CTX_DAG_ID='extract_raw_data_pipeline' AIRFLOW_CTX_TASK_ID='run_dbt_trusted' AIRFLOW_CTX_EXECUTION_DATE='2025-04-10T07:45:00+00:00' AIRFLOW_CTX_TRY_NUMBER='1' AIRFLOW_CTX_DAG_RUN_ID='scheduled__2025-04-10T07:45:00+00:00'
[2025-04-10T07:49:00.243+0000] {taskinstance.py:731} INFO - ::endgroup::
[2025-04-10T07:49:00.266+0000] {subprocess.py:63} INFO - Tmp dir root location: /tmp
[2025-04-10T07:49:00.268+0000] {subprocess.py:75} INFO - Running command: ['/usr/bin/bash', '-c', 'set -x; cd /opt/***/dbt && dbt run --select tag:trusted']
[2025-04-10T07:49:00.288+0000] {subprocess.py:86} INFO - Output:
[2025-04-10T07:49:00.290+0000] {subprocess.py:93} INFO - + cd /opt/***/dbt
[2025-04-10T07:49:00.291+0000] {subprocess.py:93} INFO - + dbt run --select tag:trusted
[2025-04-10T07:49:04.535+0000] {subprocess.py:93} INFO - [0m07:49:04  Running with dbt=1.8.0
[2025-04-10T07:49:05.026+0000] {subprocess.py:93} INFO - [0m07:49:05  Registered adapter: postgres=1.8.2
[2025-04-10T07:49:05.862+0000] {subprocess.py:93} INFO - [0m07:49:05  Found 9 models, 10 sources, 428 macros
[2025-04-10T07:49:05.868+0000] {subprocess.py:93} INFO - [0m07:49:05
[2025-04-10T07:49:06.039+0000] {subprocess.py:93} INFO - [0m07:49:06  Concurrency: 1 threads (target='dev')
[2025-04-10T07:49:06.039+0000] {subprocess.py:93} INFO - [0m07:49:06
[2025-04-10T07:49:06.053+0000] {subprocess.py:93} INFO - [0m07:49:06  1 of 4 START sql table model driven_trusted.non_pii_data ....................... [RUN]
[2025-04-10T07:50:23.717+0000] {subprocess.py:93} INFO - [0m07:50:23  1 of 4 OK created sql table model driven_trusted.non_pii_data .................. [[32mSELECT 1953382[0m in 77.65s]
[2025-04-10T07:50:23.732+0000] {subprocess.py:93} INFO - [0m07:50:23  2 of 4 START sql table model driven_trusted.payment_data ....................... [RUN]
[2025-04-10T07:50:47.939+0000] {subprocess.py:93} INFO - [0m07:50:47  2 of 4 OK created sql table model driven_trusted.payment_data .................. [[32mSELECT 1953382[0m in 24.20s]
[2025-04-10T07:50:47.944+0000] {subprocess.py:93} INFO - [0m07:50:47  3 of 4 START sql table model driven_trusted.pii_data ........................... [RUN]
[2025-04-10T07:52:23.026+0000] {subprocess.py:93} INFO - [0m07:52:23  3 of 4 OK created sql table model driven_trusted.pii_data ...................... [[32mSELECT 1953382[0m in 95.07s]
[2025-04-10T07:52:23.067+0000] {subprocess.py:93} INFO - [0m07:52:23  4 of 4 START sql table model driven_trusted.technical_data ..................... [RUN]
[2025-04-10T07:52:53.777+0000] {subprocess.py:93} INFO - [0m07:52:53  4 of 4 OK created sql table model driven_trusted.technical_data ................ [[32mSELECT 1953382[0m in 30.70s]
[2025-04-10T07:52:53.797+0000] {subprocess.py:93} INFO - [0m07:52:53
[2025-04-10T07:52:53.798+0000] {subprocess.py:93} INFO - [0m07:52:53  Finished running 4 table models in 0 hours 3 minutes and 47.93 seconds (227.93s).
[2025-04-10T07:52:53.887+0000] {subprocess.py:93} INFO - [0m07:52:53
[2025-04-10T07:52:53.888+0000] {subprocess.py:93} INFO - [0m07:52:53  [32mCompleted successfully[0m
[2025-04-10T07:52:53.889+0000] {subprocess.py:93} INFO - [0m07:52:53
[2025-04-10T07:52:53.890+0000] {subprocess.py:93} INFO - [0m07:52:53  Done. PASS=4 WARN=0 ERROR=0 SKIP=0 TOTAL=4
[2025-04-10T07:52:55.105+0000] {subprocess.py:97} INFO - Command exited with return code 0
[2025-04-10T07:52:55.169+0000] {taskinstance.py:340} INFO - ::group::Post task execution logs
[2025-04-10T07:52:55.170+0000] {taskinstance.py:352} INFO - Marking task as SUCCESS. dag_id=extract_raw_data_pipeline, task_id=run_dbt_trusted, run_id=scheduled__2025-04-10T07:45:00+00:00, execution_date=20250410T074500, start_date=20250410T074859, end_date=20250410T075255
[2025-04-10T07:52:55.226+0000] {local_task_job_runner.py:266} INFO - Task exited with return code 0
[2025-04-10T07:52:55.245+0000] {taskinstance.py:3900} INFO - 0 downstream tasks scheduled from follow-on schedule check
[2025-04-10T07:52:55.271+0000] {local_task_job_runner.py:245} INFO - ::endgroup::
