[2025-04-10T07:29:08.389+0000] {local_task_job_runner.py:123} INFO - ::group::Pre task execution logs
[2025-04-10T07:29:08.414+0000] {taskinstance.py:2612} INFO - Dependencies all met for dep_context=non-requeueable deps ti=<TaskInstance: extract_raw_data_pipeline.run_dbt_staging scheduled__2025-04-10T07:28:00+00:00 [queued]>
[2025-04-10T07:29:08.431+0000] {taskinstance.py:2612} INFO - Dependencies all met for dep_context=requeueable deps ti=<TaskInstance: extract_raw_data_pipeline.run_dbt_staging scheduled__2025-04-10T07:28:00+00:00 [queued]>
[2025-04-10T07:29:08.432+0000] {taskinstance.py:2865} INFO - Starting attempt 1 of 1
[2025-04-10T07:29:08.454+0000] {taskinstance.py:2888} INFO - Executing <Task(BashOperator): run_dbt_staging> on 2025-04-10 07:28:00+00:00
[2025-04-10T07:29:08.464+0000] {warnings.py:112} WARNING - /home/***/.local/lib/python3.12/site-packages/***/task/task_runner/standard_task_runner.py:70: DeprecationWarning: This process (pid=3920) is multi-threaded, use of fork() may lead to deadlocks in the child.
  pid = os.fork()

[2025-04-10T07:29:08.466+0000] {standard_task_runner.py:72} INFO - Started process 3922 to run task
[2025-04-10T07:29:08.468+0000] {standard_task_runner.py:104} INFO - Running: ['***', 'tasks', 'run', 'extract_raw_data_pipeline', 'run_dbt_staging', 'scheduled__2025-04-10T07:28:00+00:00', '--job-id', '607', '--raw', '--subdir', 'DAGS_FOLDER/driven_data_pipeline.py', '--cfg-path', '/tmp/tmpe681r5wn']
[2025-04-10T07:29:08.470+0000] {standard_task_runner.py:105} INFO - Job 607: Subtask run_dbt_staging
[2025-04-10T07:29:08.550+0000] {task_command.py:467} INFO - Running <TaskInstance: extract_raw_data_pipeline.run_dbt_staging scheduled__2025-04-10T07:28:00+00:00 [running]> on host c829a6b69367
[2025-04-10T07:29:08.690+0000] {taskinstance.py:3131} INFO - Exporting env vars: AIRFLOW_CTX_DAG_OWNER='***' AIRFLOW_CTX_DAG_ID='extract_raw_data_pipeline' AIRFLOW_CTX_TASK_ID='run_dbt_staging' AIRFLOW_CTX_EXECUTION_DATE='2025-04-10T07:28:00+00:00' AIRFLOW_CTX_TRY_NUMBER='1' AIRFLOW_CTX_DAG_RUN_ID='scheduled__2025-04-10T07:28:00+00:00'
[2025-04-10T07:29:08.692+0000] {taskinstance.py:731} INFO - ::endgroup::
[2025-04-10T07:29:08.717+0000] {subprocess.py:63} INFO - Tmp dir root location: /tmp
[2025-04-10T07:29:08.718+0000] {subprocess.py:75} INFO - Running command: ['/usr/bin/bash', '-c', 'set -x; cd /opt/***/dbt && dbt run --select tag:staging']
[2025-04-10T07:29:08.738+0000] {subprocess.py:86} INFO - Output:
[2025-04-10T07:29:08.742+0000] {subprocess.py:93} INFO - + cd /opt/***/dbt
[2025-04-10T07:29:08.743+0000] {subprocess.py:93} INFO - + dbt run --select tag:staging
[2025-04-10T07:29:11.911+0000] {subprocess.py:93} INFO - [0m07:29:11  Running with dbt=1.8.0
[2025-04-10T07:29:12.282+0000] {subprocess.py:93} INFO - [0m07:29:12  Registered adapter: postgres=1.8.2
[2025-04-10T07:29:12.868+0000] {subprocess.py:93} INFO - [0m07:29:12  Found 9 models, 10 sources, 428 macros
[2025-04-10T07:29:12.872+0000] {subprocess.py:93} INFO - [0m07:29:12
[2025-04-10T07:29:13.008+0000] {subprocess.py:93} INFO - [0m07:29:13  Concurrency: 1 threads (target='dev')
[2025-04-10T07:29:13.009+0000] {subprocess.py:93} INFO - [0m07:29:13
[2025-04-10T07:29:13.023+0000] {subprocess.py:93} INFO - [0m07:29:13  1 of 5 START sql table model driven_staging.dim_address ........................ [RUN]
[2025-04-10T07:29:42.504+0000] {subprocess.py:93} INFO - [0m07:29:42  1 of 5 OK created sql table model driven_staging.dim_address ................... [[32mSELECT 1252271[0m in 29.48s]
[2025-04-10T07:29:42.507+0000] {subprocess.py:93} INFO - [0m07:29:42  2 of 5 START sql table model driven_staging.dim_date ........................... [RUN]
[2025-04-10T07:30:21.954+0000] {subprocess.py:93} INFO - [0m07:30:21  2 of 5 OK created sql table model driven_staging.dim_date ...................... [[32mSELECT 1252271[0m in 39.44s]
[2025-04-10T07:30:21.959+0000] {subprocess.py:93} INFO - [0m07:30:21  3 of 5 START sql table model driven_staging.dim_finance ........................ [RUN]
[2025-04-10T07:30:57.227+0000] {subprocess.py:93} INFO - [0m07:30:57  3 of 5 OK created sql table model driven_staging.dim_finance ................... [[32mSELECT 1285063[0m in 35.27s]
[2025-04-10T07:30:57.232+0000] {subprocess.py:93} INFO - [0m07:30:57  4 of 5 START sql table model driven_staging.dim_person ......................... [RUN]
[2025-04-10T07:31:30.516+0000] {subprocess.py:93} INFO - [0m07:31:30  4 of 5 OK created sql table model driven_staging.dim_person .................... [[32mSELECT 1285063[0m in 33.28s]
[2025-04-10T07:31:30.520+0000] {subprocess.py:93} INFO - [0m07:31:30  5 of 5 START sql table model driven_staging.fact_network_usage ................. [RUN]
[2025-04-10T07:31:47.168+0000] {subprocess.py:93} INFO - [0m07:31:47  5 of 5 OK created sql table model driven_staging.fact_network_usage ............ [[32mSELECT 1318176[0m in 16.65s]
[2025-04-10T07:31:47.202+0000] {subprocess.py:93} INFO - [0m07:31:47
[2025-04-10T07:31:47.202+0000] {subprocess.py:93} INFO - [0m07:31:47  Finished running 5 table models in 0 hours 2 minutes and 34.33 seconds (154.33s).
[2025-04-10T07:31:47.305+0000] {subprocess.py:93} INFO - [0m07:31:47
[2025-04-10T07:31:47.306+0000] {subprocess.py:93} INFO - [0m07:31:47  [32mCompleted successfully[0m
[2025-04-10T07:31:47.308+0000] {subprocess.py:93} INFO - [0m07:31:47
[2025-04-10T07:31:47.309+0000] {subprocess.py:93} INFO - [0m07:31:47  Done. PASS=5 WARN=0 ERROR=0 SKIP=0 TOTAL=5
[2025-04-10T07:31:48.800+0000] {subprocess.py:97} INFO - Command exited with return code 0
[2025-04-10T07:31:48.856+0000] {taskinstance.py:340} INFO - ::group::Post task execution logs
[2025-04-10T07:31:48.857+0000] {taskinstance.py:352} INFO - Marking task as SUCCESS. dag_id=extract_raw_data_pipeline, task_id=run_dbt_staging, run_id=scheduled__2025-04-10T07:28:00+00:00, execution_date=20250410T072800, start_date=20250410T072908, end_date=20250410T073148
[2025-04-10T07:31:48.915+0000] {local_task_job_runner.py:266} INFO - Task exited with return code 0
[2025-04-10T07:31:48.954+0000] {taskinstance.py:3900} INFO - 1 downstream tasks scheduled from follow-on schedule check
[2025-04-10T07:31:48.960+0000] {local_task_job_runner.py:245} INFO - ::endgroup::
