[2025-04-09T07:17:08.424+0000] {local_task_job_runner.py:123} INFO - ::group::Pre task execution logs
[2025-04-09T07:17:08.461+0000] {taskinstance.py:2612} INFO - Dependencies all met for dep_context=non-requeueable deps ti=<TaskInstance: extract_raw_data_pipeline.run_dbt_staging scheduled__2025-04-09T07:16:00+00:00 [queued]>
[2025-04-09T07:17:08.479+0000] {taskinstance.py:2612} INFO - Dependencies all met for dep_context=requeueable deps ti=<TaskInstance: extract_raw_data_pipeline.run_dbt_staging scheduled__2025-04-09T07:16:00+00:00 [queued]>
[2025-04-09T07:17:08.480+0000] {taskinstance.py:2865} INFO - Starting attempt 1 of 1
[2025-04-09T07:17:08.510+0000] {taskinstance.py:2888} INFO - Executing <Task(BashOperator): run_dbt_staging> on 2025-04-09 07:16:00+00:00
[2025-04-09T07:17:08.523+0000] {warnings.py:112} WARNING - /home/***/.local/lib/python3.12/site-packages/***/task/task_runner/standard_task_runner.py:70: DeprecationWarning: This process (pid=1946) is multi-threaded, use of fork() may lead to deadlocks in the child.
  pid = os.fork()

[2025-04-09T07:17:08.525+0000] {standard_task_runner.py:72} INFO - Started process 1948 to run task
[2025-04-09T07:17:08.527+0000] {standard_task_runner.py:104} INFO - Running: ['***', 'tasks', 'run', 'extract_raw_data_pipeline', 'run_dbt_staging', 'scheduled__2025-04-09T07:16:00+00:00', '--job-id', '171', '--raw', '--subdir', 'DAGS_FOLDER/driven_data_pipeline.py', '--cfg-path', '/tmp/tmph7t58db_']
[2025-04-09T07:17:08.530+0000] {standard_task_runner.py:105} INFO - Job 171: Subtask run_dbt_staging
[2025-04-09T07:17:08.609+0000] {task_command.py:467} INFO - Running <TaskInstance: extract_raw_data_pipeline.run_dbt_staging scheduled__2025-04-09T07:16:00+00:00 [running]> on host c829a6b69367
[2025-04-09T07:17:08.775+0000] {taskinstance.py:3131} INFO - Exporting env vars: AIRFLOW_CTX_DAG_OWNER='***' AIRFLOW_CTX_DAG_ID='extract_raw_data_pipeline' AIRFLOW_CTX_TASK_ID='run_dbt_staging' AIRFLOW_CTX_EXECUTION_DATE='2025-04-09T07:16:00+00:00' AIRFLOW_CTX_TRY_NUMBER='1' AIRFLOW_CTX_DAG_RUN_ID='scheduled__2025-04-09T07:16:00+00:00'
[2025-04-09T07:17:08.778+0000] {taskinstance.py:731} INFO - ::endgroup::
[2025-04-09T07:17:08.806+0000] {subprocess.py:63} INFO - Tmp dir root location: /tmp
[2025-04-09T07:17:08.809+0000] {subprocess.py:75} INFO - Running command: ['/usr/bin/bash', '-c', 'set -x; cd /opt/***/dbt && dbt run --select tag:staging']
[2025-04-09T07:17:08.830+0000] {subprocess.py:86} INFO - Output:
[2025-04-09T07:17:08.834+0000] {subprocess.py:93} INFO - + cd /opt/***/dbt
[2025-04-09T07:17:08.835+0000] {subprocess.py:93} INFO - + dbt run --select tag:staging
[2025-04-09T07:17:12.803+0000] {subprocess.py:93} INFO - [0m07:17:12  Running with dbt=1.8.0
[2025-04-09T07:17:13.224+0000] {subprocess.py:93} INFO - [0m07:17:13  Registered adapter: postgres=1.8.2
[2025-04-09T07:17:13.801+0000] {subprocess.py:93} INFO - [0m07:17:13  Found 9 models, 10 sources, 428 macros
[2025-04-09T07:17:13.804+0000] {subprocess.py:93} INFO - [0m07:17:13
[2025-04-09T07:17:13.923+0000] {subprocess.py:93} INFO - [0m07:17:13  Concurrency: 1 threads (target='dev')
[2025-04-09T07:17:13.924+0000] {subprocess.py:93} INFO - [0m07:17:13
[2025-04-09T07:17:13.934+0000] {subprocess.py:93} INFO - [0m07:17:13  1 of 5 START sql table model driven_staging.dim_address ........................ [RUN]
[2025-04-09T07:17:14.234+0000] {subprocess.py:93} INFO - [0m07:17:14  1 of 5 OK created sql table model driven_staging.dim_address ................... [[32mSELECT 114425[0m in 0.30s]
[2025-04-09T07:17:14.237+0000] {subprocess.py:93} INFO - [0m07:17:14  2 of 5 START sql table model driven_staging.dim_date ........................... [RUN]
[2025-04-09T07:17:14.396+0000] {subprocess.py:93} INFO - [0m07:17:14  2 of 5 OK created sql table model driven_staging.dim_date ...................... [[32mSELECT 114425[0m in 0.16s]
[2025-04-09T07:17:14.399+0000] {subprocess.py:93} INFO - [0m07:17:14  3 of 5 START sql table model driven_staging.dim_finance ........................ [RUN]
[2025-04-09T07:17:14.575+0000] {subprocess.py:93} INFO - [0m07:17:14  3 of 5 OK created sql table model driven_staging.dim_finance ................... [[32mSELECT 114425[0m in 0.17s]
[2025-04-09T07:17:14.578+0000] {subprocess.py:93} INFO - [0m07:17:14  4 of 5 START sql table model driven_staging.dim_person ......................... [RUN]
[2025-04-09T07:17:14.798+0000] {subprocess.py:93} INFO - [0m07:17:14  4 of 5 OK created sql table model driven_staging.dim_person .................... [[32mSELECT 114425[0m in 0.22s]
[2025-04-09T07:17:14.802+0000] {subprocess.py:93} INFO - [0m07:17:14  5 of 5 START sql table model driven_staging.fact_network_usage ................. [RUN]
[2025-04-09T07:17:14.993+0000] {subprocess.py:93} INFO - [0m07:17:14  5 of 5 OK created sql table model driven_staging.fact_network_usage ............ [[32mSELECT 114425[0m in 0.19s]
[2025-04-09T07:17:15.015+0000] {subprocess.py:93} INFO - [0m07:17:15
[2025-04-09T07:17:15.015+0000] {subprocess.py:93} INFO - [0m07:17:15  Finished running 5 table models in 0 hours 0 minutes and 1.21 seconds (1.21s).
[2025-04-09T07:17:15.075+0000] {subprocess.py:93} INFO - [0m07:17:15
[2025-04-09T07:17:15.075+0000] {subprocess.py:93} INFO - [0m07:17:15  [32mCompleted successfully[0m
[2025-04-09T07:17:15.076+0000] {subprocess.py:93} INFO - [0m07:17:15
[2025-04-09T07:17:15.077+0000] {subprocess.py:93} INFO - [0m07:17:15  Done. PASS=5 WARN=0 ERROR=0 SKIP=0 TOTAL=5
[2025-04-09T07:17:16.243+0000] {subprocess.py:97} INFO - Command exited with return code 0
[2025-04-09T07:17:16.276+0000] {taskinstance.py:340} INFO - ::group::Post task execution logs
[2025-04-09T07:17:16.277+0000] {taskinstance.py:352} INFO - Marking task as SUCCESS. dag_id=extract_raw_data_pipeline, task_id=run_dbt_staging, run_id=scheduled__2025-04-09T07:16:00+00:00, execution_date=20250409T071600, start_date=20250409T071708, end_date=20250409T071716
[2025-04-09T07:17:16.312+0000] {local_task_job_runner.py:266} INFO - Task exited with return code 0
[2025-04-09T07:17:16.335+0000] {taskinstance.py:3900} INFO - 1 downstream tasks scheduled from follow-on schedule check
[2025-04-09T07:17:16.338+0000] {local_task_job_runner.py:245} INFO - ::endgroup::
