[2025-04-10T07:56:10.882+0000] {local_task_job_runner.py:123} INFO - ::group::Pre task execution logs
[2025-04-10T07:56:10.904+0000] {taskinstance.py:2612} INFO - Dependencies all met for dep_context=non-requeueable deps ti=<TaskInstance: extract_raw_data_pipeline.run_dbt_staging scheduled__2025-04-10T07:55:00+00:00 [queued]>
[2025-04-10T07:56:10.917+0000] {taskinstance.py:2612} INFO - Dependencies all met for dep_context=requeueable deps ti=<TaskInstance: extract_raw_data_pipeline.run_dbt_staging scheduled__2025-04-10T07:55:00+00:00 [queued]>
[2025-04-10T07:56:10.918+0000] {taskinstance.py:2865} INFO - Starting attempt 1 of 1
[2025-04-10T07:56:10.941+0000] {taskinstance.py:2888} INFO - Executing <Task(BashOperator): run_dbt_staging> on 2025-04-10 07:55:00+00:00
[2025-04-10T07:56:10.950+0000] {warnings.py:112} WARNING - /home/***/.local/lib/python3.12/site-packages/***/task/task_runner/standard_task_runner.py:70: DeprecationWarning: This process (pid=5504) is multi-threaded, use of fork() may lead to deadlocks in the child.
  pid = os.fork()

[2025-04-10T07:56:10.953+0000] {standard_task_runner.py:72} INFO - Started process 5506 to run task
[2025-04-10T07:56:10.954+0000] {standard_task_runner.py:104} INFO - Running: ['***', 'tasks', 'run', 'extract_raw_data_pipeline', 'run_dbt_staging', 'scheduled__2025-04-10T07:55:00+00:00', '--job-id', '766', '--raw', '--subdir', 'DAGS_FOLDER/driven_data_pipeline.py', '--cfg-path', '/tmp/tmprcq60pos']
[2025-04-10T07:56:10.957+0000] {standard_task_runner.py:105} INFO - Job 766: Subtask run_dbt_staging
[2025-04-10T07:56:11.032+0000] {task_command.py:467} INFO - Running <TaskInstance: extract_raw_data_pipeline.run_dbt_staging scheduled__2025-04-10T07:55:00+00:00 [running]> on host c829a6b69367
[2025-04-10T07:56:11.151+0000] {taskinstance.py:3131} INFO - Exporting env vars: AIRFLOW_CTX_DAG_OWNER='***' AIRFLOW_CTX_DAG_ID='extract_raw_data_pipeline' AIRFLOW_CTX_TASK_ID='run_dbt_staging' AIRFLOW_CTX_EXECUTION_DATE='2025-04-10T07:55:00+00:00' AIRFLOW_CTX_TRY_NUMBER='1' AIRFLOW_CTX_DAG_RUN_ID='scheduled__2025-04-10T07:55:00+00:00'
[2025-04-10T07:56:11.153+0000] {taskinstance.py:731} INFO - ::endgroup::
[2025-04-10T07:56:11.172+0000] {subprocess.py:63} INFO - Tmp dir root location: /tmp
[2025-04-10T07:56:11.175+0000] {subprocess.py:75} INFO - Running command: ['/usr/bin/bash', '-c', 'set -x; cd /opt/***/dbt && dbt run --select tag:staging']
[2025-04-10T07:56:11.192+0000] {subprocess.py:86} INFO - Output:
[2025-04-10T07:56:11.194+0000] {subprocess.py:93} INFO - + cd /opt/***/dbt
[2025-04-10T07:56:11.194+0000] {subprocess.py:93} INFO - + dbt run --select tag:staging
[2025-04-10T07:56:14.221+0000] {subprocess.py:93} INFO - [0m07:56:14  Running with dbt=1.8.0
[2025-04-10T07:56:14.697+0000] {subprocess.py:93} INFO - [0m07:56:14  Registered adapter: postgres=1.8.2
[2025-04-10T07:56:15.375+0000] {subprocess.py:93} INFO - [0m07:56:15  Found 9 models, 10 sources, 428 macros
[2025-04-10T07:56:15.379+0000] {subprocess.py:93} INFO - [0m07:56:15
[2025-04-10T07:56:15.536+0000] {subprocess.py:93} INFO - [0m07:56:15  Concurrency: 1 threads (target='dev')
[2025-04-10T07:56:15.537+0000] {subprocess.py:93} INFO - [0m07:56:15
[2025-04-10T07:56:15.552+0000] {subprocess.py:93} INFO - [0m07:56:15  1 of 5 START sql table model driven_staging.dim_address ........................ [RUN]
[2025-04-10T07:58:09.361+0000] {subprocess.py:93} INFO - [0m07:58:09  1 of 5 OK created sql table model driven_staging.dim_address ................... [[32mSELECT 2307515[0m in 113.80s]
[2025-04-10T07:58:09.369+0000] {subprocess.py:93} INFO - [0m07:58:09  2 of 5 START sql table model driven_staging.dim_date ........................... [RUN]
[2025-04-10T07:59:43.642+0000] {subprocess.py:93} INFO - [0m07:59:43  2 of 5 OK created sql table model driven_staging.dim_date ...................... [[32mSELECT 2400551[0m in 94.27s]
[2025-04-10T07:59:43.649+0000] {subprocess.py:93} INFO - [0m07:59:43  3 of 5 START sql table model driven_staging.dim_finance ........................ [RUN]
[2025-04-10T08:02:01.908+0000] {subprocess.py:93} INFO - [0m08:02:01  3 of 5 OK created sql table model driven_staging.dim_finance ................... [[32mSELECT 2447509[0m in 138.25s]
[2025-04-10T08:02:01.922+0000] {subprocess.py:93} INFO - [0m08:02:01  4 of 5 START sql table model driven_staging.dim_person ......................... [RUN]
[2025-04-10T08:05:17.118+0000] {subprocess.py:93} INFO - [0m08:05:17  4 of 5 OK created sql table model driven_staging.dim_person .................... [[32mSELECT 2447509[0m in 195.18s]
[2025-04-10T08:05:17.129+0000] {subprocess.py:93} INFO - [0m08:05:17  5 of 5 START sql table model driven_staging.fact_network_usage ................. [RUN]
[2025-04-10T08:07:44.711+0000] {subprocess.py:93} INFO - [0m08:07:44  5 of 5 OK created sql table model driven_staging.fact_network_usage ............ [[32mSELECT 2447509[0m in 147.56s]
[2025-04-10T08:07:44.822+0000] {subprocess.py:93} INFO - [0m08:07:44
[2025-04-10T08:07:44.833+0000] {subprocess.py:93} INFO - [0m08:07:44  Finished running 5 table models in 0 hours 11 minutes and 29.44 seconds (689.44s).
[2025-04-10T08:07:45.209+0000] {subprocess.py:93} INFO - [0m08:07:45
[2025-04-10T08:07:45.215+0000] {subprocess.py:93} INFO - [0m08:07:45  [32mCompleted successfully[0m
[2025-04-10T08:07:45.225+0000] {subprocess.py:93} INFO - [0m08:07:45
[2025-04-10T08:07:45.236+0000] {subprocess.py:93} INFO - [0m08:07:45  Done. PASS=5 WARN=0 ERROR=0 SKIP=0 TOTAL=5
[2025-04-10T08:07:49.936+0000] {subprocess.py:97} INFO - Command exited with return code 0
[2025-04-10T08:07:50.417+0000] {taskinstance.py:340} INFO - ::group::Post task execution logs
[2025-04-10T08:07:50.427+0000] {taskinstance.py:352} INFO - Marking task as SUCCESS. dag_id=extract_raw_data_pipeline, task_id=run_dbt_staging, run_id=scheduled__2025-04-10T07:55:00+00:00, execution_date=20250410T075500, start_date=20250410T075610, end_date=20250410T080750
[2025-04-10T08:07:52.353+0000] {local_task_job_runner.py:266} INFO - Task exited with return code 0
[2025-04-10T08:07:52.920+0000] {taskinstance.py:3900} INFO - 1 downstream tasks scheduled from follow-on schedule check
[2025-04-10T08:07:52.964+0000] {local_task_job_runner.py:245} INFO - ::endgroup::
