[2025-04-09T07:20:05.631+0000] {local_task_job_runner.py:123} INFO - ::group::Pre task execution logs
[2025-04-09T07:20:05.659+0000] {taskinstance.py:2612} INFO - Dependencies all met for dep_context=non-requeueable deps ti=<TaskInstance: extract_raw_data_pipeline.run_dbt_staging scheduled__2025-04-09T07:19:00+00:00 [queued]>
[2025-04-09T07:20:05.675+0000] {taskinstance.py:2612} INFO - Dependencies all met for dep_context=requeueable deps ti=<TaskInstance: extract_raw_data_pipeline.run_dbt_staging scheduled__2025-04-09T07:19:00+00:00 [queued]>
[2025-04-09T07:20:05.676+0000] {taskinstance.py:2865} INFO - Starting attempt 1 of 1
[2025-04-09T07:20:05.709+0000] {taskinstance.py:2888} INFO - Executing <Task(BashOperator): run_dbt_staging> on 2025-04-09 07:19:00+00:00
[2025-04-09T07:20:05.722+0000] {warnings.py:112} WARNING - /home/***/.local/lib/python3.12/site-packages/***/task/task_runner/standard_task_runner.py:70: DeprecationWarning: This process (pid=2126) is multi-threaded, use of fork() may lead to deadlocks in the child.
  pid = os.fork()

[2025-04-09T07:20:05.725+0000] {standard_task_runner.py:72} INFO - Started process 2128 to run task
[2025-04-09T07:20:05.726+0000] {standard_task_runner.py:104} INFO - Running: ['***', 'tasks', 'run', 'extract_raw_data_pipeline', 'run_dbt_staging', 'scheduled__2025-04-09T07:19:00+00:00', '--job-id', '189', '--raw', '--subdir', 'DAGS_FOLDER/driven_data_pipeline.py', '--cfg-path', '/tmp/tmpi147k1go']
[2025-04-09T07:20:05.728+0000] {standard_task_runner.py:105} INFO - Job 189: Subtask run_dbt_staging
[2025-04-09T07:20:05.816+0000] {task_command.py:467} INFO - Running <TaskInstance: extract_raw_data_pipeline.run_dbt_staging scheduled__2025-04-09T07:19:00+00:00 [running]> on host c829a6b69367
[2025-04-09T07:20:05.974+0000] {taskinstance.py:3131} INFO - Exporting env vars: AIRFLOW_CTX_DAG_OWNER='***' AIRFLOW_CTX_DAG_ID='extract_raw_data_pipeline' AIRFLOW_CTX_TASK_ID='run_dbt_staging' AIRFLOW_CTX_EXECUTION_DATE='2025-04-09T07:19:00+00:00' AIRFLOW_CTX_TRY_NUMBER='1' AIRFLOW_CTX_DAG_RUN_ID='scheduled__2025-04-09T07:19:00+00:00'
[2025-04-09T07:20:05.976+0000] {taskinstance.py:731} INFO - ::endgroup::
[2025-04-09T07:20:06.000+0000] {subprocess.py:63} INFO - Tmp dir root location: /tmp
[2025-04-09T07:20:06.002+0000] {subprocess.py:75} INFO - Running command: ['/usr/bin/bash', '-c', 'set -x; cd /opt/***/dbt && dbt run --select tag:staging']
[2025-04-09T07:20:06.022+0000] {subprocess.py:86} INFO - Output:
[2025-04-09T07:20:06.025+0000] {subprocess.py:93} INFO - + cd /opt/***/dbt
[2025-04-09T07:20:06.026+0000] {subprocess.py:93} INFO - + dbt run --select tag:staging
[2025-04-09T07:20:08.654+0000] {subprocess.py:93} INFO - [0m07:20:08  Running with dbt=1.8.0
[2025-04-09T07:20:08.971+0000] {subprocess.py:93} INFO - [0m07:20:08  Registered adapter: postgres=1.8.2
[2025-04-09T07:20:09.611+0000] {subprocess.py:93} INFO - [0m07:20:09  Found 9 models, 10 sources, 428 macros
[2025-04-09T07:20:09.615+0000] {subprocess.py:93} INFO - [0m07:20:09
[2025-04-09T07:20:09.773+0000] {subprocess.py:93} INFO - [0m07:20:09  Concurrency: 1 threads (target='dev')
[2025-04-09T07:20:09.774+0000] {subprocess.py:93} INFO - [0m07:20:09
[2025-04-09T07:20:09.791+0000] {subprocess.py:93} INFO - [0m07:20:09  1 of 5 START sql table model driven_staging.dim_address ........................ [RUN]
[2025-04-09T07:20:10.331+0000] {subprocess.py:93} INFO - [0m07:20:10  1 of 5 OK created sql table model driven_staging.dim_address ................... [[32mSELECT 170763[0m in 0.54s]
[2025-04-09T07:20:10.334+0000] {subprocess.py:93} INFO - [0m07:20:10  2 of 5 START sql table model driven_staging.dim_date ........................... [RUN]
[2025-04-09T07:20:10.601+0000] {subprocess.py:93} INFO - [0m07:20:10  2 of 5 OK created sql table model driven_staging.dim_date ...................... [[32mSELECT 170763[0m in 0.26s]
[2025-04-09T07:20:10.604+0000] {subprocess.py:93} INFO - [0m07:20:10  3 of 5 START sql table model driven_staging.dim_finance ........................ [RUN]
[2025-04-09T07:20:10.888+0000] {subprocess.py:93} INFO - [0m07:20:10  3 of 5 OK created sql table model driven_staging.dim_finance ................... [[32mSELECT 170763[0m in 0.28s]
[2025-04-09T07:20:10.892+0000] {subprocess.py:93} INFO - [0m07:20:10  4 of 5 START sql table model driven_staging.dim_person ......................... [RUN]
[2025-04-09T07:20:11.329+0000] {subprocess.py:93} INFO - [0m07:20:11  4 of 5 OK created sql table model driven_staging.dim_person .................... [[32mSELECT 170763[0m in 0.43s]
[2025-04-09T07:20:11.333+0000] {subprocess.py:93} INFO - [0m07:20:11  5 of 5 START sql table model driven_staging.fact_network_usage ................. [RUN]
[2025-04-09T07:20:11.632+0000] {subprocess.py:93} INFO - [0m07:20:11  5 of 5 OK created sql table model driven_staging.fact_network_usage ............ [[32mSELECT 170763[0m in 0.30s]
[2025-04-09T07:20:11.653+0000] {subprocess.py:93} INFO - [0m07:20:11
[2025-04-09T07:20:11.654+0000] {subprocess.py:93} INFO - [0m07:20:11  Finished running 5 table models in 0 hours 0 minutes and 2.04 seconds (2.04s).
[2025-04-09T07:20:11.726+0000] {subprocess.py:93} INFO - [0m07:20:11
[2025-04-09T07:20:11.727+0000] {subprocess.py:93} INFO - [0m07:20:11  [32mCompleted successfully[0m
[2025-04-09T07:20:11.728+0000] {subprocess.py:93} INFO - [0m07:20:11
[2025-04-09T07:20:11.729+0000] {subprocess.py:93} INFO - [0m07:20:11  Done. PASS=5 WARN=0 ERROR=0 SKIP=0 TOTAL=5
[2025-04-09T07:20:12.884+0000] {subprocess.py:97} INFO - Command exited with return code 0
[2025-04-09T07:20:12.918+0000] {taskinstance.py:340} INFO - ::group::Post task execution logs
[2025-04-09T07:20:12.919+0000] {taskinstance.py:352} INFO - Marking task as SUCCESS. dag_id=extract_raw_data_pipeline, task_id=run_dbt_staging, run_id=scheduled__2025-04-09T07:19:00+00:00, execution_date=20250409T071900, start_date=20250409T072005, end_date=20250409T072012
[2025-04-09T07:20:12.968+0000] {local_task_job_runner.py:266} INFO - Task exited with return code 0
[2025-04-09T07:20:12.994+0000] {taskinstance.py:3900} INFO - 1 downstream tasks scheduled from follow-on schedule check
[2025-04-09T07:20:12.996+0000] {local_task_job_runner.py:245} INFO - ::endgroup::
