[2025-04-09T07:15:14.046+0000] {local_task_job_runner.py:123} INFO - ::group::Pre task execution logs
[2025-04-09T07:15:14.068+0000] {taskinstance.py:2612} INFO - Dependencies all met for dep_context=non-requeueable deps ti=<TaskInstance: extract_raw_data_pipeline.run_dbt_trusted scheduled__2025-04-09T07:14:00+00:00 [queued]>
[2025-04-09T07:15:14.081+0000] {taskinstance.py:2612} INFO - Dependencies all met for dep_context=requeueable deps ti=<TaskInstance: extract_raw_data_pipeline.run_dbt_trusted scheduled__2025-04-09T07:14:00+00:00 [queued]>
[2025-04-09T07:15:14.082+0000] {taskinstance.py:2865} INFO - Starting attempt 1 of 1
[2025-04-09T07:15:14.107+0000] {taskinstance.py:2888} INFO - Executing <Task(BashOperator): run_dbt_trusted> on 2025-04-09 07:14:00+00:00
[2025-04-09T07:15:14.121+0000] {warnings.py:112} WARNING - /home/***/.local/lib/python3.12/site-packages/***/task/task_runner/standard_task_runner.py:70: DeprecationWarning: This process (pid=1839) is multi-threaded, use of fork() may lead to deadlocks in the child.
  pid = os.fork()

[2025-04-09T07:15:14.123+0000] {standard_task_runner.py:104} INFO - Running: ['***', 'tasks', 'run', 'extract_raw_data_pipeline', 'run_dbt_trusted', 'scheduled__2025-04-09T07:14:00+00:00', '--job-id', '160', '--raw', '--subdir', 'DAGS_FOLDER/driven_data_pipeline.py', '--cfg-path', '/tmp/tmpy9t9o3v0']
[2025-04-09T07:15:14.125+0000] {standard_task_runner.py:72} INFO - Started process 1841 to run task
[2025-04-09T07:15:14.126+0000] {standard_task_runner.py:105} INFO - Job 160: Subtask run_dbt_trusted
[2025-04-09T07:15:14.211+0000] {task_command.py:467} INFO - Running <TaskInstance: extract_raw_data_pipeline.run_dbt_trusted scheduled__2025-04-09T07:14:00+00:00 [running]> on host c829a6b69367
[2025-04-09T07:15:14.340+0000] {taskinstance.py:3131} INFO - Exporting env vars: AIRFLOW_CTX_DAG_OWNER='***' AIRFLOW_CTX_DAG_ID='extract_raw_data_pipeline' AIRFLOW_CTX_TASK_ID='run_dbt_trusted' AIRFLOW_CTX_EXECUTION_DATE='2025-04-09T07:14:00+00:00' AIRFLOW_CTX_TRY_NUMBER='1' AIRFLOW_CTX_DAG_RUN_ID='scheduled__2025-04-09T07:14:00+00:00'
[2025-04-09T07:15:14.342+0000] {taskinstance.py:731} INFO - ::endgroup::
[2025-04-09T07:15:14.372+0000] {subprocess.py:63} INFO - Tmp dir root location: /tmp
[2025-04-09T07:15:14.374+0000] {subprocess.py:75} INFO - Running command: ['/usr/bin/bash', '-c', 'set -x; cd /opt/***/dbt && dbt run --select tag:trusted']
[2025-04-09T07:15:14.393+0000] {subprocess.py:86} INFO - Output:
[2025-04-09T07:15:14.395+0000] {subprocess.py:93} INFO - + cd /opt/***/dbt
[2025-04-09T07:15:14.396+0000] {subprocess.py:93} INFO - + dbt run --select tag:trusted
[2025-04-09T07:15:17.278+0000] {subprocess.py:93} INFO - [0m07:15:17  Running with dbt=1.8.0
[2025-04-09T07:15:17.597+0000] {subprocess.py:93} INFO - [0m07:15:17  Registered adapter: postgres=1.8.2
[2025-04-09T07:15:18.122+0000] {subprocess.py:93} INFO - [0m07:15:18  Found 9 models, 10 sources, 428 macros
[2025-04-09T07:15:18.126+0000] {subprocess.py:93} INFO - [0m07:15:18
[2025-04-09T07:15:18.305+0000] {subprocess.py:93} INFO - [0m07:15:18  Concurrency: 1 threads (target='dev')
[2025-04-09T07:15:18.306+0000] {subprocess.py:93} INFO - [0m07:15:18
[2025-04-09T07:15:18.321+0000] {subprocess.py:93} INFO - [0m07:15:18  1 of 4 START sql table model driven_trusted.non_pii_data ....................... [RUN]
[2025-04-09T07:15:20.129+0000] {subprocess.py:93} INFO - [0m07:15:20  1 of 4 OK created sql table model driven_trusted.non_pii_data .................. [[32mSELECT 79201[0m in 1.80s]
[2025-04-09T07:15:20.131+0000] {subprocess.py:93} INFO - [0m07:15:20  2 of 4 START sql table model driven_trusted.payment_data ....................... [RUN]
[2025-04-09T07:15:20.646+0000] {subprocess.py:93} INFO - [0m07:15:20  2 of 4 OK created sql table model driven_trusted.payment_data .................. [[32mSELECT 79201[0m in 0.51s]
[2025-04-09T07:15:20.649+0000] {subprocess.py:93} INFO - [0m07:15:20  3 of 4 START sql table model driven_trusted.pii_data ........................... [RUN]
[2025-04-09T07:15:22.358+0000] {subprocess.py:93} INFO - [0m07:15:22  3 of 4 OK created sql table model driven_trusted.pii_data ...................... [[32mSELECT 79201[0m in 1.71s]
[2025-04-09T07:15:22.361+0000] {subprocess.py:93} INFO - [0m07:15:22  4 of 4 START sql table model driven_trusted.technical_data ..................... [RUN]
[2025-04-09T07:15:22.945+0000] {subprocess.py:93} INFO - [0m07:15:22  4 of 4 OK created sql table model driven_trusted.technical_data ................ [[32mSELECT 79201[0m in 0.58s]
[2025-04-09T07:15:22.966+0000] {subprocess.py:93} INFO - [0m07:15:22
[2025-04-09T07:15:22.967+0000] {subprocess.py:93} INFO - [0m07:15:22  Finished running 4 table models in 0 hours 0 minutes and 4.84 seconds (4.84s).
[2025-04-09T07:15:23.030+0000] {subprocess.py:93} INFO - [0m07:15:23
[2025-04-09T07:15:23.030+0000] {subprocess.py:93} INFO - [0m07:15:23  [32mCompleted successfully[0m
[2025-04-09T07:15:23.031+0000] {subprocess.py:93} INFO - [0m07:15:23
[2025-04-09T07:15:23.032+0000] {subprocess.py:93} INFO - [0m07:15:23  Done. PASS=4 WARN=0 ERROR=0 SKIP=0 TOTAL=4
[2025-04-09T07:15:24.141+0000] {subprocess.py:97} INFO - Command exited with return code 0
[2025-04-09T07:15:24.171+0000] {taskinstance.py:340} INFO - ::group::Post task execution logs
[2025-04-09T07:15:24.172+0000] {taskinstance.py:352} INFO - Marking task as SUCCESS. dag_id=extract_raw_data_pipeline, task_id=run_dbt_trusted, run_id=scheduled__2025-04-09T07:14:00+00:00, execution_date=20250409T071400, start_date=20250409T071514, end_date=20250409T071524
[2025-04-09T07:15:24.198+0000] {local_task_job_runner.py:266} INFO - Task exited with return code 0
[2025-04-09T07:15:24.215+0000] {taskinstance.py:3900} INFO - 0 downstream tasks scheduled from follow-on schedule check
[2025-04-09T07:15:24.218+0000] {local_task_job_runner.py:245} INFO - ::endgroup::
