[2025-04-10T07:35:07.860+0000] {local_task_job_runner.py:123} INFO - ::group::Pre task execution logs
[2025-04-10T07:35:07.878+0000] {taskinstance.py:2612} INFO - Dependencies all met for dep_context=non-requeueable deps ti=<TaskInstance: extract_raw_data_pipeline.run_dbt_staging scheduled__2025-04-10T07:34:00+00:00 [queued]>
[2025-04-10T07:35:07.891+0000] {taskinstance.py:2612} INFO - Dependencies all met for dep_context=requeueable deps ti=<TaskInstance: extract_raw_data_pipeline.run_dbt_staging scheduled__2025-04-10T07:34:00+00:00 [queued]>
[2025-04-10T07:35:07.892+0000] {taskinstance.py:2865} INFO - Starting attempt 1 of 1
[2025-04-10T07:35:07.912+0000] {taskinstance.py:2888} INFO - Executing <Task(BashOperator): run_dbt_staging> on 2025-04-10 07:34:00+00:00
[2025-04-10T07:35:07.921+0000] {warnings.py:112} WARNING - /home/***/.local/lib/python3.12/site-packages/***/task/task_runner/standard_task_runner.py:70: DeprecationWarning: This process (pid=4295) is multi-threaded, use of fork() may lead to deadlocks in the child.
  pid = os.fork()

[2025-04-10T07:35:07.923+0000] {standard_task_runner.py:72} INFO - Started process 4297 to run task
[2025-04-10T07:35:07.923+0000] {standard_task_runner.py:104} INFO - Running: ['***', 'tasks', 'run', 'extract_raw_data_pipeline', 'run_dbt_staging', 'scheduled__2025-04-10T07:34:00+00:00', '--job-id', '644', '--raw', '--subdir', 'DAGS_FOLDER/driven_data_pipeline.py', '--cfg-path', '/tmp/tmpnoho2k2i']
[2025-04-10T07:35:07.925+0000] {standard_task_runner.py:105} INFO - Job 644: Subtask run_dbt_staging
[2025-04-10T07:35:07.986+0000] {task_command.py:467} INFO - Running <TaskInstance: extract_raw_data_pipeline.run_dbt_staging scheduled__2025-04-10T07:34:00+00:00 [running]> on host c829a6b69367
[2025-04-10T07:35:08.122+0000] {taskinstance.py:3131} INFO - Exporting env vars: AIRFLOW_CTX_DAG_OWNER='***' AIRFLOW_CTX_DAG_ID='extract_raw_data_pipeline' AIRFLOW_CTX_TASK_ID='run_dbt_staging' AIRFLOW_CTX_EXECUTION_DATE='2025-04-10T07:34:00+00:00' AIRFLOW_CTX_TRY_NUMBER='1' AIRFLOW_CTX_DAG_RUN_ID='scheduled__2025-04-10T07:34:00+00:00'
[2025-04-10T07:35:08.124+0000] {taskinstance.py:731} INFO - ::endgroup::
[2025-04-10T07:35:08.145+0000] {subprocess.py:63} INFO - Tmp dir root location: /tmp
[2025-04-10T07:35:08.147+0000] {subprocess.py:75} INFO - Running command: ['/usr/bin/bash', '-c', 'set -x; cd /opt/***/dbt && dbt run --select tag:staging']
[2025-04-10T07:35:08.165+0000] {subprocess.py:86} INFO - Output:
[2025-04-10T07:35:08.167+0000] {subprocess.py:93} INFO - + cd /opt/***/dbt
[2025-04-10T07:35:08.168+0000] {subprocess.py:93} INFO - + dbt run --select tag:staging
[2025-04-10T07:35:10.817+0000] {subprocess.py:93} INFO - [0m07:35:10  Running with dbt=1.8.0
[2025-04-10T07:35:11.228+0000] {subprocess.py:93} INFO - [0m07:35:11  Registered adapter: postgres=1.8.2
[2025-04-10T07:35:11.884+0000] {subprocess.py:93} INFO - [0m07:35:11  Found 9 models, 10 sources, 428 macros
[2025-04-10T07:35:11.888+0000] {subprocess.py:93} INFO - [0m07:35:11
[2025-04-10T07:35:12.038+0000] {subprocess.py:93} INFO - [0m07:35:12  Concurrency: 1 threads (target='dev')
[2025-04-10T07:35:12.039+0000] {subprocess.py:93} INFO - [0m07:35:12
[2025-04-10T07:35:12.052+0000] {subprocess.py:93} INFO - [0m07:35:12  1 of 5 START sql table model driven_staging.dim_address ........................ [RUN]
[2025-04-10T07:35:36.803+0000] {subprocess.py:93} INFO - [0m07:35:36  1 of 5 OK created sql table model driven_staging.dim_address ................... [[32mSELECT 1454578[0m in 24.75s]
[2025-04-10T07:35:36.810+0000] {subprocess.py:93} INFO - [0m07:35:36  2 of 5 START sql table model driven_staging.dim_date ........................... [RUN]
[2025-04-10T07:36:09.578+0000] {subprocess.py:93} INFO - [0m07:36:09  2 of 5 OK created sql table model driven_staging.dim_date ...................... [[32mSELECT 1454578[0m in 32.76s]
[2025-04-10T07:36:09.585+0000] {subprocess.py:93} INFO - [0m07:36:09  3 of 5 START sql table model driven_staging.dim_finance ........................ [RUN]
[2025-04-10T07:36:26.763+0000] {subprocess.py:93} INFO - [0m07:36:26  3 of 5 OK created sql table model driven_staging.dim_finance ................... [[32mSELECT 1489545[0m in 17.17s]
[2025-04-10T07:36:26.769+0000] {subprocess.py:93} INFO - [0m07:36:26  4 of 5 START sql table model driven_staging.dim_person ......................... [RUN]
[2025-04-10T07:36:33.503+0000] {subprocess.py:93} INFO - [0m07:36:33  4 of 5 OK created sql table model driven_staging.dim_person .................... [[32mSELECT 1489545[0m in 6.73s]
[2025-04-10T07:36:33.507+0000] {subprocess.py:93} INFO - [0m07:36:33  5 of 5 START sql table model driven_staging.fact_network_usage ................. [RUN]
[2025-04-10T07:37:10.737+0000] {subprocess.py:93} INFO - [0m07:37:10  5 of 5 OK created sql table model driven_staging.fact_network_usage ............ [[32mSELECT 1489545[0m in 37.23s]
[2025-04-10T07:37:10.762+0000] {subprocess.py:93} INFO - [0m07:37:10
[2025-04-10T07:37:10.764+0000] {subprocess.py:93} INFO - [0m07:37:10  Finished running 5 table models in 0 hours 1 minutes and 58.87 seconds (118.87s).
[2025-04-10T07:37:10.857+0000] {subprocess.py:93} INFO - [0m07:37:10
[2025-04-10T07:37:10.859+0000] {subprocess.py:93} INFO - [0m07:37:10  [32mCompleted successfully[0m
[2025-04-10T07:37:10.860+0000] {subprocess.py:93} INFO - [0m07:37:10
[2025-04-10T07:37:10.862+0000] {subprocess.py:93} INFO - [0m07:37:10  Done. PASS=5 WARN=0 ERROR=0 SKIP=0 TOTAL=5
[2025-04-10T07:37:12.498+0000] {subprocess.py:97} INFO - Command exited with return code 0
[2025-04-10T07:37:12.575+0000] {taskinstance.py:340} INFO - ::group::Post task execution logs
[2025-04-10T07:37:12.577+0000] {taskinstance.py:352} INFO - Marking task as SUCCESS. dag_id=extract_raw_data_pipeline, task_id=run_dbt_staging, run_id=scheduled__2025-04-10T07:34:00+00:00, execution_date=20250410T073400, start_date=20250410T073507, end_date=20250410T073712
[2025-04-10T07:37:12.657+0000] {local_task_job_runner.py:266} INFO - Task exited with return code 0
[2025-04-10T07:37:12.705+0000] {taskinstance.py:3900} INFO - 1 downstream tasks scheduled from follow-on schedule check
[2025-04-10T07:37:12.737+0000] {local_task_job_runner.py:245} INFO - ::endgroup::
