[2025-04-10T07:16:16.174+0000] {local_task_job_runner.py:123} INFO - ::group::Pre task execution logs
[2025-04-10T07:16:16.228+0000] {taskinstance.py:2612} INFO - Dependencies all met for dep_context=non-requeueable deps ti=<TaskInstance: extract_raw_data_pipeline.run_dbt_staging scheduled__2025-04-10T07:15:00+00:00 [queued]>
[2025-04-10T07:16:16.266+0000] {taskinstance.py:2612} INFO - Dependencies all met for dep_context=requeueable deps ti=<TaskInstance: extract_raw_data_pipeline.run_dbt_staging scheduled__2025-04-10T07:15:00+00:00 [queued]>
[2025-04-10T07:16:16.267+0000] {taskinstance.py:2865} INFO - Starting attempt 1 of 1
[2025-04-10T07:16:16.313+0000] {taskinstance.py:2888} INFO - Executing <Task(BashOperator): run_dbt_staging> on 2025-04-10 07:15:00+00:00
[2025-04-10T07:16:16.334+0000] {warnings.py:112} WARNING - /home/***/.local/lib/python3.12/site-packages/***/task/task_runner/standard_task_runner.py:70: DeprecationWarning: This process (pid=3161) is multi-threaded, use of fork() may lead to deadlocks in the child.
  pid = os.fork()

[2025-04-10T07:16:16.338+0000] {standard_task_runner.py:72} INFO - Started process 3163 to run task
[2025-04-10T07:16:16.340+0000] {standard_task_runner.py:104} INFO - Running: ['***', 'tasks', 'run', 'extract_raw_data_pipeline', 'run_dbt_staging', 'scheduled__2025-04-10T07:15:00+00:00', '--job-id', '530', '--raw', '--subdir', 'DAGS_FOLDER/driven_data_pipeline.py', '--cfg-path', '/tmp/tmpw3atxki9']
[2025-04-10T07:16:16.348+0000] {standard_task_runner.py:105} INFO - Job 530: Subtask run_dbt_staging
[2025-04-10T07:16:16.476+0000] {task_command.py:467} INFO - Running <TaskInstance: extract_raw_data_pipeline.run_dbt_staging scheduled__2025-04-10T07:15:00+00:00 [running]> on host c829a6b69367
[2025-04-10T07:16:16.696+0000] {taskinstance.py:3131} INFO - Exporting env vars: AIRFLOW_CTX_DAG_OWNER='***' AIRFLOW_CTX_DAG_ID='extract_raw_data_pipeline' AIRFLOW_CTX_TASK_ID='run_dbt_staging' AIRFLOW_CTX_EXECUTION_DATE='2025-04-10T07:15:00+00:00' AIRFLOW_CTX_TRY_NUMBER='1' AIRFLOW_CTX_DAG_RUN_ID='scheduled__2025-04-10T07:15:00+00:00'
[2025-04-10T07:16:16.701+0000] {taskinstance.py:731} INFO - ::endgroup::
[2025-04-10T07:16:16.759+0000] {subprocess.py:63} INFO - Tmp dir root location: /tmp
[2025-04-10T07:16:16.762+0000] {subprocess.py:75} INFO - Running command: ['/usr/bin/bash', '-c', 'set -x; cd /opt/***/dbt && dbt run --select tag:staging']
[2025-04-10T07:16:16.804+0000] {subprocess.py:86} INFO - Output:
[2025-04-10T07:16:16.809+0000] {subprocess.py:93} INFO - + cd /opt/***/dbt
[2025-04-10T07:16:16.810+0000] {subprocess.py:93} INFO - + dbt run --select tag:staging
[2025-04-10T07:16:22.553+0000] {subprocess.py:93} INFO - [0m07:16:22  Running with dbt=1.8.0
[2025-04-10T07:16:23.442+0000] {subprocess.py:93} INFO - [0m07:16:23  Registered adapter: postgres=1.8.2
[2025-04-10T07:16:24.697+0000] {subprocess.py:93} INFO - [0m07:16:24  Found 9 models, 10 sources, 428 macros
[2025-04-10T07:16:24.709+0000] {subprocess.py:93} INFO - [0m07:16:24
[2025-04-10T07:16:25.176+0000] {subprocess.py:93} INFO - [0m07:16:25  Concurrency: 1 threads (target='dev')
[2025-04-10T07:16:25.181+0000] {subprocess.py:93} INFO - [0m07:16:25
[2025-04-10T07:16:25.249+0000] {subprocess.py:93} INFO - [0m07:16:25  1 of 5 START sql table model driven_staging.dim_address ........................ [RUN]
[2025-04-10T07:17:00.967+0000] {subprocess.py:93} INFO - [0m07:17:00  1 of 5 OK created sql table model driven_staging.dim_address ................... [[32mSELECT 879871[0m in 35.70s]
[2025-04-10T07:17:00.978+0000] {subprocess.py:93} INFO - [0m07:17:00  2 of 5 START sql table model driven_staging.dim_date ........................... [RUN]
[2025-04-10T07:17:35.381+0000] {subprocess.py:93} INFO - [0m07:17:35  2 of 5 OK created sql table model driven_staging.dim_date ...................... [[32mSELECT 879871[0m in 34.40s]
[2025-04-10T07:17:35.386+0000] {subprocess.py:93} INFO - [0m07:17:35  3 of 5 START sql table model driven_staging.dim_finance ........................ [RUN]
[2025-04-10T07:18:11.882+0000] {subprocess.py:93} INFO - [0m07:18:11  3 of 5 OK created sql table model driven_staging.dim_finance ................... [[32mSELECT 905132[0m in 36.49s]
[2025-04-10T07:18:11.898+0000] {subprocess.py:93} INFO - [0m07:18:11  4 of 5 START sql table model driven_staging.dim_person ......................... [RUN]
[2025-04-10T07:18:19.659+0000] {subprocess.py:93} INFO - [0m07:18:19  4 of 5 OK created sql table model driven_staging.dim_person .................... [[32mSELECT 905132[0m in 7.75s]
[2025-04-10T07:18:19.670+0000] {subprocess.py:93} INFO - [0m07:18:19  5 of 5 START sql table model driven_staging.fact_network_usage ................. [RUN]
[2025-04-10T07:18:23.667+0000] {subprocess.py:93} INFO - [0m07:18:23  5 of 5 OK created sql table model driven_staging.fact_network_usage ............ [[32mSELECT 931245[0m in 3.99s]
[2025-04-10T07:18:23.711+0000] {subprocess.py:93} INFO - [0m07:18:23
[2025-04-10T07:18:23.712+0000] {subprocess.py:93} INFO - [0m07:18:23  Finished running 5 table models in 0 hours 1 minutes and 59.00 seconds (119.00s).
[2025-04-10T07:18:23.867+0000] {subprocess.py:93} INFO - [0m07:18:23
[2025-04-10T07:18:23.871+0000] {subprocess.py:93} INFO - [0m07:18:23  [32mCompleted successfully[0m
[2025-04-10T07:18:23.874+0000] {subprocess.py:93} INFO - [0m07:18:23
[2025-04-10T07:18:23.878+0000] {subprocess.py:93} INFO - [0m07:18:23  Done. PASS=5 WARN=0 ERROR=0 SKIP=0 TOTAL=5
[2025-04-10T07:18:25.584+0000] {subprocess.py:97} INFO - Command exited with return code 0
[2025-04-10T07:18:25.669+0000] {taskinstance.py:340} INFO - ::group::Post task execution logs
[2025-04-10T07:18:25.673+0000] {taskinstance.py:352} INFO - Marking task as SUCCESS. dag_id=extract_raw_data_pipeline, task_id=run_dbt_staging, run_id=scheduled__2025-04-10T07:15:00+00:00, execution_date=20250410T071500, start_date=20250410T071616, end_date=20250410T071825
[2025-04-10T07:18:25.852+0000] {local_task_job_runner.py:266} INFO - Task exited with return code 0
[2025-04-10T07:18:25.885+0000] {taskinstance.py:3900} INFO - 1 downstream tasks scheduled from follow-on schedule check
[2025-04-10T07:18:25.894+0000] {local_task_job_runner.py:245} INFO - ::endgroup::
