[2025-04-10T07:14:11.092+0000] {local_task_job_runner.py:123} INFO - ::group::Pre task execution logs
[2025-04-10T07:14:11.128+0000] {taskinstance.py:2612} INFO - Dependencies all met for dep_context=non-requeueable deps ti=<TaskInstance: extract_raw_data_pipeline.run_dbt_staging scheduled__2025-04-10T07:13:00+00:00 [queued]>
[2025-04-10T07:14:11.156+0000] {taskinstance.py:2612} INFO - Dependencies all met for dep_context=requeueable deps ti=<TaskInstance: extract_raw_data_pipeline.run_dbt_staging scheduled__2025-04-10T07:13:00+00:00 [queued]>
[2025-04-10T07:14:11.157+0000] {taskinstance.py:2865} INFO - Starting attempt 1 of 1
[2025-04-10T07:14:11.189+0000] {taskinstance.py:2888} INFO - Executing <Task(BashOperator): run_dbt_staging> on 2025-04-10 07:13:00+00:00
[2025-04-10T07:14:11.210+0000] {warnings.py:112} WARNING - /home/***/.local/lib/python3.12/site-packages/***/task/task_runner/standard_task_runner.py:70: DeprecationWarning: This process (pid=3055) is multi-threaded, use of fork() may lead to deadlocks in the child.
  pid = os.fork()

[2025-04-10T07:14:11.214+0000] {standard_task_runner.py:72} INFO - Started process 3057 to run task
[2025-04-10T07:14:11.214+0000] {standard_task_runner.py:104} INFO - Running: ['***', 'tasks', 'run', 'extract_raw_data_pipeline', 'run_dbt_staging', 'scheduled__2025-04-10T07:13:00+00:00', '--job-id', '519', '--raw', '--subdir', 'DAGS_FOLDER/driven_data_pipeline.py', '--cfg-path', '/tmp/tmpx8qdh16k']
[2025-04-10T07:14:11.217+0000] {standard_task_runner.py:105} INFO - Job 519: Subtask run_dbt_staging
[2025-04-10T07:14:11.352+0000] {task_command.py:467} INFO - Running <TaskInstance: extract_raw_data_pipeline.run_dbt_staging scheduled__2025-04-10T07:13:00+00:00 [running]> on host c829a6b69367
[2025-04-10T07:14:11.545+0000] {taskinstance.py:3131} INFO - Exporting env vars: AIRFLOW_CTX_DAG_OWNER='***' AIRFLOW_CTX_DAG_ID='extract_raw_data_pipeline' AIRFLOW_CTX_TASK_ID='run_dbt_staging' AIRFLOW_CTX_EXECUTION_DATE='2025-04-10T07:13:00+00:00' AIRFLOW_CTX_TRY_NUMBER='1' AIRFLOW_CTX_DAG_RUN_ID='scheduled__2025-04-10T07:13:00+00:00'
[2025-04-10T07:14:11.548+0000] {taskinstance.py:731} INFO - ::endgroup::
[2025-04-10T07:14:11.584+0000] {subprocess.py:63} INFO - Tmp dir root location: /tmp
[2025-04-10T07:14:11.586+0000] {subprocess.py:75} INFO - Running command: ['/usr/bin/bash', '-c', 'set -x; cd /opt/***/dbt && dbt run --select tag:staging']
[2025-04-10T07:14:11.611+0000] {subprocess.py:86} INFO - Output:
[2025-04-10T07:14:11.613+0000] {subprocess.py:93} INFO - + cd /opt/***/dbt
[2025-04-10T07:14:11.614+0000] {subprocess.py:93} INFO - + dbt run --select tag:staging
[2025-04-10T07:14:16.875+0000] {subprocess.py:93} INFO - [0m07:14:16  Running with dbt=1.8.0
[2025-04-10T07:14:17.637+0000] {subprocess.py:93} INFO - [0m07:14:17  Registered adapter: postgres=1.8.2
[2025-04-10T07:14:18.891+0000] {subprocess.py:93} INFO - [0m07:14:18  Found 9 models, 10 sources, 428 macros
[2025-04-10T07:14:18.899+0000] {subprocess.py:93} INFO - [0m07:14:18
[2025-04-10T07:14:19.181+0000] {subprocess.py:93} INFO - [0m07:14:19  Concurrency: 1 threads (target='dev')
[2025-04-10T07:14:19.184+0000] {subprocess.py:93} INFO - [0m07:14:19
[2025-04-10T07:14:19.200+0000] {subprocess.py:93} INFO - [0m07:14:19  1 of 5 START sql table model driven_staging.dim_address ........................ [RUN]
[2025-04-10T07:14:55.060+0000] {subprocess.py:93} INFO - [0m07:14:55  1 of 5 OK created sql table model driven_staging.dim_address ................... [[32mSELECT 831796[0m in 35.85s]
[2025-04-10T07:14:55.066+0000] {subprocess.py:93} INFO - [0m07:14:55  2 of 5 START sql table model driven_staging.dim_date ........................... [RUN]
[2025-04-10T07:15:04.845+0000] {subprocess.py:93} INFO - [0m07:15:04  2 of 5 OK created sql table model driven_staging.dim_date ...................... [[32mSELECT 831796[0m in 9.77s]
[2025-04-10T07:15:04.860+0000] {subprocess.py:93} INFO - [0m07:15:04  3 of 5 START sql table model driven_staging.dim_finance ........................ [RUN]
[2025-04-10T07:15:17.504+0000] {subprocess.py:93} INFO - [0m07:15:17  3 of 5 OK created sql table model driven_staging.dim_finance ................... [[32mSELECT 831796[0m in 12.63s]
[2025-04-10T07:15:17.515+0000] {subprocess.py:93} INFO - [0m07:15:17  4 of 5 START sql table model driven_staging.dim_person ......................... [RUN]
[2025-04-10T07:15:21.850+0000] {subprocess.py:93} INFO - [0m07:15:21  4 of 5 OK created sql table model driven_staging.dim_person .................... [[32mSELECT 831796[0m in 4.33s]
[2025-04-10T07:15:21.860+0000] {subprocess.py:93} INFO - [0m07:15:21  5 of 5 START sql table model driven_staging.fact_network_usage ................. [RUN]
[2025-04-10T07:15:24.048+0000] {subprocess.py:93} INFO - [0m07:15:24  5 of 5 OK created sql table model driven_staging.fact_network_usage ............ [[32mSELECT 855443[0m in 2.18s]
[2025-04-10T07:15:24.111+0000] {subprocess.py:93} INFO - [0m07:15:24
[2025-04-10T07:15:24.114+0000] {subprocess.py:93} INFO - [0m07:15:24  Finished running 5 table models in 0 hours 1 minutes and 5.21 seconds (65.21s).
[2025-04-10T07:15:24.291+0000] {subprocess.py:93} INFO - [0m07:15:24
[2025-04-10T07:15:24.293+0000] {subprocess.py:93} INFO - [0m07:15:24  [32mCompleted successfully[0m
[2025-04-10T07:15:24.298+0000] {subprocess.py:93} INFO - [0m07:15:24
[2025-04-10T07:15:24.302+0000] {subprocess.py:93} INFO - [0m07:15:24  Done. PASS=5 WARN=0 ERROR=0 SKIP=0 TOTAL=5
[2025-04-10T07:15:26.067+0000] {subprocess.py:97} INFO - Command exited with return code 0
[2025-04-10T07:15:26.159+0000] {taskinstance.py:340} INFO - ::group::Post task execution logs
[2025-04-10T07:15:26.162+0000] {taskinstance.py:352} INFO - Marking task as SUCCESS. dag_id=extract_raw_data_pipeline, task_id=run_dbt_staging, run_id=scheduled__2025-04-10T07:13:00+00:00, execution_date=20250410T071300, start_date=20250410T071411, end_date=20250410T071526
[2025-04-10T07:15:26.259+0000] {local_task_job_runner.py:266} INFO - Task exited with return code 0
[2025-04-10T07:15:26.320+0000] {taskinstance.py:3900} INFO - 1 downstream tasks scheduled from follow-on schedule check
[2025-04-10T07:15:26.326+0000] {local_task_job_runner.py:245} INFO - ::endgroup::
