[2025-04-10T08:12:32.074+0000] {local_task_job_runner.py:123} INFO - ::group::Pre task execution logs
[2025-04-10T08:12:32.151+0000] {taskinstance.py:2612} INFO - Dependencies all met for dep_context=non-requeueable deps ti=<TaskInstance: extract_raw_data_pipeline.run_dbt_trusted scheduled__2025-04-10T07:58:00+00:00 [queued]>
[2025-04-10T08:12:32.203+0000] {taskinstance.py:2612} INFO - Dependencies all met for dep_context=requeueable deps ti=<TaskInstance: extract_raw_data_pipeline.run_dbt_trusted scheduled__2025-04-10T07:58:00+00:00 [queued]>
[2025-04-10T08:12:32.205+0000] {taskinstance.py:2865} INFO - Starting attempt 1 of 1
[2025-04-10T08:12:32.457+0000] {taskinstance.py:2888} INFO - Executing <Task(BashOperator): run_dbt_trusted> on 2025-04-10 07:58:00+00:00
[2025-04-10T08:12:32.494+0000] {warnings.py:112} WARNING - /home/***/.local/lib/python3.12/site-packages/***/task/task_runner/standard_task_runner.py:70: DeprecationWarning: This process (pid=5813) is multi-threaded, use of fork() may lead to deadlocks in the child.
  pid = os.fork()

[2025-04-10T08:12:32.498+0000] {standard_task_runner.py:72} INFO - Started process 5815 to run task
[2025-04-10T08:12:32.492+0000] {standard_task_runner.py:104} INFO - Running: ['***', 'tasks', 'run', 'extract_raw_data_pipeline', 'run_dbt_trusted', 'scheduled__2025-04-10T07:58:00+00:00', '--job-id', '790', '--raw', '--subdir', 'DAGS_FOLDER/driven_data_pipeline.py', '--cfg-path', '/tmp/tmp94_yibha']
[2025-04-10T08:12:32.507+0000] {standard_task_runner.py:105} INFO - Job 790: Subtask run_dbt_trusted
[2025-04-10T08:12:32.690+0000] {task_command.py:467} INFO - Running <TaskInstance: extract_raw_data_pipeline.run_dbt_trusted scheduled__2025-04-10T07:58:00+00:00 [running]> on host c829a6b69367
[2025-04-10T08:12:33.115+0000] {taskinstance.py:3131} INFO - Exporting env vars: AIRFLOW_CTX_DAG_OWNER='***' AIRFLOW_CTX_DAG_ID='extract_raw_data_pipeline' AIRFLOW_CTX_TASK_ID='run_dbt_trusted' AIRFLOW_CTX_EXECUTION_DATE='2025-04-10T07:58:00+00:00' AIRFLOW_CTX_TRY_NUMBER='1' AIRFLOW_CTX_DAG_RUN_ID='scheduled__2025-04-10T07:58:00+00:00'
[2025-04-10T08:12:33.127+0000] {taskinstance.py:731} INFO - ::endgroup::
[2025-04-10T08:12:33.208+0000] {subprocess.py:63} INFO - Tmp dir root location: /tmp
[2025-04-10T08:12:33.233+0000] {subprocess.py:75} INFO - Running command: ['/usr/bin/bash', '-c', 'set -x; cd /opt/***/dbt && dbt run --select tag:trusted']
[2025-04-10T08:12:33.313+0000] {subprocess.py:86} INFO - Output:
[2025-04-10T08:12:33.316+0000] {subprocess.py:93} INFO - + cd /opt/***/dbt
[2025-04-10T08:12:33.317+0000] {subprocess.py:93} INFO - + dbt run --select tag:trusted
[2025-04-10T08:12:38.580+0000] {subprocess.py:93} INFO - [0m08:12:38  Running with dbt=1.8.0
[2025-04-10T08:12:39.413+0000] {subprocess.py:93} INFO - [0m08:12:39  Registered adapter: postgres=1.8.2
[2025-04-10T08:12:41.542+0000] {subprocess.py:93} INFO - [0m08:12:41  Found 9 models, 10 sources, 428 macros
[2025-04-10T08:12:41.575+0000] {subprocess.py:93} INFO - [0m08:12:41
[2025-04-10T08:12:42.464+0000] {subprocess.py:93} INFO - [0m08:12:42  Concurrency: 1 threads (target='dev')
[2025-04-10T08:12:42.480+0000] {subprocess.py:93} INFO - [0m08:12:42
[2025-04-10T08:12:42.564+0000] {subprocess.py:93} INFO - [0m08:12:42  1 of 4 START sql table model driven_trusted.non_pii_data ....................... [RUN]
[2025-04-10T08:13:32.963+0000] {subprocess.py:93} INFO - [0m08:13:32  1 of 4 OK created sql table model driven_trusted.non_pii_data .................. [[32mSELECT 2447509[0m in 50.39s]
[2025-04-10T08:13:32.970+0000] {subprocess.py:93} INFO - [0m08:13:32  2 of 4 START sql table model driven_trusted.payment_data ....................... [RUN]
[2025-04-10T08:13:42.509+0000] {subprocess.py:93} INFO - [0m08:13:42  2 of 4 OK created sql table model driven_trusted.payment_data .................. [[32mSELECT 2447509[0m in 9.54s]
[2025-04-10T08:13:42.513+0000] {subprocess.py:93} INFO - [0m08:13:42  3 of 4 START sql table model driven_trusted.pii_data ........................... [RUN]
[2025-04-10T08:13:58.831+0000] {subprocess.py:93} INFO - [0m08:13:58  3 of 4 OK created sql table model driven_trusted.pii_data ...................... [[32mSELECT 2447509[0m in 16.31s]
[2025-04-10T08:13:58.836+0000] {subprocess.py:93} INFO - [0m08:13:58  4 of 4 START sql table model driven_trusted.technical_data ..................... [RUN]
[2025-04-10T08:14:08.447+0000] {subprocess.py:93} INFO - [0m08:14:08  4 of 4 OK created sql table model driven_trusted.technical_data ................ [[32mSELECT 2447509[0m in 9.61s]
[2025-04-10T08:14:08.469+0000] {subprocess.py:93} INFO - [0m08:14:08
[2025-04-10T08:14:08.470+0000] {subprocess.py:93} INFO - [0m08:14:08  Finished running 4 table models in 0 hours 1 minutes and 26.89 seconds (86.89s).
[2025-04-10T08:14:08.549+0000] {subprocess.py:93} INFO - [0m08:14:08
[2025-04-10T08:14:08.550+0000] {subprocess.py:93} INFO - [0m08:14:08  [32mCompleted successfully[0m
[2025-04-10T08:14:08.551+0000] {subprocess.py:93} INFO - [0m08:14:08
[2025-04-10T08:14:08.552+0000] {subprocess.py:93} INFO - [0m08:14:08  Done. PASS=4 WARN=0 ERROR=0 SKIP=0 TOTAL=4
[2025-04-10T08:14:10.368+0000] {subprocess.py:97} INFO - Command exited with return code 0
[2025-04-10T08:14:10.403+0000] {taskinstance.py:340} INFO - ::group::Post task execution logs
[2025-04-10T08:14:10.404+0000] {taskinstance.py:352} INFO - Marking task as SUCCESS. dag_id=extract_raw_data_pipeline, task_id=run_dbt_trusted, run_id=scheduled__2025-04-10T07:58:00+00:00, execution_date=20250410T075800, start_date=20250410T081232, end_date=20250410T081410
[2025-04-10T08:14:10.457+0000] {local_task_job_runner.py:266} INFO - Task exited with return code 0
[2025-04-10T08:14:10.479+0000] {taskinstance.py:3900} INFO - 0 downstream tasks scheduled from follow-on schedule check
[2025-04-10T08:14:10.482+0000] {local_task_job_runner.py:245} INFO - ::endgroup::
