[2025-04-10T07:34:35.602+0000] {local_task_job_runner.py:123} INFO - ::group::Pre task execution logs
[2025-04-10T07:34:35.624+0000] {taskinstance.py:2612} INFO - Dependencies all met for dep_context=non-requeueable deps ti=<TaskInstance: extract_raw_data_pipeline.run_dbt_trusted scheduled__2025-04-10T07:32:00+00:00 [queued]>
[2025-04-10T07:34:35.634+0000] {taskinstance.py:2612} INFO - Dependencies all met for dep_context=requeueable deps ti=<TaskInstance: extract_raw_data_pipeline.run_dbt_trusted scheduled__2025-04-10T07:32:00+00:00 [queued]>
[2025-04-10T07:34:35.635+0000] {taskinstance.py:2865} INFO - Starting attempt 1 of 1
[2025-04-10T07:34:35.654+0000] {taskinstance.py:2888} INFO - Executing <Task(BashOperator): run_dbt_trusted> on 2025-04-10 07:32:00+00:00
[2025-04-10T07:34:35.663+0000] {warnings.py:112} WARNING - /home/***/.local/lib/python3.12/site-packages/***/task/task_runner/standard_task_runner.py:70: DeprecationWarning: This process (pid=4250) is multi-threaded, use of fork() may lead to deadlocks in the child.
  pid = os.fork()

[2025-04-10T07:34:35.666+0000] {standard_task_runner.py:72} INFO - Started process 4252 to run task
[2025-04-10T07:34:35.666+0000] {standard_task_runner.py:104} INFO - Running: ['***', 'tasks', 'run', 'extract_raw_data_pipeline', 'run_dbt_trusted', 'scheduled__2025-04-10T07:32:00+00:00', '--job-id', '639', '--raw', '--subdir', 'DAGS_FOLDER/driven_data_pipeline.py', '--cfg-path', '/tmp/tmpbucyc_9l']
[2025-04-10T07:34:35.668+0000] {standard_task_runner.py:105} INFO - Job 639: Subtask run_dbt_trusted
[2025-04-10T07:34:35.730+0000] {task_command.py:467} INFO - Running <TaskInstance: extract_raw_data_pipeline.run_dbt_trusted scheduled__2025-04-10T07:32:00+00:00 [running]> on host c829a6b69367
[2025-04-10T07:34:35.841+0000] {taskinstance.py:3131} INFO - Exporting env vars: AIRFLOW_CTX_DAG_OWNER='***' AIRFLOW_CTX_DAG_ID='extract_raw_data_pipeline' AIRFLOW_CTX_TASK_ID='run_dbt_trusted' AIRFLOW_CTX_EXECUTION_DATE='2025-04-10T07:32:00+00:00' AIRFLOW_CTX_TRY_NUMBER='1' AIRFLOW_CTX_DAG_RUN_ID='scheduled__2025-04-10T07:32:00+00:00'
[2025-04-10T07:34:35.843+0000] {taskinstance.py:731} INFO - ::endgroup::
[2025-04-10T07:34:35.868+0000] {subprocess.py:63} INFO - Tmp dir root location: /tmp
[2025-04-10T07:34:35.871+0000] {subprocess.py:75} INFO - Running command: ['/usr/bin/bash', '-c', 'set -x; cd /opt/***/dbt && dbt run --select tag:trusted']
[2025-04-10T07:34:35.899+0000] {subprocess.py:86} INFO - Output:
[2025-04-10T07:34:35.903+0000] {subprocess.py:93} INFO - + cd /opt/***/dbt
[2025-04-10T07:34:35.904+0000] {subprocess.py:93} INFO - + dbt run --select tag:trusted
[2025-04-10T07:34:38.528+0000] {subprocess.py:93} INFO - [0m07:34:38  Running with dbt=1.8.0
[2025-04-10T07:34:38.854+0000] {subprocess.py:93} INFO - [0m07:34:38  Registered adapter: postgres=1.8.2
[2025-04-10T07:34:39.396+0000] {subprocess.py:93} INFO - [0m07:34:39  Found 9 models, 10 sources, 428 macros
[2025-04-10T07:34:39.400+0000] {subprocess.py:93} INFO - [0m07:34:39
[2025-04-10T07:34:39.540+0000] {subprocess.py:93} INFO - [0m07:34:39  Concurrency: 1 threads (target='dev')
[2025-04-10T07:34:39.541+0000] {subprocess.py:93} INFO - [0m07:34:39
[2025-04-10T07:34:39.553+0000] {subprocess.py:93} INFO - [0m07:34:39  1 of 4 START sql table model driven_trusted.non_pii_data ....................... [RUN]
[2025-04-10T07:35:36.750+0000] {subprocess.py:93} INFO - [0m07:35:36  1 of 4 OK created sql table model driven_trusted.non_pii_data .................. [[32mSELECT 1385833[0m in 57.19s]
[2025-04-10T07:35:36.754+0000] {subprocess.py:93} INFO - [0m07:35:36  2 of 4 START sql table model driven_trusted.payment_data ....................... [RUN]
[2025-04-10T07:35:52.147+0000] {subprocess.py:93} INFO - [0m07:35:52  2 of 4 OK created sql table model driven_trusted.payment_data .................. [[32mSELECT 1420128[0m in 15.39s]
[2025-04-10T07:35:52.152+0000] {subprocess.py:93} INFO - [0m07:35:52  3 of 4 START sql table model driven_trusted.pii_data ........................... [RUN]
[2025-04-10T07:36:26.769+0000] {subprocess.py:93} INFO - [0m07:36:26  3 of 4 OK created sql table model driven_trusted.pii_data ...................... [[32mSELECT 1420128[0m in 34.61s]
[2025-04-10T07:36:26.774+0000] {subprocess.py:93} INFO - [0m07:36:26  4 of 4 START sql table model driven_trusted.technical_data ..................... [RUN]
[2025-04-10T07:36:32.822+0000] {subprocess.py:93} INFO - [0m07:36:32  4 of 4 OK created sql table model driven_trusted.technical_data ................ [[32mSELECT 1454578[0m in 6.04s]
[2025-04-10T07:36:32.856+0000] {subprocess.py:93} INFO - [0m07:36:32
[2025-04-10T07:36:32.858+0000] {subprocess.py:93} INFO - [0m07:36:32  Finished running 4 table models in 0 hours 1 minutes and 53.45 seconds (113.45s).
[2025-04-10T07:36:32.989+0000] {subprocess.py:93} INFO - [0m07:36:32
[2025-04-10T07:36:32.991+0000] {subprocess.py:93} INFO - [0m07:36:32  [32mCompleted successfully[0m
[2025-04-10T07:36:32.993+0000] {subprocess.py:93} INFO - [0m07:36:32
[2025-04-10T07:36:32.995+0000] {subprocess.py:93} INFO - [0m07:36:32  Done. PASS=4 WARN=0 ERROR=0 SKIP=0 TOTAL=4
[2025-04-10T07:36:34.214+0000] {subprocess.py:97} INFO - Command exited with return code 0
[2025-04-10T07:36:34.290+0000] {taskinstance.py:340} INFO - ::group::Post task execution logs
[2025-04-10T07:36:34.291+0000] {taskinstance.py:352} INFO - Marking task as SUCCESS. dag_id=extract_raw_data_pipeline, task_id=run_dbt_trusted, run_id=scheduled__2025-04-10T07:32:00+00:00, execution_date=20250410T073200, start_date=20250410T073435, end_date=20250410T073634
[2025-04-10T07:36:34.382+0000] {local_task_job_runner.py:266} INFO - Task exited with return code 0
[2025-04-10T07:36:34.413+0000] {taskinstance.py:3900} INFO - 0 downstream tasks scheduled from follow-on schedule check
[2025-04-10T07:36:34.423+0000] {local_task_job_runner.py:245} INFO - ::endgroup::
