[2025-04-10T07:09:04.948+0000] {local_task_job_runner.py:123} INFO - ::group::Pre task execution logs
[2025-04-10T07:09:04.999+0000] {taskinstance.py:2612} INFO - Dependencies all met for dep_context=non-requeueable deps ti=<TaskInstance: extract_raw_data_pipeline.run_dbt_trusted scheduled__2025-04-10T07:07:00+00:00 [queued]>
[2025-04-10T07:09:05.029+0000] {taskinstance.py:2612} INFO - Dependencies all met for dep_context=requeueable deps ti=<TaskInstance: extract_raw_data_pipeline.run_dbt_trusted scheduled__2025-04-10T07:07:00+00:00 [queued]>
[2025-04-10T07:09:05.030+0000] {taskinstance.py:2865} INFO - Starting attempt 1 of 1
[2025-04-10T07:09:05.077+0000] {taskinstance.py:2888} INFO - Executing <Task(BashOperator): run_dbt_trusted> on 2025-04-10 07:07:00+00:00
[2025-04-10T07:09:05.100+0000] {warnings.py:112} WARNING - /home/***/.local/lib/python3.12/site-packages/***/task/task_runner/standard_task_runner.py:70: DeprecationWarning: This process (pid=2719) is multi-threaded, use of fork() may lead to deadlocks in the child.
  pid = os.fork()

[2025-04-10T07:09:05.106+0000] {standard_task_runner.py:72} INFO - Started process 2725 to run task
[2025-04-10T07:09:05.106+0000] {standard_task_runner.py:104} INFO - Running: ['***', 'tasks', 'run', 'extract_raw_data_pipeline', 'run_dbt_trusted', 'scheduled__2025-04-10T07:07:00+00:00', '--job-id', '486', '--raw', '--subdir', 'DAGS_FOLDER/driven_data_pipeline.py', '--cfg-path', '/tmp/tmpd5ph9261']
[2025-04-10T07:09:05.109+0000] {standard_task_runner.py:105} INFO - Job 486: Subtask run_dbt_trusted
[2025-04-10T07:09:05.227+0000] {task_command.py:467} INFO - Running <TaskInstance: extract_raw_data_pipeline.run_dbt_trusted scheduled__2025-04-10T07:07:00+00:00 [running]> on host c829a6b69367
[2025-04-10T07:09:05.577+0000] {taskinstance.py:3131} INFO - Exporting env vars: AIRFLOW_CTX_DAG_OWNER='***' AIRFLOW_CTX_DAG_ID='extract_raw_data_pipeline' AIRFLOW_CTX_TASK_ID='run_dbt_trusted' AIRFLOW_CTX_EXECUTION_DATE='2025-04-10T07:07:00+00:00' AIRFLOW_CTX_TRY_NUMBER='1' AIRFLOW_CTX_DAG_RUN_ID='scheduled__2025-04-10T07:07:00+00:00'
[2025-04-10T07:09:05.581+0000] {taskinstance.py:731} INFO - ::endgroup::
[2025-04-10T07:09:05.662+0000] {subprocess.py:63} INFO - Tmp dir root location: /tmp
[2025-04-10T07:09:05.666+0000] {subprocess.py:75} INFO - Running command: ['/usr/bin/bash', '-c', 'set -x; cd /opt/***/dbt && dbt run --select tag:trusted']
[2025-04-10T07:09:05.745+0000] {subprocess.py:86} INFO - Output:
[2025-04-10T07:09:05.748+0000] {subprocess.py:93} INFO - + cd /opt/***/dbt
[2025-04-10T07:09:05.749+0000] {subprocess.py:93} INFO - + dbt run --select tag:trusted
[2025-04-10T07:09:12.173+0000] {subprocess.py:93} INFO - [0m07:09:12  Running with dbt=1.8.0
[2025-04-10T07:09:12.813+0000] {subprocess.py:93} INFO - [0m07:09:12  Registered adapter: postgres=1.8.2
[2025-04-10T07:09:13.867+0000] {subprocess.py:93} INFO - [0m07:09:13  Found 9 models, 10 sources, 428 macros
[2025-04-10T07:09:13.876+0000] {subprocess.py:93} INFO - [0m07:09:13
[2025-04-10T07:09:14.107+0000] {subprocess.py:93} INFO - [0m07:09:14  Concurrency: 1 threads (target='dev')
[2025-04-10T07:09:14.108+0000] {subprocess.py:93} INFO - [0m07:09:14
[2025-04-10T07:09:14.126+0000] {subprocess.py:93} INFO - [0m07:09:14  1 of 4 START sql table model driven_trusted.non_pii_data ....................... [RUN]
[2025-04-10T07:09:44.183+0000] {subprocess.py:93} INFO - [0m07:09:44  1 of 4 OK created sql table model driven_trusted.non_pii_data .................. [[32mSELECT 699547[0m in 30.05s]
[2025-04-10T07:09:44.193+0000] {subprocess.py:93} INFO - [0m07:09:44  2 of 4 START sql table model driven_trusted.payment_data ....................... [RUN]
[2025-04-10T07:09:48.277+0000] {subprocess.py:93} INFO - [0m07:09:48  2 of 4 OK created sql table model driven_trusted.payment_data .................. [[32mSELECT 699547[0m in 4.08s]
[2025-04-10T07:09:48.290+0000] {subprocess.py:93} INFO - [0m07:09:48  3 of 4 START sql table model driven_trusted.pii_data ........................... [RUN]
[2025-04-10T07:09:57.761+0000] {subprocess.py:93} INFO - [0m07:09:57  3 of 4 OK created sql table model driven_trusted.pii_data ...................... [[32mSELECT 699547[0m in 9.46s]
[2025-04-10T07:09:57.765+0000] {subprocess.py:93} INFO - [0m07:09:57  4 of 4 START sql table model driven_trusted.technical_data ..................... [RUN]
[2025-04-10T07:10:01.068+0000] {subprocess.py:93} INFO - [0m07:10:01  4 of 4 OK created sql table model driven_trusted.technical_data ................ [[32mSELECT 699547[0m in 3.30s]
[2025-04-10T07:10:01.108+0000] {subprocess.py:93} INFO - [0m07:10:01
[2025-04-10T07:10:01.112+0000] {subprocess.py:93} INFO - [0m07:10:01  Finished running 4 table models in 0 hours 0 minutes and 47.23 seconds (47.23s).
[2025-04-10T07:10:01.299+0000] {subprocess.py:93} INFO - [0m07:10:01
[2025-04-10T07:10:01.301+0000] {subprocess.py:93} INFO - [0m07:10:01  [32mCompleted successfully[0m
[2025-04-10T07:10:01.307+0000] {subprocess.py:93} INFO - [0m07:10:01
[2025-04-10T07:10:01.311+0000] {subprocess.py:93} INFO - [0m07:10:01  Done. PASS=4 WARN=0 ERROR=0 SKIP=0 TOTAL=4
[2025-04-10T07:10:03.611+0000] {subprocess.py:97} INFO - Command exited with return code 0
[2025-04-10T07:10:03.696+0000] {taskinstance.py:340} INFO - ::group::Post task execution logs
[2025-04-10T07:10:03.699+0000] {taskinstance.py:352} INFO - Marking task as SUCCESS. dag_id=extract_raw_data_pipeline, task_id=run_dbt_trusted, run_id=scheduled__2025-04-10T07:07:00+00:00, execution_date=20250410T070700, start_date=20250410T070905, end_date=20250410T071003
[2025-04-10T07:10:03.791+0000] {local_task_job_runner.py:266} INFO - Task exited with return code 0
[2025-04-10T07:10:03.839+0000] {taskinstance.py:3900} INFO - 0 downstream tasks scheduled from follow-on schedule check
[2025-04-10T07:10:03.848+0000] {local_task_job_runner.py:245} INFO - ::endgroup::
