[2025-04-09T07:27:08.444+0000] {local_task_job_runner.py:123} INFO - ::group::Pre task execution logs
[2025-04-09T07:27:08.461+0000] {taskinstance.py:2612} INFO - Dependencies all met for dep_context=non-requeueable deps ti=<TaskInstance: extract_raw_data_pipeline.run_dbt_staging scheduled__2025-04-09T07:26:00+00:00 [queued]>
[2025-04-09T07:27:08.470+0000] {taskinstance.py:2612} INFO - Dependencies all met for dep_context=requeueable deps ti=<TaskInstance: extract_raw_data_pipeline.run_dbt_staging scheduled__2025-04-09T07:26:00+00:00 [queued]>
[2025-04-09T07:27:08.471+0000] {taskinstance.py:2865} INFO - Starting attempt 1 of 1
[2025-04-09T07:27:08.487+0000] {taskinstance.py:2888} INFO - Executing <Task(BashOperator): run_dbt_staging> on 2025-04-09 07:26:00+00:00
[2025-04-09T07:27:08.495+0000] {warnings.py:112} WARNING - /home/***/.local/lib/python3.12/site-packages/***/task/task_runner/standard_task_runner.py:70: DeprecationWarning: This process (pid=2551) is multi-threaded, use of fork() may lead to deadlocks in the child.
  pid = os.fork()

[2025-04-09T07:27:08.498+0000] {standard_task_runner.py:72} INFO - Started process 2553 to run task
[2025-04-09T07:27:08.499+0000] {standard_task_runner.py:104} INFO - Running: ['***', 'tasks', 'run', 'extract_raw_data_pipeline', 'run_dbt_staging', 'scheduled__2025-04-09T07:26:00+00:00', '--job-id', '231', '--raw', '--subdir', 'DAGS_FOLDER/driven_data_pipeline.py', '--cfg-path', '/tmp/tmp7jttajxb']
[2025-04-09T07:27:08.500+0000] {standard_task_runner.py:105} INFO - Job 231: Subtask run_dbt_staging
[2025-04-09T07:27:08.561+0000] {task_command.py:467} INFO - Running <TaskInstance: extract_raw_data_pipeline.run_dbt_staging scheduled__2025-04-09T07:26:00+00:00 [running]> on host c829a6b69367
[2025-04-09T07:27:08.650+0000] {taskinstance.py:3131} INFO - Exporting env vars: AIRFLOW_CTX_DAG_OWNER='***' AIRFLOW_CTX_DAG_ID='extract_raw_data_pipeline' AIRFLOW_CTX_TASK_ID='run_dbt_staging' AIRFLOW_CTX_EXECUTION_DATE='2025-04-09T07:26:00+00:00' AIRFLOW_CTX_TRY_NUMBER='1' AIRFLOW_CTX_DAG_RUN_ID='scheduled__2025-04-09T07:26:00+00:00'
[2025-04-09T07:27:08.651+0000] {taskinstance.py:731} INFO - ::endgroup::
[2025-04-09T07:27:08.665+0000] {subprocess.py:63} INFO - Tmp dir root location: /tmp
[2025-04-09T07:27:08.667+0000] {subprocess.py:75} INFO - Running command: ['/usr/bin/bash', '-c', 'set -x; cd /opt/***/dbt && dbt run --select tag:staging']
[2025-04-09T07:27:08.682+0000] {subprocess.py:86} INFO - Output:
[2025-04-09T07:27:08.684+0000] {subprocess.py:93} INFO - + cd /opt/***/dbt
[2025-04-09T07:27:08.685+0000] {subprocess.py:93} INFO - + dbt run --select tag:staging
[2025-04-09T07:27:10.888+0000] {subprocess.py:93} INFO - [0m07:27:10  Running with dbt=1.8.0
[2025-04-09T07:27:11.197+0000] {subprocess.py:93} INFO - [0m07:27:11  Registered adapter: postgres=1.8.2
[2025-04-09T07:27:11.679+0000] {subprocess.py:93} INFO - [0m07:27:11  Found 9 models, 10 sources, 428 macros
[2025-04-09T07:27:11.683+0000] {subprocess.py:93} INFO - [0m07:27:11
[2025-04-09T07:27:11.816+0000] {subprocess.py:93} INFO - [0m07:27:11  Concurrency: 1 threads (target='dev')
[2025-04-09T07:27:11.817+0000] {subprocess.py:93} INFO - [0m07:27:11
[2025-04-09T07:27:11.832+0000] {subprocess.py:93} INFO - [0m07:27:11  1 of 5 START sql table model driven_staging.dim_address ........................ [RUN]
[2025-04-09T07:27:12.487+0000] {subprocess.py:93} INFO - [0m07:27:12  1 of 5 OK created sql table model driven_staging.dim_address ................... [[32mSELECT 320584[0m in 0.65s]
[2025-04-09T07:27:12.492+0000] {subprocess.py:93} INFO - [0m07:27:12  2 of 5 START sql table model driven_staging.dim_date ........................... [RUN]
[2025-04-09T07:27:12.908+0000] {subprocess.py:93} INFO - [0m07:27:12  2 of 5 OK created sql table model driven_staging.dim_date ...................... [[32mSELECT 320584[0m in 0.41s]
[2025-04-09T07:27:12.911+0000] {subprocess.py:93} INFO - [0m07:27:12  3 of 5 START sql table model driven_staging.dim_finance ........................ [RUN]
[2025-04-09T07:27:13.413+0000] {subprocess.py:93} INFO - [0m07:27:13  3 of 5 OK created sql table model driven_staging.dim_finance ................... [[32mSELECT 320584[0m in 0.50s]
[2025-04-09T07:27:13.417+0000] {subprocess.py:93} INFO - [0m07:27:13  4 of 5 START sql table model driven_staging.dim_person ......................... [RUN]
[2025-04-09T07:27:14.221+0000] {subprocess.py:93} INFO - [0m07:27:14  4 of 5 OK created sql table model driven_staging.dim_person .................... [[32mSELECT 320584[0m in 0.80s]
[2025-04-09T07:27:14.226+0000] {subprocess.py:93} INFO - [0m07:27:14  5 of 5 START sql table model driven_staging.fact_network_usage ................. [RUN]
[2025-04-09T07:27:14.707+0000] {subprocess.py:93} INFO - [0m07:27:14  5 of 5 OK created sql table model driven_staging.fact_network_usage ............ [[32mSELECT 320584[0m in 0.48s]
[2025-04-09T07:27:14.731+0000] {subprocess.py:93} INFO - [0m07:27:14
[2025-04-09T07:27:14.732+0000] {subprocess.py:93} INFO - [0m07:27:14  Finished running 5 table models in 0 hours 0 minutes and 3.05 seconds (3.05s).
[2025-04-09T07:27:14.802+0000] {subprocess.py:93} INFO - [0m07:27:14
[2025-04-09T07:27:14.803+0000] {subprocess.py:93} INFO - [0m07:27:14  [32mCompleted successfully[0m
[2025-04-09T07:27:14.804+0000] {subprocess.py:93} INFO - [0m07:27:14
[2025-04-09T07:27:14.805+0000] {subprocess.py:93} INFO - [0m07:27:14  Done. PASS=5 WARN=0 ERROR=0 SKIP=0 TOTAL=5
[2025-04-09T07:27:16.070+0000] {subprocess.py:97} INFO - Command exited with return code 0
[2025-04-09T07:27:16.182+0000] {taskinstance.py:340} INFO - ::group::Post task execution logs
[2025-04-09T07:27:16.186+0000] {taskinstance.py:352} INFO - Marking task as SUCCESS. dag_id=extract_raw_data_pipeline, task_id=run_dbt_staging, run_id=scheduled__2025-04-09T07:26:00+00:00, execution_date=20250409T072600, start_date=20250409T072708, end_date=20250409T072716
[2025-04-09T07:27:16.261+0000] {local_task_job_runner.py:266} INFO - Task exited with return code 0
[2025-04-09T07:27:16.297+0000] {taskinstance.py:3900} INFO - 1 downstream tasks scheduled from follow-on schedule check
[2025-04-09T07:27:16.301+0000] {local_task_job_runner.py:245} INFO - ::endgroup::
