[2025-04-10T07:10:58.377+0000] {local_task_job_runner.py:123} INFO - ::group::Pre task execution logs
[2025-04-10T07:10:58.415+0000] {taskinstance.py:2612} INFO - Dependencies all met for dep_context=non-requeueable deps ti=<TaskInstance: extract_raw_data_pipeline.run_dbt_trusted scheduled__2025-04-10T07:09:00+00:00 [queued]>
[2025-04-10T07:10:58.433+0000] {taskinstance.py:2612} INFO - Dependencies all met for dep_context=requeueable deps ti=<TaskInstance: extract_raw_data_pipeline.run_dbt_trusted scheduled__2025-04-10T07:09:00+00:00 [queued]>
[2025-04-10T07:10:58.434+0000] {taskinstance.py:2865} INFO - Starting attempt 1 of 1
[2025-04-10T07:10:58.483+0000] {taskinstance.py:2888} INFO - Executing <Task(BashOperator): run_dbt_trusted> on 2025-04-10 07:09:00+00:00
[2025-04-10T07:10:58.495+0000] {warnings.py:112} WARNING - /home/***/.local/lib/python3.12/site-packages/***/task/task_runner/standard_task_runner.py:70: DeprecationWarning: This process (pid=2833) is multi-threaded, use of fork() may lead to deadlocks in the child.
  pid = os.fork()

[2025-04-10T07:10:58.501+0000] {standard_task_runner.py:72} INFO - Started process 2835 to run task
[2025-04-10T07:10:58.502+0000] {standard_task_runner.py:104} INFO - Running: ['***', 'tasks', 'run', 'extract_raw_data_pipeline', 'run_dbt_trusted', 'scheduled__2025-04-10T07:09:00+00:00', '--job-id', '496', '--raw', '--subdir', 'DAGS_FOLDER/driven_data_pipeline.py', '--cfg-path', '/tmp/tmpajift66c']
[2025-04-10T07:10:58.509+0000] {standard_task_runner.py:105} INFO - Job 496: Subtask run_dbt_trusted
[2025-04-10T07:10:58.636+0000] {task_command.py:467} INFO - Running <TaskInstance: extract_raw_data_pipeline.run_dbt_trusted scheduled__2025-04-10T07:09:00+00:00 [running]> on host c829a6b69367
[2025-04-10T07:10:58.857+0000] {taskinstance.py:3131} INFO - Exporting env vars: AIRFLOW_CTX_DAG_OWNER='***' AIRFLOW_CTX_DAG_ID='extract_raw_data_pipeline' AIRFLOW_CTX_TASK_ID='run_dbt_trusted' AIRFLOW_CTX_EXECUTION_DATE='2025-04-10T07:09:00+00:00' AIRFLOW_CTX_TRY_NUMBER='1' AIRFLOW_CTX_DAG_RUN_ID='scheduled__2025-04-10T07:09:00+00:00'
[2025-04-10T07:10:58.860+0000] {taskinstance.py:731} INFO - ::endgroup::
[2025-04-10T07:10:58.894+0000] {subprocess.py:63} INFO - Tmp dir root location: /tmp
[2025-04-10T07:10:58.898+0000] {subprocess.py:75} INFO - Running command: ['/usr/bin/bash', '-c', 'set -x; cd /opt/***/dbt && dbt run --select tag:trusted']
[2025-04-10T07:10:58.933+0000] {subprocess.py:86} INFO - Output:
[2025-04-10T07:10:58.937+0000] {subprocess.py:93} INFO - + cd /opt/***/dbt
[2025-04-10T07:10:58.939+0000] {subprocess.py:93} INFO - + dbt run --select tag:trusted
[2025-04-10T07:11:07.420+0000] {subprocess.py:93} INFO - [0m07:11:07  Running with dbt=1.8.0
[2025-04-10T07:11:07.979+0000] {subprocess.py:93} INFO - [0m07:11:07  Registered adapter: postgres=1.8.2
[2025-04-10T07:11:08.928+0000] {subprocess.py:93} INFO - [0m07:11:08  Found 9 models, 10 sources, 428 macros
[2025-04-10T07:11:08.935+0000] {subprocess.py:93} INFO - [0m07:11:08
[2025-04-10T07:11:09.176+0000] {subprocess.py:93} INFO - [0m07:11:09  Concurrency: 1 threads (target='dev')
[2025-04-10T07:11:09.178+0000] {subprocess.py:93} INFO - [0m07:11:09
[2025-04-10T07:11:09.197+0000] {subprocess.py:93} INFO - [0m07:11:09  1 of 4 START sql table model driven_trusted.non_pii_data ....................... [RUN]
[2025-04-10T07:11:39.486+0000] {subprocess.py:93} INFO - [0m07:11:39  1 of 4 OK created sql table model driven_trusted.non_pii_data .................. [[32mSELECT 740493[0m in 30.28s]
[2025-04-10T07:11:39.499+0000] {subprocess.py:93} INFO - [0m07:11:39  2 of 4 START sql table model driven_trusted.payment_data ....................... [RUN]
[2025-04-10T07:11:42.475+0000] {subprocess.py:93} INFO - [0m07:11:42  2 of 4 OK created sql table model driven_trusted.payment_data .................. [[32mSELECT 740493[0m in 2.97s]
[2025-04-10T07:11:42.490+0000] {subprocess.py:93} INFO - [0m07:11:42  3 of 4 START sql table model driven_trusted.pii_data ........................... [RUN]
[2025-04-10T07:11:53.396+0000] {subprocess.py:93} INFO - [0m07:11:53  3 of 4 OK created sql table model driven_trusted.pii_data ...................... [[32mSELECT 740493[0m in 10.90s]
[2025-04-10T07:11:53.409+0000] {subprocess.py:93} INFO - [0m07:11:53  4 of 4 START sql table model driven_trusted.technical_data ..................... [RUN]
[2025-04-10T07:11:57.399+0000] {subprocess.py:93} INFO - [0m07:11:57  4 of 4 OK created sql table model driven_trusted.technical_data ................ [[32mSELECT 740493[0m in 3.98s]
[2025-04-10T07:11:57.447+0000] {subprocess.py:93} INFO - [0m07:11:57
[2025-04-10T07:11:57.450+0000] {subprocess.py:93} INFO - [0m07:11:57  Finished running 4 table models in 0 hours 0 minutes and 48.51 seconds (48.51s).
[2025-04-10T07:11:57.584+0000] {subprocess.py:93} INFO - [0m07:11:57
[2025-04-10T07:11:57.586+0000] {subprocess.py:93} INFO - [0m07:11:57  [32mCompleted successfully[0m
[2025-04-10T07:11:57.588+0000] {subprocess.py:93} INFO - [0m07:11:57
[2025-04-10T07:11:57.591+0000] {subprocess.py:93} INFO - [0m07:11:57  Done. PASS=4 WARN=0 ERROR=0 SKIP=0 TOTAL=4
[2025-04-10T07:11:59.539+0000] {subprocess.py:97} INFO - Command exited with return code 0
[2025-04-10T07:11:59.682+0000] {taskinstance.py:340} INFO - ::group::Post task execution logs
[2025-04-10T07:11:59.685+0000] {taskinstance.py:352} INFO - Marking task as SUCCESS. dag_id=extract_raw_data_pipeline, task_id=run_dbt_trusted, run_id=scheduled__2025-04-10T07:09:00+00:00, execution_date=20250410T070900, start_date=20250410T071058, end_date=20250410T071159
[2025-04-10T07:11:59.807+0000] {local_task_job_runner.py:266} INFO - Task exited with return code 0
[2025-04-10T07:11:59.872+0000] {taskinstance.py:3900} INFO - 0 downstream tasks scheduled from follow-on schedule check
[2025-04-10T07:11:59.876+0000] {local_task_job_runner.py:245} INFO - ::endgroup::
