[2025-04-10T07:02:13.987+0000] {local_task_job_runner.py:123} INFO - ::group::Pre task execution logs
[2025-04-10T07:02:14.022+0000] {taskinstance.py:2612} INFO - Dependencies all met for dep_context=non-requeueable deps ti=<TaskInstance: extract_raw_data_pipeline.run_dbt_staging scheduled__2025-04-10T07:01:00+00:00 [queued]>
[2025-04-10T07:02:14.043+0000] {taskinstance.py:2612} INFO - Dependencies all met for dep_context=requeueable deps ti=<TaskInstance: extract_raw_data_pipeline.run_dbt_staging scheduled__2025-04-10T07:01:00+00:00 [queued]>
[2025-04-10T07:02:14.045+0000] {taskinstance.py:2865} INFO - Starting attempt 1 of 1
[2025-04-10T07:02:14.080+0000] {taskinstance.py:2888} INFO - Executing <Task(BashOperator): run_dbt_staging> on 2025-04-10 07:01:00+00:00
[2025-04-10T07:02:14.096+0000] {warnings.py:112} WARNING - /home/***/.local/lib/python3.12/site-packages/***/task/task_runner/standard_task_runner.py:70: DeprecationWarning: This process (pid=2341) is multi-threaded, use of fork() may lead to deadlocks in the child.
  pid = os.fork()

[2025-04-10T07:02:14.100+0000] {standard_task_runner.py:72} INFO - Started process 2343 to run task
[2025-04-10T07:02:14.100+0000] {standard_task_runner.py:104} INFO - Running: ['***', 'tasks', 'run', 'extract_raw_data_pipeline', 'run_dbt_staging', 'scheduled__2025-04-10T07:01:00+00:00', '--job-id', '447', '--raw', '--subdir', 'DAGS_FOLDER/driven_data_pipeline.py', '--cfg-path', '/tmp/tmp_e7l3ngl']
[2025-04-10T07:02:14.103+0000] {standard_task_runner.py:105} INFO - Job 447: Subtask run_dbt_staging
[2025-04-10T07:02:14.226+0000] {task_command.py:467} INFO - Running <TaskInstance: extract_raw_data_pipeline.run_dbt_staging scheduled__2025-04-10T07:01:00+00:00 [running]> on host c829a6b69367
[2025-04-10T07:02:14.451+0000] {taskinstance.py:3131} INFO - Exporting env vars: AIRFLOW_CTX_DAG_OWNER='***' AIRFLOW_CTX_DAG_ID='extract_raw_data_pipeline' AIRFLOW_CTX_TASK_ID='run_dbt_staging' AIRFLOW_CTX_EXECUTION_DATE='2025-04-10T07:01:00+00:00' AIRFLOW_CTX_TRY_NUMBER='1' AIRFLOW_CTX_DAG_RUN_ID='scheduled__2025-04-10T07:01:00+00:00'
[2025-04-10T07:02:14.454+0000] {taskinstance.py:731} INFO - ::endgroup::
[2025-04-10T07:02:14.497+0000] {subprocess.py:63} INFO - Tmp dir root location: /tmp
[2025-04-10T07:02:14.502+0000] {subprocess.py:75} INFO - Running command: ['/usr/bin/bash', '-c', 'set -x; cd /opt/***/dbt && dbt run --select tag:staging']
[2025-04-10T07:02:14.533+0000] {subprocess.py:86} INFO - Output:
[2025-04-10T07:02:14.538+0000] {subprocess.py:93} INFO - + cd /opt/***/dbt
[2025-04-10T07:02:14.540+0000] {subprocess.py:93} INFO - + dbt run --select tag:staging
[2025-04-10T07:02:19.586+0000] {subprocess.py:93} INFO - [0m07:02:19  Running with dbt=1.8.0
[2025-04-10T07:02:20.037+0000] {subprocess.py:93} INFO - [0m07:02:20  Registered adapter: postgres=1.8.2
[2025-04-10T07:02:20.800+0000] {subprocess.py:93} INFO - [0m07:02:20  Found 9 models, 10 sources, 428 macros
[2025-04-10T07:02:20.806+0000] {subprocess.py:93} INFO - [0m07:02:20
[2025-04-10T07:02:21.009+0000] {subprocess.py:93} INFO - [0m07:02:21  Concurrency: 1 threads (target='dev')
[2025-04-10T07:02:21.010+0000] {subprocess.py:93} INFO - [0m07:02:21
[2025-04-10T07:02:21.028+0000] {subprocess.py:93} INFO - [0m07:02:21  1 of 5 START sql table model driven_staging.dim_address ........................ [RUN]
[2025-04-10T07:02:36.474+0000] {subprocess.py:93} INFO - [0m07:02:36  1 of 5 OK created sql table model driven_staging.dim_address ................... [[32mSELECT 593088[0m in 15.44s]
[2025-04-10T07:02:36.479+0000] {subprocess.py:93} INFO - [0m07:02:36  2 of 5 START sql table model driven_staging.dim_date ........................... [RUN]
[2025-04-10T07:02:37.503+0000] {subprocess.py:93} INFO - [0m07:02:37  2 of 5 OK created sql table model driven_staging.dim_date ...................... [[32mSELECT 593088[0m in 1.02s]
[2025-04-10T07:02:37.506+0000] {subprocess.py:93} INFO - [0m07:02:37  3 of 5 START sql table model driven_staging.dim_finance ........................ [RUN]
[2025-04-10T07:02:38.572+0000] {subprocess.py:93} INFO - [0m07:02:38  3 of 5 OK created sql table model driven_staging.dim_finance ................... [[32mSELECT 593088[0m in 1.06s]
[2025-04-10T07:02:38.577+0000] {subprocess.py:93} INFO - [0m07:02:38  4 of 5 START sql table model driven_staging.dim_person ......................... [RUN]
[2025-04-10T07:02:40.241+0000] {subprocess.py:93} INFO - [0m07:02:40  4 of 5 OK created sql table model driven_staging.dim_person .................... [[32mSELECT 593088[0m in 1.65s]
[2025-04-10T07:02:40.251+0000] {subprocess.py:93} INFO - [0m07:02:40  5 of 5 START sql table model driven_staging.fact_network_usage ................. [RUN]
[2025-04-10T07:02:44.754+0000] {subprocess.py:93} INFO - [0m07:02:44  5 of 5 OK created sql table model driven_staging.fact_network_usage ............ [[32mSELECT 593088[0m in 4.50s]
[2025-04-10T07:02:44.772+0000] {subprocess.py:93} INFO - [0m07:02:44
[2025-04-10T07:02:44.773+0000] {subprocess.py:93} INFO - [0m07:02:44  Finished running 5 table models in 0 hours 0 minutes and 23.96 seconds (23.96s).
[2025-04-10T07:02:44.856+0000] {subprocess.py:93} INFO - [0m07:02:44
[2025-04-10T07:02:44.858+0000] {subprocess.py:93} INFO - [0m07:02:44  [32mCompleted successfully[0m
[2025-04-10T07:02:44.859+0000] {subprocess.py:93} INFO - [0m07:02:44
[2025-04-10T07:02:44.860+0000] {subprocess.py:93} INFO - [0m07:02:44  Done. PASS=5 WARN=0 ERROR=0 SKIP=0 TOTAL=5
[2025-04-10T07:02:46.863+0000] {subprocess.py:97} INFO - Command exited with return code 0
[2025-04-10T07:02:46.941+0000] {taskinstance.py:340} INFO - ::group::Post task execution logs
[2025-04-10T07:02:46.944+0000] {taskinstance.py:352} INFO - Marking task as SUCCESS. dag_id=extract_raw_data_pipeline, task_id=run_dbt_staging, run_id=scheduled__2025-04-10T07:01:00+00:00, execution_date=20250410T070100, start_date=20250410T070214, end_date=20250410T070246
[2025-04-10T07:02:47.000+0000] {local_task_job_runner.py:266} INFO - Task exited with return code 0
[2025-04-10T07:02:47.044+0000] {taskinstance.py:3900} INFO - 1 downstream tasks scheduled from follow-on schedule check
[2025-04-10T07:02:47.052+0000] {local_task_job_runner.py:245} INFO - ::endgroup::
