[2025-04-09T07:49:06.566+0000] {local_task_job_runner.py:123} INFO - ::group::Pre task execution logs
[2025-04-09T07:49:06.583+0000] {taskinstance.py:2612} INFO - Dependencies all met for dep_context=non-requeueable deps ti=<TaskInstance: extract_raw_data_pipeline.run_dbt_staging scheduled__2025-04-09T07:48:00+00:00 [queued]>
[2025-04-09T07:49:06.593+0000] {taskinstance.py:2612} INFO - Dependencies all met for dep_context=requeueable deps ti=<TaskInstance: extract_raw_data_pipeline.run_dbt_staging scheduled__2025-04-09T07:48:00+00:00 [queued]>
[2025-04-09T07:49:06.594+0000] {taskinstance.py:2865} INFO - Starting attempt 1 of 1
[2025-04-09T07:49:06.609+0000] {taskinstance.py:2888} INFO - Executing <Task(BashOperator): run_dbt_staging> on 2025-04-09 07:48:00+00:00
[2025-04-09T07:49:06.623+0000] {warnings.py:112} WARNING - /home/***/.local/lib/python3.12/site-packages/***/task/task_runner/standard_task_runner.py:70: DeprecationWarning: This process (pid=3881) is multi-threaded, use of fork() may lead to deadlocks in the child.
  pid = os.fork()

[2025-04-09T07:49:06.626+0000] {standard_task_runner.py:72} INFO - Started process 3883 to run task
[2025-04-09T07:49:06.626+0000] {standard_task_runner.py:104} INFO - Running: ['***', 'tasks', 'run', 'extract_raw_data_pipeline', 'run_dbt_staging', 'scheduled__2025-04-09T07:48:00+00:00', '--job-id', '367', '--raw', '--subdir', 'DAGS_FOLDER/driven_data_pipeline.py', '--cfg-path', '/tmp/tmpsw_tlb5m']
[2025-04-09T07:49:06.629+0000] {standard_task_runner.py:105} INFO - Job 367: Subtask run_dbt_staging
[2025-04-09T07:49:06.703+0000] {task_command.py:467} INFO - Running <TaskInstance: extract_raw_data_pipeline.run_dbt_staging scheduled__2025-04-09T07:48:00+00:00 [running]> on host c829a6b69367
[2025-04-09T07:49:06.789+0000] {taskinstance.py:3131} INFO - Exporting env vars: AIRFLOW_CTX_DAG_OWNER='***' AIRFLOW_CTX_DAG_ID='extract_raw_data_pipeline' AIRFLOW_CTX_TASK_ID='run_dbt_staging' AIRFLOW_CTX_EXECUTION_DATE='2025-04-09T07:48:00+00:00' AIRFLOW_CTX_TRY_NUMBER='1' AIRFLOW_CTX_DAG_RUN_ID='scheduled__2025-04-09T07:48:00+00:00'
[2025-04-09T07:49:06.790+0000] {taskinstance.py:731} INFO - ::endgroup::
[2025-04-09T07:49:06.805+0000] {subprocess.py:63} INFO - Tmp dir root location: /tmp
[2025-04-09T07:49:06.806+0000] {subprocess.py:75} INFO - Running command: ['/usr/bin/bash', '-c', 'set -x; cd /opt/***/dbt && dbt run --select tag:staging']
[2025-04-09T07:49:06.822+0000] {subprocess.py:86} INFO - Output:
[2025-04-09T07:49:06.824+0000] {subprocess.py:93} INFO - + cd /opt/***/dbt
[2025-04-09T07:49:06.824+0000] {subprocess.py:93} INFO - + dbt run --select tag:staging
[2025-04-09T07:49:07.874+0000] {subprocess.py:93} INFO - [0m07:49:07  Running with dbt=1.8.0
[2025-04-09T07:49:08.127+0000] {subprocess.py:93} INFO - [0m07:49:08  Registered adapter: postgres=1.8.2
[2025-04-09T07:49:08.588+0000] {subprocess.py:93} INFO - [0m07:49:08  Found 9 models, 10 sources, 428 macros
[2025-04-09T07:49:08.590+0000] {subprocess.py:93} INFO - [0m07:49:08
[2025-04-09T07:49:08.713+0000] {subprocess.py:93} INFO - [0m07:49:08  Concurrency: 1 threads (target='dev')
[2025-04-09T07:49:08.714+0000] {subprocess.py:93} INFO - [0m07:49:08
[2025-04-09T07:49:08.726+0000] {subprocess.py:93} INFO - [0m07:49:08  1 of 5 START sql table model driven_staging.dim_address ........................ [RUN]
[2025-04-09T07:49:09.395+0000] {subprocess.py:93} INFO - [0m07:49:09  1 of 5 OK created sql table model driven_staging.dim_address ................... [[32mSELECT 426242[0m in 0.67s]
[2025-04-09T07:49:09.400+0000] {subprocess.py:93} INFO - [0m07:49:09  2 of 5 START sql table model driven_staging.dim_date ........................... [RUN]
[2025-04-09T07:49:09.943+0000] {subprocess.py:93} INFO - [0m07:49:09  2 of 5 OK created sql table model driven_staging.dim_date ...................... [[32mSELECT 426242[0m in 0.54s]
[2025-04-09T07:49:09.946+0000] {subprocess.py:93} INFO - [0m07:49:09  3 of 5 START sql table model driven_staging.dim_finance ........................ [RUN]
[2025-04-09T07:49:10.473+0000] {subprocess.py:93} INFO - [0m07:49:10  3 of 5 OK created sql table model driven_staging.dim_finance ................... [[32mSELECT 426242[0m in 0.53s]
[2025-04-09T07:49:10.477+0000] {subprocess.py:93} INFO - [0m07:49:10  4 of 5 START sql table model driven_staging.dim_person ......................... [RUN]
[2025-04-09T07:49:11.151+0000] {subprocess.py:93} INFO - [0m07:49:11  4 of 5 OK created sql table model driven_staging.dim_person .................... [[32mSELECT 426242[0m in 0.67s]
[2025-04-09T07:49:11.154+0000] {subprocess.py:93} INFO - [0m07:49:11  5 of 5 START sql table model driven_staging.fact_network_usage ................. [RUN]
[2025-04-09T07:49:11.658+0000] {subprocess.py:93} INFO - [0m07:49:11  5 of 5 OK created sql table model driven_staging.fact_network_usage ............ [[32mSELECT 426242[0m in 0.50s]
[2025-04-09T07:49:11.677+0000] {subprocess.py:93} INFO - [0m07:49:11
[2025-04-09T07:49:11.678+0000] {subprocess.py:93} INFO - [0m07:49:11  Finished running 5 table models in 0 hours 0 minutes and 3.09 seconds (3.09s).
[2025-04-09T07:49:11.743+0000] {subprocess.py:93} INFO - [0m07:49:11
[2025-04-09T07:49:11.744+0000] {subprocess.py:93} INFO - [0m07:49:11  [32mCompleted successfully[0m
[2025-04-09T07:49:11.745+0000] {subprocess.py:93} INFO - [0m07:49:11
[2025-04-09T07:49:11.745+0000] {subprocess.py:93} INFO - [0m07:49:11  Done. PASS=5 WARN=0 ERROR=0 SKIP=0 TOTAL=5
[2025-04-09T07:49:12.975+0000] {subprocess.py:97} INFO - Command exited with return code 0
[2025-04-09T07:49:13.013+0000] {taskinstance.py:340} INFO - ::group::Post task execution logs
[2025-04-09T07:49:13.014+0000] {taskinstance.py:352} INFO - Marking task as SUCCESS. dag_id=extract_raw_data_pipeline, task_id=run_dbt_staging, run_id=scheduled__2025-04-09T07:48:00+00:00, execution_date=20250409T074800, start_date=20250409T074906, end_date=20250409T074913
[2025-04-09T07:49:13.046+0000] {local_task_job_runner.py:266} INFO - Task exited with return code 0
[2025-04-09T07:49:13.073+0000] {taskinstance.py:3900} INFO - 1 downstream tasks scheduled from follow-on schedule check
[2025-04-09T07:49:13.076+0000] {local_task_job_runner.py:245} INFO - ::endgroup::
