[2025-04-10T07:07:16.036+0000] {local_task_job_runner.py:123} INFO - ::group::Pre task execution logs
[2025-04-10T07:07:16.078+0000] {taskinstance.py:2612} INFO - Dependencies all met for dep_context=non-requeueable deps ti=<TaskInstance: extract_raw_data_pipeline.run_dbt_staging scheduled__2025-04-10T07:06:00+00:00 [queued]>
[2025-04-10T07:07:16.109+0000] {taskinstance.py:2612} INFO - Dependencies all met for dep_context=requeueable deps ti=<TaskInstance: extract_raw_data_pipeline.run_dbt_staging scheduled__2025-04-10T07:06:00+00:00 [queued]>
[2025-04-10T07:07:16.112+0000] {taskinstance.py:2865} INFO - Starting attempt 1 of 1
[2025-04-10T07:07:16.165+0000] {taskinstance.py:2888} INFO - Executing <Task(BashOperator): run_dbt_staging> on 2025-04-10 07:06:00+00:00
[2025-04-10T07:07:16.190+0000] {warnings.py:112} WARNING - /home/***/.local/lib/python3.12/site-packages/***/task/task_runner/standard_task_runner.py:70: DeprecationWarning: This process (pid=2625) is multi-threaded, use of fork() may lead to deadlocks in the child.
  pid = os.fork()

[2025-04-10T07:07:16.198+0000] {standard_task_runner.py:72} INFO - Started process 2627 to run task
[2025-04-10T07:07:16.197+0000] {standard_task_runner.py:104} INFO - Running: ['***', 'tasks', 'run', 'extract_raw_data_pipeline', 'run_dbt_staging', 'scheduled__2025-04-10T07:06:00+00:00', '--job-id', '476', '--raw', '--subdir', 'DAGS_FOLDER/driven_data_pipeline.py', '--cfg-path', '/tmp/tmpckm39t5x']
[2025-04-10T07:07:16.203+0000] {standard_task_runner.py:105} INFO - Job 476: Subtask run_dbt_staging
[2025-04-10T07:07:16.380+0000] {task_command.py:467} INFO - Running <TaskInstance: extract_raw_data_pipeline.run_dbt_staging scheduled__2025-04-10T07:06:00+00:00 [running]> on host c829a6b69367
[2025-04-10T07:07:16.690+0000] {taskinstance.py:3131} INFO - Exporting env vars: AIRFLOW_CTX_DAG_OWNER='***' AIRFLOW_CTX_DAG_ID='extract_raw_data_pipeline' AIRFLOW_CTX_TASK_ID='run_dbt_staging' AIRFLOW_CTX_EXECUTION_DATE='2025-04-10T07:06:00+00:00' AIRFLOW_CTX_TRY_NUMBER='1' AIRFLOW_CTX_DAG_RUN_ID='scheduled__2025-04-10T07:06:00+00:00'
[2025-04-10T07:07:16.693+0000] {taskinstance.py:731} INFO - ::endgroup::
[2025-04-10T07:07:16.732+0000] {subprocess.py:63} INFO - Tmp dir root location: /tmp
[2025-04-10T07:07:16.735+0000] {subprocess.py:75} INFO - Running command: ['/usr/bin/bash', '-c', 'set -x; cd /opt/***/dbt && dbt run --select tag:staging']
[2025-04-10T07:07:16.770+0000] {subprocess.py:86} INFO - Output:
[2025-04-10T07:07:16.774+0000] {subprocess.py:93} INFO - + cd /opt/***/dbt
[2025-04-10T07:07:16.778+0000] {subprocess.py:93} INFO - + dbt run --select tag:staging
[2025-04-10T07:07:22.771+0000] {subprocess.py:93} INFO - [0m07:07:22  Running with dbt=1.8.0
[2025-04-10T07:07:23.417+0000] {subprocess.py:93} INFO - [0m07:07:23  Registered adapter: postgres=1.8.2
[2025-04-10T07:07:24.746+0000] {subprocess.py:93} INFO - [0m07:07:24  Found 9 models, 10 sources, 428 macros
[2025-04-10T07:07:24.753+0000] {subprocess.py:93} INFO - [0m07:07:24
[2025-04-10T07:07:25.115+0000] {subprocess.py:93} INFO - [0m07:07:25  Concurrency: 1 threads (target='dev')
[2025-04-10T07:07:25.118+0000] {subprocess.py:93} INFO - [0m07:07:25
[2025-04-10T07:07:25.157+0000] {subprocess.py:93} INFO - [0m07:07:25  1 of 5 START sql table model driven_staging.dim_address ........................ [RUN]
[2025-04-10T07:07:27.007+0000] {subprocess.py:93} INFO - [0m07:07:27  1 of 5 OK created sql table model driven_staging.dim_address ................... [[32mSELECT 680370[0m in 1.85s]
[2025-04-10T07:07:27.011+0000] {subprocess.py:93} INFO - [0m07:07:27  2 of 5 START sql table model driven_staging.dim_date ........................... [RUN]
[2025-04-10T07:07:28.006+0000] {subprocess.py:93} INFO - [0m07:07:28  2 of 5 OK created sql table model driven_staging.dim_date ...................... [[32mSELECT 680370[0m in 0.99s]
[2025-04-10T07:07:28.013+0000] {subprocess.py:93} INFO - [0m07:07:28  3 of 5 START sql table model driven_staging.dim_finance ........................ [RUN]
[2025-04-10T07:07:47.830+0000] {subprocess.py:93} INFO - [0m07:07:47  3 of 5 OK created sql table model driven_staging.dim_finance ................... [[32mSELECT 680370[0m in 19.81s]
[2025-04-10T07:07:47.844+0000] {subprocess.py:93} INFO - [0m07:07:47  4 of 5 START sql table model driven_staging.dim_person ......................... [RUN]
[2025-04-10T07:07:50.023+0000] {subprocess.py:93} INFO - [0m07:07:50  4 of 5 OK created sql table model driven_staging.dim_person .................... [[32mSELECT 680370[0m in 2.18s]
[2025-04-10T07:07:50.029+0000] {subprocess.py:93} INFO - [0m07:07:50  5 of 5 START sql table model driven_staging.fact_network_usage ................. [RUN]
[2025-04-10T07:07:57.838+0000] {subprocess.py:93} INFO - [0m07:07:57  5 of 5 OK created sql table model driven_staging.fact_network_usage ............ [[32mSELECT 680370[0m in 7.81s]
[2025-04-10T07:07:57.883+0000] {subprocess.py:93} INFO - [0m07:07:57
[2025-04-10T07:07:57.885+0000] {subprocess.py:93} INFO - [0m07:07:57  Finished running 5 table models in 0 hours 0 minutes and 33.13 seconds (33.13s).
[2025-04-10T07:07:58.067+0000] {subprocess.py:93} INFO - [0m07:07:58
[2025-04-10T07:07:58.069+0000] {subprocess.py:93} INFO - [0m07:07:58  [32mCompleted successfully[0m
[2025-04-10T07:07:58.071+0000] {subprocess.py:93} INFO - [0m07:07:58
[2025-04-10T07:07:58.075+0000] {subprocess.py:93} INFO - [0m07:07:58  Done. PASS=5 WARN=0 ERROR=0 SKIP=0 TOTAL=5
[2025-04-10T07:08:00.118+0000] {subprocess.py:97} INFO - Command exited with return code 0
[2025-04-10T07:08:00.185+0000] {taskinstance.py:340} INFO - ::group::Post task execution logs
[2025-04-10T07:08:00.188+0000] {taskinstance.py:352} INFO - Marking task as SUCCESS. dag_id=extract_raw_data_pipeline, task_id=run_dbt_staging, run_id=scheduled__2025-04-10T07:06:00+00:00, execution_date=20250410T070600, start_date=20250410T070716, end_date=20250410T070800
[2025-04-10T07:08:00.292+0000] {local_task_job_runner.py:266} INFO - Task exited with return code 0
[2025-04-10T07:08:00.355+0000] {taskinstance.py:3900} INFO - 1 downstream tasks scheduled from follow-on schedule check
[2025-04-10T07:08:00.358+0000] {local_task_job_runner.py:245} INFO - ::endgroup::
