[2025-04-10T07:01:03.411+0000] {local_task_job_runner.py:123} INFO - ::group::Pre task execution logs
[2025-04-10T07:01:03.447+0000] {taskinstance.py:2612} INFO - Dependencies all met for dep_context=non-requeueable deps ti=<TaskInstance: extract_raw_data_pipeline.extract_raw_data scheduled__2025-04-10T07:00:00+00:00 [queued]>
[2025-04-10T07:01:03.466+0000] {taskinstance.py:2612} INFO - Dependencies all met for dep_context=requeueable deps ti=<TaskInstance: extract_raw_data_pipeline.extract_raw_data scheduled__2025-04-10T07:00:00+00:00 [queued]>
[2025-04-10T07:01:03.468+0000] {taskinstance.py:2865} INFO - Starting attempt 1 of 1
[2025-04-10T07:01:03.508+0000] {taskinstance.py:2888} INFO - Executing <Task(PythonOperator): extract_raw_data> on 2025-04-10 07:00:00+00:00
[2025-04-10T07:01:03.517+0000] {warnings.py:112} WARNING - /home/***/.local/lib/python3.12/site-packages/***/task/task_runner/standard_task_runner.py:70: DeprecationWarning: This process (pid=2253) is multi-threaded, use of fork() may lead to deadlocks in the child.
  pid = os.fork()

[2025-04-10T07:01:03.520+0000] {standard_task_runner.py:104} INFO - Running: ['***', 'tasks', 'run', 'extract_raw_data_pipeline', 'extract_raw_data', 'scheduled__2025-04-10T07:00:00+00:00', '--job-id', '438', '--raw', '--subdir', 'DAGS_FOLDER/driven_data_pipeline.py', '--cfg-path', '/tmp/tmph2m3jire']
[2025-04-10T07:01:03.522+0000] {standard_task_runner.py:72} INFO - Started process 2257 to run task
[2025-04-10T07:01:03.523+0000] {standard_task_runner.py:105} INFO - Job 438: Subtask extract_raw_data
[2025-04-10T07:01:03.619+0000] {task_command.py:467} INFO - Running <TaskInstance: extract_raw_data_pipeline.extract_raw_data scheduled__2025-04-10T07:00:00+00:00 [running]> on host c829a6b69367
[2025-04-10T07:01:03.784+0000] {taskinstance.py:3131} INFO - Exporting env vars: AIRFLOW_CTX_DAG_OWNER='***' AIRFLOW_CTX_DAG_ID='extract_raw_data_pipeline' AIRFLOW_CTX_TASK_ID='extract_raw_data' AIRFLOW_CTX_EXECUTION_DATE='2025-04-10T07:00:00+00:00' AIRFLOW_CTX_TRY_NUMBER='1' AIRFLOW_CTX_DAG_RUN_ID='scheduled__2025-04-10T07:00:00+00:00'
[2025-04-10T07:01:03.787+0000] {taskinstance.py:731} INFO - ::endgroup::
[2025-04-10T07:01:03.813+0000] {driven_data_pipeline.py:148} INFO - Started batch processing for 2025-04-10.
[2025-04-10T07:01:03.814+0000] {driven_data_pipeline.py:35} INFO - Created synthetic data for RO country code.
[2025-04-10T07:01:03.998+0000] {driven_data_pipeline.py:105} INFO - Written 204 records to the CSV file.
[2025-04-10T07:01:04.484+0000] {driven_data_pipeline.py:121} INFO - Added UUID to the dataset.
[2025-04-10T07:01:04.807+0000] {driven_data_pipeline.py:140} INFO - Updated accessed timestamp.
[2025-04-10T07:01:04.808+0000] {driven_data_pipeline.py:156} INFO - Finished batch processing 2025-04-10.
[2025-04-10T07:01:04.809+0000] {python.py:240} INFO - Done. Returned value was: None
[2025-04-10T07:01:04.830+0000] {taskinstance.py:340} INFO - ::group::Post task execution logs
[2025-04-10T07:01:04.832+0000] {taskinstance.py:352} INFO - Marking task as SUCCESS. dag_id=extract_raw_data_pipeline, task_id=extract_raw_data, run_id=scheduled__2025-04-10T07:00:00+00:00, execution_date=20250410T070000, start_date=20250410T070103, end_date=20250410T070104
[2025-04-10T07:01:04.870+0000] {local_task_job_runner.py:266} INFO - Task exited with return code 0
[2025-04-10T07:01:04.914+0000] {taskinstance.py:3900} INFO - 1 downstream tasks scheduled from follow-on schedule check
[2025-04-10T07:01:04.920+0000] {local_task_job_runner.py:245} INFO - ::endgroup::
