[2025-04-09T07:22:06.092+0000] {local_task_job_runner.py:123} INFO - ::group::Pre task execution logs
[2025-04-09T07:22:06.109+0000] {taskinstance.py:2612} INFO - Dependencies all met for dep_context=non-requeueable deps ti=<TaskInstance: extract_raw_data_pipeline.run_dbt_staging scheduled__2025-04-09T07:21:00+00:00 [queued]>
[2025-04-09T07:22:06.124+0000] {taskinstance.py:2612} INFO - Dependencies all met for dep_context=requeueable deps ti=<TaskInstance: extract_raw_data_pipeline.run_dbt_staging scheduled__2025-04-09T07:21:00+00:00 [queued]>
[2025-04-09T07:22:06.125+0000] {taskinstance.py:2865} INFO - Starting attempt 1 of 1
[2025-04-09T07:22:06.142+0000] {taskinstance.py:2888} INFO - Executing <Task(BashOperator): run_dbt_staging> on 2025-04-09 07:21:00+00:00
[2025-04-09T07:22:06.150+0000] {warnings.py:112} WARNING - /home/***/.local/lib/python3.12/site-packages/***/task/task_runner/standard_task_runner.py:70: DeprecationWarning: This process (pid=2247) is multi-threaded, use of fork() may lead to deadlocks in the child.
  pid = os.fork()

[2025-04-09T07:22:06.151+0000] {standard_task_runner.py:72} INFO - Started process 2249 to run task
[2025-04-09T07:22:06.152+0000] {standard_task_runner.py:104} INFO - Running: ['***', 'tasks', 'run', 'extract_raw_data_pipeline', 'run_dbt_staging', 'scheduled__2025-04-09T07:21:00+00:00', '--job-id', '201', '--raw', '--subdir', 'DAGS_FOLDER/driven_data_pipeline.py', '--cfg-path', '/tmp/tmpfk31vo1e']
[2025-04-09T07:22:06.153+0000] {standard_task_runner.py:105} INFO - Job 201: Subtask run_dbt_staging
[2025-04-09T07:22:06.201+0000] {task_command.py:467} INFO - Running <TaskInstance: extract_raw_data_pipeline.run_dbt_staging scheduled__2025-04-09T07:21:00+00:00 [running]> on host c829a6b69367
[2025-04-09T07:22:06.297+0000] {taskinstance.py:3131} INFO - Exporting env vars: AIRFLOW_CTX_DAG_OWNER='***' AIRFLOW_CTX_DAG_ID='extract_raw_data_pipeline' AIRFLOW_CTX_TASK_ID='run_dbt_staging' AIRFLOW_CTX_EXECUTION_DATE='2025-04-09T07:21:00+00:00' AIRFLOW_CTX_TRY_NUMBER='1' AIRFLOW_CTX_DAG_RUN_ID='scheduled__2025-04-09T07:21:00+00:00'
[2025-04-09T07:22:06.298+0000] {taskinstance.py:731} INFO - ::endgroup::
[2025-04-09T07:22:06.314+0000] {subprocess.py:63} INFO - Tmp dir root location: /tmp
[2025-04-09T07:22:06.315+0000] {subprocess.py:75} INFO - Running command: ['/usr/bin/bash', '-c', 'set -x; cd /opt/***/dbt && dbt run --select tag:staging']
[2025-04-09T07:22:06.329+0000] {subprocess.py:86} INFO - Output:
[2025-04-09T07:22:06.331+0000] {subprocess.py:93} INFO - + cd /opt/***/dbt
[2025-04-09T07:22:06.332+0000] {subprocess.py:93} INFO - + dbt run --select tag:staging
[2025-04-09T07:22:08.907+0000] {subprocess.py:93} INFO - [0m07:22:08  Running with dbt=1.8.0
[2025-04-09T07:22:09.242+0000] {subprocess.py:93} INFO - [0m07:22:09  Registered adapter: postgres=1.8.2
[2025-04-09T07:22:09.817+0000] {subprocess.py:93} INFO - [0m07:22:09  Found 9 models, 10 sources, 428 macros
[2025-04-09T07:22:09.821+0000] {subprocess.py:93} INFO - [0m07:22:09
[2025-04-09T07:22:09.977+0000] {subprocess.py:93} INFO - [0m07:22:09  Concurrency: 1 threads (target='dev')
[2025-04-09T07:22:09.978+0000] {subprocess.py:93} INFO - [0m07:22:09
[2025-04-09T07:22:09.992+0000] {subprocess.py:93} INFO - [0m07:22:09  1 of 5 START sql table model driven_staging.dim_address ........................ [RUN]
[2025-04-09T07:22:10.519+0000] {subprocess.py:93} INFO - [0m07:22:10  1 of 5 OK created sql table model driven_staging.dim_address ................... [[32mSELECT 211066[0m in 0.52s]
[2025-04-09T07:22:10.524+0000] {subprocess.py:93} INFO - [0m07:22:10  2 of 5 START sql table model driven_staging.dim_date ........................... [RUN]
[2025-04-09T07:22:10.862+0000] {subprocess.py:93} INFO - [0m07:22:10  2 of 5 OK created sql table model driven_staging.dim_date ...................... [[32mSELECT 211066[0m in 0.34s]
[2025-04-09T07:22:10.865+0000] {subprocess.py:93} INFO - [0m07:22:10  3 of 5 START sql table model driven_staging.dim_finance ........................ [RUN]
[2025-04-09T07:22:11.267+0000] {subprocess.py:93} INFO - [0m07:22:11  3 of 5 OK created sql table model driven_staging.dim_finance ................... [[32mSELECT 211066[0m in 0.40s]
[2025-04-09T07:22:11.270+0000] {subprocess.py:93} INFO - [0m07:22:11  4 of 5 START sql table model driven_staging.dim_person ......................... [RUN]
[2025-04-09T07:22:11.749+0000] {subprocess.py:93} INFO - [0m07:22:11  4 of 5 OK created sql table model driven_staging.dim_person .................... [[32mSELECT 211066[0m in 0.48s]
[2025-04-09T07:22:11.752+0000] {subprocess.py:93} INFO - [0m07:22:11  5 of 5 START sql table model driven_staging.fact_network_usage ................. [RUN]
[2025-04-09T07:22:12.079+0000] {subprocess.py:93} INFO - [0m07:22:12  5 of 5 OK created sql table model driven_staging.fact_network_usage ............ [[32mSELECT 211066[0m in 0.32s]
[2025-04-09T07:22:12.100+0000] {subprocess.py:93} INFO - [0m07:22:12
[2025-04-09T07:22:12.101+0000] {subprocess.py:93} INFO - [0m07:22:12  Finished running 5 table models in 0 hours 0 minutes and 2.28 seconds (2.28s).
[2025-04-09T07:22:12.163+0000] {subprocess.py:93} INFO - [0m07:22:12
[2025-04-09T07:22:12.164+0000] {subprocess.py:93} INFO - [0m07:22:12  [32mCompleted successfully[0m
[2025-04-09T07:22:12.164+0000] {subprocess.py:93} INFO - [0m07:22:12
[2025-04-09T07:22:12.165+0000] {subprocess.py:93} INFO - [0m07:22:12  Done. PASS=5 WARN=0 ERROR=0 SKIP=0 TOTAL=5
[2025-04-09T07:22:13.481+0000] {subprocess.py:97} INFO - Command exited with return code 0
[2025-04-09T07:22:13.520+0000] {taskinstance.py:340} INFO - ::group::Post task execution logs
[2025-04-09T07:22:13.522+0000] {taskinstance.py:352} INFO - Marking task as SUCCESS. dag_id=extract_raw_data_pipeline, task_id=run_dbt_staging, run_id=scheduled__2025-04-09T07:21:00+00:00, execution_date=20250409T072100, start_date=20250409T072206, end_date=20250409T072213
[2025-04-09T07:22:13.563+0000] {local_task_job_runner.py:266} INFO - Task exited with return code 0
[2025-04-09T07:22:13.589+0000] {taskinstance.py:3900} INFO - 1 downstream tasks scheduled from follow-on schedule check
[2025-04-09T07:22:13.593+0000] {local_task_job_runner.py:245} INFO - ::endgroup::
