[2025-04-10T07:01:11.702+0000] {local_task_job_runner.py:123} INFO - ::group::Pre task execution logs
[2025-04-10T07:01:11.731+0000] {taskinstance.py:2612} INFO - Dependencies all met for dep_context=non-requeueable deps ti=<TaskInstance: extract_raw_data_pipeline.run_dbt_staging scheduled__2025-04-10T07:00:00+00:00 [queued]>
[2025-04-10T07:01:11.748+0000] {taskinstance.py:2612} INFO - Dependencies all met for dep_context=requeueable deps ti=<TaskInstance: extract_raw_data_pipeline.run_dbt_staging scheduled__2025-04-10T07:00:00+00:00 [queued]>
[2025-04-10T07:01:11.750+0000] {taskinstance.py:2865} INFO - Starting attempt 1 of 1
[2025-04-10T07:01:11.787+0000] {taskinstance.py:2888} INFO - Executing <Task(BashOperator): run_dbt_staging> on 2025-04-10 07:00:00+00:00
[2025-04-10T07:01:11.804+0000] {warnings.py:112} WARNING - /home/***/.local/lib/python3.12/site-packages/***/task/task_runner/standard_task_runner.py:70: DeprecationWarning: This process (pid=2281) is multi-threaded, use of fork() may lead to deadlocks in the child.
  pid = os.fork()

[2025-04-10T07:01:11.807+0000] {standard_task_runner.py:72} INFO - Started process 2283 to run task
[2025-04-10T07:01:11.808+0000] {standard_task_runner.py:104} INFO - Running: ['***', 'tasks', 'run', 'extract_raw_data_pipeline', 'run_dbt_staging', 'scheduled__2025-04-10T07:00:00+00:00', '--job-id', '441', '--raw', '--subdir', 'DAGS_FOLDER/driven_data_pipeline.py', '--cfg-path', '/tmp/tmph_vgrege']
[2025-04-10T07:01:11.811+0000] {standard_task_runner.py:105} INFO - Job 441: Subtask run_dbt_staging
[2025-04-10T07:01:11.902+0000] {task_command.py:467} INFO - Running <TaskInstance: extract_raw_data_pipeline.run_dbt_staging scheduled__2025-04-10T07:00:00+00:00 [running]> on host c829a6b69367
[2025-04-10T07:01:12.051+0000] {taskinstance.py:3131} INFO - Exporting env vars: AIRFLOW_CTX_DAG_OWNER='***' AIRFLOW_CTX_DAG_ID='extract_raw_data_pipeline' AIRFLOW_CTX_TASK_ID='run_dbt_staging' AIRFLOW_CTX_EXECUTION_DATE='2025-04-10T07:00:00+00:00' AIRFLOW_CTX_TRY_NUMBER='1' AIRFLOW_CTX_DAG_RUN_ID='scheduled__2025-04-10T07:00:00+00:00'
[2025-04-10T07:01:12.053+0000] {taskinstance.py:731} INFO - ::endgroup::
[2025-04-10T07:01:12.080+0000] {subprocess.py:63} INFO - Tmp dir root location: /tmp
[2025-04-10T07:01:12.083+0000] {subprocess.py:75} INFO - Running command: ['/usr/bin/bash', '-c', 'set -x; cd /opt/***/dbt && dbt run --select tag:staging']
[2025-04-10T07:01:12.111+0000] {subprocess.py:86} INFO - Output:
[2025-04-10T07:01:12.115+0000] {subprocess.py:93} INFO - + cd /opt/***/dbt
[2025-04-10T07:01:12.116+0000] {subprocess.py:93} INFO - + dbt run --select tag:staging
[2025-04-10T07:01:16.674+0000] {subprocess.py:93} INFO - [0m07:01:16  Running with dbt=1.8.0
[2025-04-10T07:01:17.304+0000] {subprocess.py:93} INFO - [0m07:01:17  Registered adapter: postgres=1.8.2
[2025-04-10T07:01:18.708+0000] {subprocess.py:93} INFO - [0m07:01:18  Found 9 models, 10 sources, 428 macros
[2025-04-10T07:01:18.722+0000] {subprocess.py:93} INFO - [0m07:01:18
[2025-04-10T07:01:19.047+0000] {subprocess.py:93} INFO - [0m07:01:19  Concurrency: 1 threads (target='dev')
[2025-04-10T07:01:19.049+0000] {subprocess.py:93} INFO - [0m07:01:19
[2025-04-10T07:01:19.086+0000] {subprocess.py:93} INFO - [0m07:01:19  1 of 5 START sql table model driven_staging.dim_address ........................ [RUN]
[2025-04-10T07:01:32.821+0000] {subprocess.py:93} INFO - [0m07:01:32  1 of 5 OK created sql table model driven_staging.dim_address ................... [[32mSELECT 577441[0m in 13.72s]
[2025-04-10T07:01:32.830+0000] {subprocess.py:93} INFO - [0m07:01:32  2 of 5 START sql table model driven_staging.dim_date ........................... [RUN]
[2025-04-10T07:01:35.986+0000] {subprocess.py:93} INFO - [0m07:01:35  2 of 5 OK created sql table model driven_staging.dim_date ...................... [[32mSELECT 577441[0m in 3.13s]
[2025-04-10T07:01:36.002+0000] {subprocess.py:93} INFO - [0m07:01:36  3 of 5 START sql table model driven_staging.dim_finance ........................ [RUN]
[2025-04-10T07:01:38.177+0000] {subprocess.py:93} INFO - [0m07:01:38  3 of 5 OK created sql table model driven_staging.dim_finance ................... [[32mSELECT 577441[0m in 2.17s]
[2025-04-10T07:01:38.183+0000] {subprocess.py:93} INFO - [0m07:01:38  4 of 5 START sql table model driven_staging.dim_person ......................... [RUN]
[2025-04-10T07:01:39.573+0000] {subprocess.py:93} INFO - [0m07:01:39  4 of 5 OK created sql table model driven_staging.dim_person .................... [[32mSELECT 577441[0m in 1.39s]
[2025-04-10T07:01:39.580+0000] {subprocess.py:93} INFO - [0m07:01:39  5 of 5 START sql table model driven_staging.fact_network_usage ................. [RUN]
[2025-04-10T07:01:40.507+0000] {subprocess.py:93} INFO - [0m07:01:40  5 of 5 OK created sql table model driven_staging.fact_network_usage ............ [[32mSELECT 577441[0m in 0.92s]
[2025-04-10T07:01:40.537+0000] {subprocess.py:93} INFO - [0m07:01:40
[2025-04-10T07:01:40.538+0000] {subprocess.py:93} INFO - [0m07:01:40  Finished running 5 table models in 0 hours 0 minutes and 21.81 seconds (21.81s).
[2025-04-10T07:01:40.623+0000] {subprocess.py:93} INFO - [0m07:01:40
[2025-04-10T07:01:40.625+0000] {subprocess.py:93} INFO - [0m07:01:40  [32mCompleted successfully[0m
[2025-04-10T07:01:40.626+0000] {subprocess.py:93} INFO - [0m07:01:40
[2025-04-10T07:01:40.629+0000] {subprocess.py:93} INFO - [0m07:01:40  Done. PASS=5 WARN=0 ERROR=0 SKIP=0 TOTAL=5
[2025-04-10T07:01:42.114+0000] {subprocess.py:97} INFO - Command exited with return code 0
[2025-04-10T07:01:42.170+0000] {taskinstance.py:340} INFO - ::group::Post task execution logs
[2025-04-10T07:01:42.171+0000] {taskinstance.py:352} INFO - Marking task as SUCCESS. dag_id=extract_raw_data_pipeline, task_id=run_dbt_staging, run_id=scheduled__2025-04-10T07:00:00+00:00, execution_date=20250410T070000, start_date=20250410T070111, end_date=20250410T070142
[2025-04-10T07:01:42.236+0000] {local_task_job_runner.py:266} INFO - Task exited with return code 0
[2025-04-10T07:01:42.274+0000] {taskinstance.py:3900} INFO - 1 downstream tasks scheduled from follow-on schedule check
[2025-04-10T07:01:42.277+0000] {local_task_job_runner.py:245} INFO - ::endgroup::
