[2025-04-10T07:09:14.944+0000] {local_task_job_runner.py:123} INFO - ::group::Pre task execution logs
[2025-04-10T07:09:14.985+0000] {taskinstance.py:2612} INFO - Dependencies all met for dep_context=non-requeueable deps ti=<TaskInstance: extract_raw_data_pipeline.run_dbt_staging scheduled__2025-04-10T07:08:00+00:00 [queued]>
[2025-04-10T07:09:15.009+0000] {taskinstance.py:2612} INFO - Dependencies all met for dep_context=requeueable deps ti=<TaskInstance: extract_raw_data_pipeline.run_dbt_staging scheduled__2025-04-10T07:08:00+00:00 [queued]>
[2025-04-10T07:09:15.010+0000] {taskinstance.py:2865} INFO - Starting attempt 1 of 1
[2025-04-10T07:09:15.054+0000] {taskinstance.py:2888} INFO - Executing <Task(BashOperator): run_dbt_staging> on 2025-04-10 07:08:00+00:00
[2025-04-10T07:09:15.081+0000] {warnings.py:112} WARNING - /home/***/.local/lib/python3.12/site-packages/***/task/task_runner/standard_task_runner.py:70: DeprecationWarning: This process (pid=2751) is multi-threaded, use of fork() may lead to deadlocks in the child.
  pid = os.fork()

[2025-04-10T07:09:15.086+0000] {standard_task_runner.py:72} INFO - Started process 2759 to run task
[2025-04-10T07:09:15.086+0000] {standard_task_runner.py:104} INFO - Running: ['***', 'tasks', 'run', 'extract_raw_data_pipeline', 'run_dbt_staging', 'scheduled__2025-04-10T07:08:00+00:00', '--job-id', '489', '--raw', '--subdir', 'DAGS_FOLDER/driven_data_pipeline.py', '--cfg-path', '/tmp/tmp1gvrtytn']
[2025-04-10T07:09:15.089+0000] {standard_task_runner.py:105} INFO - Job 489: Subtask run_dbt_staging
[2025-04-10T07:09:15.211+0000] {task_command.py:467} INFO - Running <TaskInstance: extract_raw_data_pipeline.run_dbt_staging scheduled__2025-04-10T07:08:00+00:00 [running]> on host c829a6b69367
[2025-04-10T07:09:15.433+0000] {taskinstance.py:3131} INFO - Exporting env vars: AIRFLOW_CTX_DAG_OWNER='***' AIRFLOW_CTX_DAG_ID='extract_raw_data_pipeline' AIRFLOW_CTX_TASK_ID='run_dbt_staging' AIRFLOW_CTX_EXECUTION_DATE='2025-04-10T07:08:00+00:00' AIRFLOW_CTX_TRY_NUMBER='1' AIRFLOW_CTX_DAG_RUN_ID='scheduled__2025-04-10T07:08:00+00:00'
[2025-04-10T07:09:15.435+0000] {taskinstance.py:731} INFO - ::endgroup::
[2025-04-10T07:09:15.472+0000] {subprocess.py:63} INFO - Tmp dir root location: /tmp
[2025-04-10T07:09:15.473+0000] {subprocess.py:75} INFO - Running command: ['/usr/bin/bash', '-c', 'set -x; cd /opt/***/dbt && dbt run --select tag:staging']
[2025-04-10T07:09:15.509+0000] {subprocess.py:86} INFO - Output:
[2025-04-10T07:09:15.513+0000] {subprocess.py:93} INFO - + cd /opt/***/dbt
[2025-04-10T07:09:15.515+0000] {subprocess.py:93} INFO - + dbt run --select tag:staging
[2025-04-10T07:09:21.667+0000] {subprocess.py:93} INFO - [0m07:09:21  Running with dbt=1.8.0
[2025-04-10T07:09:22.392+0000] {subprocess.py:93} INFO - [0m07:09:22  Registered adapter: postgres=1.8.2
[2025-04-10T07:09:23.764+0000] {subprocess.py:93} INFO - [0m07:09:23  Found 9 models, 10 sources, 428 macros
[2025-04-10T07:09:23.771+0000] {subprocess.py:93} INFO - [0m07:09:23
[2025-04-10T07:09:24.063+0000] {subprocess.py:93} INFO - [0m07:09:24  Concurrency: 1 threads (target='dev')
[2025-04-10T07:09:24.064+0000] {subprocess.py:93} INFO - [0m07:09:24
[2025-04-10T07:09:24.084+0000] {subprocess.py:93} INFO - [0m07:09:24  1 of 5 START sql table model driven_staging.dim_address ........................ [RUN]
[2025-04-10T07:09:44.221+0000] {subprocess.py:93} INFO - [0m07:09:44  1 of 5 OK created sql table model driven_staging.dim_address ................... [[32mSELECT 719665[0m in 20.13s]
[2025-04-10T07:09:44.231+0000] {subprocess.py:93} INFO - [0m07:09:44  2 of 5 START sql table model driven_staging.dim_date ........................... [RUN]
[2025-04-10T07:09:45.910+0000] {subprocess.py:93} INFO - [0m07:09:45  2 of 5 OK created sql table model driven_staging.dim_date ...................... [[32mSELECT 719665[0m in 1.67s]
[2025-04-10T07:09:45.921+0000] {subprocess.py:93} INFO - [0m07:09:45  3 of 5 START sql table model driven_staging.dim_finance ........................ [RUN]
[2025-04-10T07:09:48.306+0000] {subprocess.py:93} INFO - [0m07:09:48  3 of 5 OK created sql table model driven_staging.dim_finance ................... [[32mSELECT 719665[0m in 2.38s]
[2025-04-10T07:09:48.316+0000] {subprocess.py:93} INFO - [0m07:09:48  4 of 5 START sql table model driven_staging.dim_person ......................... [RUN]
[2025-04-10T07:09:57.822+0000] {subprocess.py:93} INFO - [0m07:09:57  4 of 5 OK created sql table model driven_staging.dim_person .................... [[32mSELECT 719665[0m in 9.50s]
[2025-04-10T07:09:57.836+0000] {subprocess.py:93} INFO - [0m07:09:57  5 of 5 START sql table model driven_staging.fact_network_usage ................. [RUN]
[2025-04-10T07:10:01.092+0000] {subprocess.py:93} INFO - [0m07:10:01  5 of 5 OK created sql table model driven_staging.fact_network_usage ............ [[32mSELECT 719665[0m in 3.25s]
[2025-04-10T07:10:01.138+0000] {subprocess.py:93} INFO - [0m07:10:01
[2025-04-10T07:10:01.142+0000] {subprocess.py:93} INFO - [0m07:10:01  Finished running 5 table models in 0 hours 0 minutes and 37.36 seconds (37.36s).
[2025-04-10T07:10:01.326+0000] {subprocess.py:93} INFO - [0m07:10:01
[2025-04-10T07:10:01.328+0000] {subprocess.py:93} INFO - [0m07:10:01  [32mCompleted successfully[0m
[2025-04-10T07:10:01.330+0000] {subprocess.py:93} INFO - [0m07:10:01
[2025-04-10T07:10:01.332+0000] {subprocess.py:93} INFO - [0m07:10:01  Done. PASS=5 WARN=0 ERROR=0 SKIP=0 TOTAL=5
[2025-04-10T07:10:03.683+0000] {subprocess.py:97} INFO - Command exited with return code 0
[2025-04-10T07:10:03.772+0000] {taskinstance.py:340} INFO - ::group::Post task execution logs
[2025-04-10T07:10:03.775+0000] {taskinstance.py:352} INFO - Marking task as SUCCESS. dag_id=extract_raw_data_pipeline, task_id=run_dbt_staging, run_id=scheduled__2025-04-10T07:08:00+00:00, execution_date=20250410T070800, start_date=20250410T070914, end_date=20250410T071003
[2025-04-10T07:10:03.863+0000] {local_task_job_runner.py:266} INFO - Task exited with return code 0
[2025-04-10T07:10:03.957+0000] {taskinstance.py:3900} INFO - 1 downstream tasks scheduled from follow-on schedule check
[2025-04-10T07:10:03.980+0000] {local_task_job_runner.py:245} INFO - ::endgroup::
