[2025-04-09T07:55:21.235+0000] {local_task_job_runner.py:123} INFO - ::group::Pre task execution logs
[2025-04-09T07:55:21.280+0000] {taskinstance.py:2612} INFO - Dependencies all met for dep_context=non-requeueable deps ti=<TaskInstance: extract_raw_data_pipeline.run_dbt_trusted scheduled__2025-04-09T07:54:00+00:00 [queued]>
[2025-04-09T07:55:21.304+0000] {taskinstance.py:2612} INFO - Dependencies all met for dep_context=requeueable deps ti=<TaskInstance: extract_raw_data_pipeline.run_dbt_trusted scheduled__2025-04-09T07:54:00+00:00 [queued]>
[2025-04-09T07:55:21.305+0000] {taskinstance.py:2865} INFO - Starting attempt 1 of 1
[2025-04-09T07:55:21.350+0000] {taskinstance.py:2888} INFO - Executing <Task(BashOperator): run_dbt_trusted> on 2025-04-09 07:54:00+00:00
[2025-04-09T07:55:21.365+0000] {warnings.py:112} WARNING - /home/***/.local/lib/python3.12/site-packages/***/task/task_runner/standard_task_runner.py:70: DeprecationWarning: This process (pid=4258) is multi-threaded, use of fork() may lead to deadlocks in the child.
  pid = os.fork()

[2025-04-09T07:55:21.369+0000] {standard_task_runner.py:72} INFO - Started process 4260 to run task
[2025-04-09T07:55:21.369+0000] {standard_task_runner.py:104} INFO - Running: ['***', 'tasks', 'run', 'extract_raw_data_pipeline', 'run_dbt_trusted', 'scheduled__2025-04-09T07:54:00+00:00', '--job-id', '404', '--raw', '--subdir', 'DAGS_FOLDER/driven_data_pipeline.py', '--cfg-path', '/tmp/tmpj00m4svs']
[2025-04-09T07:55:21.371+0000] {standard_task_runner.py:105} INFO - Job 404: Subtask run_dbt_trusted
[2025-04-09T07:55:21.472+0000] {task_command.py:467} INFO - Running <TaskInstance: extract_raw_data_pipeline.run_dbt_trusted scheduled__2025-04-09T07:54:00+00:00 [running]> on host c829a6b69367
[2025-04-09T07:55:21.692+0000] {taskinstance.py:3131} INFO - Exporting env vars: AIRFLOW_CTX_DAG_OWNER='***' AIRFLOW_CTX_DAG_ID='extract_raw_data_pipeline' AIRFLOW_CTX_TASK_ID='run_dbt_trusted' AIRFLOW_CTX_EXECUTION_DATE='2025-04-09T07:54:00+00:00' AIRFLOW_CTX_TRY_NUMBER='1' AIRFLOW_CTX_DAG_RUN_ID='scheduled__2025-04-09T07:54:00+00:00'
[2025-04-09T07:55:21.695+0000] {taskinstance.py:731} INFO - ::endgroup::
[2025-04-09T07:55:21.722+0000] {subprocess.py:63} INFO - Tmp dir root location: /tmp
[2025-04-09T07:55:21.724+0000] {subprocess.py:75} INFO - Running command: ['/usr/bin/bash', '-c', 'set -x; cd /opt/***/dbt && dbt run --select tag:trusted']
[2025-04-09T07:55:21.745+0000] {subprocess.py:86} INFO - Output:
[2025-04-09T07:55:21.748+0000] {subprocess.py:93} INFO - + cd /opt/***/dbt
[2025-04-09T07:55:21.750+0000] {subprocess.py:93} INFO - + dbt run --select tag:trusted
[2025-04-09T07:55:24.587+0000] {subprocess.py:93} INFO - [0m07:55:24  Running with dbt=1.8.0
[2025-04-09T07:55:25.348+0000] {subprocess.py:93} INFO - [0m07:55:25  Registered adapter: postgres=1.8.2
[2025-04-09T07:55:25.981+0000] {subprocess.py:93} INFO - [0m07:55:25  Found 9 models, 10 sources, 428 macros
[2025-04-09T07:55:25.985+0000] {subprocess.py:93} INFO - [0m07:55:25
[2025-04-09T07:55:26.131+0000] {subprocess.py:93} INFO - [0m07:55:26  Concurrency: 1 threads (target='dev')
[2025-04-09T07:55:26.132+0000] {subprocess.py:93} INFO - [0m07:55:26
[2025-04-09T07:55:26.156+0000] {subprocess.py:93} INFO - [0m07:55:26  1 of 4 START sql table model driven_trusted.non_pii_data ....................... [RUN]
[2025-04-09T07:55:37.754+0000] {subprocess.py:93} INFO - [0m07:55:37  1 of 4 OK created sql table model driven_trusted.non_pii_data .................. [[32mSELECT 492888[0m in 11.59s]
[2025-04-09T07:55:37.757+0000] {subprocess.py:93} INFO - [0m07:55:37  2 of 4 START sql table model driven_trusted.payment_data ....................... [RUN]
[2025-04-09T07:55:41.431+0000] {subprocess.py:93} INFO - [0m07:55:41  2 of 4 OK created sql table model driven_trusted.payment_data .................. [[32mSELECT 492888[0m in 3.67s]
[2025-04-09T07:55:41.434+0000] {subprocess.py:93} INFO - [0m07:55:41  3 of 4 START sql table model driven_trusted.pii_data ........................... [RUN]
[2025-04-09T07:55:54.701+0000] {subprocess.py:93} INFO - [0m07:55:54  3 of 4 OK created sql table model driven_trusted.pii_data ...................... [[32mSELECT 492888[0m in 13.26s]
[2025-04-09T07:55:54.705+0000] {subprocess.py:93} INFO - [0m07:55:54  4 of 4 START sql table model driven_trusted.technical_data ..................... [RUN]
[2025-04-09T07:56:00.363+0000] {subprocess.py:93} INFO - [0m07:56:00  4 of 4 OK created sql table model driven_trusted.technical_data ................ [[32mSELECT 492888[0m in 5.66s]
[2025-04-09T07:56:00.382+0000] {subprocess.py:93} INFO - [0m07:56:00
[2025-04-09T07:56:00.383+0000] {subprocess.py:93} INFO - [0m07:56:00  Finished running 4 table models in 0 hours 0 minutes and 34.40 seconds (34.40s).
[2025-04-09T07:56:00.464+0000] {subprocess.py:93} INFO - [0m07:56:00
[2025-04-09T07:56:00.465+0000] {subprocess.py:93} INFO - [0m07:56:00  [32mCompleted successfully[0m
[2025-04-09T07:56:00.466+0000] {subprocess.py:93} INFO - [0m07:56:00
[2025-04-09T07:56:00.467+0000] {subprocess.py:93} INFO - [0m07:56:00  Done. PASS=4 WARN=0 ERROR=0 SKIP=0 TOTAL=4
[2025-04-09T07:56:01.661+0000] {subprocess.py:97} INFO - Command exited with return code 0
[2025-04-09T07:56:01.699+0000] {taskinstance.py:340} INFO - ::group::Post task execution logs
[2025-04-09T07:56:01.700+0000] {taskinstance.py:352} INFO - Marking task as SUCCESS. dag_id=extract_raw_data_pipeline, task_id=run_dbt_trusted, run_id=scheduled__2025-04-09T07:54:00+00:00, execution_date=20250409T075400, start_date=20250409T075521, end_date=20250409T075601
[2025-04-09T07:56:01.739+0000] {local_task_job_runner.py:266} INFO - Task exited with return code 0
[2025-04-09T07:56:01.767+0000] {taskinstance.py:3900} INFO - 0 downstream tasks scheduled from follow-on schedule check
[2025-04-09T07:56:01.770+0000] {local_task_job_runner.py:245} INFO - ::endgroup::
