[2025-04-09T07:52:17.504+0000] {local_task_job_runner.py:123} INFO - ::group::Pre task execution logs
[2025-04-09T07:52:17.533+0000] {taskinstance.py:2612} INFO - Dependencies all met for dep_context=non-requeueable deps ti=<TaskInstance: extract_raw_data_pipeline.run_dbt_trusted scheduled__2025-04-09T07:51:00+00:00 [queued]>
[2025-04-09T07:52:17.550+0000] {taskinstance.py:2612} INFO - Dependencies all met for dep_context=requeueable deps ti=<TaskInstance: extract_raw_data_pipeline.run_dbt_trusted scheduled__2025-04-09T07:51:00+00:00 [queued]>
[2025-04-09T07:52:17.552+0000] {taskinstance.py:2865} INFO - Starting attempt 1 of 1
[2025-04-09T07:52:17.579+0000] {taskinstance.py:2888} INFO - Executing <Task(BashOperator): run_dbt_trusted> on 2025-04-09 07:51:00+00:00
[2025-04-09T07:52:17.594+0000] {warnings.py:112} WARNING - /home/***/.local/lib/python3.12/site-packages/***/task/task_runner/standard_task_runner.py:70: DeprecationWarning: This process (pid=4078) is multi-threaded, use of fork() may lead to deadlocks in the child.
  pid = os.fork()

[2025-04-09T07:52:17.597+0000] {standard_task_runner.py:72} INFO - Started process 4080 to run task
[2025-04-09T07:52:17.597+0000] {standard_task_runner.py:104} INFO - Running: ['***', 'tasks', 'run', 'extract_raw_data_pipeline', 'run_dbt_trusted', 'scheduled__2025-04-09T07:51:00+00:00', '--job-id', '386', '--raw', '--subdir', 'DAGS_FOLDER/driven_data_pipeline.py', '--cfg-path', '/tmp/tmpkl6aidif']
[2025-04-09T07:52:17.599+0000] {standard_task_runner.py:105} INFO - Job 386: Subtask run_dbt_trusted
[2025-04-09T07:52:17.705+0000] {task_command.py:467} INFO - Running <TaskInstance: extract_raw_data_pipeline.run_dbt_trusted scheduled__2025-04-09T07:51:00+00:00 [running]> on host c829a6b69367
[2025-04-09T07:52:17.868+0000] {taskinstance.py:3131} INFO - Exporting env vars: AIRFLOW_CTX_DAG_OWNER='***' AIRFLOW_CTX_DAG_ID='extract_raw_data_pipeline' AIRFLOW_CTX_TASK_ID='run_dbt_trusted' AIRFLOW_CTX_EXECUTION_DATE='2025-04-09T07:51:00+00:00' AIRFLOW_CTX_TRY_NUMBER='1' AIRFLOW_CTX_DAG_RUN_ID='scheduled__2025-04-09T07:51:00+00:00'
[2025-04-09T07:52:17.871+0000] {taskinstance.py:731} INFO - ::endgroup::
[2025-04-09T07:52:17.892+0000] {subprocess.py:63} INFO - Tmp dir root location: /tmp
[2025-04-09T07:52:17.894+0000] {subprocess.py:75} INFO - Running command: ['/usr/bin/bash', '-c', 'set -x; cd /opt/***/dbt && dbt run --select tag:trusted']
[2025-04-09T07:52:17.913+0000] {subprocess.py:86} INFO - Output:
[2025-04-09T07:52:17.915+0000] {subprocess.py:93} INFO - + cd /opt/***/dbt
[2025-04-09T07:52:17.916+0000] {subprocess.py:93} INFO - + dbt run --select tag:trusted
[2025-04-09T07:52:21.270+0000] {subprocess.py:93} INFO - [0m07:52:21  Running with dbt=1.8.0
[2025-04-09T07:52:21.706+0000] {subprocess.py:93} INFO - [0m07:52:21  Registered adapter: postgres=1.8.2
[2025-04-09T07:52:22.487+0000] {subprocess.py:93} INFO - [0m07:52:22  Found 9 models, 10 sources, 428 macros
[2025-04-09T07:52:22.492+0000] {subprocess.py:93} INFO - [0m07:52:22
[2025-04-09T07:52:22.683+0000] {subprocess.py:93} INFO - [0m07:52:22  Concurrency: 1 threads (target='dev')
[2025-04-09T07:52:22.685+0000] {subprocess.py:93} INFO - [0m07:52:22
[2025-04-09T07:52:22.701+0000] {subprocess.py:93} INFO - [0m07:52:22  1 of 4 START sql table model driven_trusted.non_pii_data ....................... [RUN]
[2025-04-09T07:52:33.383+0000] {subprocess.py:93} INFO - [0m07:52:33  1 of 4 OK created sql table model driven_trusted.non_pii_data .................. [[32mSELECT 457133[0m in 10.68s]
[2025-04-09T07:52:33.389+0000] {subprocess.py:93} INFO - [0m07:52:33  2 of 4 START sql table model driven_trusted.payment_data ....................... [RUN]
[2025-04-09T07:52:37.790+0000] {subprocess.py:93} INFO - [0m07:52:37  2 of 4 OK created sql table model driven_trusted.payment_data .................. [[32mSELECT 457133[0m in 4.40s]
[2025-04-09T07:52:37.794+0000] {subprocess.py:93} INFO - [0m07:52:37  3 of 4 START sql table model driven_trusted.pii_data ........................... [RUN]
[2025-04-09T07:52:48.169+0000] {subprocess.py:93} INFO - [0m07:52:48  3 of 4 OK created sql table model driven_trusted.pii_data ...................... [[32mSELECT 457133[0m in 10.37s]
[2025-04-09T07:52:48.172+0000] {subprocess.py:93} INFO - [0m07:52:48  4 of 4 START sql table model driven_trusted.technical_data ..................... [RUN]
[2025-04-09T07:52:51.775+0000] {subprocess.py:93} INFO - [0m07:52:51  4 of 4 OK created sql table model driven_trusted.technical_data ................ [[32mSELECT 457133[0m in 3.60s]
[2025-04-09T07:52:51.804+0000] {subprocess.py:93} INFO - [0m07:52:51
[2025-04-09T07:52:51.805+0000] {subprocess.py:93} INFO - [0m07:52:51  Finished running 4 table models in 0 hours 0 minutes and 29.31 seconds (29.31s).
[2025-04-09T07:52:51.894+0000] {subprocess.py:93} INFO - [0m07:52:51
[2025-04-09T07:52:51.895+0000] {subprocess.py:93} INFO - [0m07:52:51  [32mCompleted successfully[0m
[2025-04-09T07:52:51.896+0000] {subprocess.py:93} INFO - [0m07:52:51
[2025-04-09T07:52:51.897+0000] {subprocess.py:93} INFO - [0m07:52:51  Done. PASS=4 WARN=0 ERROR=0 SKIP=0 TOTAL=4
[2025-04-09T07:52:53.061+0000] {subprocess.py:97} INFO - Command exited with return code 0
[2025-04-09T07:52:53.097+0000] {taskinstance.py:340} INFO - ::group::Post task execution logs
[2025-04-09T07:52:53.098+0000] {taskinstance.py:352} INFO - Marking task as SUCCESS. dag_id=extract_raw_data_pipeline, task_id=run_dbt_trusted, run_id=scheduled__2025-04-09T07:51:00+00:00, execution_date=20250409T075100, start_date=20250409T075217, end_date=20250409T075253
[2025-04-09T07:52:53.164+0000] {local_task_job_runner.py:266} INFO - Task exited with return code 0
[2025-04-09T07:52:53.184+0000] {taskinstance.py:3900} INFO - 0 downstream tasks scheduled from follow-on schedule check
[2025-04-09T07:52:53.188+0000] {local_task_job_runner.py:245} INFO - ::endgroup::
