[2025-04-10T07:08:15.772+0000] {local_task_job_runner.py:123} INFO - ::group::Pre task execution logs
[2025-04-10T07:08:15.838+0000] {taskinstance.py:2612} INFO - Dependencies all met for dep_context=non-requeueable deps ti=<TaskInstance: extract_raw_data_pipeline.run_dbt_staging scheduled__2025-04-10T07:07:00+00:00 [queued]>
[2025-04-10T07:08:15.882+0000] {taskinstance.py:2612} INFO - Dependencies all met for dep_context=requeueable deps ti=<TaskInstance: extract_raw_data_pipeline.run_dbt_staging scheduled__2025-04-10T07:07:00+00:00 [queued]>
[2025-04-10T07:08:15.884+0000] {taskinstance.py:2865} INFO - Starting attempt 1 of 1
[2025-04-10T07:08:15.953+0000] {taskinstance.py:2888} INFO - Executing <Task(BashOperator): run_dbt_staging> on 2025-04-10 07:07:00+00:00
[2025-04-10T07:08:15.978+0000] {warnings.py:112} WARNING - /home/***/.local/lib/python3.12/site-packages/***/task/task_runner/standard_task_runner.py:70: DeprecationWarning: This process (pid=2694) is multi-threaded, use of fork() may lead to deadlocks in the child.
  pid = os.fork()

[2025-04-10T07:08:15.978+0000] {standard_task_runner.py:104} INFO - Running: ['***', 'tasks', 'run', 'extract_raw_data_pipeline', 'run_dbt_staging', 'scheduled__2025-04-10T07:07:00+00:00', '--job-id', '483', '--raw', '--subdir', 'DAGS_FOLDER/driven_data_pipeline.py', '--cfg-path', '/tmp/tmp6f8si96n']
[2025-04-10T07:08:15.983+0000] {standard_task_runner.py:72} INFO - Started process 2700 to run task
[2025-04-10T07:08:15.984+0000] {standard_task_runner.py:105} INFO - Job 483: Subtask run_dbt_staging
[2025-04-10T07:08:16.131+0000] {task_command.py:467} INFO - Running <TaskInstance: extract_raw_data_pipeline.run_dbt_staging scheduled__2025-04-10T07:07:00+00:00 [running]> on host c829a6b69367
[2025-04-10T07:08:16.428+0000] {taskinstance.py:3131} INFO - Exporting env vars: AIRFLOW_CTX_DAG_OWNER='***' AIRFLOW_CTX_DAG_ID='extract_raw_data_pipeline' AIRFLOW_CTX_TASK_ID='run_dbt_staging' AIRFLOW_CTX_EXECUTION_DATE='2025-04-10T07:07:00+00:00' AIRFLOW_CTX_TRY_NUMBER='1' AIRFLOW_CTX_DAG_RUN_ID='scheduled__2025-04-10T07:07:00+00:00'
[2025-04-10T07:08:16.432+0000] {taskinstance.py:731} INFO - ::endgroup::
[2025-04-10T07:08:16.494+0000] {subprocess.py:63} INFO - Tmp dir root location: /tmp
[2025-04-10T07:08:16.501+0000] {subprocess.py:75} INFO - Running command: ['/usr/bin/bash', '-c', 'set -x; cd /opt/***/dbt && dbt run --select tag:staging']
[2025-04-10T07:08:16.540+0000] {subprocess.py:86} INFO - Output:
[2025-04-10T07:08:16.546+0000] {subprocess.py:93} INFO - + cd /opt/***/dbt
[2025-04-10T07:08:16.548+0000] {subprocess.py:93} INFO - + dbt run --select tag:staging
[2025-04-10T07:08:23.136+0000] {subprocess.py:93} INFO - [0m07:08:23  Running with dbt=1.8.0
[2025-04-10T07:08:23.954+0000] {subprocess.py:93} INFO - [0m07:08:23  Registered adapter: postgres=1.8.2
[2025-04-10T07:08:25.229+0000] {subprocess.py:93} INFO - [0m07:08:25  Found 9 models, 10 sources, 428 macros
[2025-04-10T07:08:25.235+0000] {subprocess.py:93} INFO - [0m07:08:25
[2025-04-10T07:08:25.502+0000] {subprocess.py:93} INFO - [0m07:08:25  Concurrency: 1 threads (target='dev')
[2025-04-10T07:08:25.504+0000] {subprocess.py:93} INFO - [0m07:08:25
[2025-04-10T07:08:25.522+0000] {subprocess.py:93} INFO - [0m07:08:25  1 of 5 START sql table model driven_staging.dim_address ........................ [RUN]
[2025-04-10T07:08:41.171+0000] {subprocess.py:93} INFO - [0m07:08:41  1 of 5 OK created sql table model driven_staging.dim_address ................... [[32mSELECT 699547[0m in 15.64s]
[2025-04-10T07:08:41.178+0000] {subprocess.py:93} INFO - [0m07:08:41  2 of 5 START sql table model driven_staging.dim_date ........................... [RUN]
[2025-04-10T07:08:44.147+0000] {subprocess.py:93} INFO - [0m07:08:44  2 of 5 OK created sql table model driven_staging.dim_date ...................... [[32mSELECT 699547[0m in 2.96s]
[2025-04-10T07:08:44.157+0000] {subprocess.py:93} INFO - [0m07:08:44  3 of 5 START sql table model driven_staging.dim_finance ........................ [RUN]
[2025-04-10T07:08:47.346+0000] {subprocess.py:93} INFO - [0m07:08:47  3 of 5 OK created sql table model driven_staging.dim_finance ................... [[32mSELECT 699547[0m in 3.18s]
[2025-04-10T07:08:47.359+0000] {subprocess.py:93} INFO - [0m07:08:47  4 of 5 START sql table model driven_staging.dim_person ......................... [RUN]
[2025-04-10T07:08:56.574+0000] {subprocess.py:93} INFO - [0m07:08:56  4 of 5 OK created sql table model driven_staging.dim_person .................... [[32mSELECT 699547[0m in 9.21s]
[2025-04-10T07:08:56.583+0000] {subprocess.py:93} INFO - [0m07:08:56  5 of 5 START sql table model driven_staging.fact_network_usage ................. [RUN]
[2025-04-10T07:08:59.556+0000] {subprocess.py:93} INFO - [0m07:08:59  5 of 5 OK created sql table model driven_staging.fact_network_usage ............ [[32mSELECT 699547[0m in 2.97s]
[2025-04-10T07:08:59.605+0000] {subprocess.py:93} INFO - [0m07:08:59
[2025-04-10T07:08:59.608+0000] {subprocess.py:93} INFO - [0m07:08:59  Finished running 5 table models in 0 hours 0 minutes and 34.37 seconds (34.37s).
[2025-04-10T07:08:59.749+0000] {subprocess.py:93} INFO - [0m07:08:59
[2025-04-10T07:08:59.751+0000] {subprocess.py:93} INFO - [0m07:08:59  [32mCompleted successfully[0m
[2025-04-10T07:08:59.753+0000] {subprocess.py:93} INFO - [0m07:08:59
[2025-04-10T07:08:59.755+0000] {subprocess.py:93} INFO - [0m07:08:59  Done. PASS=5 WARN=0 ERROR=0 SKIP=0 TOTAL=5
[2025-04-10T07:09:02.227+0000] {subprocess.py:97} INFO - Command exited with return code 0
[2025-04-10T07:09:02.320+0000] {taskinstance.py:340} INFO - ::group::Post task execution logs
[2025-04-10T07:09:02.326+0000] {taskinstance.py:352} INFO - Marking task as SUCCESS. dag_id=extract_raw_data_pipeline, task_id=run_dbt_staging, run_id=scheduled__2025-04-10T07:07:00+00:00, execution_date=20250410T070700, start_date=20250410T070815, end_date=20250410T070902
[2025-04-10T07:09:02.415+0000] {local_task_job_runner.py:266} INFO - Task exited with return code 0
[2025-04-10T07:09:02.443+0000] {local_task_job_runner.py:245} INFO - ::endgroup::
