[2025-04-09T07:02:01.323+0000] {local_task_job_runner.py:123} INFO - ::group::Pre task execution logs
[2025-04-09T07:02:01.354+0000] {taskinstance.py:2612} INFO - Dependencies all met for dep_context=non-requeueable deps ti=<TaskInstance: extract_raw_data_pipeline.create_raw_schema scheduled__2025-04-09T07:01:00+00:00 [queued]>
[2025-04-09T07:02:01.373+0000] {taskinstance.py:2612} INFO - Dependencies all met for dep_context=requeueable deps ti=<TaskInstance: extract_raw_data_pipeline.create_raw_schema scheduled__2025-04-09T07:01:00+00:00 [queued]>
[2025-04-09T07:02:01.374+0000] {taskinstance.py:2865} INFO - Starting attempt 1 of 1
[2025-04-09T07:02:01.412+0000] {taskinstance.py:2888} INFO - Executing <Task(SQLExecuteQueryOperator): create_raw_schema> on 2025-04-09 07:01:00+00:00
[2025-04-09T07:02:01.425+0000] {warnings.py:112} WARNING - /home/***/.local/lib/python3.12/site-packages/***/task/task_runner/standard_task_runner.py:70: DeprecationWarning: This process (pid=1075) is multi-threaded, use of fork() may lead to deadlocks in the child.
  pid = os.fork()

[2025-04-09T07:02:01.427+0000] {standard_task_runner.py:72} INFO - Started process 1078 to run task
[2025-04-09T07:02:01.428+0000] {standard_task_runner.py:104} INFO - Running: ['***', 'tasks', 'run', 'extract_raw_data_pipeline', 'create_raw_schema', 'scheduled__2025-04-09T07:01:00+00:00', '--job-id', '79', '--raw', '--subdir', 'DAGS_FOLDER/driven_data_pipeline.py', '--cfg-path', '/tmp/tmps457jzin']
[2025-04-09T07:02:01.430+0000] {standard_task_runner.py:105} INFO - Job 79: Subtask create_raw_schema
[2025-04-09T07:02:01.533+0000] {task_command.py:467} INFO - Running <TaskInstance: extract_raw_data_pipeline.create_raw_schema scheduled__2025-04-09T07:01:00+00:00 [running]> on host c829a6b69367
[2025-04-09T07:02:01.665+0000] {taskinstance.py:3131} INFO - Exporting env vars: AIRFLOW_CTX_DAG_OWNER='***' AIRFLOW_CTX_DAG_ID='extract_raw_data_pipeline' AIRFLOW_CTX_TASK_ID='create_raw_schema' AIRFLOW_CTX_EXECUTION_DATE='2025-04-09T07:01:00+00:00' AIRFLOW_CTX_TRY_NUMBER='1' AIRFLOW_CTX_DAG_RUN_ID='scheduled__2025-04-09T07:01:00+00:00'
[2025-04-09T07:02:01.668+0000] {taskinstance.py:731} INFO - ::endgroup::
[2025-04-09T07:02:01.694+0000] {sql.py:266} INFO - Executing: CREATE SCHEMA IF NOT EXISTS driven_raw;
[2025-04-09T07:02:01.712+0000] {base.py:84} INFO - Retrieving connection 'postgres_conn'
[2025-04-09T07:02:01.734+0000] {base.py:84} INFO - Retrieving connection 'postgres_conn'
[2025-04-09T07:02:01.740+0000] {sql.py:509} INFO - Running statement: CREATE SCHEMA IF NOT EXISTS driven_raw;, parameters: None
[2025-04-09T07:02:01.759+0000] {taskinstance.py:340} INFO - ::group::Post task execution logs
[2025-04-09T07:02:01.761+0000] {taskinstance.py:352} INFO - Marking task as SUCCESS. dag_id=extract_raw_data_pipeline, task_id=create_raw_schema, run_id=scheduled__2025-04-09T07:01:00+00:00, execution_date=20250409T070100, start_date=20250409T070201, end_date=20250409T070201
[2025-04-09T07:02:01.809+0000] {local_task_job_runner.py:266} INFO - Task exited with return code 0
[2025-04-09T07:02:01.853+0000] {taskinstance.py:3900} INFO - 0 downstream tasks scheduled from follow-on schedule check
[2025-04-09T07:02:01.856+0000] {local_task_job_runner.py:245} INFO - ::endgroup::
