[2025-04-10T07:37:15.089+0000] {local_task_job_runner.py:123} INFO - ::group::Pre task execution logs
[2025-04-10T07:37:15.114+0000] {taskinstance.py:2612} INFO - Dependencies all met for dep_context=non-requeueable deps ti=<TaskInstance: extract_raw_data_pipeline.run_dbt_trusted scheduled__2025-04-10T07:34:00+00:00 [queued]>
[2025-04-10T07:37:15.131+0000] {taskinstance.py:2612} INFO - Dependencies all met for dep_context=requeueable deps ti=<TaskInstance: extract_raw_data_pipeline.run_dbt_trusted scheduled__2025-04-10T07:34:00+00:00 [queued]>
[2025-04-10T07:37:15.132+0000] {taskinstance.py:2865} INFO - Starting attempt 1 of 1
[2025-04-10T07:37:15.171+0000] {taskinstance.py:2888} INFO - Executing <Task(BashOperator): run_dbt_trusted> on 2025-04-10 07:34:00+00:00
[2025-04-10T07:37:15.180+0000] {warnings.py:112} WARNING - /home/***/.local/lib/python3.12/site-packages/***/task/task_runner/standard_task_runner.py:70: DeprecationWarning: This process (pid=4410) is multi-threaded, use of fork() may lead to deadlocks in the child.
  pid = os.fork()

[2025-04-10T07:37:15.183+0000] {standard_task_runner.py:72} INFO - Started process 4418 to run task
[2025-04-10T07:37:15.183+0000] {standard_task_runner.py:104} INFO - Running: ['***', 'tasks', 'run', 'extract_raw_data_pipeline', 'run_dbt_trusted', 'scheduled__2025-04-10T07:34:00+00:00', '--job-id', '656', '--raw', '--subdir', 'DAGS_FOLDER/driven_data_pipeline.py', '--cfg-path', '/tmp/tmpfs_fvv_5']
[2025-04-10T07:37:15.185+0000] {standard_task_runner.py:105} INFO - Job 656: Subtask run_dbt_trusted
[2025-04-10T07:37:15.269+0000] {task_command.py:467} INFO - Running <TaskInstance: extract_raw_data_pipeline.run_dbt_trusted scheduled__2025-04-10T07:34:00+00:00 [running]> on host c829a6b69367
[2025-04-10T07:37:15.417+0000] {taskinstance.py:3131} INFO - Exporting env vars: AIRFLOW_CTX_DAG_OWNER='***' AIRFLOW_CTX_DAG_ID='extract_raw_data_pipeline' AIRFLOW_CTX_TASK_ID='run_dbt_trusted' AIRFLOW_CTX_EXECUTION_DATE='2025-04-10T07:34:00+00:00' AIRFLOW_CTX_TRY_NUMBER='1' AIRFLOW_CTX_DAG_RUN_ID='scheduled__2025-04-10T07:34:00+00:00'
[2025-04-10T07:37:15.418+0000] {taskinstance.py:731} INFO - ::endgroup::
[2025-04-10T07:37:15.439+0000] {subprocess.py:63} INFO - Tmp dir root location: /tmp
[2025-04-10T07:37:15.440+0000] {subprocess.py:75} INFO - Running command: ['/usr/bin/bash', '-c', 'set -x; cd /opt/***/dbt && dbt run --select tag:trusted']
[2025-04-10T07:37:15.459+0000] {subprocess.py:86} INFO - Output:
[2025-04-10T07:37:15.461+0000] {subprocess.py:93} INFO - + cd /opt/***/dbt
[2025-04-10T07:37:15.462+0000] {subprocess.py:93} INFO - + dbt run --select tag:trusted
[2025-04-10T07:37:19.107+0000] {subprocess.py:93} INFO - [0m07:37:19  Running with dbt=1.8.0
[2025-04-10T07:37:19.560+0000] {subprocess.py:93} INFO - [0m07:37:19  Registered adapter: postgres=1.8.2
[2025-04-10T07:37:20.392+0000] {subprocess.py:93} INFO - [0m07:37:20  Found 9 models, 10 sources, 428 macros
[2025-04-10T07:37:20.398+0000] {subprocess.py:93} INFO - [0m07:37:20
[2025-04-10T07:37:20.614+0000] {subprocess.py:93} INFO - [0m07:37:20  Concurrency: 1 threads (target='dev')
[2025-04-10T07:37:20.615+0000] {subprocess.py:93} INFO - [0m07:37:20
[2025-04-10T07:37:20.634+0000] {subprocess.py:93} INFO - [0m07:37:20  1 of 4 START sql table model driven_trusted.non_pii_data ....................... [RUN]
[2025-04-10T07:38:16.212+0000] {subprocess.py:93} INFO - [0m07:38:16  1 of 4 OK created sql table model driven_trusted.non_pii_data .................. [[32mSELECT 1524856[0m in 55.57s]
[2025-04-10T07:38:16.218+0000] {subprocess.py:93} INFO - [0m07:38:16  2 of 4 START sql table model driven_trusted.payment_data ....................... [RUN]
[2025-04-10T07:38:37.174+0000] {subprocess.py:93} INFO - [0m07:38:37  2 of 4 OK created sql table model driven_trusted.payment_data .................. [[32mSELECT 1524856[0m in 20.95s]
[2025-04-10T07:38:37.178+0000] {subprocess.py:93} INFO - [0m07:38:37  3 of 4 START sql table model driven_trusted.pii_data ........................... [RUN]
[2025-04-10T07:39:35.010+0000] {subprocess.py:93} INFO - [0m07:39:35  3 of 4 OK created sql table model driven_trusted.pii_data ...................... [[32mSELECT 1524856[0m in 57.83s]
[2025-04-10T07:39:35.014+0000] {subprocess.py:93} INFO - [0m07:39:35  4 of 4 START sql table model driven_trusted.technical_data ..................... [RUN]
[2025-04-10T07:40:35.577+0000] {subprocess.py:93} INFO - [0m07:40:35  4 of 4 OK created sql table model driven_trusted.technical_data ................ [[32mSELECT 1560889[0m in 60.56s]
[2025-04-10T07:40:35.597+0000] {subprocess.py:93} INFO - [0m07:40:35
[2025-04-10T07:40:35.598+0000] {subprocess.py:93} INFO - [0m07:40:35  Finished running 4 table models in 0 hours 3 minutes and 15.20 seconds (195.20s).
[2025-04-10T07:40:35.675+0000] {subprocess.py:93} INFO - [0m07:40:35
[2025-04-10T07:40:35.676+0000] {subprocess.py:93} INFO - [0m07:40:35  [32mCompleted successfully[0m
[2025-04-10T07:40:35.677+0000] {subprocess.py:93} INFO - [0m07:40:35
[2025-04-10T07:40:35.678+0000] {subprocess.py:93} INFO - [0m07:40:35  Done. PASS=4 WARN=0 ERROR=0 SKIP=0 TOTAL=4
[2025-04-10T07:40:36.974+0000] {subprocess.py:97} INFO - Command exited with return code 0
[2025-04-10T07:40:37.040+0000] {taskinstance.py:340} INFO - ::group::Post task execution logs
[2025-04-10T07:40:37.041+0000] {taskinstance.py:352} INFO - Marking task as SUCCESS. dag_id=extract_raw_data_pipeline, task_id=run_dbt_trusted, run_id=scheduled__2025-04-10T07:34:00+00:00, execution_date=20250410T073400, start_date=20250410T073715, end_date=20250410T074037
[2025-04-10T07:40:37.131+0000] {local_task_job_runner.py:266} INFO - Task exited with return code 0
[2025-04-10T07:40:37.172+0000] {taskinstance.py:3900} INFO - 0 downstream tasks scheduled from follow-on schedule check
[2025-04-10T07:40:37.875+0000] {local_task_job_runner.py:245} INFO - ::endgroup::
