[2025-04-09T07:40:14.688+0000] {local_task_job_runner.py:123} INFO - ::group::Pre task execution logs
[2025-04-09T07:40:14.711+0000] {taskinstance.py:2612} INFO - Dependencies all met for dep_context=non-requeueable deps ti=<TaskInstance: extract_raw_data_pipeline.run_dbt_trusted scheduled__2025-04-09T07:39:00+00:00 [queued]>
[2025-04-09T07:40:14.722+0000] {taskinstance.py:2612} INFO - Dependencies all met for dep_context=requeueable deps ti=<TaskInstance: extract_raw_data_pipeline.run_dbt_trusted scheduled__2025-04-09T07:39:00+00:00 [queued]>
[2025-04-09T07:40:14.723+0000] {taskinstance.py:2865} INFO - Starting attempt 1 of 1
[2025-04-09T07:40:14.744+0000] {taskinstance.py:2888} INFO - Executing <Task(BashOperator): run_dbt_trusted> on 2025-04-09 07:39:00+00:00
[2025-04-09T07:40:14.753+0000] {warnings.py:112} WARNING - /home/***/.local/lib/python3.12/site-packages/***/task/task_runner/standard_task_runner.py:70: DeprecationWarning: This process (pid=3349) is multi-threaded, use of fork() may lead to deadlocks in the child.
  pid = os.fork()

[2025-04-09T07:40:14.756+0000] {standard_task_runner.py:72} INFO - Started process 3351 to run task
[2025-04-09T07:40:14.755+0000] {standard_task_runner.py:104} INFO - Running: ['***', 'tasks', 'run', 'extract_raw_data_pipeline', 'run_dbt_trusted', 'scheduled__2025-04-09T07:39:00+00:00', '--job-id', '314', '--raw', '--subdir', 'DAGS_FOLDER/driven_data_pipeline.py', '--cfg-path', '/tmp/tmpcp6cbe7w']
[2025-04-09T07:40:14.757+0000] {standard_task_runner.py:105} INFO - Job 314: Subtask run_dbt_trusted
[2025-04-09T07:40:14.819+0000] {task_command.py:467} INFO - Running <TaskInstance: extract_raw_data_pipeline.run_dbt_trusted scheduled__2025-04-09T07:39:00+00:00 [running]> on host c829a6b69367
[2025-04-09T07:40:14.935+0000] {taskinstance.py:3131} INFO - Exporting env vars: AIRFLOW_CTX_DAG_OWNER='***' AIRFLOW_CTX_DAG_ID='extract_raw_data_pipeline' AIRFLOW_CTX_TASK_ID='run_dbt_trusted' AIRFLOW_CTX_EXECUTION_DATE='2025-04-09T07:39:00+00:00' AIRFLOW_CTX_TRY_NUMBER='1' AIRFLOW_CTX_DAG_RUN_ID='scheduled__2025-04-09T07:39:00+00:00'
[2025-04-09T07:40:14.937+0000] {taskinstance.py:731} INFO - ::endgroup::
[2025-04-09T07:40:14.955+0000] {subprocess.py:63} INFO - Tmp dir root location: /tmp
[2025-04-09T07:40:14.957+0000] {subprocess.py:75} INFO - Running command: ['/usr/bin/bash', '-c', 'set -x; cd /opt/***/dbt && dbt run --select tag:trusted']
[2025-04-09T07:40:14.974+0000] {subprocess.py:86} INFO - Output:
[2025-04-09T07:40:14.976+0000] {subprocess.py:93} INFO - + cd /opt/***/dbt
[2025-04-09T07:40:14.976+0000] {subprocess.py:93} INFO - + dbt run --select tag:trusted
[2025-04-09T07:40:17.598+0000] {subprocess.py:93} INFO - [0m07:40:17  Running with dbt=1.8.0
[2025-04-09T07:40:17.923+0000] {subprocess.py:93} INFO - [0m07:40:17  Registered adapter: postgres=1.8.2
[2025-04-09T07:40:18.543+0000] {subprocess.py:93} INFO - [0m07:40:18  Found 9 models, 10 sources, 428 macros
[2025-04-09T07:40:18.549+0000] {subprocess.py:93} INFO - [0m07:40:18
[2025-04-09T07:40:18.717+0000] {subprocess.py:93} INFO - [0m07:40:18  Concurrency: 1 threads (target='dev')
[2025-04-09T07:40:18.718+0000] {subprocess.py:93} INFO - [0m07:40:18
[2025-04-09T07:40:18.732+0000] {subprocess.py:93} INFO - [0m07:40:18  1 of 4 START sql table model driven_trusted.non_pii_data ....................... [RUN]
[2025-04-09T07:40:25.957+0000] {subprocess.py:93} INFO - [0m07:40:25  1 of 4 OK created sql table model driven_trusted.non_pii_data .................. [[32mSELECT 364012[0m in 7.22s]
[2025-04-09T07:40:25.960+0000] {subprocess.py:93} INFO - [0m07:40:25  2 of 4 START sql table model driven_trusted.payment_data ....................... [RUN]
[2025-04-09T07:40:28.445+0000] {subprocess.py:93} INFO - [0m07:40:28  2 of 4 OK created sql table model driven_trusted.payment_data .................. [[32mSELECT 364012[0m in 2.48s]
[2025-04-09T07:40:28.450+0000] {subprocess.py:93} INFO - [0m07:40:28  3 of 4 START sql table model driven_trusted.pii_data ........................... [RUN]
[2025-04-09T07:40:35.602+0000] {subprocess.py:93} INFO - [0m07:40:35  3 of 4 OK created sql table model driven_trusted.pii_data ...................... [[32mSELECT 364012[0m in 7.15s]
[2025-04-09T07:40:35.605+0000] {subprocess.py:93} INFO - [0m07:40:35  4 of 4 START sql table model driven_trusted.technical_data ..................... [RUN]
[2025-04-09T07:40:38.002+0000] {subprocess.py:93} INFO - [0m07:40:38  4 of 4 OK created sql table model driven_trusted.technical_data ................ [[32mSELECT 364012[0m in 2.39s]
[2025-04-09T07:40:38.018+0000] {subprocess.py:93} INFO - [0m07:40:38
[2025-04-09T07:40:38.019+0000] {subprocess.py:93} INFO - [0m07:40:38  Finished running 4 table models in 0 hours 0 minutes and 19.47 seconds (19.47s).
[2025-04-09T07:40:38.079+0000] {subprocess.py:93} INFO - [0m07:40:38
[2025-04-09T07:40:38.080+0000] {subprocess.py:93} INFO - [0m07:40:38  [32mCompleted successfully[0m
[2025-04-09T07:40:38.081+0000] {subprocess.py:93} INFO - [0m07:40:38
[2025-04-09T07:40:38.081+0000] {subprocess.py:93} INFO - [0m07:40:38  Done. PASS=4 WARN=0 ERROR=0 SKIP=0 TOTAL=4
[2025-04-09T07:40:39.187+0000] {subprocess.py:97} INFO - Command exited with return code 0
[2025-04-09T07:40:39.219+0000] {taskinstance.py:340} INFO - ::group::Post task execution logs
[2025-04-09T07:40:39.221+0000] {taskinstance.py:352} INFO - Marking task as SUCCESS. dag_id=extract_raw_data_pipeline, task_id=run_dbt_trusted, run_id=scheduled__2025-04-09T07:39:00+00:00, execution_date=20250409T073900, start_date=20250409T074014, end_date=20250409T074039
[2025-04-09T07:40:39.275+0000] {local_task_job_runner.py:266} INFO - Task exited with return code 0
[2025-04-09T07:40:39.296+0000] {taskinstance.py:3900} INFO - 0 downstream tasks scheduled from follow-on schedule check
[2025-04-09T07:40:39.299+0000] {local_task_job_runner.py:245} INFO - ::endgroup::
