[2025-04-09T07:51:14.683+0000] {local_task_job_runner.py:123} INFO - ::group::Pre task execution logs
[2025-04-09T07:51:14.712+0000] {taskinstance.py:2612} INFO - Dependencies all met for dep_context=non-requeueable deps ti=<TaskInstance: extract_raw_data_pipeline.run_dbt_trusted scheduled__2025-04-09T07:50:00+00:00 [queued]>
[2025-04-09T07:51:14.727+0000] {taskinstance.py:2612} INFO - Dependencies all met for dep_context=requeueable deps ti=<TaskInstance: extract_raw_data_pipeline.run_dbt_trusted scheduled__2025-04-09T07:50:00+00:00 [queued]>
[2025-04-09T07:51:14.729+0000] {taskinstance.py:2865} INFO - Starting attempt 1 of 1
[2025-04-09T07:51:14.753+0000] {taskinstance.py:2888} INFO - Executing <Task(BashOperator): run_dbt_trusted> on 2025-04-09 07:50:00+00:00
[2025-04-09T07:51:14.764+0000] {warnings.py:112} WARNING - /home/***/.local/lib/python3.12/site-packages/***/task/task_runner/standard_task_runner.py:70: DeprecationWarning: This process (pid=4016) is multi-threaded, use of fork() may lead to deadlocks in the child.
  pid = os.fork()

[2025-04-09T07:51:14.767+0000] {standard_task_runner.py:72} INFO - Started process 4018 to run task
[2025-04-09T07:51:14.767+0000] {standard_task_runner.py:104} INFO - Running: ['***', 'tasks', 'run', 'extract_raw_data_pipeline', 'run_dbt_trusted', 'scheduled__2025-04-09T07:50:00+00:00', '--job-id', '380', '--raw', '--subdir', 'DAGS_FOLDER/driven_data_pipeline.py', '--cfg-path', '/tmp/tmp62pbms7k']
[2025-04-09T07:51:14.769+0000] {standard_task_runner.py:105} INFO - Job 380: Subtask run_dbt_trusted
[2025-04-09T07:51:14.843+0000] {task_command.py:467} INFO - Running <TaskInstance: extract_raw_data_pipeline.run_dbt_trusted scheduled__2025-04-09T07:50:00+00:00 [running]> on host c829a6b69367
[2025-04-09T07:51:15.039+0000] {taskinstance.py:3131} INFO - Exporting env vars: AIRFLOW_CTX_DAG_OWNER='***' AIRFLOW_CTX_DAG_ID='extract_raw_data_pipeline' AIRFLOW_CTX_TASK_ID='run_dbt_trusted' AIRFLOW_CTX_EXECUTION_DATE='2025-04-09T07:50:00+00:00' AIRFLOW_CTX_TRY_NUMBER='1' AIRFLOW_CTX_DAG_RUN_ID='scheduled__2025-04-09T07:50:00+00:00'
[2025-04-09T07:51:15.041+0000] {taskinstance.py:731} INFO - ::endgroup::
[2025-04-09T07:51:15.060+0000] {subprocess.py:63} INFO - Tmp dir root location: /tmp
[2025-04-09T07:51:15.062+0000] {subprocess.py:75} INFO - Running command: ['/usr/bin/bash', '-c', 'set -x; cd /opt/***/dbt && dbt run --select tag:trusted']
[2025-04-09T07:51:15.082+0000] {subprocess.py:86} INFO - Output:
[2025-04-09T07:51:15.084+0000] {subprocess.py:93} INFO - + cd /opt/***/dbt
[2025-04-09T07:51:15.085+0000] {subprocess.py:93} INFO - + dbt run --select tag:trusted
[2025-04-09T07:51:17.802+0000] {subprocess.py:93} INFO - [0m07:51:17  Running with dbt=1.8.0
[2025-04-09T07:51:18.144+0000] {subprocess.py:93} INFO - [0m07:51:18  Registered adapter: postgres=1.8.2
[2025-04-09T07:51:18.729+0000] {subprocess.py:93} INFO - [0m07:51:18  Found 9 models, 10 sources, 428 macros
[2025-04-09T07:51:18.732+0000] {subprocess.py:93} INFO - [0m07:51:18
[2025-04-09T07:51:18.870+0000] {subprocess.py:93} INFO - [0m07:51:18  Concurrency: 1 threads (target='dev')
[2025-04-09T07:51:18.871+0000] {subprocess.py:93} INFO - [0m07:51:18
[2025-04-09T07:51:18.885+0000] {subprocess.py:93} INFO - [0m07:51:18  1 of 4 START sql table model driven_trusted.non_pii_data ....................... [RUN]
[2025-04-09T07:51:28.679+0000] {subprocess.py:93} INFO - [0m07:51:28  1 of 4 OK created sql table model driven_trusted.non_pii_data .................. [[32mSELECT 446271[0m in 9.79s]
[2025-04-09T07:51:28.684+0000] {subprocess.py:93} INFO - [0m07:51:28  2 of 4 START sql table model driven_trusted.payment_data ....................... [RUN]
[2025-04-09T07:51:31.830+0000] {subprocess.py:93} INFO - [0m07:51:31  2 of 4 OK created sql table model driven_trusted.payment_data .................. [[32mSELECT 446271[0m in 3.14s]
[2025-04-09T07:51:31.834+0000] {subprocess.py:93} INFO - [0m07:51:31  3 of 4 START sql table model driven_trusted.pii_data ........................... [RUN]
[2025-04-09T07:51:40.731+0000] {subprocess.py:93} INFO - [0m07:51:40  3 of 4 OK created sql table model driven_trusted.pii_data ...................... [[32mSELECT 446271[0m in 8.89s]
[2025-04-09T07:51:40.734+0000] {subprocess.py:93} INFO - [0m07:51:40  4 of 4 START sql table model driven_trusted.technical_data ..................... [RUN]
[2025-04-09T07:51:43.926+0000] {subprocess.py:93} INFO - [0m07:51:43  4 of 4 OK created sql table model driven_trusted.technical_data ................ [[32mSELECT 446271[0m in 3.19s]
[2025-04-09T07:51:43.947+0000] {subprocess.py:93} INFO - [0m07:51:43
[2025-04-09T07:51:43.949+0000] {subprocess.py:93} INFO - [0m07:51:43  Finished running 4 table models in 0 hours 0 minutes and 25.21 seconds (25.21s).
[2025-04-09T07:51:44.014+0000] {subprocess.py:93} INFO - [0m07:51:44
[2025-04-09T07:51:44.015+0000] {subprocess.py:93} INFO - [0m07:51:44  [32mCompleted successfully[0m
[2025-04-09T07:51:44.016+0000] {subprocess.py:93} INFO - [0m07:51:44
[2025-04-09T07:51:44.017+0000] {subprocess.py:93} INFO - [0m07:51:44  Done. PASS=4 WARN=0 ERROR=0 SKIP=0 TOTAL=4
[2025-04-09T07:51:44.080+0000] {subprocess.py:97} INFO - Command exited with return code 0
[2025-04-09T07:51:44.119+0000] {taskinstance.py:340} INFO - ::group::Post task execution logs
[2025-04-09T07:51:44.121+0000] {taskinstance.py:352} INFO - Marking task as SUCCESS. dag_id=extract_raw_data_pipeline, task_id=run_dbt_trusted, run_id=scheduled__2025-04-09T07:50:00+00:00, execution_date=20250409T075000, start_date=20250409T075114, end_date=20250409T075144
[2025-04-09T07:51:45.021+0000] {local_task_job_runner.py:266} INFO - Task exited with return code 0
[2025-04-09T07:51:45.046+0000] {taskinstance.py:3900} INFO - 0 downstream tasks scheduled from follow-on schedule check
[2025-04-09T07:51:45.050+0000] {local_task_job_runner.py:245} INFO - ::endgroup::
