[2025-04-10T07:28:23.767+0000] {local_task_job_runner.py:123} INFO - ::group::Pre task execution logs
[2025-04-10T07:28:23.832+0000] {taskinstance.py:2612} INFO - Dependencies all met for dep_context=non-requeueable deps ti=<TaskInstance: extract_raw_data_pipeline.run_dbt_staging scheduled__2025-04-10T07:27:00+00:00 [queued]>
[2025-04-10T07:28:23.858+0000] {taskinstance.py:2612} INFO - Dependencies all met for dep_context=requeueable deps ti=<TaskInstance: extract_raw_data_pipeline.run_dbt_staging scheduled__2025-04-10T07:27:00+00:00 [queued]>
[2025-04-10T07:28:23.860+0000] {taskinstance.py:2865} INFO - Starting attempt 1 of 1
[2025-04-10T07:28:23.929+0000] {taskinstance.py:2888} INFO - Executing <Task(BashOperator): run_dbt_staging> on 2025-04-10 07:27:00+00:00
[2025-04-10T07:28:23.949+0000] {warnings.py:112} WARNING - /home/***/.local/lib/python3.12/site-packages/***/task/task_runner/standard_task_runner.py:70: DeprecationWarning: This process (pid=3845) is multi-threaded, use of fork() may lead to deadlocks in the child.
  pid = os.fork()

[2025-04-10T07:28:23.952+0000] {standard_task_runner.py:72} INFO - Started process 3849 to run task
[2025-04-10T07:28:23.953+0000] {standard_task_runner.py:104} INFO - Running: ['***', 'tasks', 'run', 'extract_raw_data_pipeline', 'run_dbt_staging', 'scheduled__2025-04-10T07:27:00+00:00', '--job-id', '600', '--raw', '--subdir', 'DAGS_FOLDER/driven_data_pipeline.py', '--cfg-path', '/tmp/tmpcn6g6pij']
[2025-04-10T07:28:23.955+0000] {standard_task_runner.py:105} INFO - Job 600: Subtask run_dbt_staging
[2025-04-10T07:28:24.070+0000] {task_command.py:467} INFO - Running <TaskInstance: extract_raw_data_pipeline.run_dbt_staging scheduled__2025-04-10T07:27:00+00:00 [running]> on host c829a6b69367
[2025-04-10T07:28:24.301+0000] {taskinstance.py:3131} INFO - Exporting env vars: AIRFLOW_CTX_DAG_OWNER='***' AIRFLOW_CTX_DAG_ID='extract_raw_data_pipeline' AIRFLOW_CTX_TASK_ID='run_dbt_staging' AIRFLOW_CTX_EXECUTION_DATE='2025-04-10T07:27:00+00:00' AIRFLOW_CTX_TRY_NUMBER='1' AIRFLOW_CTX_DAG_RUN_ID='scheduled__2025-04-10T07:27:00+00:00'
[2025-04-10T07:28:24.303+0000] {taskinstance.py:731} INFO - ::endgroup::
[2025-04-10T07:28:24.326+0000] {subprocess.py:63} INFO - Tmp dir root location: /tmp
[2025-04-10T07:28:24.328+0000] {subprocess.py:75} INFO - Running command: ['/usr/bin/bash', '-c', 'set -x; cd /opt/***/dbt && dbt run --select tag:staging']
[2025-04-10T07:28:24.350+0000] {subprocess.py:86} INFO - Output:
[2025-04-10T07:28:24.352+0000] {subprocess.py:93} INFO - + cd /opt/***/dbt
[2025-04-10T07:28:24.356+0000] {subprocess.py:93} INFO - + dbt run --select tag:staging
[2025-04-10T07:28:28.634+0000] {subprocess.py:93} INFO - [0m07:28:28  Running with dbt=1.8.0
[2025-04-10T07:28:29.089+0000] {subprocess.py:93} INFO - [0m07:28:29  Registered adapter: postgres=1.8.2
[2025-04-10T07:28:30.218+0000] {subprocess.py:93} INFO - [0m07:28:30  Found 9 models, 10 sources, 428 macros
[2025-04-10T07:28:30.224+0000] {subprocess.py:93} INFO - [0m07:28:30
[2025-04-10T07:28:30.472+0000] {subprocess.py:93} INFO - [0m07:28:30  Concurrency: 1 threads (target='dev')
[2025-04-10T07:28:30.474+0000] {subprocess.py:93} INFO - [0m07:28:30
[2025-04-10T07:28:30.498+0000] {subprocess.py:93} INFO - [0m07:28:30  1 of 5 START sql table model driven_staging.dim_address ........................ [RUN]
[2025-04-10T07:28:37.871+0000] {subprocess.py:93} INFO - [0m07:28:37  1 of 5 OK created sql table model driven_staging.dim_address ................... [[32mSELECT 1220562[0m in 7.37s]
[2025-04-10T07:28:37.875+0000] {subprocess.py:93} INFO - [0m07:28:37  2 of 5 START sql table model driven_staging.dim_date ........................... [RUN]
[2025-04-10T07:28:41.756+0000] {subprocess.py:93} INFO - [0m07:28:41  2 of 5 OK created sql table model driven_staging.dim_date ...................... [[32mSELECT 1220562[0m in 3.88s]
[2025-04-10T07:28:41.762+0000] {subprocess.py:93} INFO - [0m07:28:41  3 of 5 START sql table model driven_staging.dim_finance ........................ [RUN]
[2025-04-10T07:29:13.845+0000] {subprocess.py:93} INFO - [0m07:29:13  3 of 5 OK created sql table model driven_staging.dim_finance ................... [[32mSELECT 1220562[0m in 32.08s]
[2025-04-10T07:29:13.850+0000] {subprocess.py:93} INFO - [0m07:29:13  4 of 5 START sql table model driven_staging.dim_person ......................... [RUN]
[2025-04-10T07:29:42.456+0000] {subprocess.py:93} INFO - [0m07:29:42  4 of 5 OK created sql table model driven_staging.dim_person .................... [[32mSELECT 1252271[0m in 28.60s]
[2025-04-10T07:29:42.460+0000] {subprocess.py:93} INFO - [0m07:29:42  5 of 5 START sql table model driven_staging.fact_network_usage ................. [RUN]
[2025-04-10T07:30:21.962+0000] {subprocess.py:93} INFO - [0m07:30:21  5 of 5 OK created sql table model driven_staging.fact_network_usage ............ [[32mSELECT 1252271[0m in 39.50s]
[2025-04-10T07:30:21.988+0000] {subprocess.py:93} INFO - [0m07:30:21
[2025-04-10T07:30:21.990+0000] {subprocess.py:93} INFO - [0m07:30:21  Finished running 5 table models in 0 hours 1 minutes and 51.76 seconds (111.76s).
[2025-04-10T07:30:22.101+0000] {subprocess.py:93} INFO - [0m07:30:22
[2025-04-10T07:30:22.103+0000] {subprocess.py:93} INFO - [0m07:30:22  [32mCompleted successfully[0m
[2025-04-10T07:30:22.105+0000] {subprocess.py:93} INFO - [0m07:30:22
[2025-04-10T07:30:22.106+0000] {subprocess.py:93} INFO - [0m07:30:22  Done. PASS=5 WARN=0 ERROR=0 SKIP=0 TOTAL=5
[2025-04-10T07:30:23.679+0000] {subprocess.py:97} INFO - Command exited with return code 0
[2025-04-10T07:30:23.766+0000] {taskinstance.py:340} INFO - ::group::Post task execution logs
[2025-04-10T07:30:23.767+0000] {taskinstance.py:352} INFO - Marking task as SUCCESS. dag_id=extract_raw_data_pipeline, task_id=run_dbt_staging, run_id=scheduled__2025-04-10T07:27:00+00:00, execution_date=20250410T072700, start_date=20250410T072823, end_date=20250410T073023
[2025-04-10T07:30:23.840+0000] {local_task_job_runner.py:266} INFO - Task exited with return code 0
[2025-04-10T07:30:23.884+0000] {taskinstance.py:3900} INFO - 1 downstream tasks scheduled from follow-on schedule check
[2025-04-10T07:30:23.907+0000] {local_task_job_runner.py:245} INFO - ::endgroup::
