[2025-04-10T07:04:14.244+0000] {local_task_job_runner.py:123} INFO - ::group::Pre task execution logs
[2025-04-10T07:04:14.288+0000] {taskinstance.py:2612} INFO - Dependencies all met for dep_context=non-requeueable deps ti=<TaskInstance: extract_raw_data_pipeline.run_dbt_staging scheduled__2025-04-10T07:03:00+00:00 [queued]>
[2025-04-10T07:04:14.311+0000] {taskinstance.py:2612} INFO - Dependencies all met for dep_context=requeueable deps ti=<TaskInstance: extract_raw_data_pipeline.run_dbt_staging scheduled__2025-04-10T07:03:00+00:00 [queued]>
[2025-04-10T07:04:14.312+0000] {taskinstance.py:2865} INFO - Starting attempt 1 of 1
[2025-04-10T07:04:14.368+0000] {taskinstance.py:2888} INFO - Executing <Task(BashOperator): run_dbt_staging> on 2025-04-10 07:03:00+00:00
[2025-04-10T07:04:14.389+0000] {warnings.py:112} WARNING - /home/***/.local/lib/python3.12/site-packages/***/task/task_runner/standard_task_runner.py:70: DeprecationWarning: This process (pid=2459) is multi-threaded, use of fork() may lead to deadlocks in the child.
  pid = os.fork()

[2025-04-10T07:04:14.393+0000] {standard_task_runner.py:72} INFO - Started process 2461 to run task
[2025-04-10T07:04:14.394+0000] {standard_task_runner.py:104} INFO - Running: ['***', 'tasks', 'run', 'extract_raw_data_pipeline', 'run_dbt_staging', 'scheduled__2025-04-10T07:03:00+00:00', '--job-id', '459', '--raw', '--subdir', 'DAGS_FOLDER/driven_data_pipeline.py', '--cfg-path', '/tmp/tmpq547mec0']
[2025-04-10T07:04:14.397+0000] {standard_task_runner.py:105} INFO - Job 459: Subtask run_dbt_staging
[2025-04-10T07:04:14.558+0000] {task_command.py:467} INFO - Running <TaskInstance: extract_raw_data_pipeline.run_dbt_staging scheduled__2025-04-10T07:03:00+00:00 [running]> on host c829a6b69367
[2025-04-10T07:04:14.856+0000] {taskinstance.py:3131} INFO - Exporting env vars: AIRFLOW_CTX_DAG_OWNER='***' AIRFLOW_CTX_DAG_ID='extract_raw_data_pipeline' AIRFLOW_CTX_TASK_ID='run_dbt_staging' AIRFLOW_CTX_EXECUTION_DATE='2025-04-10T07:03:00+00:00' AIRFLOW_CTX_TRY_NUMBER='1' AIRFLOW_CTX_DAG_RUN_ID='scheduled__2025-04-10T07:03:00+00:00'
[2025-04-10T07:04:14.861+0000] {taskinstance.py:731} INFO - ::endgroup::
[2025-04-10T07:04:14.903+0000] {subprocess.py:63} INFO - Tmp dir root location: /tmp
[2025-04-10T07:04:14.910+0000] {subprocess.py:75} INFO - Running command: ['/usr/bin/bash', '-c', 'set -x; cd /opt/***/dbt && dbt run --select tag:staging']
[2025-04-10T07:04:14.948+0000] {subprocess.py:86} INFO - Output:
[2025-04-10T07:04:14.956+0000] {subprocess.py:93} INFO - + cd /opt/***/dbt
[2025-04-10T07:04:14.962+0000] {subprocess.py:93} INFO - + dbt run --select tag:staging
[2025-04-10T07:04:21.835+0000] {subprocess.py:93} INFO - [0m07:04:21  Running with dbt=1.8.0
[2025-04-10T07:04:22.841+0000] {subprocess.py:93} INFO - [0m07:04:22  Registered adapter: postgres=1.8.2
[2025-04-10T07:04:24.086+0000] {subprocess.py:93} INFO - [0m07:04:24  Found 9 models, 10 sources, 428 macros
[2025-04-10T07:04:24.094+0000] {subprocess.py:93} INFO - [0m07:04:24
[2025-04-10T07:04:24.383+0000] {subprocess.py:93} INFO - [0m07:04:24  Concurrency: 1 threads (target='dev')
[2025-04-10T07:04:24.385+0000] {subprocess.py:93} INFO - [0m07:04:24
[2025-04-10T07:04:24.406+0000] {subprocess.py:93} INFO - [0m07:04:24  1 of 5 START sql table model driven_staging.dim_address ........................ [RUN]
[2025-04-10T07:04:26.504+0000] {subprocess.py:93} INFO - [0m07:04:26  1 of 5 OK created sql table model driven_staging.dim_address ................... [[32mSELECT 626025[0m in 2.09s]
[2025-04-10T07:04:26.515+0000] {subprocess.py:93} INFO - [0m07:04:26  2 of 5 START sql table model driven_staging.dim_date ........................... [RUN]
[2025-04-10T07:04:46.605+0000] {subprocess.py:93} INFO - [0m07:04:46  2 of 5 OK created sql table model driven_staging.dim_date ...................... [[32mSELECT 626025[0m in 20.08s]
[2025-04-10T07:04:46.613+0000] {subprocess.py:93} INFO - [0m07:04:46  3 of 5 START sql table model driven_staging.dim_finance ........................ [RUN]
[2025-04-10T07:04:48.517+0000] {subprocess.py:93} INFO - [0m07:04:48  3 of 5 OK created sql table model driven_staging.dim_finance ................... [[32mSELECT 626025[0m in 1.90s]
[2025-04-10T07:04:48.527+0000] {subprocess.py:93} INFO - [0m07:04:48  4 of 5 START sql table model driven_staging.dim_person ......................... [RUN]
[2025-04-10T07:04:50.246+0000] {subprocess.py:93} INFO - [0m07:04:50  4 of 5 OK created sql table model driven_staging.dim_person .................... [[32mSELECT 626025[0m in 1.72s]
[2025-04-10T07:04:50.254+0000] {subprocess.py:93} INFO - [0m07:04:50  5 of 5 START sql table model driven_staging.fact_network_usage ................. [RUN]
[2025-04-10T07:04:58.134+0000] {subprocess.py:93} INFO - [0m07:04:58  5 of 5 OK created sql table model driven_staging.fact_network_usage ............ [[32mSELECT 626025[0m in 7.86s]
[2025-04-10T07:04:58.193+0000] {subprocess.py:93} INFO - [0m07:04:58
[2025-04-10T07:04:58.198+0000] {subprocess.py:93} INFO - [0m07:04:58  Finished running 5 table models in 0 hours 0 minutes and 34.10 seconds (34.10s).
[2025-04-10T07:04:58.324+0000] {subprocess.py:93} INFO - [0m07:04:58
[2025-04-10T07:04:58.325+0000] {subprocess.py:93} INFO - [0m07:04:58  [32mCompleted successfully[0m
[2025-04-10T07:04:58.328+0000] {subprocess.py:93} INFO - [0m07:04:58
[2025-04-10T07:04:58.334+0000] {subprocess.py:93} INFO - [0m07:04:58  Done. PASS=5 WARN=0 ERROR=0 SKIP=0 TOTAL=5
[2025-04-10T07:05:00.591+0000] {subprocess.py:97} INFO - Command exited with return code 0
[2025-04-10T07:05:00.666+0000] {taskinstance.py:340} INFO - ::group::Post task execution logs
[2025-04-10T07:05:00.669+0000] {taskinstance.py:352} INFO - Marking task as SUCCESS. dag_id=extract_raw_data_pipeline, task_id=run_dbt_staging, run_id=scheduled__2025-04-10T07:03:00+00:00, execution_date=20250410T070300, start_date=20250410T070414, end_date=20250410T070500
[2025-04-10T07:05:00.762+0000] {local_task_job_runner.py:266} INFO - Task exited with return code 0
[2025-04-10T07:05:00.837+0000] {taskinstance.py:3900} INFO - 1 downstream tasks scheduled from follow-on schedule check
[2025-04-10T07:05:00.841+0000] {local_task_job_runner.py:245} INFO - ::endgroup::
