[2025-04-10T07:34:19.615+0000] {local_task_job_runner.py:123} INFO - ::group::Pre task execution logs
[2025-04-10T07:34:19.652+0000] {taskinstance.py:2612} INFO - Dependencies all met for dep_context=non-requeueable deps ti=<TaskInstance: extract_raw_data_pipeline.run_dbt_trusted scheduled__2025-04-10T07:31:00+00:00 [queued]>
[2025-04-10T07:34:19.674+0000] {taskinstance.py:2612} INFO - Dependencies all met for dep_context=requeueable deps ti=<TaskInstance: extract_raw_data_pipeline.run_dbt_trusted scheduled__2025-04-10T07:31:00+00:00 [queued]>
[2025-04-10T07:34:19.675+0000] {taskinstance.py:2865} INFO - Starting attempt 1 of 1
[2025-04-10T07:34:19.718+0000] {taskinstance.py:2888} INFO - Executing <Task(BashOperator): run_dbt_trusted> on 2025-04-10 07:31:00+00:00
[2025-04-10T07:34:19.729+0000] {warnings.py:112} WARNING - /home/***/.local/lib/python3.12/site-packages/***/task/task_runner/standard_task_runner.py:70: DeprecationWarning: This process (pid=4226) is multi-threaded, use of fork() may lead to deadlocks in the child.
  pid = os.fork()

[2025-04-10T07:34:19.732+0000] {standard_task_runner.py:72} INFO - Started process 4230 to run task
[2025-04-10T07:34:19.737+0000] {standard_task_runner.py:104} INFO - Running: ['***', 'tasks', 'run', 'extract_raw_data_pipeline', 'run_dbt_trusted', 'scheduled__2025-04-10T07:31:00+00:00', '--job-id', '638', '--raw', '--subdir', 'DAGS_FOLDER/driven_data_pipeline.py', '--cfg-path', '/tmp/tmp7blnpn0s']
[2025-04-10T07:34:19.739+0000] {standard_task_runner.py:105} INFO - Job 638: Subtask run_dbt_trusted
[2025-04-10T07:34:19.831+0000] {task_command.py:467} INFO - Running <TaskInstance: extract_raw_data_pipeline.run_dbt_trusted scheduled__2025-04-10T07:31:00+00:00 [running]> on host c829a6b69367
[2025-04-10T07:34:20.021+0000] {taskinstance.py:3131} INFO - Exporting env vars: AIRFLOW_CTX_DAG_OWNER='***' AIRFLOW_CTX_DAG_ID='extract_raw_data_pipeline' AIRFLOW_CTX_TASK_ID='run_dbt_trusted' AIRFLOW_CTX_EXECUTION_DATE='2025-04-10T07:31:00+00:00' AIRFLOW_CTX_TRY_NUMBER='1' AIRFLOW_CTX_DAG_RUN_ID='scheduled__2025-04-10T07:31:00+00:00'
[2025-04-10T07:34:20.023+0000] {taskinstance.py:731} INFO - ::endgroup::
[2025-04-10T07:34:20.047+0000] {subprocess.py:63} INFO - Tmp dir root location: /tmp
[2025-04-10T07:34:20.049+0000] {subprocess.py:75} INFO - Running command: ['/usr/bin/bash', '-c', 'set -x; cd /opt/***/dbt && dbt run --select tag:trusted']
[2025-04-10T07:34:20.070+0000] {subprocess.py:86} INFO - Output:
[2025-04-10T07:34:20.072+0000] {subprocess.py:93} INFO - + cd /opt/***/dbt
[2025-04-10T07:34:20.073+0000] {subprocess.py:93} INFO - + dbt run --select tag:trusted
[2025-04-10T07:34:24.191+0000] {subprocess.py:93} INFO - [0m07:34:24  Running with dbt=1.8.0
[2025-04-10T07:34:24.811+0000] {subprocess.py:93} INFO - [0m07:34:24  Registered adapter: postgres=1.8.2
[2025-04-10T07:34:25.635+0000] {subprocess.py:93} INFO - [0m07:34:25  Found 9 models, 10 sources, 428 macros
[2025-04-10T07:34:25.640+0000] {subprocess.py:93} INFO - [0m07:34:25
[2025-04-10T07:34:25.832+0000] {subprocess.py:93} INFO - [0m07:34:25  Concurrency: 1 threads (target='dev')
[2025-04-10T07:34:25.833+0000] {subprocess.py:93} INFO - [0m07:34:25
[2025-04-10T07:34:25.852+0000] {subprocess.py:93} INFO - [0m07:34:25  1 of 4 START sql table model driven_trusted.non_pii_data ....................... [RUN]
[2025-04-10T07:35:04.545+0000] {subprocess.py:93} INFO - [0m07:35:04  1 of 4 OK created sql table model driven_trusted.non_pii_data .................. [[32mSELECT 1385833[0m in 38.69s]
[2025-04-10T07:35:04.550+0000] {subprocess.py:93} INFO - [0m07:35:04  2 of 4 START sql table model driven_trusted.payment_data ....................... [RUN]
[2025-04-10T07:35:18.211+0000] {subprocess.py:93} INFO - [0m07:35:18  2 of 4 OK created sql table model driven_trusted.payment_data .................. [[32mSELECT 1385833[0m in 13.66s]
[2025-04-10T07:35:18.216+0000] {subprocess.py:93} INFO - [0m07:35:18  3 of 4 START sql table model driven_trusted.pii_data ........................... [RUN]
[2025-04-10T07:36:09.594+0000] {subprocess.py:93} INFO - [0m07:36:09  3 of 4 OK created sql table model driven_trusted.pii_data ...................... [[32mSELECT 1420128[0m in 51.37s]
[2025-04-10T07:36:09.601+0000] {subprocess.py:93} INFO - [0m07:36:09  4 of 4 START sql table model driven_trusted.technical_data ..................... [RUN]
[2025-04-10T07:36:20.709+0000] {subprocess.py:93} INFO - [0m07:36:20  4 of 4 OK created sql table model driven_trusted.technical_data ................ [[32mSELECT 1420128[0m in 11.10s]
[2025-04-10T07:36:20.752+0000] {subprocess.py:93} INFO - [0m07:36:20
[2025-04-10T07:36:20.754+0000] {subprocess.py:93} INFO - [0m07:36:20  Finished running 4 table models in 0 hours 1 minutes and 55.11 seconds (115.11s).
[2025-04-10T07:36:20.919+0000] {subprocess.py:93} INFO - [0m07:36:20
[2025-04-10T07:36:20.922+0000] {subprocess.py:93} INFO - [0m07:36:20  [32mCompleted successfully[0m
[2025-04-10T07:36:20.924+0000] {subprocess.py:93} INFO - [0m07:36:20
[2025-04-10T07:36:20.926+0000] {subprocess.py:93} INFO - [0m07:36:20  Done. PASS=4 WARN=0 ERROR=0 SKIP=0 TOTAL=4
[2025-04-10T07:36:22.476+0000] {subprocess.py:97} INFO - Command exited with return code 0
[2025-04-10T07:36:22.835+0000] {taskinstance.py:340} INFO - ::group::Post task execution logs
[2025-04-10T07:36:22.836+0000] {taskinstance.py:352} INFO - Marking task as SUCCESS. dag_id=extract_raw_data_pipeline, task_id=run_dbt_trusted, run_id=scheduled__2025-04-10T07:31:00+00:00, execution_date=20250410T073100, start_date=20250410T073419, end_date=20250410T073622
[2025-04-10T07:36:22.916+0000] {local_task_job_runner.py:266} INFO - Task exited with return code 0
[2025-04-10T07:36:22.952+0000] {taskinstance.py:3900} INFO - 0 downstream tasks scheduled from follow-on schedule check
[2025-04-10T07:36:22.991+0000] {local_task_job_runner.py:245} INFO - ::endgroup::
