[2025-04-10T07:50:28.423+0000] {local_task_job_runner.py:123} INFO - ::group::Pre task execution logs
[2025-04-10T07:50:28.451+0000] {taskinstance.py:2612} INFO - Dependencies all met for dep_context=non-requeueable deps ti=<TaskInstance: extract_raw_data_pipeline.run_dbt_trusted scheduled__2025-04-10T07:47:00+00:00 [queued]>
[2025-04-10T07:50:28.469+0000] {taskinstance.py:2612} INFO - Dependencies all met for dep_context=requeueable deps ti=<TaskInstance: extract_raw_data_pipeline.run_dbt_trusted scheduled__2025-04-10T07:47:00+00:00 [queued]>
[2025-04-10T07:50:28.470+0000] {taskinstance.py:2865} INFO - Starting attempt 1 of 1
[2025-04-10T07:50:28.510+0000] {taskinstance.py:2888} INFO - Executing <Task(BashOperator): run_dbt_trusted> on 2025-04-10 07:47:00+00:00
[2025-04-10T07:50:28.523+0000] {warnings.py:112} WARNING - /home/***/.local/lib/python3.12/site-packages/***/task/task_runner/standard_task_runner.py:70: DeprecationWarning: This process (pid=5201) is multi-threaded, use of fork() may lead to deadlocks in the child.
  pid = os.fork()

[2025-04-10T07:50:28.528+0000] {standard_task_runner.py:72} INFO - Started process 5203 to run task
[2025-04-10T07:50:28.527+0000] {standard_task_runner.py:104} INFO - Running: ['***', 'tasks', 'run', 'extract_raw_data_pipeline', 'run_dbt_trusted', 'scheduled__2025-04-10T07:47:00+00:00', '--job-id', '734', '--raw', '--subdir', 'DAGS_FOLDER/driven_data_pipeline.py', '--cfg-path', '/tmp/tmpp0xvikq2']
[2025-04-10T07:50:28.529+0000] {standard_task_runner.py:105} INFO - Job 734: Subtask run_dbt_trusted
[2025-04-10T07:50:28.651+0000] {task_command.py:467} INFO - Running <TaskInstance: extract_raw_data_pipeline.run_dbt_trusted scheduled__2025-04-10T07:47:00+00:00 [running]> on host c829a6b69367
[2025-04-10T07:50:28.882+0000] {taskinstance.py:3131} INFO - Exporting env vars: AIRFLOW_CTX_DAG_OWNER='***' AIRFLOW_CTX_DAG_ID='extract_raw_data_pipeline' AIRFLOW_CTX_TASK_ID='run_dbt_trusted' AIRFLOW_CTX_EXECUTION_DATE='2025-04-10T07:47:00+00:00' AIRFLOW_CTX_TRY_NUMBER='1' AIRFLOW_CTX_DAG_RUN_ID='scheduled__2025-04-10T07:47:00+00:00'
[2025-04-10T07:50:28.884+0000] {taskinstance.py:731} INFO - ::endgroup::
[2025-04-10T07:50:28.921+0000] {subprocess.py:63} INFO - Tmp dir root location: /tmp
[2025-04-10T07:50:28.923+0000] {subprocess.py:75} INFO - Running command: ['/usr/bin/bash', '-c', 'set -x; cd /opt/***/dbt && dbt run --select tag:trusted']
[2025-04-10T07:50:28.952+0000] {subprocess.py:86} INFO - Output:
[2025-04-10T07:50:28.955+0000] {subprocess.py:93} INFO - + cd /opt/***/dbt
[2025-04-10T07:50:28.957+0000] {subprocess.py:93} INFO - + dbt run --select tag:trusted
[2025-04-10T07:50:32.794+0000] {subprocess.py:93} INFO - [0m07:50:32  Running with dbt=1.8.0
[2025-04-10T07:50:33.291+0000] {subprocess.py:93} INFO - [0m07:50:33  Registered adapter: postgres=1.8.2
[2025-04-10T07:50:34.105+0000] {subprocess.py:93} INFO - [0m07:50:34  Found 9 models, 10 sources, 428 macros
[2025-04-10T07:50:34.110+0000] {subprocess.py:93} INFO - [0m07:50:34
[2025-04-10T07:50:34.316+0000] {subprocess.py:93} INFO - [0m07:50:34  Concurrency: 1 threads (target='dev')
[2025-04-10T07:50:34.317+0000] {subprocess.py:93} INFO - [0m07:50:34
[2025-04-10T07:50:34.335+0000] {subprocess.py:93} INFO - [0m07:50:34  1 of 4 START sql table model driven_trusted.non_pii_data ....................... [RUN]
[2025-04-10T07:52:20.508+0000] {subprocess.py:93} INFO - [0m07:52:20  1 of 4 OK created sql table model driven_trusted.non_pii_data .................. [[32mSELECT 1953382[0m in 106.17s]
[2025-04-10T07:52:20.511+0000] {subprocess.py:93} INFO - [0m07:52:20  2 of 4 START sql table model driven_trusted.payment_data ....................... [RUN]
[2025-04-10T07:52:52.121+0000] {subprocess.py:93} INFO - [0m07:52:52  2 of 4 OK created sql table model driven_trusted.payment_data .................. [[32mSELECT 1953382[0m in 31.59s]
[2025-04-10T07:52:52.141+0000] {subprocess.py:93} INFO - [0m07:52:52  3 of 4 START sql table model driven_trusted.pii_data ........................... [RUN]
[2025-04-10T07:53:24.023+0000] {subprocess.py:93} INFO - [0m07:53:24  3 of 4 OK created sql table model driven_trusted.pii_data ...................... [[32mSELECT 1953382[0m in 31.87s]
[2025-04-10T07:53:24.029+0000] {subprocess.py:93} INFO - [0m07:53:24  4 of 4 START sql table model driven_trusted.technical_data ..................... [RUN]
[2025-04-10T07:54:19.439+0000] {subprocess.py:93} INFO - [0m07:54:19  4 of 4 OK created sql table model driven_trusted.technical_data ................ [[32mSELECT 2127594[0m in 55.41s]
[2025-04-10T07:54:19.459+0000] {subprocess.py:93} INFO - [0m07:54:19
[2025-04-10T07:54:19.460+0000] {subprocess.py:93} INFO - [0m07:54:19  Finished running 4 table models in 0 hours 3 minutes and 45.35 seconds (225.35s).
[2025-04-10T07:54:19.532+0000] {subprocess.py:93} INFO - [0m07:54:19
[2025-04-10T07:54:19.533+0000] {subprocess.py:93} INFO - [0m07:54:19  [32mCompleted successfully[0m
[2025-04-10T07:54:19.534+0000] {subprocess.py:93} INFO - [0m07:54:19
[2025-04-10T07:54:19.535+0000] {subprocess.py:93} INFO - [0m07:54:19  Done. PASS=4 WARN=0 ERROR=0 SKIP=0 TOTAL=4
[2025-04-10T07:54:20.588+0000] {subprocess.py:97} INFO - Command exited with return code 0
[2025-04-10T07:54:20.627+0000] {taskinstance.py:340} INFO - ::group::Post task execution logs
[2025-04-10T07:54:20.628+0000] {taskinstance.py:352} INFO - Marking task as SUCCESS. dag_id=extract_raw_data_pipeline, task_id=run_dbt_trusted, run_id=scheduled__2025-04-10T07:47:00+00:00, execution_date=20250410T074700, start_date=20250410T075028, end_date=20250410T075420
[2025-04-10T07:54:20.653+0000] {local_task_job_runner.py:266} INFO - Task exited with return code 0
[2025-04-10T07:54:20.668+0000] {taskinstance.py:3900} INFO - 0 downstream tasks scheduled from follow-on schedule check
[2025-04-10T07:54:20.672+0000] {local_task_job_runner.py:245} INFO - ::endgroup::
