[2025-04-09T07:18:16.250+0000] {local_task_job_runner.py:123} INFO - ::group::Pre task execution logs
[2025-04-09T07:18:16.280+0000] {taskinstance.py:2612} INFO - Dependencies all met for dep_context=non-requeueable deps ti=<TaskInstance: extract_raw_data_pipeline.run_dbt_trusted scheduled__2025-04-09T07:17:00+00:00 [queued]>
[2025-04-09T07:18:16.292+0000] {taskinstance.py:2612} INFO - Dependencies all met for dep_context=requeueable deps ti=<TaskInstance: extract_raw_data_pipeline.run_dbt_trusted scheduled__2025-04-09T07:17:00+00:00 [queued]>
[2025-04-09T07:18:16.293+0000] {taskinstance.py:2865} INFO - Starting attempt 1 of 1
[2025-04-09T07:18:16.310+0000] {taskinstance.py:2888} INFO - Executing <Task(BashOperator): run_dbt_trusted> on 2025-04-09 07:17:00+00:00
[2025-04-09T07:18:16.321+0000] {warnings.py:112} WARNING - /home/***/.local/lib/python3.12/site-packages/***/task/task_runner/standard_task_runner.py:70: DeprecationWarning: This process (pid=2019) is multi-threaded, use of fork() may lead to deadlocks in the child.
  pid = os.fork()

[2025-04-09T07:18:16.324+0000] {standard_task_runner.py:72} INFO - Started process 2021 to run task
[2025-04-09T07:18:16.323+0000] {standard_task_runner.py:104} INFO - Running: ['***', 'tasks', 'run', 'extract_raw_data_pipeline', 'run_dbt_trusted', 'scheduled__2025-04-09T07:17:00+00:00', '--job-id', '178', '--raw', '--subdir', 'DAGS_FOLDER/driven_data_pipeline.py', '--cfg-path', '/tmp/tmp8rm5vl80']
[2025-04-09T07:18:16.325+0000] {standard_task_runner.py:105} INFO - Job 178: Subtask run_dbt_trusted
[2025-04-09T07:18:16.395+0000] {task_command.py:467} INFO - Running <TaskInstance: extract_raw_data_pipeline.run_dbt_trusted scheduled__2025-04-09T07:17:00+00:00 [running]> on host c829a6b69367
[2025-04-09T07:18:16.493+0000] {taskinstance.py:3131} INFO - Exporting env vars: AIRFLOW_CTX_DAG_OWNER='***' AIRFLOW_CTX_DAG_ID='extract_raw_data_pipeline' AIRFLOW_CTX_TASK_ID='run_dbt_trusted' AIRFLOW_CTX_EXECUTION_DATE='2025-04-09T07:17:00+00:00' AIRFLOW_CTX_TRY_NUMBER='1' AIRFLOW_CTX_DAG_RUN_ID='scheduled__2025-04-09T07:17:00+00:00'
[2025-04-09T07:18:16.495+0000] {taskinstance.py:731} INFO - ::endgroup::
[2025-04-09T07:18:16.517+0000] {subprocess.py:63} INFO - Tmp dir root location: /tmp
[2025-04-09T07:18:16.518+0000] {subprocess.py:75} INFO - Running command: ['/usr/bin/bash', '-c', 'set -x; cd /opt/***/dbt && dbt run --select tag:trusted']
[2025-04-09T07:18:16.531+0000] {subprocess.py:86} INFO - Output:
[2025-04-09T07:18:16.533+0000] {subprocess.py:93} INFO - + cd /opt/***/dbt
[2025-04-09T07:18:16.534+0000] {subprocess.py:93} INFO - + dbt run --select tag:trusted
[2025-04-09T07:18:18.726+0000] {subprocess.py:93} INFO - [0m07:18:18  Running with dbt=1.8.0
[2025-04-09T07:18:19.004+0000] {subprocess.py:93} INFO - [0m07:18:19  Registered adapter: postgres=1.8.2
[2025-04-09T07:18:19.471+0000] {subprocess.py:93} INFO - [0m07:18:19  Found 9 models, 10 sources, 428 macros
[2025-04-09T07:18:19.474+0000] {subprocess.py:93} INFO - [0m07:18:19
[2025-04-09T07:18:19.616+0000] {subprocess.py:93} INFO - [0m07:18:19  Concurrency: 1 threads (target='dev')
[2025-04-09T07:18:19.617+0000] {subprocess.py:93} INFO - [0m07:18:19
[2025-04-09T07:18:19.633+0000] {subprocess.py:93} INFO - [0m07:18:19  1 of 4 START sql table model driven_trusted.non_pii_data ....................... [RUN]
[2025-04-09T07:18:21.541+0000] {subprocess.py:93} INFO - [0m07:18:21  1 of 4 OK created sql table model driven_trusted.non_pii_data .................. [[32mSELECT 132784[0m in 1.90s]
[2025-04-09T07:18:21.545+0000] {subprocess.py:93} INFO - [0m07:18:21  2 of 4 START sql table model driven_trusted.payment_data ....................... [RUN]
[2025-04-09T07:18:22.464+0000] {subprocess.py:93} INFO - [0m07:18:22  2 of 4 OK created sql table model driven_trusted.payment_data .................. [[32mSELECT 132784[0m in 0.92s]
[2025-04-09T07:18:22.468+0000] {subprocess.py:93} INFO - [0m07:18:22  3 of 4 START sql table model driven_trusted.pii_data ........................... [RUN]
[2025-04-09T07:18:26.090+0000] {subprocess.py:93} INFO - [0m07:18:26  3 of 4 OK created sql table model driven_trusted.pii_data ...................... [[32mSELECT 132784[0m in 3.62s]
[2025-04-09T07:18:26.095+0000] {subprocess.py:93} INFO - [0m07:18:26  4 of 4 START sql table model driven_trusted.technical_data ..................... [RUN]
[2025-04-09T07:18:27.120+0000] {subprocess.py:93} INFO - [0m07:18:27  4 of 4 OK created sql table model driven_trusted.technical_data ................ [[32mSELECT 132784[0m in 1.02s]
[2025-04-09T07:18:27.137+0000] {subprocess.py:93} INFO - [0m07:18:27
[2025-04-09T07:18:27.138+0000] {subprocess.py:93} INFO - [0m07:18:27  Finished running 4 table models in 0 hours 0 minutes and 7.66 seconds (7.66s).
[2025-04-09T07:18:27.198+0000] {subprocess.py:93} INFO - [0m07:18:27
[2025-04-09T07:18:27.198+0000] {subprocess.py:93} INFO - [0m07:18:27  [32mCompleted successfully[0m
[2025-04-09T07:18:27.199+0000] {subprocess.py:93} INFO - [0m07:18:27
[2025-04-09T07:18:27.200+0000] {subprocess.py:93} INFO - [0m07:18:27  Done. PASS=4 WARN=0 ERROR=0 SKIP=0 TOTAL=4
[2025-04-09T07:18:28.303+0000] {subprocess.py:97} INFO - Command exited with return code 0
[2025-04-09T07:18:28.343+0000] {taskinstance.py:340} INFO - ::group::Post task execution logs
[2025-04-09T07:18:28.344+0000] {taskinstance.py:352} INFO - Marking task as SUCCESS. dag_id=extract_raw_data_pipeline, task_id=run_dbt_trusted, run_id=scheduled__2025-04-09T07:17:00+00:00, execution_date=20250409T071700, start_date=20250409T071816, end_date=20250409T071828
[2025-04-09T07:18:28.395+0000] {local_task_job_runner.py:266} INFO - Task exited with return code 0
[2025-04-09T07:18:28.411+0000] {taskinstance.py:3900} INFO - 0 downstream tasks scheduled from follow-on schedule check
[2025-04-09T07:18:28.414+0000] {local_task_job_runner.py:245} INFO - ::endgroup::
