[2025-04-10T07:13:40.955+0000] {local_task_job_runner.py:123} INFO - ::group::Pre task execution logs
[2025-04-10T07:13:41.006+0000] {taskinstance.py:2612} INFO - Dependencies all met for dep_context=non-requeueable deps ti=<TaskInstance: extract_raw_data_pipeline.run_dbt_trusted scheduled__2025-04-10T07:11:00+00:00 [queued]>
[2025-04-10T07:13:41.042+0000] {taskinstance.py:2612} INFO - Dependencies all met for dep_context=requeueable deps ti=<TaskInstance: extract_raw_data_pipeline.run_dbt_trusted scheduled__2025-04-10T07:11:00+00:00 [queued]>
[2025-04-10T07:13:41.044+0000] {taskinstance.py:2865} INFO - Starting attempt 1 of 1
[2025-04-10T07:13:41.118+0000] {taskinstance.py:2888} INFO - Executing <Task(BashOperator): run_dbt_trusted> on 2025-04-10 07:11:00+00:00
[2025-04-10T07:13:41.147+0000] {warnings.py:112} WARNING - /home/***/.local/lib/python3.12/site-packages/***/task/task_runner/standard_task_runner.py:70: DeprecationWarning: This process (pid=2996) is multi-threaded, use of fork() may lead to deadlocks in the child.
  pid = os.fork()

[2025-04-10T07:13:41.153+0000] {standard_task_runner.py:72} INFO - Started process 2998 to run task
[2025-04-10T07:13:41.153+0000] {standard_task_runner.py:104} INFO - Running: ['***', 'tasks', 'run', 'extract_raw_data_pipeline', 'run_dbt_trusted', 'scheduled__2025-04-10T07:11:00+00:00', '--job-id', '513', '--raw', '--subdir', 'DAGS_FOLDER/driven_data_pipeline.py', '--cfg-path', '/tmp/tmprr2wqdu7']
[2025-04-10T07:13:41.157+0000] {standard_task_runner.py:105} INFO - Job 513: Subtask run_dbt_trusted
[2025-04-10T07:13:41.315+0000] {task_command.py:467} INFO - Running <TaskInstance: extract_raw_data_pipeline.run_dbt_trusted scheduled__2025-04-10T07:11:00+00:00 [running]> on host c829a6b69367
[2025-04-10T07:13:41.590+0000] {taskinstance.py:3131} INFO - Exporting env vars: AIRFLOW_CTX_DAG_OWNER='***' AIRFLOW_CTX_DAG_ID='extract_raw_data_pipeline' AIRFLOW_CTX_TASK_ID='run_dbt_trusted' AIRFLOW_CTX_EXECUTION_DATE='2025-04-10T07:11:00+00:00' AIRFLOW_CTX_TRY_NUMBER='1' AIRFLOW_CTX_DAG_RUN_ID='scheduled__2025-04-10T07:11:00+00:00'
[2025-04-10T07:13:41.594+0000] {taskinstance.py:731} INFO - ::endgroup::
[2025-04-10T07:13:41.637+0000] {subprocess.py:63} INFO - Tmp dir root location: /tmp
[2025-04-10T07:13:41.640+0000] {subprocess.py:75} INFO - Running command: ['/usr/bin/bash', '-c', 'set -x; cd /opt/***/dbt && dbt run --select tag:trusted']
[2025-04-10T07:13:41.677+0000] {subprocess.py:86} INFO - Output:
[2025-04-10T07:13:41.680+0000] {subprocess.py:93} INFO - + cd /opt/***/dbt
[2025-04-10T07:13:41.682+0000] {subprocess.py:93} INFO - + dbt run --select tag:trusted
[2025-04-10T07:13:49.188+0000] {subprocess.py:93} INFO - [0m07:13:49  Running with dbt=1.8.0
[2025-04-10T07:13:50.332+0000] {subprocess.py:93} INFO - [0m07:13:50  Registered adapter: postgres=1.8.2
[2025-04-10T07:13:51.819+0000] {subprocess.py:93} INFO - [0m07:13:51  Found 9 models, 10 sources, 428 macros
[2025-04-10T07:13:51.831+0000] {subprocess.py:93} INFO - [0m07:13:51
[2025-04-10T07:13:52.137+0000] {subprocess.py:93} INFO - [0m07:13:52  Concurrency: 1 threads (target='dev')
[2025-04-10T07:13:52.141+0000] {subprocess.py:93} INFO - [0m07:13:52
[2025-04-10T07:13:52.161+0000] {subprocess.py:93} INFO - [0m07:13:52  1 of 4 START sql table model driven_trusted.non_pii_data ....................... [RUN]
[2025-04-10T07:14:23.019+0000] {subprocess.py:93} INFO - [0m07:14:23  1 of 4 OK created sql table model driven_trusted.non_pii_data .................. [[32mSELECT 808216[0m in 30.85s]
[2025-04-10T07:14:23.032+0000] {subprocess.py:93} INFO - [0m07:14:23  2 of 4 START sql table model driven_trusted.payment_data ....................... [RUN]
[2025-04-10T07:14:25.694+0000] {subprocess.py:93} INFO - [0m07:14:25  2 of 4 OK created sql table model driven_trusted.payment_data .................. [[32mSELECT 808216[0m in 2.66s]
[2025-04-10T07:14:25.699+0000] {subprocess.py:93} INFO - [0m07:14:25  3 of 4 START sql table model driven_trusted.pii_data ........................... [RUN]
[2025-04-10T07:15:04.843+0000] {subprocess.py:93} INFO - [0m07:15:04  3 of 4 OK created sql table model driven_trusted.pii_data ...................... [[32mSELECT 808216[0m in 39.13s]
[2025-04-10T07:15:04.856+0000] {subprocess.py:93} INFO - [0m07:15:04  4 of 4 START sql table model driven_trusted.technical_data ..................... [RUN]
[2025-04-10T07:15:11.494+0000] {subprocess.py:93} INFO - [0m07:15:11  4 of 4 OK created sql table model driven_trusted.technical_data ................ [[32mSELECT 808216[0m in 6.63s]
[2025-04-10T07:15:11.559+0000] {subprocess.py:93} INFO - [0m07:15:11
[2025-04-10T07:15:11.563+0000] {subprocess.py:93} INFO - [0m07:15:11  Finished running 4 table models in 0 hours 1 minutes and 19.72 seconds (79.72s).
[2025-04-10T07:15:11.926+0000] {subprocess.py:93} INFO - [0m07:15:11
[2025-04-10T07:15:11.936+0000] {subprocess.py:93} INFO - [0m07:15:11  [32mCompleted successfully[0m
[2025-04-10T07:15:11.939+0000] {subprocess.py:93} INFO - [0m07:15:11
[2025-04-10T07:15:11.949+0000] {subprocess.py:93} INFO - [0m07:15:11  Done. PASS=4 WARN=0 ERROR=0 SKIP=0 TOTAL=4
[2025-04-10T07:15:14.638+0000] {subprocess.py:97} INFO - Command exited with return code 0
[2025-04-10T07:15:14.820+0000] {taskinstance.py:340} INFO - ::group::Post task execution logs
[2025-04-10T07:15:14.823+0000] {taskinstance.py:352} INFO - Marking task as SUCCESS. dag_id=extract_raw_data_pipeline, task_id=run_dbt_trusted, run_id=scheduled__2025-04-10T07:11:00+00:00, execution_date=20250410T071100, start_date=20250410T071341, end_date=20250410T071514
[2025-04-10T07:15:15.004+0000] {local_task_job_runner.py:266} INFO - Task exited with return code 0
[2025-04-10T07:15:15.072+0000] {taskinstance.py:3900} INFO - 0 downstream tasks scheduled from follow-on schedule check
[2025-04-10T07:15:15.103+0000] {local_task_job_runner.py:245} INFO - ::endgroup::
