[2025-04-10T07:18:21.658+0000] {local_task_job_runner.py:123} INFO - ::group::Pre task execution logs
[2025-04-10T07:18:21.729+0000] {taskinstance.py:2612} INFO - Dependencies all met for dep_context=non-requeueable deps ti=<TaskInstance: extract_raw_data_pipeline.run_dbt_staging scheduled__2025-04-10T07:17:00+00:00 [queued]>
[2025-04-10T07:18:21.786+0000] {taskinstance.py:2612} INFO - Dependencies all met for dep_context=requeueable deps ti=<TaskInstance: extract_raw_data_pipeline.run_dbt_staging scheduled__2025-04-10T07:17:00+00:00 [queued]>
[2025-04-10T07:18:21.788+0000] {taskinstance.py:2865} INFO - Starting attempt 1 of 1
[2025-04-10T07:18:21.892+0000] {taskinstance.py:2888} INFO - Executing <Task(BashOperator): run_dbt_staging> on 2025-04-10 07:17:00+00:00
[2025-04-10T07:18:21.920+0000] {warnings.py:112} WARNING - /home/***/.local/lib/python3.12/site-packages/***/task/task_runner/standard_task_runner.py:70: DeprecationWarning: This process (pid=3266) is multi-threaded, use of fork() may lead to deadlocks in the child.
  pid = os.fork()

[2025-04-10T07:18:21.925+0000] {standard_task_runner.py:104} INFO - Running: ['***', 'tasks', 'run', 'extract_raw_data_pipeline', 'run_dbt_staging', 'scheduled__2025-04-10T07:17:00+00:00', '--job-id', '541', '--raw', '--subdir', 'DAGS_FOLDER/driven_data_pipeline.py', '--cfg-path', '/tmp/tmp14llmwug']
[2025-04-10T07:18:21.927+0000] {standard_task_runner.py:72} INFO - Started process 3268 to run task
[2025-04-10T07:18:21.929+0000] {standard_task_runner.py:105} INFO - Job 541: Subtask run_dbt_staging
[2025-04-10T07:18:22.223+0000] {task_command.py:467} INFO - Running <TaskInstance: extract_raw_data_pipeline.run_dbt_staging scheduled__2025-04-10T07:17:00+00:00 [running]> on host c829a6b69367
[2025-04-10T07:18:22.559+0000] {taskinstance.py:3131} INFO - Exporting env vars: AIRFLOW_CTX_DAG_OWNER='***' AIRFLOW_CTX_DAG_ID='extract_raw_data_pipeline' AIRFLOW_CTX_TASK_ID='run_dbt_staging' AIRFLOW_CTX_EXECUTION_DATE='2025-04-10T07:17:00+00:00' AIRFLOW_CTX_TRY_NUMBER='1' AIRFLOW_CTX_DAG_RUN_ID='scheduled__2025-04-10T07:17:00+00:00'
[2025-04-10T07:18:22.562+0000] {taskinstance.py:731} INFO - ::endgroup::
[2025-04-10T07:18:22.610+0000] {subprocess.py:63} INFO - Tmp dir root location: /tmp
[2025-04-10T07:18:22.615+0000] {subprocess.py:75} INFO - Running command: ['/usr/bin/bash', '-c', 'set -x; cd /opt/***/dbt && dbt run --select tag:staging']
[2025-04-10T07:18:22.655+0000] {subprocess.py:86} INFO - Output:
[2025-04-10T07:18:22.660+0000] {subprocess.py:93} INFO - + cd /opt/***/dbt
[2025-04-10T07:18:22.662+0000] {subprocess.py:93} INFO - + dbt run --select tag:staging
[2025-04-10T07:18:28.642+0000] {subprocess.py:93} INFO - [0m07:18:28  Running with dbt=1.8.0
[2025-04-10T07:18:29.438+0000] {subprocess.py:93} INFO - [0m07:18:29  Registered adapter: postgres=1.8.2
[2025-04-10T07:18:30.923+0000] {subprocess.py:93} INFO - [0m07:18:30  Found 9 models, 10 sources, 428 macros
[2025-04-10T07:18:30.932+0000] {subprocess.py:93} INFO - [0m07:18:30
[2025-04-10T07:18:31.345+0000] {subprocess.py:93} INFO - [0m07:18:31  Concurrency: 1 threads (target='dev')
[2025-04-10T07:18:31.347+0000] {subprocess.py:93} INFO - [0m07:18:31
[2025-04-10T07:18:31.391+0000] {subprocess.py:93} INFO - [0m07:18:31  1 of 5 START sql table model driven_staging.dim_address ........................ [RUN]
[2025-04-10T07:18:35.618+0000] {subprocess.py:93} INFO - [0m07:18:35  1 of 5 OK created sql table model driven_staging.dim_address ................... [[32mSELECT 931245[0m in 4.22s]
[2025-04-10T07:18:35.623+0000] {subprocess.py:93} INFO - [0m07:18:35  2 of 5 START sql table model driven_staging.dim_date ........................... [RUN]
[2025-04-10T07:18:37.639+0000] {subprocess.py:93} INFO - [0m07:18:37  2 of 5 OK created sql table model driven_staging.dim_date ...................... [[32mSELECT 931245[0m in 2.01s]
[2025-04-10T07:18:37.645+0000] {subprocess.py:93} INFO - [0m07:18:37  3 of 5 START sql table model driven_staging.dim_finance ........................ [RUN]
[2025-04-10T07:19:11.391+0000] {subprocess.py:93} INFO - [0m07:19:11  3 of 5 OK created sql table model driven_staging.dim_finance ................... [[32mSELECT 931245[0m in 33.74s]
[2025-04-10T07:19:11.401+0000] {subprocess.py:93} INFO - [0m07:19:11  4 of 5 START sql table model driven_staging.dim_person ......................... [RUN]
[2025-04-10T07:19:52.561+0000] {subprocess.py:93} INFO - [0m07:19:52  4 of 5 OK created sql table model driven_staging.dim_person .................... [[32mSELECT 931245[0m in 41.15s]
[2025-04-10T07:19:52.577+0000] {subprocess.py:93} INFO - [0m07:19:52  5 of 5 START sql table model driven_staging.fact_network_usage ................. [RUN]
[2025-04-10T07:20:06.709+0000] {subprocess.py:93} INFO - [0m07:20:06  5 of 5 OK created sql table model driven_staging.fact_network_usage ............ [[32mSELECT 958038[0m in 14.12s]
[2025-04-10T07:20:06.848+0000] {subprocess.py:93} INFO - [0m07:20:06
[2025-04-10T07:20:06.873+0000] {subprocess.py:93} INFO - [0m07:20:06  Finished running 5 table models in 0 hours 1 minutes and 35.91 seconds (95.91s).
[2025-04-10T07:20:07.178+0000] {subprocess.py:93} INFO - [0m07:20:07
[2025-04-10T07:20:07.181+0000] {subprocess.py:93} INFO - [0m07:20:07  [32mCompleted successfully[0m
[2025-04-10T07:20:07.185+0000] {subprocess.py:93} INFO - [0m07:20:07
[2025-04-10T07:20:07.188+0000] {subprocess.py:93} INFO - [0m07:20:07  Done. PASS=5 WARN=0 ERROR=0 SKIP=0 TOTAL=5
[2025-04-10T07:20:10.557+0000] {subprocess.py:97} INFO - Command exited with return code 0
[2025-04-10T07:20:10.694+0000] {taskinstance.py:340} INFO - ::group::Post task execution logs
[2025-04-10T07:20:10.700+0000] {taskinstance.py:352} INFO - Marking task as SUCCESS. dag_id=extract_raw_data_pipeline, task_id=run_dbt_staging, run_id=scheduled__2025-04-10T07:17:00+00:00, execution_date=20250410T071700, start_date=20250410T071821, end_date=20250410T072010
[2025-04-10T07:20:10.816+0000] {local_task_job_runner.py:266} INFO - Task exited with return code 0
[2025-04-10T07:20:10.881+0000] {taskinstance.py:3900} INFO - 1 downstream tasks scheduled from follow-on schedule check
[2025-04-10T07:20:10.889+0000] {local_task_job_runner.py:245} INFO - ::endgroup::
