[2025-04-10T07:49:08.816+0000] {local_task_job_runner.py:123} INFO - ::group::Pre task execution logs
[2025-04-10T07:49:08.834+0000] {taskinstance.py:2612} INFO - Dependencies all met for dep_context=non-requeueable deps ti=<TaskInstance: extract_raw_data_pipeline.run_dbt_staging scheduled__2025-04-10T07:48:00+00:00 [queued]>
[2025-04-10T07:49:08.843+0000] {taskinstance.py:2612} INFO - Dependencies all met for dep_context=requeueable deps ti=<TaskInstance: extract_raw_data_pipeline.run_dbt_staging scheduled__2025-04-10T07:48:00+00:00 [queued]>
[2025-04-10T07:49:08.843+0000] {taskinstance.py:2865} INFO - Starting attempt 1 of 1
[2025-04-10T07:49:08.861+0000] {taskinstance.py:2888} INFO - Executing <Task(BashOperator): run_dbt_staging> on 2025-04-10 07:48:00+00:00
[2025-04-10T07:49:08.869+0000] {warnings.py:112} WARNING - /home/***/.local/lib/python3.12/site-packages/***/task/task_runner/standard_task_runner.py:70: DeprecationWarning: This process (pid=5125) is multi-threaded, use of fork() may lead to deadlocks in the child.
  pid = os.fork()

[2025-04-10T07:49:08.871+0000] {standard_task_runner.py:72} INFO - Started process 5127 to run task
[2025-04-10T07:49:08.871+0000] {standard_task_runner.py:104} INFO - Running: ['***', 'tasks', 'run', 'extract_raw_data_pipeline', 'run_dbt_staging', 'scheduled__2025-04-10T07:48:00+00:00', '--job-id', '727', '--raw', '--subdir', 'DAGS_FOLDER/driven_data_pipeline.py', '--cfg-path', '/tmp/tmpxsuxl6cx']
[2025-04-10T07:49:08.873+0000] {standard_task_runner.py:105} INFO - Job 727: Subtask run_dbt_staging
[2025-04-10T07:49:08.926+0000] {task_command.py:467} INFO - Running <TaskInstance: extract_raw_data_pipeline.run_dbt_staging scheduled__2025-04-10T07:48:00+00:00 [running]> on host c829a6b69367
[2025-04-10T07:49:09.021+0000] {taskinstance.py:3131} INFO - Exporting env vars: AIRFLOW_CTX_DAG_OWNER='***' AIRFLOW_CTX_DAG_ID='extract_raw_data_pipeline' AIRFLOW_CTX_TASK_ID='run_dbt_staging' AIRFLOW_CTX_EXECUTION_DATE='2025-04-10T07:48:00+00:00' AIRFLOW_CTX_TRY_NUMBER='1' AIRFLOW_CTX_DAG_RUN_ID='scheduled__2025-04-10T07:48:00+00:00'
[2025-04-10T07:49:09.022+0000] {taskinstance.py:731} INFO - ::endgroup::
[2025-04-10T07:49:09.036+0000] {subprocess.py:63} INFO - Tmp dir root location: /tmp
[2025-04-10T07:49:09.038+0000] {subprocess.py:75} INFO - Running command: ['/usr/bin/bash', '-c', 'set -x; cd /opt/***/dbt && dbt run --select tag:staging']
[2025-04-10T07:49:09.051+0000] {subprocess.py:86} INFO - Output:
[2025-04-10T07:49:09.053+0000] {subprocess.py:93} INFO - + cd /opt/***/dbt
[2025-04-10T07:49:09.053+0000] {subprocess.py:93} INFO - + dbt run --select tag:staging
[2025-04-10T07:49:11.610+0000] {subprocess.py:93} INFO - [0m07:49:11  Running with dbt=1.8.0
[2025-04-10T07:49:12.040+0000] {subprocess.py:93} INFO - [0m07:49:12  Registered adapter: postgres=1.8.2
[2025-04-10T07:49:12.668+0000] {subprocess.py:93} INFO - [0m07:49:12  Found 9 models, 10 sources, 428 macros
[2025-04-10T07:49:12.672+0000] {subprocess.py:93} INFO - [0m07:49:12
[2025-04-10T07:49:12.857+0000] {subprocess.py:93} INFO - [0m07:49:12  Concurrency: 1 threads (target='dev')
[2025-04-10T07:49:12.859+0000] {subprocess.py:93} INFO - [0m07:49:12
[2025-04-10T07:49:12.872+0000] {subprocess.py:93} INFO - [0m07:49:12  1 of 5 START sql table model driven_staging.dim_address ........................ [RUN]
[2025-04-10T07:49:43.509+0000] {subprocess.py:93} INFO - [0m07:49:43  1 of 5 OK created sql table model driven_staging.dim_address ................... [[32mSELECT 1996340[0m in 30.63s]
[2025-04-10T07:49:43.514+0000] {subprocess.py:93} INFO - [0m07:49:43  2 of 5 START sql table model driven_staging.dim_date ........................... [RUN]
[2025-04-10T07:50:23.680+0000] {subprocess.py:93} INFO - [0m07:50:23  2 of 5 OK created sql table model driven_staging.dim_date ...................... [[32mSELECT 1996340[0m in 40.16s]
[2025-04-10T07:50:23.687+0000] {subprocess.py:93} INFO - [0m07:50:23  3 of 5 START sql table model driven_staging.dim_finance ........................ [RUN]
[2025-04-10T07:51:16.378+0000] {subprocess.py:93} INFO - [0m07:51:16  3 of 5 OK created sql table model driven_staging.dim_finance ................... [[32mSELECT 2039544[0m in 52.68s]
[2025-04-10T07:51:16.391+0000] {subprocess.py:93} INFO - [0m07:51:16  4 of 5 START sql table model driven_staging.dim_person ......................... [RUN]
[2025-04-10T07:52:23.042+0000] {subprocess.py:93} INFO - [0m07:52:23  4 of 5 OK created sql table model driven_staging.dim_person .................... [[32mSELECT 2083512[0m in 66.64s]
[2025-04-10T07:52:23.058+0000] {subprocess.py:93} INFO - [0m07:52:23  5 of 5 START sql table model driven_staging.fact_network_usage ................. [RUN]
[2025-04-10T07:53:23.953+0000] {subprocess.py:93} INFO - [0m07:53:23  5 of 5 OK created sql table model driven_staging.fact_network_usage ............ [[32mSELECT 2127594[0m in 60.89s]
[2025-04-10T07:53:23.987+0000] {subprocess.py:93} INFO - [0m07:53:23
[2025-04-10T07:53:23.988+0000] {subprocess.py:93} INFO - [0m07:53:23  Finished running 5 table models in 0 hours 4 minutes and 11.31 seconds (251.31s).
[2025-04-10T07:53:24.109+0000] {subprocess.py:93} INFO - [0m07:53:24
[2025-04-10T07:53:24.111+0000] {subprocess.py:93} INFO - [0m07:53:24  [32mCompleted successfully[0m
[2025-04-10T07:53:24.113+0000] {subprocess.py:93} INFO - [0m07:53:24
[2025-04-10T07:53:24.114+0000] {subprocess.py:93} INFO - [0m07:53:24  Done. PASS=5 WARN=0 ERROR=0 SKIP=0 TOTAL=5
[2025-04-10T07:53:25.669+0000] {subprocess.py:97} INFO - Command exited with return code 0
[2025-04-10T07:53:25.769+0000] {taskinstance.py:340} INFO - ::group::Post task execution logs
[2025-04-10T07:53:25.770+0000] {taskinstance.py:352} INFO - Marking task as SUCCESS. dag_id=extract_raw_data_pipeline, task_id=run_dbt_staging, run_id=scheduled__2025-04-10T07:48:00+00:00, execution_date=20250410T074800, start_date=20250410T074908, end_date=20250410T075325
[2025-04-10T07:53:25.883+0000] {local_task_job_runner.py:266} INFO - Task exited with return code 0
[2025-04-10T07:53:25.932+0000] {taskinstance.py:3900} INFO - 1 downstream tasks scheduled from follow-on schedule check
[2025-04-10T07:53:25.951+0000] {local_task_job_runner.py:245} INFO - ::endgroup::
