[2025-04-10T07:32:10.445+0000] {local_task_job_runner.py:123} INFO - ::group::Pre task execution logs
[2025-04-10T07:32:10.465+0000] {taskinstance.py:2612} INFO - Dependencies all met for dep_context=non-requeueable deps ti=<TaskInstance: extract_raw_data_pipeline.run_dbt_staging scheduled__2025-04-10T07:31:00+00:00 [queued]>
[2025-04-10T07:32:10.479+0000] {taskinstance.py:2612} INFO - Dependencies all met for dep_context=requeueable deps ti=<TaskInstance: extract_raw_data_pipeline.run_dbt_staging scheduled__2025-04-10T07:31:00+00:00 [queued]>
[2025-04-10T07:32:10.481+0000] {taskinstance.py:2865} INFO - Starting attempt 1 of 1
[2025-04-10T07:32:10.500+0000] {taskinstance.py:2888} INFO - Executing <Task(BashOperator): run_dbt_staging> on 2025-04-10 07:31:00+00:00
[2025-04-10T07:32:10.508+0000] {warnings.py:112} WARNING - /home/***/.local/lib/python3.12/site-packages/***/task/task_runner/standard_task_runner.py:70: DeprecationWarning: This process (pid=4101) is multi-threaded, use of fork() may lead to deadlocks in the child.
  pid = os.fork()

[2025-04-10T07:32:10.511+0000] {standard_task_runner.py:72} INFO - Started process 4103 to run task
[2025-04-10T07:32:10.511+0000] {standard_task_runner.py:104} INFO - Running: ['***', 'tasks', 'run', 'extract_raw_data_pipeline', 'run_dbt_staging', 'scheduled__2025-04-10T07:31:00+00:00', '--job-id', '625', '--raw', '--subdir', 'DAGS_FOLDER/driven_data_pipeline.py', '--cfg-path', '/tmp/tmpkxnzkity']
[2025-04-10T07:32:10.513+0000] {standard_task_runner.py:105} INFO - Job 625: Subtask run_dbt_staging
[2025-04-10T07:32:10.591+0000] {task_command.py:467} INFO - Running <TaskInstance: extract_raw_data_pipeline.run_dbt_staging scheduled__2025-04-10T07:31:00+00:00 [running]> on host c829a6b69367
[2025-04-10T07:32:10.713+0000] {taskinstance.py:3131} INFO - Exporting env vars: AIRFLOW_CTX_DAG_OWNER='***' AIRFLOW_CTX_DAG_ID='extract_raw_data_pipeline' AIRFLOW_CTX_TASK_ID='run_dbt_staging' AIRFLOW_CTX_EXECUTION_DATE='2025-04-10T07:31:00+00:00' AIRFLOW_CTX_TRY_NUMBER='1' AIRFLOW_CTX_DAG_RUN_ID='scheduled__2025-04-10T07:31:00+00:00'
[2025-04-10T07:32:10.714+0000] {taskinstance.py:731} INFO - ::endgroup::
[2025-04-10T07:32:10.733+0000] {subprocess.py:63} INFO - Tmp dir root location: /tmp
[2025-04-10T07:32:10.734+0000] {subprocess.py:75} INFO - Running command: ['/usr/bin/bash', '-c', 'set -x; cd /opt/***/dbt && dbt run --select tag:staging']
[2025-04-10T07:32:10.748+0000] {subprocess.py:86} INFO - Output:
[2025-04-10T07:32:10.750+0000] {subprocess.py:93} INFO - + cd /opt/***/dbt
[2025-04-10T07:32:10.751+0000] {subprocess.py:93} INFO - + dbt run --select tag:staging
[2025-04-10T07:32:14.637+0000] {subprocess.py:93} INFO - [0m07:32:14  Running with dbt=1.8.0
[2025-04-10T07:32:15.201+0000] {subprocess.py:93} INFO - [0m07:32:15  Registered adapter: postgres=1.8.2
[2025-04-10T07:32:16.131+0000] {subprocess.py:93} INFO - [0m07:32:16  Found 9 models, 10 sources, 428 macros
[2025-04-10T07:32:16.137+0000] {subprocess.py:93} INFO - [0m07:32:16
[2025-04-10T07:32:16.404+0000] {subprocess.py:93} INFO - [0m07:32:16  Concurrency: 1 threads (target='dev')
[2025-04-10T07:32:16.406+0000] {subprocess.py:93} INFO - [0m07:32:16
[2025-04-10T07:32:16.429+0000] {subprocess.py:93} INFO - [0m07:32:16  1 of 5 START sql table model driven_staging.dim_address ........................ [RUN]
[2025-04-10T07:32:30.340+0000] {subprocess.py:93} INFO - [0m07:32:30  1 of 5 OK created sql table model driven_staging.dim_address ................... [[32mSELECT 1351939[0m in 13.90s]
[2025-04-10T07:32:30.346+0000] {subprocess.py:93} INFO - [0m07:32:30  2 of 5 START sql table model driven_staging.dim_date ........................... [RUN]
[2025-04-10T07:32:56.653+0000] {subprocess.py:93} INFO - [0m07:32:56  2 of 5 OK created sql table model driven_staging.dim_date ...................... [[32mSELECT 1351939[0m in 26.30s]
[2025-04-10T07:32:56.657+0000] {subprocess.py:93} INFO - [0m07:32:56  3 of 5 START sql table model driven_staging.dim_finance ........................ [RUN]
[2025-04-10T07:33:33.153+0000] {subprocess.py:93} INFO - [0m07:33:33  3 of 5 OK created sql table model driven_staging.dim_finance ................... [[32mSELECT 1351939[0m in 36.49s]
[2025-04-10T07:33:33.159+0000] {subprocess.py:93} INFO - [0m07:33:33  4 of 5 START sql table model driven_staging.dim_person ......................... [RUN]
[2025-04-10T07:33:55.530+0000] {subprocess.py:93} INFO - [0m07:33:55  4 of 5 OK created sql table model driven_staging.dim_person .................... [[32mSELECT 1385833[0m in 22.36s]
[2025-04-10T07:33:55.545+0000] {subprocess.py:93} INFO - [0m07:33:55  5 of 5 START sql table model driven_staging.fact_network_usage ................. [RUN]
[2025-04-10T07:34:15.304+0000] {subprocess.py:93} INFO - [0m07:34:15  5 of 5 OK created sql table model driven_staging.fact_network_usage ............ [[32mSELECT 1385833[0m in 19.75s]
[2025-04-10T07:34:15.348+0000] {subprocess.py:93} INFO - [0m07:34:15
[2025-04-10T07:34:15.351+0000] {subprocess.py:93} INFO - [0m07:34:15  Finished running 5 table models in 0 hours 1 minutes and 59.20 seconds (119.20s).
[2025-04-10T07:34:15.537+0000] {subprocess.py:93} INFO - [0m07:34:15
[2025-04-10T07:34:15.540+0000] {subprocess.py:93} INFO - [0m07:34:15  [32mCompleted successfully[0m
[2025-04-10T07:34:15.542+0000] {subprocess.py:93} INFO - [0m07:34:15
[2025-04-10T07:34:15.543+0000] {subprocess.py:93} INFO - [0m07:34:15  Done. PASS=5 WARN=0 ERROR=0 SKIP=0 TOTAL=5
[2025-04-10T07:34:17.088+0000] {subprocess.py:97} INFO - Command exited with return code 0
[2025-04-10T07:34:17.203+0000] {taskinstance.py:340} INFO - ::group::Post task execution logs
[2025-04-10T07:34:17.204+0000] {taskinstance.py:352} INFO - Marking task as SUCCESS. dag_id=extract_raw_data_pipeline, task_id=run_dbt_staging, run_id=scheduled__2025-04-10T07:31:00+00:00, execution_date=20250410T073100, start_date=20250410T073210, end_date=20250410T073417
[2025-04-10T07:34:17.298+0000] {local_task_job_runner.py:266} INFO - Task exited with return code 0
[2025-04-10T07:34:17.339+0000] {taskinstance.py:3900} INFO - 1 downstream tasks scheduled from follow-on schedule check
[2025-04-10T07:34:17.351+0000] {local_task_job_runner.py:245} INFO - ::endgroup::
