[2025-04-10T07:57:11.992+0000] {local_task_job_runner.py:123} INFO - ::group::Pre task execution logs
[2025-04-10T07:57:12.026+0000] {taskinstance.py:2612} INFO - Dependencies all met for dep_context=non-requeueable deps ti=<TaskInstance: extract_raw_data_pipeline.run_dbt_staging scheduled__2025-04-10T07:56:00+00:00 [queued]>
[2025-04-10T07:57:12.047+0000] {taskinstance.py:2612} INFO - Dependencies all met for dep_context=requeueable deps ti=<TaskInstance: extract_raw_data_pipeline.run_dbt_staging scheduled__2025-04-10T07:56:00+00:00 [queued]>
[2025-04-10T07:57:12.048+0000] {taskinstance.py:2865} INFO - Starting attempt 1 of 1
[2025-04-10T07:57:12.083+0000] {taskinstance.py:2888} INFO - Executing <Task(BashOperator): run_dbt_staging> on 2025-04-10 07:56:00+00:00
[2025-04-10T07:57:12.096+0000] {warnings.py:112} WARNING - /home/***/.local/lib/python3.12/site-packages/***/task/task_runner/standard_task_runner.py:70: DeprecationWarning: This process (pid=5564) is multi-threaded, use of fork() may lead to deadlocks in the child.
  pid = os.fork()

[2025-04-10T07:57:12.098+0000] {standard_task_runner.py:72} INFO - Started process 5566 to run task
[2025-04-10T07:57:12.099+0000] {standard_task_runner.py:104} INFO - Running: ['***', 'tasks', 'run', 'extract_raw_data_pipeline', 'run_dbt_staging', 'scheduled__2025-04-10T07:56:00+00:00', '--job-id', '772', '--raw', '--subdir', 'DAGS_FOLDER/driven_data_pipeline.py', '--cfg-path', '/tmp/tmpc7wm00p9']
[2025-04-10T07:57:12.101+0000] {standard_task_runner.py:105} INFO - Job 772: Subtask run_dbt_staging
[2025-04-10T07:57:12.188+0000] {task_command.py:467} INFO - Running <TaskInstance: extract_raw_data_pipeline.run_dbt_staging scheduled__2025-04-10T07:56:00+00:00 [running]> on host c829a6b69367
[2025-04-10T07:57:12.334+0000] {taskinstance.py:3131} INFO - Exporting env vars: AIRFLOW_CTX_DAG_OWNER='***' AIRFLOW_CTX_DAG_ID='extract_raw_data_pipeline' AIRFLOW_CTX_TASK_ID='run_dbt_staging' AIRFLOW_CTX_EXECUTION_DATE='2025-04-10T07:56:00+00:00' AIRFLOW_CTX_TRY_NUMBER='1' AIRFLOW_CTX_DAG_RUN_ID='scheduled__2025-04-10T07:56:00+00:00'
[2025-04-10T07:57:12.336+0000] {taskinstance.py:731} INFO - ::endgroup::
[2025-04-10T07:57:12.357+0000] {subprocess.py:63} INFO - Tmp dir root location: /tmp
[2025-04-10T07:57:12.359+0000] {subprocess.py:75} INFO - Running command: ['/usr/bin/bash', '-c', 'set -x; cd /opt/***/dbt && dbt run --select tag:staging']
[2025-04-10T07:57:12.380+0000] {subprocess.py:86} INFO - Output:
[2025-04-10T07:57:12.382+0000] {subprocess.py:93} INFO - + cd /opt/***/dbt
[2025-04-10T07:57:12.383+0000] {subprocess.py:93} INFO - + dbt run --select tag:staging
[2025-04-10T07:57:16.733+0000] {subprocess.py:93} INFO - [0m07:57:16  Running with dbt=1.8.0
[2025-04-10T07:57:17.208+0000] {subprocess.py:93} INFO - [0m07:57:17  Registered adapter: postgres=1.8.2
[2025-04-10T07:57:17.921+0000] {subprocess.py:93} INFO - [0m07:57:17  Found 9 models, 10 sources, 428 macros
[2025-04-10T07:57:17.926+0000] {subprocess.py:93} INFO - [0m07:57:17
[2025-04-10T07:57:18.095+0000] {subprocess.py:93} INFO - [0m07:57:18  Concurrency: 1 threads (target='dev')
[2025-04-10T07:57:18.096+0000] {subprocess.py:93} INFO - [0m07:57:18
[2025-04-10T07:57:18.113+0000] {subprocess.py:93} INFO - [0m07:57:18  1 of 5 START sql table model driven_staging.dim_address ........................ [RUN]
[2025-04-10T07:59:43.812+0000] {subprocess.py:93} INFO - [0m07:59:43  1 of 5 OK created sql table model driven_staging.dim_address ................... [[32mSELECT 2353947[0m in 145.69s]
[2025-04-10T07:59:43.818+0000] {subprocess.py:93} INFO - [0m07:59:43  2 of 5 START sql table model driven_staging.dim_date ........................... [RUN]
[2025-04-10T08:02:01.898+0000] {subprocess.py:93} INFO - [0m08:02:01  2 of 5 OK created sql table model driven_staging.dim_date ...................... [[32mSELECT 2447509[0m in 138.06s]
[2025-04-10T08:02:01.912+0000] {subprocess.py:93} INFO - [0m08:02:01  3 of 5 START sql table model driven_staging.dim_finance ........................ [RUN]
[2025-04-10T08:05:17.029+0000] {subprocess.py:93} INFO - [0m08:05:17  3 of 5 OK created sql table model driven_staging.dim_finance ................... [[32mSELECT 2447509[0m in 195.11s]
[2025-04-10T08:05:17.052+0000] {subprocess.py:93} INFO - [0m08:05:17  4 of 5 START sql table model driven_staging.dim_person ......................... [RUN]
[2025-04-10T08:07:44.851+0000] {subprocess.py:93} INFO - [0m08:07:44  4 of 5 OK created sql table model driven_staging.dim_person .................... [[32mSELECT 2447509[0m in 147.79s]
[2025-04-10T08:07:44.862+0000] {subprocess.py:93} INFO - [0m08:07:44  5 of 5 START sql table model driven_staging.fact_network_usage ................. [RUN]
[2025-04-10T08:09:41.988+0000] {subprocess.py:93} INFO - [0m08:09:41  5 of 5 OK created sql table model driven_staging.fact_network_usage ............ [[32mSELECT 2447509[0m in 117.11s]
[2025-04-10T08:09:42.054+0000] {subprocess.py:93} INFO - [0m08:09:42
[2025-04-10T08:09:42.065+0000] {subprocess.py:93} INFO - [0m08:09:42  Finished running 5 table models in 0 hours 12 minutes and 24.13 seconds (744.13s).
[2025-04-10T08:09:42.350+0000] {subprocess.py:93} INFO - [0m08:09:42
[2025-04-10T08:09:42.353+0000] {subprocess.py:93} INFO - [0m08:09:42  [32mCompleted successfully[0m
[2025-04-10T08:09:42.356+0000] {subprocess.py:93} INFO - [0m08:09:42
[2025-04-10T08:09:42.371+0000] {subprocess.py:93} INFO - [0m08:09:42  Done. PASS=5 WARN=0 ERROR=0 SKIP=0 TOTAL=5
[2025-04-10T08:09:46.540+0000] {subprocess.py:97} INFO - Command exited with return code 0
[2025-04-10T08:09:46.946+0000] {taskinstance.py:340} INFO - ::group::Post task execution logs
[2025-04-10T08:09:47.006+0000] {taskinstance.py:352} INFO - Marking task as SUCCESS. dag_id=extract_raw_data_pipeline, task_id=run_dbt_staging, run_id=scheduled__2025-04-10T07:56:00+00:00, execution_date=20250410T075600, start_date=20250410T075712, end_date=20250410T080947
[2025-04-10T08:09:47.392+0000] {standard_task_runner.py:217} INFO - Process not found (most likely exited), stop collecting metrics
[2025-04-10T08:09:47.385+0000] {local_task_job_runner.py:266} INFO - Task exited with return code 0
[2025-04-10T08:09:47.579+0000] {taskinstance.py:3900} INFO - 1 downstream tasks scheduled from follow-on schedule check
[2025-04-10T08:09:47.649+0000] {local_task_job_runner.py:245} INFO - ::endgroup::
