[2025-04-09T07:08:44.020+0000] {local_task_job_runner.py:123} INFO - ::group::Pre task execution logs
[2025-04-09T07:08:44.055+0000] {taskinstance.py:2612} INFO - Dependencies all met for dep_context=non-requeueable deps ti=<TaskInstance: extract_raw_data_pipeline.extract_raw_data manual__2025-04-09T07:08:42.690313+00:00 [queued]>
[2025-04-09T07:08:44.074+0000] {taskinstance.py:2612} INFO - Dependencies all met for dep_context=requeueable deps ti=<TaskInstance: extract_raw_data_pipeline.extract_raw_data manual__2025-04-09T07:08:42.690313+00:00 [queued]>
[2025-04-09T07:08:44.076+0000] {taskinstance.py:2865} INFO - Starting attempt 1 of 1
[2025-04-09T07:08:44.105+0000] {taskinstance.py:2888} INFO - Executing <Task(PythonOperator): extract_raw_data> on 2025-04-09 07:08:42.690313+00:00
[2025-04-09T07:08:44.116+0000] {warnings.py:112} WARNING - /home/***/.local/lib/python3.12/site-packages/***/task/task_runner/standard_task_runner.py:70: DeprecationWarning: This process (pid=1363) is multi-threaded, use of fork() may lead to deadlocks in the child.
  pid = os.fork()

[2025-04-09T07:08:44.119+0000] {standard_task_runner.py:72} INFO - Started process 1367 to run task
[2025-04-09T07:08:44.118+0000] {standard_task_runner.py:104} INFO - Running: ['***', 'tasks', 'run', 'extract_raw_data_pipeline', 'extract_raw_data', 'manual__2025-04-09T07:08:42.690313+00:00', '--job-id', '107', '--raw', '--subdir', 'DAGS_FOLDER/driven_data_pipeline.py', '--cfg-path', '/tmp/tmp6p4c12p5']
[2025-04-09T07:08:44.120+0000] {standard_task_runner.py:105} INFO - Job 107: Subtask extract_raw_data
[2025-04-09T07:08:44.203+0000] {task_command.py:467} INFO - Running <TaskInstance: extract_raw_data_pipeline.extract_raw_data manual__2025-04-09T07:08:42.690313+00:00 [running]> on host c829a6b69367
[2025-04-09T07:08:44.338+0000] {taskinstance.py:3131} INFO - Exporting env vars: AIRFLOW_CTX_DAG_OWNER='***' AIRFLOW_CTX_DAG_ID='extract_raw_data_pipeline' AIRFLOW_CTX_TASK_ID='extract_raw_data' AIRFLOW_CTX_EXECUTION_DATE='2025-04-09T07:08:42.690313+00:00' AIRFLOW_CTX_TRY_NUMBER='1' AIRFLOW_CTX_DAG_RUN_ID='manual__2025-04-09T07:08:42.690313+00:00'
[2025-04-09T07:08:44.341+0000] {taskinstance.py:731} INFO - ::endgroup::
[2025-04-09T07:08:44.366+0000] {driven_data_pipeline.py:143} INFO - Started batch processing for 2025-04-09.
[2025-04-09T07:08:44.367+0000] {driven_data_pipeline.py:34} INFO - Created synthetic data for RO country code.
[2025-04-09T07:08:44.828+0000] {driven_data_pipeline.py:100} INFO - Written 1003 records to the CSV file.
[2025-04-09T07:08:45.352+0000] {driven_data_pipeline.py:116} INFO - Added UUID to the dataset.
[2025-04-09T07:08:45.621+0000] {driven_data_pipeline.py:135} INFO - Updated accessed timestamp.
[2025-04-09T07:08:45.623+0000] {driven_data_pipeline.py:151} INFO - Finished batch processing 2025-04-09.
[2025-04-09T07:08:45.625+0000] {python.py:240} INFO - Done. Returned value was: None
[2025-04-09T07:08:45.646+0000] {taskinstance.py:340} INFO - ::group::Post task execution logs
[2025-04-09T07:08:45.647+0000] {taskinstance.py:352} INFO - Marking task as SUCCESS. dag_id=extract_raw_data_pipeline, task_id=extract_raw_data, run_id=manual__2025-04-09T07:08:42.690313+00:00, execution_date=20250409T070842, start_date=20250409T070844, end_date=20250409T070845
[2025-04-09T07:08:45.731+0000] {local_task_job_runner.py:266} INFO - Task exited with return code 0
[2025-04-09T07:08:45.800+0000] {taskinstance.py:3900} INFO - 1 downstream tasks scheduled from follow-on schedule check
[2025-04-09T07:08:45.803+0000] {local_task_job_runner.py:245} INFO - ::endgroup::
