[2025-04-10T08:05:27.734+0000] {local_task_job_runner.py:123} INFO - ::group::Pre task execution logs
[2025-04-10T08:05:27.834+0000] {taskinstance.py:2612} INFO - Dependencies all met for dep_context=non-requeueable deps ti=<TaskInstance: extract_raw_data_pipeline.run_dbt_trusted scheduled__2025-04-10T07:54:00+00:00 [queued]>
[2025-04-10T08:05:27.893+0000] {taskinstance.py:2612} INFO - Dependencies all met for dep_context=requeueable deps ti=<TaskInstance: extract_raw_data_pipeline.run_dbt_trusted scheduled__2025-04-10T07:54:00+00:00 [queued]>
[2025-04-10T08:05:27.895+0000] {taskinstance.py:2865} INFO - Starting attempt 1 of 1
[2025-04-10T08:05:28.001+0000] {taskinstance.py:2888} INFO - Executing <Task(BashOperator): run_dbt_trusted> on 2025-04-10 07:54:00+00:00
[2025-04-10T08:05:28.027+0000] {warnings.py:112} WARNING - /home/***/.local/lib/python3.12/site-packages/***/task/task_runner/standard_task_runner.py:70: DeprecationWarning: This process (pid=5731) is multi-threaded, use of fork() may lead to deadlocks in the child.
  pid = os.fork()

[2025-04-10T08:05:28.033+0000] {standard_task_runner.py:72} INFO - Started process 5733 to run task
[2025-04-10T08:05:28.033+0000] {standard_task_runner.py:104} INFO - Running: ['***', 'tasks', 'run', 'extract_raw_data_pipeline', 'run_dbt_trusted', 'scheduled__2025-04-10T07:54:00+00:00', '--job-id', '786', '--raw', '--subdir', 'DAGS_FOLDER/driven_data_pipeline.py', '--cfg-path', '/tmp/tmpgxfkatur']
[2025-04-10T08:05:28.035+0000] {standard_task_runner.py:105} INFO - Job 786: Subtask run_dbt_trusted
[2025-04-10T08:05:28.232+0000] {task_command.py:467} INFO - Running <TaskInstance: extract_raw_data_pipeline.run_dbt_trusted scheduled__2025-04-10T07:54:00+00:00 [running]> on host c829a6b69367
[2025-04-10T08:05:28.717+0000] {taskinstance.py:3131} INFO - Exporting env vars: AIRFLOW_CTX_DAG_OWNER='***' AIRFLOW_CTX_DAG_ID='extract_raw_data_pipeline' AIRFLOW_CTX_TASK_ID='run_dbt_trusted' AIRFLOW_CTX_EXECUTION_DATE='2025-04-10T07:54:00+00:00' AIRFLOW_CTX_TRY_NUMBER='1' AIRFLOW_CTX_DAG_RUN_ID='scheduled__2025-04-10T07:54:00+00:00'
[2025-04-10T08:05:28.723+0000] {taskinstance.py:731} INFO - ::endgroup::
[2025-04-10T08:05:28.799+0000] {subprocess.py:63} INFO - Tmp dir root location: /tmp
[2025-04-10T08:05:28.821+0000] {subprocess.py:75} INFO - Running command: ['/usr/bin/bash', '-c', 'set -x; cd /opt/***/dbt && dbt run --select tag:trusted']
[2025-04-10T08:05:28.902+0000] {subprocess.py:86} INFO - Output:
[2025-04-10T08:05:28.907+0000] {subprocess.py:93} INFO - + cd /opt/***/dbt
[2025-04-10T08:05:28.916+0000] {subprocess.py:93} INFO - + dbt run --select tag:trusted
[2025-04-10T08:05:42.372+0000] {subprocess.py:93} INFO - [0m08:05:42  Running with dbt=1.8.0
[2025-04-10T08:05:43.701+0000] {subprocess.py:93} INFO - [0m08:05:43  Registered adapter: postgres=1.8.2
[2025-04-10T08:05:45.714+0000] {subprocess.py:93} INFO - [0m08:05:45  Found 9 models, 10 sources, 428 macros
[2025-04-10T08:05:45.734+0000] {subprocess.py:93} INFO - [0m08:05:45
[2025-04-10T08:05:46.287+0000] {subprocess.py:93} INFO - [0m08:05:46  Concurrency: 1 threads (target='dev')
[2025-04-10T08:05:46.290+0000] {subprocess.py:93} INFO - [0m08:05:46
[2025-04-10T08:05:46.326+0000] {subprocess.py:93} INFO - [0m08:05:46  1 of 4 START sql table model driven_trusted.non_pii_data ....................... [RUN]
[2025-04-10T08:08:59.437+0000] {subprocess.py:93} INFO - [0m08:08:59  1 of 4 OK created sql table model driven_trusted.non_pii_data .................. [[32mSELECT 2447509[0m in 193.10s]
[2025-04-10T08:08:59.452+0000] {subprocess.py:93} INFO - [0m08:08:59  2 of 4 START sql table model driven_trusted.payment_data ....................... [RUN]
[2025-04-10T08:10:39.714+0000] {subprocess.py:93} INFO - [0m08:10:39  2 of 4 OK created sql table model driven_trusted.payment_data .................. [[32mSELECT 2447509[0m in 100.26s]
[2025-04-10T08:10:39.729+0000] {subprocess.py:93} INFO - [0m08:10:39  3 of 4 START sql table model driven_trusted.pii_data ........................... [RUN]
[2025-04-10T08:11:58.983+0000] {subprocess.py:93} INFO - [0m08:11:58  3 of 4 OK created sql table model driven_trusted.pii_data ...................... [[32mSELECT 2447509[0m in 79.24s]
[2025-04-10T08:11:59.001+0000] {subprocess.py:93} INFO - [0m08:11:58  4 of 4 START sql table model driven_trusted.technical_data ..................... [RUN]
[2025-04-10T08:12:41.075+0000] {subprocess.py:93} INFO - [0m08:12:41  4 of 4 OK created sql table model driven_trusted.technical_data ................ [[32mSELECT 2447509[0m in 42.07s]
[2025-04-10T08:12:41.295+0000] {subprocess.py:93} INFO - [0m08:12:41
[2025-04-10T08:12:41.302+0000] {subprocess.py:93} INFO - [0m08:12:41  Finished running 4 table models in 0 hours 6 minutes and 55.54 seconds (415.54s).
[2025-04-10T08:12:41.816+0000] {subprocess.py:93} INFO - [0m08:12:41
[2025-04-10T08:12:41.831+0000] {subprocess.py:93} INFO - [0m08:12:41  [32mCompleted successfully[0m
[2025-04-10T08:12:41.835+0000] {subprocess.py:93} INFO - [0m08:12:41
[2025-04-10T08:12:41.841+0000] {subprocess.py:93} INFO - [0m08:12:41  Done. PASS=4 WARN=0 ERROR=0 SKIP=0 TOTAL=4
[2025-04-10T08:12:44.269+0000] {subprocess.py:97} INFO - Command exited with return code 0
[2025-04-10T08:12:44.389+0000] {taskinstance.py:340} INFO - ::group::Post task execution logs
[2025-04-10T08:12:44.395+0000] {taskinstance.py:352} INFO - Marking task as SUCCESS. dag_id=extract_raw_data_pipeline, task_id=run_dbt_trusted, run_id=scheduled__2025-04-10T07:54:00+00:00, execution_date=20250410T075400, start_date=20250410T080527, end_date=20250410T081244
[2025-04-10T08:12:44.652+0000] {local_task_job_runner.py:266} INFO - Task exited with return code 0
[2025-04-10T08:12:44.731+0000] {taskinstance.py:3900} INFO - 0 downstream tasks scheduled from follow-on schedule check
[2025-04-10T08:12:44.752+0000] {local_task_job_runner.py:245} INFO - ::endgroup::
