[2025-04-09T07:43:18.538+0000] {local_task_job_runner.py:123} INFO - ::group::Pre task execution logs
[2025-04-09T07:43:18.555+0000] {taskinstance.py:2612} INFO - Dependencies all met for dep_context=non-requeueable deps ti=<TaskInstance: extract_raw_data_pipeline.run_dbt_trusted scheduled__2025-04-09T07:42:00+00:00 [queued]>
[2025-04-09T07:43:18.563+0000] {taskinstance.py:2612} INFO - Dependencies all met for dep_context=requeueable deps ti=<TaskInstance: extract_raw_data_pipeline.run_dbt_trusted scheduled__2025-04-09T07:42:00+00:00 [queued]>
[2025-04-09T07:43:18.564+0000] {taskinstance.py:2865} INFO - Starting attempt 1 of 1
[2025-04-09T07:43:18.579+0000] {taskinstance.py:2888} INFO - Executing <Task(BashOperator): run_dbt_trusted> on 2025-04-09 07:42:00+00:00
[2025-04-09T07:43:18.587+0000] {warnings.py:112} WARNING - /home/***/.local/lib/python3.12/site-packages/***/task/task_runner/standard_task_runner.py:70: DeprecationWarning: This process (pid=3532) is multi-threaded, use of fork() may lead to deadlocks in the child.
  pid = os.fork()

[2025-04-09T07:43:18.589+0000] {standard_task_runner.py:72} INFO - Started process 3534 to run task
[2025-04-09T07:43:18.589+0000] {standard_task_runner.py:104} INFO - Running: ['***', 'tasks', 'run', 'extract_raw_data_pipeline', 'run_dbt_trusted', 'scheduled__2025-04-09T07:42:00+00:00', '--job-id', '332', '--raw', '--subdir', 'DAGS_FOLDER/driven_data_pipeline.py', '--cfg-path', '/tmp/tmp__p1co8e']
[2025-04-09T07:43:18.590+0000] {standard_task_runner.py:105} INFO - Job 332: Subtask run_dbt_trusted
[2025-04-09T07:43:18.641+0000] {task_command.py:467} INFO - Running <TaskInstance: extract_raw_data_pipeline.run_dbt_trusted scheduled__2025-04-09T07:42:00+00:00 [running]> on host c829a6b69367
[2025-04-09T07:43:18.736+0000] {taskinstance.py:3131} INFO - Exporting env vars: AIRFLOW_CTX_DAG_OWNER='***' AIRFLOW_CTX_DAG_ID='extract_raw_data_pipeline' AIRFLOW_CTX_TASK_ID='run_dbt_trusted' AIRFLOW_CTX_EXECUTION_DATE='2025-04-09T07:42:00+00:00' AIRFLOW_CTX_TRY_NUMBER='1' AIRFLOW_CTX_DAG_RUN_ID='scheduled__2025-04-09T07:42:00+00:00'
[2025-04-09T07:43:18.738+0000] {taskinstance.py:731} INFO - ::endgroup::
[2025-04-09T07:43:18.753+0000] {subprocess.py:63} INFO - Tmp dir root location: /tmp
[2025-04-09T07:43:18.755+0000] {subprocess.py:75} INFO - Running command: ['/usr/bin/bash', '-c', 'set -x; cd /opt/***/dbt && dbt run --select tag:trusted']
[2025-04-09T07:43:18.768+0000] {subprocess.py:86} INFO - Output:
[2025-04-09T07:43:18.769+0000] {subprocess.py:93} INFO - + cd /opt/***/dbt
[2025-04-09T07:43:18.770+0000] {subprocess.py:93} INFO - + dbt run --select tag:trusted
[2025-04-09T07:43:20.842+0000] {subprocess.py:93} INFO - [0m07:43:20  Running with dbt=1.8.0
[2025-04-09T07:43:21.149+0000] {subprocess.py:93} INFO - [0m07:43:21  Registered adapter: postgres=1.8.2
[2025-04-09T07:43:21.656+0000] {subprocess.py:93} INFO - [0m07:43:21  Found 9 models, 10 sources, 428 macros
[2025-04-09T07:43:21.660+0000] {subprocess.py:93} INFO - [0m07:43:21
[2025-04-09T07:43:21.844+0000] {subprocess.py:93} INFO - [0m07:43:21  Concurrency: 1 threads (target='dev')
[2025-04-09T07:43:21.847+0000] {subprocess.py:93} INFO - [0m07:43:21
[2025-04-09T07:43:21.867+0000] {subprocess.py:93} INFO - [0m07:43:21  1 of 4 START sql table model driven_trusted.non_pii_data ....................... [RUN]
[2025-04-09T07:43:28.220+0000] {subprocess.py:93} INFO - [0m07:43:28  1 of 4 OK created sql table model driven_trusted.non_pii_data .................. [[32mSELECT 379319[0m in 6.35s]
[2025-04-09T07:43:28.223+0000] {subprocess.py:93} INFO - [0m07:43:28  2 of 4 START sql table model driven_trusted.payment_data ....................... [RUN]
[2025-04-09T07:43:30.504+0000] {subprocess.py:93} INFO - [0m07:43:30  2 of 4 OK created sql table model driven_trusted.payment_data .................. [[32mSELECT 379319[0m in 2.28s]
[2025-04-09T07:43:30.508+0000] {subprocess.py:93} INFO - [0m07:43:30  3 of 4 START sql table model driven_trusted.pii_data ........................... [RUN]
[2025-04-09T07:43:38.299+0000] {subprocess.py:93} INFO - [0m07:43:38  3 of 4 OK created sql table model driven_trusted.pii_data ...................... [[32mSELECT 379319[0m in 7.79s]
[2025-04-09T07:43:38.306+0000] {subprocess.py:93} INFO - [0m07:43:38  4 of 4 START sql table model driven_trusted.technical_data ..................... [RUN]
[2025-04-09T07:43:42.173+0000] {subprocess.py:93} INFO - [0m07:43:42  4 of 4 OK created sql table model driven_trusted.technical_data ................ [[32mSELECT 379319[0m in 3.86s]
[2025-04-09T07:43:42.195+0000] {subprocess.py:93} INFO - [0m07:43:42
[2025-04-09T07:43:42.196+0000] {subprocess.py:93} INFO - [0m07:43:42  Finished running 4 table models in 0 hours 0 minutes and 20.53 seconds (20.53s).
[2025-04-09T07:43:42.278+0000] {subprocess.py:93} INFO - [0m07:43:42
[2025-04-09T07:43:42.280+0000] {subprocess.py:93} INFO - [0m07:43:42  [32mCompleted successfully[0m
[2025-04-09T07:43:42.281+0000] {subprocess.py:93} INFO - [0m07:43:42
[2025-04-09T07:43:42.282+0000] {subprocess.py:93} INFO - [0m07:43:42  Done. PASS=4 WARN=0 ERROR=0 SKIP=0 TOTAL=4
[2025-04-09T07:43:43.441+0000] {subprocess.py:97} INFO - Command exited with return code 0
[2025-04-09T07:43:43.484+0000] {taskinstance.py:340} INFO - ::group::Post task execution logs
[2025-04-09T07:43:43.486+0000] {taskinstance.py:352} INFO - Marking task as SUCCESS. dag_id=extract_raw_data_pipeline, task_id=run_dbt_trusted, run_id=scheduled__2025-04-09T07:42:00+00:00, execution_date=20250409T074200, start_date=20250409T074318, end_date=20250409T074343
[2025-04-09T07:43:43.547+0000] {local_task_job_runner.py:266} INFO - Task exited with return code 0
[2025-04-09T07:43:43.565+0000] {taskinstance.py:3900} INFO - 0 downstream tasks scheduled from follow-on schedule check
[2025-04-09T07:43:43.568+0000] {local_task_job_runner.py:245} INFO - ::endgroup::
