[2025-04-09T07:27:02.183+0000] {local_task_job_runner.py:123} INFO - ::group::Pre task execution logs
[2025-04-09T07:27:02.216+0000] {taskinstance.py:2612} INFO - Dependencies all met for dep_context=non-requeueable deps ti=<TaskInstance: extract_raw_data_pipeline.extract_raw_data scheduled__2025-04-09T07:26:00+00:00 [queued]>
[2025-04-09T07:27:02.234+0000] {taskinstance.py:2612} INFO - Dependencies all met for dep_context=requeueable deps ti=<TaskInstance: extract_raw_data_pipeline.extract_raw_data scheduled__2025-04-09T07:26:00+00:00 [queued]>
[2025-04-09T07:27:02.235+0000] {taskinstance.py:2865} INFO - Starting attempt 1 of 1
[2025-04-09T07:27:02.266+0000] {taskinstance.py:2888} INFO - Executing <Task(PythonOperator): extract_raw_data> on 2025-04-09 07:26:00+00:00
[2025-04-09T07:27:02.278+0000] {warnings.py:112} WARNING - /home/***/.local/lib/python3.12/site-packages/***/task/task_runner/standard_task_runner.py:70: DeprecationWarning: This process (pid=2523) is multi-threaded, use of fork() may lead to deadlocks in the child.
  pid = os.fork()

[2025-04-09T07:27:02.281+0000] {standard_task_runner.py:72} INFO - Started process 2527 to run task
[2025-04-09T07:27:02.282+0000] {standard_task_runner.py:104} INFO - Running: ['***', 'tasks', 'run', 'extract_raw_data_pipeline', 'extract_raw_data', 'scheduled__2025-04-09T07:26:00+00:00', '--job-id', '227', '--raw', '--subdir', 'DAGS_FOLDER/driven_data_pipeline.py', '--cfg-path', '/tmp/tmpmnni3xzv']
[2025-04-09T07:27:02.284+0000] {standard_task_runner.py:105} INFO - Job 227: Subtask extract_raw_data
[2025-04-09T07:27:02.376+0000] {task_command.py:467} INFO - Running <TaskInstance: extract_raw_data_pipeline.extract_raw_data scheduled__2025-04-09T07:26:00+00:00 [running]> on host c829a6b69367
[2025-04-09T07:27:02.542+0000] {taskinstance.py:3131} INFO - Exporting env vars: AIRFLOW_CTX_DAG_OWNER='***' AIRFLOW_CTX_DAG_ID='extract_raw_data_pipeline' AIRFLOW_CTX_TASK_ID='extract_raw_data' AIRFLOW_CTX_EXECUTION_DATE='2025-04-09T07:26:00+00:00' AIRFLOW_CTX_TRY_NUMBER='1' AIRFLOW_CTX_DAG_RUN_ID='scheduled__2025-04-09T07:26:00+00:00'
[2025-04-09T07:27:02.546+0000] {taskinstance.py:731} INFO - ::endgroup::
[2025-04-09T07:27:02.569+0000] {driven_data_pipeline.py:143} INFO - Started batch processing for 2025-04-09.
[2025-04-09T07:27:02.570+0000] {driven_data_pipeline.py:34} INFO - Created synthetic data for RO country code.
[2025-04-09T07:27:02.844+0000] {driven_data_pipeline.py:100} INFO - Written 268 records to the CSV file.
[2025-04-09T07:27:03.534+0000] {driven_data_pipeline.py:116} INFO - Added UUID to the dataset.
[2025-04-09T07:27:04.030+0000] {driven_data_pipeline.py:135} INFO - Updated accessed timestamp.
[2025-04-09T07:27:04.032+0000] {driven_data_pipeline.py:151} INFO - Finished batch processing 2025-04-09.
[2025-04-09T07:27:04.032+0000] {python.py:240} INFO - Done. Returned value was: None
[2025-04-09T07:27:04.049+0000] {taskinstance.py:340} INFO - ::group::Post task execution logs
[2025-04-09T07:27:04.050+0000] {taskinstance.py:352} INFO - Marking task as SUCCESS. dag_id=extract_raw_data_pipeline, task_id=extract_raw_data, run_id=scheduled__2025-04-09T07:26:00+00:00, execution_date=20250409T072600, start_date=20250409T072702, end_date=20250409T072704
[2025-04-09T07:27:04.117+0000] {local_task_job_runner.py:266} INFO - Task exited with return code 0
[2025-04-09T07:27:04.163+0000] {taskinstance.py:3900} INFO - 1 downstream tasks scheduled from follow-on schedule check
[2025-04-09T07:27:04.166+0000] {local_task_job_runner.py:245} INFO - ::endgroup::
