[2025-04-09T07:35:18.476+0000] {local_task_job_runner.py:123} INFO - ::group::Pre task execution logs
[2025-04-09T07:35:18.503+0000] {taskinstance.py:2612} INFO - Dependencies all met for dep_context=non-requeueable deps ti=<TaskInstance: extract_raw_data_pipeline.run_dbt_staging manual__2025-04-09T07:35:07.791738+00:00 [queued]>
[2025-04-09T07:35:18.519+0000] {taskinstance.py:2612} INFO - Dependencies all met for dep_context=requeueable deps ti=<TaskInstance: extract_raw_data_pipeline.run_dbt_staging manual__2025-04-09T07:35:07.791738+00:00 [queued]>
[2025-04-09T07:35:18.520+0000] {taskinstance.py:2865} INFO - Starting attempt 1 of 1
[2025-04-09T07:35:18.545+0000] {taskinstance.py:2888} INFO - Executing <Task(BashOperator): run_dbt_staging> on 2025-04-09 07:35:07.791738+00:00
[2025-04-09T07:35:18.556+0000] {warnings.py:112} WARNING - /home/***/.local/lib/python3.12/site-packages/***/task/task_runner/standard_task_runner.py:70: DeprecationWarning: This process (pid=3020) is multi-threaded, use of fork() may lead to deadlocks in the child.
  pid = os.fork()

[2025-04-09T07:35:18.559+0000] {standard_task_runner.py:72} INFO - Started process 3022 to run task
[2025-04-09T07:35:18.560+0000] {standard_task_runner.py:104} INFO - Running: ['***', 'tasks', 'run', 'extract_raw_data_pipeline', 'run_dbt_staging', 'manual__2025-04-09T07:35:07.791738+00:00', '--job-id', '282', '--raw', '--subdir', 'DAGS_FOLDER/driven_data_pipeline.py', '--cfg-path', '/tmp/tmpydq0b0a5']
[2025-04-09T07:35:18.562+0000] {standard_task_runner.py:105} INFO - Job 282: Subtask run_dbt_staging
[2025-04-09T07:35:18.631+0000] {task_command.py:467} INFO - Running <TaskInstance: extract_raw_data_pipeline.run_dbt_staging manual__2025-04-09T07:35:07.791738+00:00 [running]> on host c829a6b69367
[2025-04-09T07:35:18.734+0000] {taskinstance.py:3131} INFO - Exporting env vars: AIRFLOW_CTX_DAG_OWNER='***' AIRFLOW_CTX_DAG_ID='extract_raw_data_pipeline' AIRFLOW_CTX_TASK_ID='run_dbt_staging' AIRFLOW_CTX_EXECUTION_DATE='2025-04-09T07:35:07.791738+00:00' AIRFLOW_CTX_TRY_NUMBER='1' AIRFLOW_CTX_DAG_RUN_ID='manual__2025-04-09T07:35:07.791738+00:00'
[2025-04-09T07:35:18.736+0000] {taskinstance.py:731} INFO - ::endgroup::
[2025-04-09T07:35:18.757+0000] {subprocess.py:63} INFO - Tmp dir root location: /tmp
[2025-04-09T07:35:18.760+0000] {subprocess.py:75} INFO - Running command: ['/usr/bin/bash', '-c', 'set -x; cd /opt/***/dbt && dbt run --select tag:staging']
[2025-04-09T07:35:18.776+0000] {subprocess.py:86} INFO - Output:
[2025-04-09T07:35:18.779+0000] {subprocess.py:93} INFO - + cd /opt/***/dbt
[2025-04-09T07:35:18.780+0000] {subprocess.py:93} INFO - + dbt run --select tag:staging
[2025-04-09T07:35:22.303+0000] {subprocess.py:93} INFO - [0m07:35:22  Running with dbt=1.8.0
[2025-04-09T07:35:22.697+0000] {subprocess.py:93} INFO - [0m07:35:22  Registered adapter: postgres=1.8.2
[2025-04-09T07:35:23.315+0000] {subprocess.py:93} INFO - [0m07:35:23  Found 9 models, 10 sources, 428 macros
[2025-04-09T07:35:23.320+0000] {subprocess.py:93} INFO - [0m07:35:23
[2025-04-09T07:35:23.504+0000] {subprocess.py:93} INFO - [0m07:35:23  Concurrency: 1 threads (target='dev')
[2025-04-09T07:35:23.506+0000] {subprocess.py:93} INFO - [0m07:35:23
[2025-04-09T07:35:23.522+0000] {subprocess.py:93} INFO - [0m07:35:23  1 of 5 START sql table model driven_staging.dim_address ........................ [RUN]
[2025-04-09T07:35:24.286+0000] {subprocess.py:93} INFO - [0m07:35:24  1 of 5 OK created sql table model driven_staging.dim_address ................... [[32mSELECT 347335[0m in 0.76s]
[2025-04-09T07:35:24.289+0000] {subprocess.py:93} INFO - [0m07:35:24  2 of 5 START sql table model driven_staging.dim_date ........................... [RUN]
[2025-04-09T07:35:24.803+0000] {subprocess.py:93} INFO - [0m07:35:24  2 of 5 OK created sql table model driven_staging.dim_date ...................... [[32mSELECT 347335[0m in 0.51s]
[2025-04-09T07:35:24.806+0000] {subprocess.py:93} INFO - [0m07:35:24  3 of 5 START sql table model driven_staging.dim_finance ........................ [RUN]
[2025-04-09T07:35:25.344+0000] {subprocess.py:93} INFO - [0m07:35:25  3 of 5 OK created sql table model driven_staging.dim_finance ................... [[32mSELECT 347335[0m in 0.53s]
[2025-04-09T07:35:25.348+0000] {subprocess.py:93} INFO - [0m07:35:25  4 of 5 START sql table model driven_staging.dim_person ......................... [RUN]
[2025-04-09T07:35:26.097+0000] {subprocess.py:93} INFO - [0m07:35:26  4 of 5 OK created sql table model driven_staging.dim_person .................... [[32mSELECT 347335[0m in 0.75s]
[2025-04-09T07:35:26.103+0000] {subprocess.py:93} INFO - [0m07:35:26  5 of 5 START sql table model driven_staging.fact_network_usage ................. [RUN]
[2025-04-09T07:35:26.732+0000] {subprocess.py:93} INFO - [0m07:35:26  5 of 5 OK created sql table model driven_staging.fact_network_usage ............ [[32mSELECT 347335[0m in 0.63s]
[2025-04-09T07:35:26.759+0000] {subprocess.py:93} INFO - [0m07:35:26
[2025-04-09T07:35:26.761+0000] {subprocess.py:93} INFO - [0m07:35:26  Finished running 5 table models in 0 hours 0 minutes and 3.44 seconds (3.44s).
[2025-04-09T07:35:26.843+0000] {subprocess.py:93} INFO - [0m07:35:26
[2025-04-09T07:35:26.845+0000] {subprocess.py:93} INFO - [0m07:35:26  [32mCompleted successfully[0m
[2025-04-09T07:35:26.846+0000] {subprocess.py:93} INFO - [0m07:35:26
[2025-04-09T07:35:26.847+0000] {subprocess.py:93} INFO - [0m07:35:26  Done. PASS=5 WARN=0 ERROR=0 SKIP=0 TOTAL=5
[2025-04-09T07:35:38.511+0000] {subprocess.py:97} INFO - Command exited with return code 0
[2025-04-09T07:35:38.551+0000] {taskinstance.py:340} INFO - ::group::Post task execution logs
[2025-04-09T07:35:38.552+0000] {taskinstance.py:352} INFO - Marking task as SUCCESS. dag_id=extract_raw_data_pipeline, task_id=run_dbt_staging, run_id=manual__2025-04-09T07:35:07.791738+00:00, execution_date=20250409T073507, start_date=20250409T073518, end_date=20250409T073538
[2025-04-09T07:35:38.608+0000] {local_task_job_runner.py:266} INFO - Task exited with return code 0
[2025-04-09T07:35:38.633+0000] {taskinstance.py:3900} INFO - 1 downstream tasks scheduled from follow-on schedule check
[2025-04-09T07:35:38.636+0000] {local_task_job_runner.py:245} INFO - ::endgroup::
