[2025-04-09T07:28:19.603+0000] {local_task_job_runner.py:123} INFO - ::group::Pre task execution logs
[2025-04-09T07:28:19.630+0000] {taskinstance.py:2612} INFO - Dependencies all met for dep_context=non-requeueable deps ti=<TaskInstance: extract_raw_data_pipeline.run_dbt_trusted scheduled__2025-04-09T07:27:00+00:00 [queued]>
[2025-04-09T07:28:19.644+0000] {taskinstance.py:2612} INFO - Dependencies all met for dep_context=requeueable deps ti=<TaskInstance: extract_raw_data_pipeline.run_dbt_trusted scheduled__2025-04-09T07:27:00+00:00 [queued]>
[2025-04-09T07:28:19.645+0000] {taskinstance.py:2865} INFO - Starting attempt 1 of 1
[2025-04-09T07:28:19.669+0000] {taskinstance.py:2888} INFO - Executing <Task(BashOperator): run_dbt_trusted> on 2025-04-09 07:27:00+00:00
[2025-04-09T07:28:19.681+0000] {warnings.py:112} WARNING - /home/***/.local/lib/python3.12/site-packages/***/task/task_runner/standard_task_runner.py:70: DeprecationWarning: This process (pid=2647) is multi-threaded, use of fork() may lead to deadlocks in the child.
  pid = os.fork()

[2025-04-09T07:28:19.683+0000] {standard_task_runner.py:72} INFO - Started process 2649 to run task
[2025-04-09T07:28:19.683+0000] {standard_task_runner.py:104} INFO - Running: ['***', 'tasks', 'run', 'extract_raw_data_pipeline', 'run_dbt_trusted', 'scheduled__2025-04-09T07:27:00+00:00', '--job-id', '240', '--raw', '--subdir', 'DAGS_FOLDER/driven_data_pipeline.py', '--cfg-path', '/tmp/tmpcd3nu44f']
[2025-04-09T07:28:19.685+0000] {standard_task_runner.py:105} INFO - Job 240: Subtask run_dbt_trusted
[2025-04-09T07:28:19.753+0000] {task_command.py:467} INFO - Running <TaskInstance: extract_raw_data_pipeline.run_dbt_trusted scheduled__2025-04-09T07:27:00+00:00 [running]> on host c829a6b69367
[2025-04-09T07:28:19.884+0000] {taskinstance.py:3131} INFO - Exporting env vars: AIRFLOW_CTX_DAG_OWNER='***' AIRFLOW_CTX_DAG_ID='extract_raw_data_pipeline' AIRFLOW_CTX_TASK_ID='run_dbt_trusted' AIRFLOW_CTX_EXECUTION_DATE='2025-04-09T07:27:00+00:00' AIRFLOW_CTX_TRY_NUMBER='1' AIRFLOW_CTX_DAG_RUN_ID='scheduled__2025-04-09T07:27:00+00:00'
[2025-04-09T07:28:19.886+0000] {taskinstance.py:731} INFO - ::endgroup::
[2025-04-09T07:28:19.908+0000] {subprocess.py:63} INFO - Tmp dir root location: /tmp
[2025-04-09T07:28:19.910+0000] {subprocess.py:75} INFO - Running command: ['/usr/bin/bash', '-c', 'set -x; cd /opt/***/dbt && dbt run --select tag:trusted']
[2025-04-09T07:28:19.929+0000] {subprocess.py:86} INFO - Output:
[2025-04-09T07:28:19.932+0000] {subprocess.py:93} INFO - + cd /opt/***/dbt
[2025-04-09T07:28:19.933+0000] {subprocess.py:93} INFO - + dbt run --select tag:trusted
[2025-04-09T07:28:22.974+0000] {subprocess.py:93} INFO - [0m07:28:22  Running with dbt=1.8.0
[2025-04-09T07:28:23.357+0000] {subprocess.py:93} INFO - [0m07:28:23  Registered adapter: postgres=1.8.2
[2025-04-09T07:28:23.921+0000] {subprocess.py:93} INFO - [0m07:28:23  Found 9 models, 10 sources, 428 macros
[2025-04-09T07:28:23.925+0000] {subprocess.py:93} INFO - [0m07:28:23
[2025-04-09T07:28:24.090+0000] {subprocess.py:93} INFO - [0m07:28:24  Concurrency: 1 threads (target='dev')
[2025-04-09T07:28:24.093+0000] {subprocess.py:93} INFO - [0m07:28:24
[2025-04-09T07:28:24.108+0000] {subprocess.py:93} INFO - [0m07:28:24  1 of 4 START sql table model driven_trusted.non_pii_data ....................... [RUN]
[2025-04-09T07:28:31.065+0000] {subprocess.py:93} INFO - [0m07:28:31  1 of 4 OK created sql table model driven_trusted.non_pii_data .................. [[32mSELECT 344517[0m in 6.95s]
[2025-04-09T07:28:31.070+0000] {subprocess.py:93} INFO - [0m07:28:31  2 of 4 START sql table model driven_trusted.payment_data ....................... [RUN]
[2025-04-09T07:28:33.748+0000] {subprocess.py:93} INFO - [0m07:28:33  2 of 4 OK created sql table model driven_trusted.payment_data .................. [[32mSELECT 344517[0m in 2.67s]
[2025-04-09T07:28:33.753+0000] {subprocess.py:93} INFO - [0m07:28:33  3 of 4 START sql table model driven_trusted.pii_data ........................... [RUN]
[2025-04-09T07:28:40.149+0000] {subprocess.py:93} INFO - [0m07:28:40  3 of 4 OK created sql table model driven_trusted.pii_data ...................... [[32mSELECT 344517[0m in 6.39s]
[2025-04-09T07:28:40.154+0000] {subprocess.py:93} INFO - [0m07:28:40  4 of 4 START sql table model driven_trusted.technical_data ..................... [RUN]
[2025-04-09T07:28:43.297+0000] {subprocess.py:93} INFO - [0m07:28:43  4 of 4 OK created sql table model driven_trusted.technical_data ................ [[32mSELECT 344517[0m in 3.14s]
[2025-04-09T07:28:43.323+0000] {subprocess.py:93} INFO - [0m07:28:43
[2025-04-09T07:28:43.324+0000] {subprocess.py:93} INFO - [0m07:28:43  Finished running 4 table models in 0 hours 0 minutes and 19.40 seconds (19.40s).
[2025-04-09T07:28:43.411+0000] {subprocess.py:93} INFO - [0m07:28:43
[2025-04-09T07:28:43.412+0000] {subprocess.py:93} INFO - [0m07:28:43  [32mCompleted successfully[0m
[2025-04-09T07:28:43.414+0000] {subprocess.py:93} INFO - [0m07:28:43
[2025-04-09T07:28:43.415+0000] {subprocess.py:93} INFO - [0m07:28:43  Done. PASS=4 WARN=0 ERROR=0 SKIP=0 TOTAL=4
[2025-04-09T07:28:44.630+0000] {subprocess.py:97} INFO - Command exited with return code 0
[2025-04-09T07:28:44.675+0000] {taskinstance.py:340} INFO - ::group::Post task execution logs
[2025-04-09T07:28:44.676+0000] {taskinstance.py:352} INFO - Marking task as SUCCESS. dag_id=extract_raw_data_pipeline, task_id=run_dbt_trusted, run_id=scheduled__2025-04-09T07:27:00+00:00, execution_date=20250409T072700, start_date=20250409T072819, end_date=20250409T072844
[2025-04-09T07:28:44.858+0000] {local_task_job_runner.py:266} INFO - Task exited with return code 0
[2025-04-09T07:28:44.880+0000] {taskinstance.py:3900} INFO - 0 downstream tasks scheduled from follow-on schedule check
[2025-04-09T07:28:44.883+0000] {local_task_job_runner.py:245} INFO - ::endgroup::
