[2025-04-09T07:48:05.589+0000] {local_task_job_runner.py:123} INFO - ::group::Pre task execution logs
[2025-04-09T07:48:05.620+0000] {taskinstance.py:2612} INFO - Dependencies all met for dep_context=non-requeueable deps ti=<TaskInstance: extract_raw_data_pipeline.run_dbt_staging scheduled__2025-04-09T07:47:00+00:00 [queued]>
[2025-04-09T07:48:05.640+0000] {taskinstance.py:2612} INFO - Dependencies all met for dep_context=requeueable deps ti=<TaskInstance: extract_raw_data_pipeline.run_dbt_staging scheduled__2025-04-09T07:47:00+00:00 [queued]>
[2025-04-09T07:48:05.641+0000] {taskinstance.py:2865} INFO - Starting attempt 1 of 1
[2025-04-09T07:48:05.658+0000] {taskinstance.py:2888} INFO - Executing <Task(BashOperator): run_dbt_staging> on 2025-04-09 07:47:00+00:00
[2025-04-09T07:48:05.666+0000] {warnings.py:112} WARNING - /home/***/.local/lib/python3.12/site-packages/***/task/task_runner/standard_task_runner.py:70: DeprecationWarning: This process (pid=3819) is multi-threaded, use of fork() may lead to deadlocks in the child.
  pid = os.fork()

[2025-04-09T07:48:05.668+0000] {standard_task_runner.py:72} INFO - Started process 3821 to run task
[2025-04-09T07:48:05.669+0000] {standard_task_runner.py:104} INFO - Running: ['***', 'tasks', 'run', 'extract_raw_data_pipeline', 'run_dbt_staging', 'scheduled__2025-04-09T07:47:00+00:00', '--job-id', '361', '--raw', '--subdir', 'DAGS_FOLDER/driven_data_pipeline.py', '--cfg-path', '/tmp/tmpopw696pz']
[2025-04-09T07:48:05.671+0000] {standard_task_runner.py:105} INFO - Job 361: Subtask run_dbt_staging
[2025-04-09T07:48:05.723+0000] {task_command.py:467} INFO - Running <TaskInstance: extract_raw_data_pipeline.run_dbt_staging scheduled__2025-04-09T07:47:00+00:00 [running]> on host c829a6b69367
[2025-04-09T07:48:05.806+0000] {taskinstance.py:3131} INFO - Exporting env vars: AIRFLOW_CTX_DAG_OWNER='***' AIRFLOW_CTX_DAG_ID='extract_raw_data_pipeline' AIRFLOW_CTX_TASK_ID='run_dbt_staging' AIRFLOW_CTX_EXECUTION_DATE='2025-04-09T07:47:00+00:00' AIRFLOW_CTX_TRY_NUMBER='1' AIRFLOW_CTX_DAG_RUN_ID='scheduled__2025-04-09T07:47:00+00:00'
[2025-04-09T07:48:05.807+0000] {taskinstance.py:731} INFO - ::endgroup::
[2025-04-09T07:48:05.822+0000] {subprocess.py:63} INFO - Tmp dir root location: /tmp
[2025-04-09T07:48:05.823+0000] {subprocess.py:75} INFO - Running command: ['/usr/bin/bash', '-c', 'set -x; cd /opt/***/dbt && dbt run --select tag:staging']
[2025-04-09T07:48:05.836+0000] {subprocess.py:86} INFO - Output:
[2025-04-09T07:48:05.838+0000] {subprocess.py:93} INFO - + cd /opt/***/dbt
[2025-04-09T07:48:05.838+0000] {subprocess.py:93} INFO - + dbt run --select tag:staging
[2025-04-09T07:48:08.035+0000] {subprocess.py:93} INFO - [0m07:48:08  Running with dbt=1.8.0
[2025-04-09T07:48:08.335+0000] {subprocess.py:93} INFO - [0m07:48:08  Registered adapter: postgres=1.8.2
[2025-04-09T07:48:08.882+0000] {subprocess.py:93} INFO - [0m07:48:08  Found 9 models, 10 sources, 428 macros
[2025-04-09T07:48:08.887+0000] {subprocess.py:93} INFO - [0m07:48:08
[2025-04-09T07:48:09.047+0000] {subprocess.py:93} INFO - [0m07:48:09  Concurrency: 1 threads (target='dev')
[2025-04-09T07:48:09.048+0000] {subprocess.py:93} INFO - [0m07:48:09
[2025-04-09T07:48:09.063+0000] {subprocess.py:93} INFO - [0m07:48:09  1 of 5 START sql table model driven_staging.dim_address ........................ [RUN]
[2025-04-09T07:48:09.865+0000] {subprocess.py:93} INFO - [0m07:48:09  1 of 5 OK created sql table model driven_staging.dim_address ................... [[32mSELECT 417039[0m in 0.80s]
[2025-04-09T07:48:09.869+0000] {subprocess.py:93} INFO - [0m07:48:09  2 of 5 START sql table model driven_staging.dim_date ........................... [RUN]
[2025-04-09T07:48:10.375+0000] {subprocess.py:93} INFO - [0m07:48:10  2 of 5 OK created sql table model driven_staging.dim_date ...................... [[32mSELECT 417039[0m in 0.50s]
[2025-04-09T07:48:10.379+0000] {subprocess.py:93} INFO - [0m07:48:10  3 of 5 START sql table model driven_staging.dim_finance ........................ [RUN]
[2025-04-09T07:48:10.898+0000] {subprocess.py:93} INFO - [0m07:48:10  3 of 5 OK created sql table model driven_staging.dim_finance ................... [[32mSELECT 417039[0m in 0.52s]
[2025-04-09T07:48:10.902+0000] {subprocess.py:93} INFO - [0m07:48:10  4 of 5 START sql table model driven_staging.dim_person ......................... [RUN]
[2025-04-09T07:48:11.679+0000] {subprocess.py:93} INFO - [0m07:48:11  4 of 5 OK created sql table model driven_staging.dim_person .................... [[32mSELECT 417039[0m in 0.77s]
[2025-04-09T07:48:11.683+0000] {subprocess.py:93} INFO - [0m07:48:11  5 of 5 START sql table model driven_staging.fact_network_usage ................. [RUN]
[2025-04-09T07:48:12.207+0000] {subprocess.py:93} INFO - [0m07:48:12  5 of 5 OK created sql table model driven_staging.fact_network_usage ............ [[32mSELECT 417039[0m in 0.52s]
[2025-04-09T07:48:12.226+0000] {subprocess.py:93} INFO - [0m07:48:12
[2025-04-09T07:48:12.227+0000] {subprocess.py:93} INFO - [0m07:48:12  Finished running 5 table models in 0 hours 0 minutes and 3.34 seconds (3.34s).
[2025-04-09T07:48:12.295+0000] {subprocess.py:93} INFO - [0m07:48:12
[2025-04-09T07:48:12.296+0000] {subprocess.py:93} INFO - [0m07:48:12  [32mCompleted successfully[0m
[2025-04-09T07:48:12.297+0000] {subprocess.py:93} INFO - [0m07:48:12
[2025-04-09T07:48:12.298+0000] {subprocess.py:93} INFO - [0m07:48:12  Done. PASS=5 WARN=0 ERROR=0 SKIP=0 TOTAL=5
[2025-04-09T07:48:13.512+0000] {subprocess.py:97} INFO - Command exited with return code 0
[2025-04-09T07:48:13.545+0000] {taskinstance.py:340} INFO - ::group::Post task execution logs
[2025-04-09T07:48:13.546+0000] {taskinstance.py:352} INFO - Marking task as SUCCESS. dag_id=extract_raw_data_pipeline, task_id=run_dbt_staging, run_id=scheduled__2025-04-09T07:47:00+00:00, execution_date=20250409T074700, start_date=20250409T074805, end_date=20250409T074813
[2025-04-09T07:48:13.579+0000] {local_task_job_runner.py:266} INFO - Task exited with return code 0
[2025-04-09T07:48:13.603+0000] {taskinstance.py:3900} INFO - 1 downstream tasks scheduled from follow-on schedule check
[2025-04-09T07:48:13.606+0000] {local_task_job_runner.py:245} INFO - ::endgroup::
