[2025-04-10T07:42:13.695+0000] {local_task_job_runner.py:123} INFO - ::group::Pre task execution logs
[2025-04-10T07:42:13.714+0000] {taskinstance.py:2612} INFO - Dependencies all met for dep_context=non-requeueable deps ti=<TaskInstance: extract_raw_data_pipeline.run_dbt_staging scheduled__2025-04-10T07:41:00+00:00 [queued]>
[2025-04-10T07:42:13.724+0000] {taskinstance.py:2612} INFO - Dependencies all met for dep_context=requeueable deps ti=<TaskInstance: extract_raw_data_pipeline.run_dbt_staging scheduled__2025-04-10T07:41:00+00:00 [queued]>
[2025-04-10T07:42:13.724+0000] {taskinstance.py:2865} INFO - Starting attempt 1 of 1
[2025-04-10T07:42:13.758+0000] {taskinstance.py:2888} INFO - Executing <Task(BashOperator): run_dbt_staging> on 2025-04-10 07:41:00+00:00
[2025-04-10T07:42:13.767+0000] {warnings.py:112} WARNING - /home/***/.local/lib/python3.12/site-packages/***/task/task_runner/standard_task_runner.py:70: DeprecationWarning: This process (pid=4717) is multi-threaded, use of fork() may lead to deadlocks in the child.
  pid = os.fork()

[2025-04-10T07:42:13.769+0000] {standard_task_runner.py:72} INFO - Started process 4719 to run task
[2025-04-10T07:42:13.770+0000] {standard_task_runner.py:104} INFO - Running: ['***', 'tasks', 'run', 'extract_raw_data_pipeline', 'run_dbt_staging', 'scheduled__2025-04-10T07:41:00+00:00', '--job-id', '686', '--raw', '--subdir', 'DAGS_FOLDER/driven_data_pipeline.py', '--cfg-path', '/tmp/tmp5j7yff_y']
[2025-04-10T07:42:13.772+0000] {standard_task_runner.py:105} INFO - Job 686: Subtask run_dbt_staging
[2025-04-10T07:42:13.863+0000] {task_command.py:467} INFO - Running <TaskInstance: extract_raw_data_pipeline.run_dbt_staging scheduled__2025-04-10T07:41:00+00:00 [running]> on host c829a6b69367
[2025-04-10T07:42:14.075+0000] {taskinstance.py:3131} INFO - Exporting env vars: AIRFLOW_CTX_DAG_OWNER='***' AIRFLOW_CTX_DAG_ID='extract_raw_data_pipeline' AIRFLOW_CTX_TASK_ID='run_dbt_staging' AIRFLOW_CTX_EXECUTION_DATE='2025-04-10T07:41:00+00:00' AIRFLOW_CTX_TRY_NUMBER='1' AIRFLOW_CTX_DAG_RUN_ID='scheduled__2025-04-10T07:41:00+00:00'
[2025-04-10T07:42:14.077+0000] {taskinstance.py:731} INFO - ::endgroup::
[2025-04-10T07:42:14.100+0000] {subprocess.py:63} INFO - Tmp dir root location: /tmp
[2025-04-10T07:42:14.102+0000] {subprocess.py:75} INFO - Running command: ['/usr/bin/bash', '-c', 'set -x; cd /opt/***/dbt && dbt run --select tag:staging']
[2025-04-10T07:42:14.123+0000] {subprocess.py:86} INFO - Output:
[2025-04-10T07:42:14.126+0000] {subprocess.py:93} INFO - + cd /opt/***/dbt
[2025-04-10T07:42:14.130+0000] {subprocess.py:93} INFO - + dbt run --select tag:staging
[2025-04-10T07:42:17.451+0000] {subprocess.py:93} INFO - [0m07:42:17  Running with dbt=1.8.0
[2025-04-10T07:42:17.834+0000] {subprocess.py:93} INFO - [0m07:42:17  Registered adapter: postgres=1.8.2
[2025-04-10T07:42:18.498+0000] {subprocess.py:93} INFO - [0m07:42:18  Found 9 models, 10 sources, 428 macros
[2025-04-10T07:42:18.503+0000] {subprocess.py:93} INFO - [0m07:42:18
[2025-04-10T07:42:18.654+0000] {subprocess.py:93} INFO - [0m07:42:18  Concurrency: 1 threads (target='dev')
[2025-04-10T07:42:18.655+0000] {subprocess.py:93} INFO - [0m07:42:18
[2025-04-10T07:42:18.675+0000] {subprocess.py:93} INFO - [0m07:42:18  1 of 5 START sql table model driven_staging.dim_address ........................ [RUN]
[2025-04-10T07:43:16.343+0000] {subprocess.py:93} INFO - [0m07:43:16  1 of 5 OK created sql table model driven_staging.dim_address ................... [[32mSELECT 1710071[0m in 57.66s]
[2025-04-10T07:43:16.354+0000] {subprocess.py:93} INFO - [0m07:43:16  2 of 5 START sql table model driven_staging.dim_date ........................... [RUN]
[2025-04-10T07:43:38.972+0000] {subprocess.py:93} INFO - [0m07:43:38  2 of 5 OK created sql table model driven_staging.dim_date ...................... [[32mSELECT 1749243[0m in 22.61s]
[2025-04-10T07:43:38.977+0000] {subprocess.py:93} INFO - [0m07:43:38  3 of 5 START sql table model driven_staging.dim_finance ........................ [RUN]
[2025-04-10T07:43:43.993+0000] {subprocess.py:93} INFO - [0m07:43:43  3 of 5 OK created sql table model driven_staging.dim_finance ................... [[32mSELECT 1749243[0m in 5.01s]
[2025-04-10T07:43:43.998+0000] {subprocess.py:93} INFO - [0m07:43:43  4 of 5 START sql table model driven_staging.dim_person ......................... [RUN]
[2025-04-10T07:43:50.968+0000] {subprocess.py:93} INFO - [0m07:43:50  4 of 5 OK created sql table model driven_staging.dim_person .................... [[32mSELECT 1749243[0m in 6.97s]
[2025-04-10T07:43:50.972+0000] {subprocess.py:93} INFO - [0m07:43:50  5 of 5 START sql table model driven_staging.fact_network_usage ................. [RUN]
[2025-04-10T07:44:38.560+0000] {subprocess.py:93} INFO - [0m07:44:38  5 of 5 OK created sql table model driven_staging.fact_network_usage ............ [[32mSELECT 1749243[0m in 47.58s]
[2025-04-10T07:44:38.585+0000] {subprocess.py:93} INFO - [0m07:44:38
[2025-04-10T07:44:38.586+0000] {subprocess.py:93} INFO - [0m07:44:38  Finished running 5 table models in 0 hours 2 minutes and 20.08 seconds (140.08s).
[2025-04-10T07:44:38.687+0000] {subprocess.py:93} INFO - [0m07:44:38
[2025-04-10T07:44:38.688+0000] {subprocess.py:93} INFO - [0m07:44:38  [32mCompleted successfully[0m
[2025-04-10T07:44:38.690+0000] {subprocess.py:93} INFO - [0m07:44:38
[2025-04-10T07:44:38.691+0000] {subprocess.py:93} INFO - [0m07:44:38  Done. PASS=5 WARN=0 ERROR=0 SKIP=0 TOTAL=5
[2025-04-10T07:44:40.148+0000] {subprocess.py:97} INFO - Command exited with return code 0
[2025-04-10T07:44:40.203+0000] {taskinstance.py:340} INFO - ::group::Post task execution logs
[2025-04-10T07:44:40.204+0000] {taskinstance.py:352} INFO - Marking task as SUCCESS. dag_id=extract_raw_data_pipeline, task_id=run_dbt_staging, run_id=scheduled__2025-04-10T07:41:00+00:00, execution_date=20250410T074100, start_date=20250410T074213, end_date=20250410T074440
[2025-04-10T07:44:40.249+0000] {local_task_job_runner.py:266} INFO - Task exited with return code 0
[2025-04-10T07:44:40.281+0000] {taskinstance.py:3900} INFO - 1 downstream tasks scheduled from follow-on schedule check
[2025-04-10T07:44:40.293+0000] {local_task_job_runner.py:245} INFO - ::endgroup::
