[2025-04-09T07:21:08.217+0000] {local_task_job_runner.py:123} INFO - ::group::Pre task execution logs
[2025-04-09T07:21:08.239+0000] {taskinstance.py:2612} INFO - Dependencies all met for dep_context=non-requeueable deps ti=<TaskInstance: extract_raw_data_pipeline.run_dbt_staging scheduled__2025-04-09T07:20:00+00:00 [queued]>
[2025-04-09T07:21:08.250+0000] {taskinstance.py:2612} INFO - Dependencies all met for dep_context=requeueable deps ti=<TaskInstance: extract_raw_data_pipeline.run_dbt_staging scheduled__2025-04-09T07:20:00+00:00 [queued]>
[2025-04-09T07:21:08.250+0000] {taskinstance.py:2865} INFO - Starting attempt 1 of 1
[2025-04-09T07:21:08.269+0000] {taskinstance.py:2888} INFO - Executing <Task(BashOperator): run_dbt_staging> on 2025-04-09 07:20:00+00:00
[2025-04-09T07:21:08.280+0000] {warnings.py:112} WARNING - /home/***/.local/lib/python3.12/site-packages/***/task/task_runner/standard_task_runner.py:70: DeprecationWarning: This process (pid=2188) is multi-threaded, use of fork() may lead to deadlocks in the child.
  pid = os.fork()

[2025-04-09T07:21:08.282+0000] {standard_task_runner.py:72} INFO - Started process 2190 to run task
[2025-04-09T07:21:08.283+0000] {standard_task_runner.py:104} INFO - Running: ['***', 'tasks', 'run', 'extract_raw_data_pipeline', 'run_dbt_staging', 'scheduled__2025-04-09T07:20:00+00:00', '--job-id', '195', '--raw', '--subdir', 'DAGS_FOLDER/driven_data_pipeline.py', '--cfg-path', '/tmp/tmp65yfdcn9']
[2025-04-09T07:21:08.286+0000] {standard_task_runner.py:105} INFO - Job 195: Subtask run_dbt_staging
[2025-04-09T07:21:08.349+0000] {task_command.py:467} INFO - Running <TaskInstance: extract_raw_data_pipeline.run_dbt_staging scheduled__2025-04-09T07:20:00+00:00 [running]> on host c829a6b69367
[2025-04-09T07:21:08.463+0000] {taskinstance.py:3131} INFO - Exporting env vars: AIRFLOW_CTX_DAG_OWNER='***' AIRFLOW_CTX_DAG_ID='extract_raw_data_pipeline' AIRFLOW_CTX_TASK_ID='run_dbt_staging' AIRFLOW_CTX_EXECUTION_DATE='2025-04-09T07:20:00+00:00' AIRFLOW_CTX_TRY_NUMBER='1' AIRFLOW_CTX_DAG_RUN_ID='scheduled__2025-04-09T07:20:00+00:00'
[2025-04-09T07:21:08.464+0000] {taskinstance.py:731} INFO - ::endgroup::
[2025-04-09T07:21:08.480+0000] {subprocess.py:63} INFO - Tmp dir root location: /tmp
[2025-04-09T07:21:08.482+0000] {subprocess.py:75} INFO - Running command: ['/usr/bin/bash', '-c', 'set -x; cd /opt/***/dbt && dbt run --select tag:staging']
[2025-04-09T07:21:08.497+0000] {subprocess.py:86} INFO - Output:
[2025-04-09T07:21:08.499+0000] {subprocess.py:93} INFO - + cd /opt/***/dbt
[2025-04-09T07:21:08.500+0000] {subprocess.py:93} INFO - + dbt run --select tag:staging
[2025-04-09T07:21:11.354+0000] {subprocess.py:93} INFO - [0m07:21:11  Running with dbt=1.8.0
[2025-04-09T07:21:11.697+0000] {subprocess.py:93} INFO - [0m07:21:11  Registered adapter: postgres=1.8.2
[2025-04-09T07:21:12.327+0000] {subprocess.py:93} INFO - [0m07:21:12  Found 9 models, 10 sources, 428 macros
[2025-04-09T07:21:12.330+0000] {subprocess.py:93} INFO - [0m07:21:12
[2025-04-09T07:21:12.459+0000] {subprocess.py:93} INFO - [0m07:21:12  Concurrency: 1 threads (target='dev')
[2025-04-09T07:21:12.460+0000] {subprocess.py:93} INFO - [0m07:21:12
[2025-04-09T07:21:12.473+0000] {subprocess.py:93} INFO - [0m07:21:12  1 of 5 START sql table model driven_staging.dim_address ........................ [RUN]
[2025-04-09T07:21:12.941+0000] {subprocess.py:93} INFO - [0m07:21:12  1 of 5 OK created sql table model driven_staging.dim_address ................... [[32mSELECT 190630[0m in 0.47s]
[2025-04-09T07:21:12.944+0000] {subprocess.py:93} INFO - [0m07:21:12  2 of 5 START sql table model driven_staging.dim_date ........................... [RUN]
[2025-04-09T07:21:13.217+0000] {subprocess.py:93} INFO - [0m07:21:13  2 of 5 OK created sql table model driven_staging.dim_date ...................... [[32mSELECT 190630[0m in 0.27s]
[2025-04-09T07:21:13.220+0000] {subprocess.py:93} INFO - [0m07:21:13  3 of 5 START sql table model driven_staging.dim_finance ........................ [RUN]
[2025-04-09T07:21:13.476+0000] {subprocess.py:93} INFO - [0m07:21:13  3 of 5 OK created sql table model driven_staging.dim_finance ................... [[32mSELECT 190630[0m in 0.25s]
[2025-04-09T07:21:13.479+0000] {subprocess.py:93} INFO - [0m07:21:13  4 of 5 START sql table model driven_staging.dim_person ......................... [RUN]
[2025-04-09T07:21:13.826+0000] {subprocess.py:93} INFO - [0m07:21:13  4 of 5 OK created sql table model driven_staging.dim_person .................... [[32mSELECT 190630[0m in 0.34s]
[2025-04-09T07:21:13.829+0000] {subprocess.py:93} INFO - [0m07:21:13  5 of 5 START sql table model driven_staging.fact_network_usage ................. [RUN]
[2025-04-09T07:21:14.118+0000] {subprocess.py:93} INFO - [0m07:21:14  5 of 5 OK created sql table model driven_staging.fact_network_usage ............ [[32mSELECT 190630[0m in 0.29s]
[2025-04-09T07:21:14.136+0000] {subprocess.py:93} INFO - [0m07:21:14
[2025-04-09T07:21:14.137+0000] {subprocess.py:93} INFO - [0m07:21:14  Finished running 5 table models in 0 hours 0 minutes and 1.80 seconds (1.80s).
[2025-04-09T07:21:14.200+0000] {subprocess.py:93} INFO - [0m07:21:14
[2025-04-09T07:21:14.201+0000] {subprocess.py:93} INFO - [0m07:21:14  [32mCompleted successfully[0m
[2025-04-09T07:21:14.202+0000] {subprocess.py:93} INFO - [0m07:21:14
[2025-04-09T07:21:14.203+0000] {subprocess.py:93} INFO - [0m07:21:14  Done. PASS=5 WARN=0 ERROR=0 SKIP=0 TOTAL=5
[2025-04-09T07:21:15.383+0000] {subprocess.py:97} INFO - Command exited with return code 0
[2025-04-09T07:21:15.425+0000] {taskinstance.py:340} INFO - ::group::Post task execution logs
[2025-04-09T07:21:15.426+0000] {taskinstance.py:352} INFO - Marking task as SUCCESS. dag_id=extract_raw_data_pipeline, task_id=run_dbt_staging, run_id=scheduled__2025-04-09T07:20:00+00:00, execution_date=20250409T072000, start_date=20250409T072108, end_date=20250409T072115
[2025-04-09T07:21:15.496+0000] {local_task_job_runner.py:266} INFO - Task exited with return code 0
[2025-04-09T07:21:15.520+0000] {taskinstance.py:3900} INFO - 1 downstream tasks scheduled from follow-on schedule check
[2025-04-09T07:21:15.523+0000] {local_task_job_runner.py:245} INFO - ::endgroup::
