[2025-04-09T07:37:06.335+0000] {local_task_job_runner.py:123} INFO - ::group::Pre task execution logs
[2025-04-09T07:37:06.357+0000] {taskinstance.py:2612} INFO - Dependencies all met for dep_context=non-requeueable deps ti=<TaskInstance: extract_raw_data_pipeline.run_dbt_staging scheduled__2025-04-09T07:36:00+00:00 [queued]>
[2025-04-09T07:37:06.372+0000] {taskinstance.py:2612} INFO - Dependencies all met for dep_context=requeueable deps ti=<TaskInstance: extract_raw_data_pipeline.run_dbt_staging scheduled__2025-04-09T07:36:00+00:00 [queued]>
[2025-04-09T07:37:06.373+0000] {taskinstance.py:2865} INFO - Starting attempt 1 of 1
[2025-04-09T07:37:06.404+0000] {taskinstance.py:2888} INFO - Executing <Task(BashOperator): run_dbt_staging> on 2025-04-09 07:36:00+00:00
[2025-04-09T07:37:06.424+0000] {standard_task_runner.py:104} INFO - Running: ['***', 'tasks', 'run', 'extract_raw_data_pipeline', 'run_dbt_staging', 'scheduled__2025-04-09T07:36:00+00:00', '--job-id', '295', '--raw', '--subdir', 'DAGS_FOLDER/driven_data_pipeline.py', '--cfg-path', '/tmp/tmpw8iak1ou']
[2025-04-09T07:37:06.427+0000] {standard_task_runner.py:105} INFO - Job 295: Subtask run_dbt_staging
[2025-04-09T07:37:06.422+0000] {warnings.py:112} WARNING - /home/***/.local/lib/python3.12/site-packages/***/task/task_runner/standard_task_runner.py:70: DeprecationWarning: This process (pid=3154) is multi-threaded, use of fork() may lead to deadlocks in the child.
  pid = os.fork()

[2025-04-09T07:37:06.435+0000] {standard_task_runner.py:72} INFO - Started process 3156 to run task
[2025-04-09T07:37:06.513+0000] {task_command.py:467} INFO - Running <TaskInstance: extract_raw_data_pipeline.run_dbt_staging scheduled__2025-04-09T07:36:00+00:00 [running]> on host c829a6b69367
[2025-04-09T07:37:06.629+0000] {taskinstance.py:3131} INFO - Exporting env vars: AIRFLOW_CTX_DAG_OWNER='***' AIRFLOW_CTX_DAG_ID='extract_raw_data_pipeline' AIRFLOW_CTX_TASK_ID='run_dbt_staging' AIRFLOW_CTX_EXECUTION_DATE='2025-04-09T07:36:00+00:00' AIRFLOW_CTX_TRY_NUMBER='1' AIRFLOW_CTX_DAG_RUN_ID='scheduled__2025-04-09T07:36:00+00:00'
[2025-04-09T07:37:06.631+0000] {taskinstance.py:731} INFO - ::endgroup::
[2025-04-09T07:37:06.649+0000] {subprocess.py:63} INFO - Tmp dir root location: /tmp
[2025-04-09T07:37:06.650+0000] {subprocess.py:75} INFO - Running command: ['/usr/bin/bash', '-c', 'set -x; cd /opt/***/dbt && dbt run --select tag:staging']
[2025-04-09T07:37:06.668+0000] {subprocess.py:86} INFO - Output:
[2025-04-09T07:37:06.670+0000] {subprocess.py:93} INFO - + cd /opt/***/dbt
[2025-04-09T07:37:06.672+0000] {subprocess.py:93} INFO - + dbt run --select tag:staging
[2025-04-09T07:37:09.830+0000] {subprocess.py:93} INFO - [0m07:37:09  Running with dbt=1.8.0
[2025-04-09T07:37:10.317+0000] {subprocess.py:93} INFO - [0m07:37:10  Registered adapter: postgres=1.8.2
[2025-04-09T07:37:11.090+0000] {subprocess.py:93} INFO - [0m07:37:11  Found 9 models, 10 sources, 428 macros
[2025-04-09T07:37:11.094+0000] {subprocess.py:93} INFO - [0m07:37:11
[2025-04-09T07:37:11.326+0000] {subprocess.py:93} INFO - [0m07:37:11  Concurrency: 1 threads (target='dev')
[2025-04-09T07:37:11.327+0000] {subprocess.py:93} INFO - [0m07:37:11
[2025-04-09T07:37:11.345+0000] {subprocess.py:93} INFO - [0m07:37:11  1 of 5 START sql table model driven_staging.dim_address ........................ [RUN]
[2025-04-09T07:37:12.315+0000] {subprocess.py:93} INFO - [0m07:37:12  1 of 5 OK created sql table model driven_staging.dim_address ................... [[32mSELECT 353017[0m in 0.96s]
[2025-04-09T07:37:12.321+0000] {subprocess.py:93} INFO - [0m07:37:12  2 of 5 START sql table model driven_staging.dim_date ........................... [RUN]
[2025-04-09T07:37:13.159+0000] {subprocess.py:93} INFO - [0m07:37:13  2 of 5 OK created sql table model driven_staging.dim_date ...................... [[32mSELECT 353017[0m in 0.83s]
[2025-04-09T07:37:13.166+0000] {subprocess.py:93} INFO - [0m07:37:13  3 of 5 START sql table model driven_staging.dim_finance ........................ [RUN]
[2025-04-09T07:37:13.809+0000] {subprocess.py:93} INFO - [0m07:37:13  3 of 5 OK created sql table model driven_staging.dim_finance ................... [[32mSELECT 353017[0m in 0.64s]
[2025-04-09T07:37:13.813+0000] {subprocess.py:93} INFO - [0m07:37:13  4 of 5 START sql table model driven_staging.dim_person ......................... [RUN]
[2025-04-09T07:37:14.461+0000] {subprocess.py:93} INFO - [0m07:37:14  4 of 5 OK created sql table model driven_staging.dim_person .................... [[32mSELECT 353017[0m in 0.65s]
[2025-04-09T07:37:14.465+0000] {subprocess.py:93} INFO - [0m07:37:14  5 of 5 START sql table model driven_staging.fact_network_usage ................. [RUN]
[2025-04-09T07:37:15.005+0000] {subprocess.py:93} INFO - [0m07:37:15  5 of 5 OK created sql table model driven_staging.fact_network_usage ............ [[32mSELECT 353017[0m in 0.54s]
[2025-04-09T07:37:15.028+0000] {subprocess.py:93} INFO - [0m07:37:15
[2025-04-09T07:37:15.029+0000] {subprocess.py:93} INFO - [0m07:37:15  Finished running 5 table models in 0 hours 0 minutes and 3.93 seconds (3.93s).
[2025-04-09T07:37:15.110+0000] {subprocess.py:93} INFO - [0m07:37:15
[2025-04-09T07:37:15.111+0000] {subprocess.py:93} INFO - [0m07:37:15  [32mCompleted successfully[0m
[2025-04-09T07:37:15.112+0000] {subprocess.py:93} INFO - [0m07:37:15
[2025-04-09T07:37:15.113+0000] {subprocess.py:93} INFO - [0m07:37:15  Done. PASS=5 WARN=0 ERROR=0 SKIP=0 TOTAL=5
[2025-04-09T07:37:16.390+0000] {subprocess.py:97} INFO - Command exited with return code 0
[2025-04-09T07:37:16.427+0000] {taskinstance.py:340} INFO - ::group::Post task execution logs
[2025-04-09T07:37:16.429+0000] {taskinstance.py:352} INFO - Marking task as SUCCESS. dag_id=extract_raw_data_pipeline, task_id=run_dbt_staging, run_id=scheduled__2025-04-09T07:36:00+00:00, execution_date=20250409T073600, start_date=20250409T073706, end_date=20250409T073716
[2025-04-09T07:37:16.469+0000] {local_task_job_runner.py:266} INFO - Task exited with return code 0
[2025-04-09T07:37:16.506+0000] {taskinstance.py:3900} INFO - 1 downstream tasks scheduled from follow-on schedule check
[2025-04-09T07:37:16.510+0000] {local_task_job_runner.py:245} INFO - ::endgroup::
