[2025-04-10T07:41:10.899+0000] {local_task_job_runner.py:123} INFO - ::group::Pre task execution logs
[2025-04-10T07:41:10.918+0000] {taskinstance.py:2612} INFO - Dependencies all met for dep_context=non-requeueable deps ti=<TaskInstance: extract_raw_data_pipeline.run_dbt_staging scheduled__2025-04-10T07:40:00+00:00 [queued]>
[2025-04-10T07:41:10.930+0000] {taskinstance.py:2612} INFO - Dependencies all met for dep_context=requeueable deps ti=<TaskInstance: extract_raw_data_pipeline.run_dbt_staging scheduled__2025-04-10T07:40:00+00:00 [queued]>
[2025-04-10T07:41:10.930+0000] {taskinstance.py:2865} INFO - Starting attempt 1 of 1
[2025-04-10T07:41:10.945+0000] {taskinstance.py:2888} INFO - Executing <Task(BashOperator): run_dbt_staging> on 2025-04-10 07:40:00+00:00
[2025-04-10T07:41:10.952+0000] {warnings.py:112} WARNING - /home/***/.local/lib/python3.12/site-packages/***/task/task_runner/standard_task_runner.py:70: DeprecationWarning: This process (pid=4655) is multi-threaded, use of fork() may lead to deadlocks in the child.
  pid = os.fork()

[2025-04-10T07:41:10.955+0000] {standard_task_runner.py:72} INFO - Started process 4657 to run task
[2025-04-10T07:41:10.955+0000] {standard_task_runner.py:104} INFO - Running: ['***', 'tasks', 'run', 'extract_raw_data_pipeline', 'run_dbt_staging', 'scheduled__2025-04-10T07:40:00+00:00', '--job-id', '680', '--raw', '--subdir', 'DAGS_FOLDER/driven_data_pipeline.py', '--cfg-path', '/tmp/tmpj2ltdkh4']
[2025-04-10T07:41:10.956+0000] {standard_task_runner.py:105} INFO - Job 680: Subtask run_dbt_staging
[2025-04-10T07:41:11.010+0000] {task_command.py:467} INFO - Running <TaskInstance: extract_raw_data_pipeline.run_dbt_staging scheduled__2025-04-10T07:40:00+00:00 [running]> on host c829a6b69367
[2025-04-10T07:41:11.099+0000] {taskinstance.py:3131} INFO - Exporting env vars: AIRFLOW_CTX_DAG_OWNER='***' AIRFLOW_CTX_DAG_ID='extract_raw_data_pipeline' AIRFLOW_CTX_TASK_ID='run_dbt_staging' AIRFLOW_CTX_EXECUTION_DATE='2025-04-10T07:40:00+00:00' AIRFLOW_CTX_TRY_NUMBER='1' AIRFLOW_CTX_DAG_RUN_ID='scheduled__2025-04-10T07:40:00+00:00'
[2025-04-10T07:41:11.100+0000] {taskinstance.py:731} INFO - ::endgroup::
[2025-04-10T07:41:11.117+0000] {subprocess.py:63} INFO - Tmp dir root location: /tmp
[2025-04-10T07:41:11.119+0000] {subprocess.py:75} INFO - Running command: ['/usr/bin/bash', '-c', 'set -x; cd /opt/***/dbt && dbt run --select tag:staging']
[2025-04-10T07:41:11.131+0000] {subprocess.py:86} INFO - Output:
[2025-04-10T07:41:11.133+0000] {subprocess.py:93} INFO - + cd /opt/***/dbt
[2025-04-10T07:41:11.134+0000] {subprocess.py:93} INFO - + dbt run --select tag:staging
[2025-04-10T07:41:14.154+0000] {subprocess.py:93} INFO - [0m07:41:14  Running with dbt=1.8.0
[2025-04-10T07:41:14.671+0000] {subprocess.py:93} INFO - [0m07:41:14  Registered adapter: postgres=1.8.2
[2025-04-10T07:41:15.476+0000] {subprocess.py:93} INFO - [0m07:41:15  Found 9 models, 10 sources, 428 macros
[2025-04-10T07:41:15.483+0000] {subprocess.py:93} INFO - [0m07:41:15
[2025-04-10T07:41:15.716+0000] {subprocess.py:93} INFO - [0m07:41:15  Concurrency: 1 threads (target='dev')
[2025-04-10T07:41:15.717+0000] {subprocess.py:93} INFO - [0m07:41:15
[2025-04-10T07:41:15.734+0000] {subprocess.py:93} INFO - [0m07:41:15  1 of 5 START sql table model driven_staging.dim_address ........................ [RUN]
[2025-04-10T07:41:39.739+0000] {subprocess.py:93} INFO - [0m07:41:39  1 of 5 OK created sql table model driven_staging.dim_address ................... [[32mSELECT 1671516[0m in 24.00s]
[2025-04-10T07:41:39.743+0000] {subprocess.py:93} INFO - [0m07:41:39  2 of 5 START sql table model driven_staging.dim_date ........................... [RUN]
[2025-04-10T07:42:18.709+0000] {subprocess.py:93} INFO - [0m07:42:18  2 of 5 OK created sql table model driven_staging.dim_date ...................... [[32mSELECT 1671516[0m in 38.96s]
[2025-04-10T07:42:18.714+0000] {subprocess.py:93} INFO - [0m07:42:18  3 of 5 START sql table model driven_staging.dim_finance ........................ [RUN]
[2025-04-10T07:42:59.600+0000] {subprocess.py:93} INFO - [0m07:42:59  3 of 5 OK created sql table model driven_staging.dim_finance ................... [[32mSELECT 1710071[0m in 40.88s]
[2025-04-10T07:42:59.607+0000] {subprocess.py:93} INFO - [0m07:42:59  4 of 5 START sql table model driven_staging.dim_person ......................... [RUN]
[2025-04-10T07:43:16.230+0000] {subprocess.py:93} INFO - [0m07:43:16  4 of 5 OK created sql table model driven_staging.dim_person .................... [[32mSELECT 1710071[0m in 16.62s]
[2025-04-10T07:43:16.235+0000] {subprocess.py:93} INFO - [0m07:43:16  5 of 5 START sql table model driven_staging.fact_network_usage ................. [RUN]
[2025-04-10T07:43:38.975+0000] {subprocess.py:93} INFO - [0m07:43:38  5 of 5 OK created sql table model driven_staging.fact_network_usage ............ [[32mSELECT 1749243[0m in 22.74s]
[2025-04-10T07:43:39.000+0000] {subprocess.py:93} INFO - [0m07:43:39
[2025-04-10T07:43:39.001+0000] {subprocess.py:93} INFO - [0m07:43:39  Finished running 5 table models in 0 hours 2 minutes and 23.52 seconds (143.52s).
[2025-04-10T07:43:39.092+0000] {subprocess.py:93} INFO - [0m07:43:39
[2025-04-10T07:43:39.093+0000] {subprocess.py:93} INFO - [0m07:43:39  [32mCompleted successfully[0m
[2025-04-10T07:43:39.094+0000] {subprocess.py:93} INFO - [0m07:43:39
[2025-04-10T07:43:39.095+0000] {subprocess.py:93} INFO - [0m07:43:39  Done. PASS=5 WARN=0 ERROR=0 SKIP=0 TOTAL=5
[2025-04-10T07:43:40.546+0000] {subprocess.py:97} INFO - Command exited with return code 0
[2025-04-10T07:43:40.670+0000] {taskinstance.py:340} INFO - ::group::Post task execution logs
[2025-04-10T07:43:40.673+0000] {taskinstance.py:352} INFO - Marking task as SUCCESS. dag_id=extract_raw_data_pipeline, task_id=run_dbt_staging, run_id=scheduled__2025-04-10T07:40:00+00:00, execution_date=20250410T074000, start_date=20250410T074110, end_date=20250410T074340
[2025-04-10T07:43:40.738+0000] {local_task_job_runner.py:266} INFO - Task exited with return code 0
[2025-04-10T07:43:40.769+0000] {taskinstance.py:3900} INFO - 1 downstream tasks scheduled from follow-on schedule check
[2025-04-10T07:43:40.790+0000] {local_task_job_runner.py:245} INFO - ::endgroup::
