[2025-04-09T07:53:03.637+0000] {local_task_job_runner.py:123} INFO - ::group::Pre task execution logs
[2025-04-09T07:53:03.675+0000] {taskinstance.py:2612} INFO - Dependencies all met for dep_context=non-requeueable deps ti=<TaskInstance: extract_raw_data_pipeline.create_raw_table scheduled__2025-04-09T07:52:00+00:00 [queued]>
[2025-04-09T07:53:03.692+0000] {taskinstance.py:2612} INFO - Dependencies all met for dep_context=requeueable deps ti=<TaskInstance: extract_raw_data_pipeline.create_raw_table scheduled__2025-04-09T07:52:00+00:00 [queued]>
[2025-04-09T07:53:03.693+0000] {taskinstance.py:2865} INFO - Starting attempt 1 of 1
[2025-04-09T07:53:03.717+0000] {taskinstance.py:2888} INFO - Executing <Task(SQLExecuteQueryOperator): create_raw_table> on 2025-04-09 07:52:00+00:00
[2025-04-09T07:53:03.728+0000] {warnings.py:112} WARNING - /home/***/.local/lib/python3.12/site-packages/***/task/task_runner/standard_task_runner.py:70: DeprecationWarning: This process (pid=4115) is multi-threaded, use of fork() may lead to deadlocks in the child.
  pid = os.fork()

[2025-04-09T07:53:03.730+0000] {standard_task_runner.py:72} INFO - Started process 4117 to run task
[2025-04-09T07:53:03.731+0000] {standard_task_runner.py:104} INFO - Running: ['***', 'tasks', 'run', 'extract_raw_data_pipeline', 'create_raw_table', 'scheduled__2025-04-09T07:52:00+00:00', '--job-id', '389', '--raw', '--subdir', 'DAGS_FOLDER/driven_data_pipeline.py', '--cfg-path', '/tmp/tmpde0x0ff0']
[2025-04-09T07:53:03.732+0000] {standard_task_runner.py:105} INFO - Job 389: Subtask create_raw_table
[2025-04-09T07:53:03.802+0000] {task_command.py:467} INFO - Running <TaskInstance: extract_raw_data_pipeline.create_raw_table scheduled__2025-04-09T07:52:00+00:00 [running]> on host c829a6b69367
[2025-04-09T07:53:03.931+0000] {taskinstance.py:3131} INFO - Exporting env vars: AIRFLOW_CTX_DAG_OWNER='***' AIRFLOW_CTX_DAG_ID='extract_raw_data_pipeline' AIRFLOW_CTX_TASK_ID='create_raw_table' AIRFLOW_CTX_EXECUTION_DATE='2025-04-09T07:52:00+00:00' AIRFLOW_CTX_TRY_NUMBER='1' AIRFLOW_CTX_DAG_RUN_ID='scheduled__2025-04-09T07:52:00+00:00'
[2025-04-09T07:53:03.933+0000] {taskinstance.py:731} INFO - ::endgroup::
[2025-04-09T07:53:03.952+0000] {sql.py:266} INFO - Executing: 
        CREATE TABLE IF NOT EXISTS driven_raw.raw_batch_data (
            person_name VARCHAR(100),
            user_name VARCHAR(100),
            email VARCHAR(100),
            personal_number NUMERIC, 
            birth_date VARCHAR(100), 
            address VARCHAR(100),
            phone VARCHAR(100), 
            mac_address VARCHAR(100),
            ip_address VARCHAR(100),
            iban VARCHAR(100),
            accessed_at TIMESTAMP,
            session_duration INT,
            download_speed INT,
            upload_speed INT,
            consumed_traffic INT,
            unique_id VARCHAR(100)
        );
    
[2025-04-09T07:53:03.968+0000] {base.py:84} INFO - Retrieving connection 'postgres_conn'
[2025-04-09T07:53:03.981+0000] {base.py:84} INFO - Retrieving connection 'postgres_conn'
[2025-04-09T07:53:03.987+0000] {sql.py:509} INFO - Running statement: 
        CREATE TABLE IF NOT EXISTS driven_raw.raw_batch_data (
            person_name VARCHAR(100),
            user_name VARCHAR(100),
            email VARCHAR(100),
            personal_number NUMERIC, 
            birth_date VARCHAR(100), 
            address VARCHAR(100),
            phone VARCHAR(100), 
            mac_address VARCHAR(100),
            ip_address VARCHAR(100),
            iban VARCHAR(100),
            accessed_at TIMESTAMP,
            session_duration INT,
            download_speed INT,
            upload_speed INT,
            consumed_traffic INT,
            unique_id VARCHAR(100)
        );
    , parameters: None
[2025-04-09T07:53:04.003+0000] {taskinstance.py:340} INFO - ::group::Post task execution logs
[2025-04-09T07:53:04.004+0000] {taskinstance.py:352} INFO - Marking task as SUCCESS. dag_id=extract_raw_data_pipeline, task_id=create_raw_table, run_id=scheduled__2025-04-09T07:52:00+00:00, execution_date=20250409T075200, start_date=20250409T075303, end_date=20250409T075304
[2025-04-09T07:53:04.072+0000] {local_task_job_runner.py:266} INFO - Task exited with return code 0
[2025-04-09T07:53:04.112+0000] {taskinstance.py:3900} INFO - 0 downstream tasks scheduled from follow-on schedule check
[2025-04-09T07:53:04.115+0000] {local_task_job_runner.py:245} INFO - ::endgroup::
