[2025-04-10T07:54:37.912+0000] {local_task_job_runner.py:123} INFO - ::group::Pre task execution logs
[2025-04-10T07:54:37.938+0000] {taskinstance.py:2612} INFO - Dependencies all met for dep_context=non-requeueable deps ti=<TaskInstance: extract_raw_data_pipeline.run_dbt_trusted scheduled__2025-04-10T07:49:00+00:00 [queued]>
[2025-04-10T07:54:37.953+0000] {taskinstance.py:2612} INFO - Dependencies all met for dep_context=requeueable deps ti=<TaskInstance: extract_raw_data_pipeline.run_dbt_trusted scheduled__2025-04-10T07:49:00+00:00 [queued]>
[2025-04-10T07:54:37.954+0000] {taskinstance.py:2865} INFO - Starting attempt 1 of 1
[2025-04-10T07:54:37.988+0000] {taskinstance.py:2888} INFO - Executing <Task(BashOperator): run_dbt_trusted> on 2025-04-10 07:49:00+00:00
[2025-04-10T07:54:38.000+0000] {warnings.py:112} WARNING - /home/***/.local/lib/python3.12/site-packages/***/task/task_runner/standard_task_runner.py:70: DeprecationWarning: This process (pid=5412) is multi-threaded, use of fork() may lead to deadlocks in the child.
  pid = os.fork()

[2025-04-10T07:54:38.002+0000] {standard_task_runner.py:72} INFO - Started process 5414 to run task
[2025-04-10T07:54:38.003+0000] {standard_task_runner.py:104} INFO - Running: ['***', 'tasks', 'run', 'extract_raw_data_pipeline', 'run_dbt_trusted', 'scheduled__2025-04-10T07:49:00+00:00', '--job-id', '756', '--raw', '--subdir', 'DAGS_FOLDER/driven_data_pipeline.py', '--cfg-path', '/tmp/tmp_mv69yo3']
[2025-04-10T07:54:38.005+0000] {standard_task_runner.py:105} INFO - Job 756: Subtask run_dbt_trusted
[2025-04-10T07:54:38.085+0000] {task_command.py:467} INFO - Running <TaskInstance: extract_raw_data_pipeline.run_dbt_trusted scheduled__2025-04-10T07:49:00+00:00 [running]> on host c829a6b69367
[2025-04-10T07:54:38.222+0000] {taskinstance.py:3131} INFO - Exporting env vars: AIRFLOW_CTX_DAG_OWNER='***' AIRFLOW_CTX_DAG_ID='extract_raw_data_pipeline' AIRFLOW_CTX_TASK_ID='run_dbt_trusted' AIRFLOW_CTX_EXECUTION_DATE='2025-04-10T07:49:00+00:00' AIRFLOW_CTX_TRY_NUMBER='1' AIRFLOW_CTX_DAG_RUN_ID='scheduled__2025-04-10T07:49:00+00:00'
[2025-04-10T07:54:38.224+0000] {taskinstance.py:731} INFO - ::endgroup::
[2025-04-10T07:54:38.243+0000] {subprocess.py:63} INFO - Tmp dir root location: /tmp
[2025-04-10T07:54:38.244+0000] {subprocess.py:75} INFO - Running command: ['/usr/bin/bash', '-c', 'set -x; cd /opt/***/dbt && dbt run --select tag:trusted']
[2025-04-10T07:54:38.262+0000] {subprocess.py:86} INFO - Output:
[2025-04-10T07:54:38.264+0000] {subprocess.py:93} INFO - + cd /opt/***/dbt
[2025-04-10T07:54:38.265+0000] {subprocess.py:93} INFO - + dbt run --select tag:trusted
[2025-04-10T07:54:41.430+0000] {subprocess.py:93} INFO - [0m07:54:41  Running with dbt=1.8.0
[2025-04-10T07:54:41.875+0000] {subprocess.py:93} INFO - [0m07:54:41  Registered adapter: postgres=1.8.2
[2025-04-10T07:54:42.685+0000] {subprocess.py:93} INFO - [0m07:54:42  Found 9 models, 10 sources, 428 macros
[2025-04-10T07:54:42.690+0000] {subprocess.py:93} INFO - [0m07:54:42
[2025-04-10T07:54:42.888+0000] {subprocess.py:93} INFO - [0m07:54:42  Concurrency: 1 threads (target='dev')
[2025-04-10T07:54:42.890+0000] {subprocess.py:93} INFO - [0m07:54:42
[2025-04-10T07:54:42.910+0000] {subprocess.py:93} INFO - [0m07:54:42  1 of 4 START sql table model driven_trusted.non_pii_data ....................... [RUN]
[2025-04-10T07:55:37.774+0000] {subprocess.py:93} INFO - [0m07:55:37  1 of 4 OK created sql table model driven_trusted.non_pii_data .................. [[32mSELECT 2127594[0m in 54.86s]
[2025-04-10T07:55:37.779+0000] {subprocess.py:93} INFO - [0m07:55:37  2 of 4 START sql table model driven_trusted.payment_data ....................... [RUN]
[2025-04-10T07:56:03.282+0000] {subprocess.py:93} INFO - [0m07:56:03  2 of 4 OK created sql table model driven_trusted.payment_data .................. [[32mSELECT 2171926[0m in 25.50s]
[2025-04-10T07:56:03.288+0000] {subprocess.py:93} INFO - [0m07:56:03  3 of 4 START sql table model driven_trusted.pii_data ........................... [RUN]
[2025-04-10T07:58:02.720+0000] {subprocess.py:93} INFO - [0m07:58:02  3 of 4 OK created sql table model driven_trusted.pii_data ...................... [[32mSELECT 2261444[0m in 119.43s]
[2025-04-10T07:58:02.726+0000] {subprocess.py:93} INFO - [0m07:58:02  4 of 4 START sql table model driven_trusted.technical_data ..................... [RUN]
[2025-04-10T07:58:56.258+0000] {subprocess.py:93} INFO - [0m07:58:56  4 of 4 OK created sql table model driven_trusted.technical_data ................ [[32mSELECT 2307515[0m in 53.53s]
[2025-04-10T07:58:56.282+0000] {subprocess.py:93} INFO - [0m07:58:56
[2025-04-10T07:58:56.283+0000] {subprocess.py:93} INFO - [0m07:58:56  Finished running 4 table models in 0 hours 4 minutes and 13.59 seconds (253.59s).
[2025-04-10T07:58:56.381+0000] {subprocess.py:93} INFO - [0m07:58:56
[2025-04-10T07:58:56.382+0000] {subprocess.py:93} INFO - [0m07:58:56  [32mCompleted successfully[0m
[2025-04-10T07:58:56.383+0000] {subprocess.py:93} INFO - [0m07:58:56
[2025-04-10T07:58:56.384+0000] {subprocess.py:93} INFO - [0m07:58:56  Done. PASS=4 WARN=0 ERROR=0 SKIP=0 TOTAL=4
[2025-04-10T07:58:57.643+0000] {subprocess.py:97} INFO - Command exited with return code 0
[2025-04-10T07:58:57.695+0000] {taskinstance.py:340} INFO - ::group::Post task execution logs
[2025-04-10T07:58:57.696+0000] {taskinstance.py:352} INFO - Marking task as SUCCESS. dag_id=extract_raw_data_pipeline, task_id=run_dbt_trusted, run_id=scheduled__2025-04-10T07:49:00+00:00, execution_date=20250410T074900, start_date=20250410T075437, end_date=20250410T075857
[2025-04-10T07:58:57.741+0000] {local_task_job_runner.py:266} INFO - Task exited with return code 0
[2025-04-10T07:58:57.772+0000] {taskinstance.py:3900} INFO - 0 downstream tasks scheduled from follow-on schedule check
[2025-04-10T07:58:57.777+0000] {local_task_job_runner.py:245} INFO - ::endgroup::
