[2025-04-10T07:06:20.183+0000] {local_task_job_runner.py:123} INFO - ::group::Pre task execution logs
[2025-04-10T07:06:20.250+0000] {taskinstance.py:2612} INFO - Dependencies all met for dep_context=non-requeueable deps ti=<TaskInstance: extract_raw_data_pipeline.run_dbt_staging scheduled__2025-04-10T07:05:00+00:00 [queued]>
[2025-04-10T07:06:20.296+0000] {taskinstance.py:2612} INFO - Dependencies all met for dep_context=requeueable deps ti=<TaskInstance: extract_raw_data_pipeline.run_dbt_staging scheduled__2025-04-10T07:05:00+00:00 [queued]>
[2025-04-10T07:06:20.298+0000] {taskinstance.py:2865} INFO - Starting attempt 1 of 1
[2025-04-10T07:06:20.373+0000] {taskinstance.py:2888} INFO - Executing <Task(BashOperator): run_dbt_staging> on 2025-04-10 07:05:00+00:00
[2025-04-10T07:06:20.398+0000] {warnings.py:112} WARNING - /home/***/.local/lib/python3.12/site-packages/***/task/task_runner/standard_task_runner.py:70: DeprecationWarning: This process (pid=2572) is multi-threaded, use of fork() may lead to deadlocks in the child.
  pid = os.fork()

[2025-04-10T07:06:20.406+0000] {standard_task_runner.py:72} INFO - Started process 2574 to run task
[2025-04-10T07:06:20.407+0000] {standard_task_runner.py:104} INFO - Running: ['***', 'tasks', 'run', 'extract_raw_data_pipeline', 'run_dbt_staging', 'scheduled__2025-04-10T07:05:00+00:00', '--job-id', '471', '--raw', '--subdir', 'DAGS_FOLDER/driven_data_pipeline.py', '--cfg-path', '/tmp/tmp29f3mb85']
[2025-04-10T07:06:20.416+0000] {standard_task_runner.py:105} INFO - Job 471: Subtask run_dbt_staging
[2025-04-10T07:06:20.556+0000] {task_command.py:467} INFO - Running <TaskInstance: extract_raw_data_pipeline.run_dbt_staging scheduled__2025-04-10T07:05:00+00:00 [running]> on host c829a6b69367
[2025-04-10T07:06:20.919+0000] {taskinstance.py:3131} INFO - Exporting env vars: AIRFLOW_CTX_DAG_OWNER='***' AIRFLOW_CTX_DAG_ID='extract_raw_data_pipeline' AIRFLOW_CTX_TASK_ID='run_dbt_staging' AIRFLOW_CTX_EXECUTION_DATE='2025-04-10T07:05:00+00:00' AIRFLOW_CTX_TRY_NUMBER='1' AIRFLOW_CTX_DAG_RUN_ID='scheduled__2025-04-10T07:05:00+00:00'
[2025-04-10T07:06:20.925+0000] {taskinstance.py:731} INFO - ::endgroup::
[2025-04-10T07:06:21.019+0000] {subprocess.py:63} INFO - Tmp dir root location: /tmp
[2025-04-10T07:06:21.030+0000] {subprocess.py:75} INFO - Running command: ['/usr/bin/bash', '-c', 'set -x; cd /opt/***/dbt && dbt run --select tag:staging']
[2025-04-10T07:06:21.085+0000] {subprocess.py:86} INFO - Output:
[2025-04-10T07:06:21.098+0000] {subprocess.py:93} INFO - + cd /opt/***/dbt
[2025-04-10T07:06:21.102+0000] {subprocess.py:93} INFO - + dbt run --select tag:staging
[2025-04-10T07:06:28.523+0000] {subprocess.py:93} INFO - [0m07:06:28  Running with dbt=1.8.0
[2025-04-10T07:06:29.153+0000] {subprocess.py:93} INFO - [0m07:06:29  Registered adapter: postgres=1.8.2
[2025-04-10T07:06:30.239+0000] {subprocess.py:93} INFO - [0m07:06:30  Found 9 models, 10 sources, 428 macros
[2025-04-10T07:06:30.249+0000] {subprocess.py:93} INFO - [0m07:06:30
[2025-04-10T07:06:30.550+0000] {subprocess.py:93} INFO - [0m07:06:30  Concurrency: 1 threads (target='dev')
[2025-04-10T07:06:30.552+0000] {subprocess.py:93} INFO - [0m07:06:30
[2025-04-10T07:06:30.588+0000] {subprocess.py:93} INFO - [0m07:06:30  1 of 5 START sql table model driven_staging.dim_address ........................ [RUN]
[2025-04-10T07:06:38.284+0000] {subprocess.py:93} INFO - [0m07:06:38  1 of 5 OK created sql table model driven_staging.dim_address ................... [[32mSELECT 661556[0m in 7.68s]
[2025-04-10T07:06:38.289+0000] {subprocess.py:93} INFO - [0m07:06:38  2 of 5 START sql table model driven_staging.dim_date ........................... [RUN]
[2025-04-10T07:06:40.330+0000] {subprocess.py:93} INFO - [0m07:06:40  2 of 5 OK created sql table model driven_staging.dim_date ...................... [[32mSELECT 661556[0m in 2.03s]
[2025-04-10T07:06:40.339+0000] {subprocess.py:93} INFO - [0m07:06:40  3 of 5 START sql table model driven_staging.dim_finance ........................ [RUN]
[2025-04-10T07:07:03.052+0000] {subprocess.py:93} INFO - [0m07:07:03  3 of 5 OK created sql table model driven_staging.dim_finance ................... [[32mSELECT 661556[0m in 22.70s]
[2025-04-10T07:07:03.072+0000] {subprocess.py:93} INFO - [0m07:07:03  4 of 5 START sql table model driven_staging.dim_person ......................... [RUN]
[2025-04-10T07:07:05.700+0000] {subprocess.py:93} INFO - [0m07:07:05  4 of 5 OK created sql table model driven_staging.dim_person .................... [[32mSELECT 661556[0m in 2.62s]
[2025-04-10T07:07:05.708+0000] {subprocess.py:93} INFO - [0m07:07:05  5 of 5 START sql table model driven_staging.fact_network_usage ................. [RUN]
[2025-04-10T07:07:16.310+0000] {subprocess.py:93} INFO - [0m07:07:16  5 of 5 OK created sql table model driven_staging.fact_network_usage ............ [[32mSELECT 661556[0m in 10.59s]
[2025-04-10T07:07:16.379+0000] {subprocess.py:93} INFO - [0m07:07:16
[2025-04-10T07:07:16.383+0000] {subprocess.py:93} INFO - [0m07:07:16  Finished running 5 table models in 0 hours 0 minutes and 46.13 seconds (46.13s).
[2025-04-10T07:07:16.608+0000] {subprocess.py:93} INFO - [0m07:07:16
[2025-04-10T07:07:16.613+0000] {subprocess.py:93} INFO - [0m07:07:16  [32mCompleted successfully[0m
[2025-04-10T07:07:16.615+0000] {subprocess.py:93} INFO - [0m07:07:16
[2025-04-10T07:07:16.619+0000] {subprocess.py:93} INFO - [0m07:07:16  Done. PASS=5 WARN=0 ERROR=0 SKIP=0 TOTAL=5
[2025-04-10T07:07:18.594+0000] {subprocess.py:97} INFO - Command exited with return code 0
[2025-04-10T07:07:18.659+0000] {taskinstance.py:340} INFO - ::group::Post task execution logs
[2025-04-10T07:07:18.660+0000] {taskinstance.py:352} INFO - Marking task as SUCCESS. dag_id=extract_raw_data_pipeline, task_id=run_dbt_staging, run_id=scheduled__2025-04-10T07:05:00+00:00, execution_date=20250410T070500, start_date=20250410T070620, end_date=20250410T070718
[2025-04-10T07:07:18.715+0000] {local_task_job_runner.py:266} INFO - Task exited with return code 0
[2025-04-10T07:07:18.761+0000] {taskinstance.py:3900} INFO - 1 downstream tasks scheduled from follow-on schedule check
[2025-04-10T07:07:18.768+0000] {local_task_job_runner.py:245} INFO - ::endgroup::
