[2025-04-10T07:13:13.147+0000] {local_task_job_runner.py:123} INFO - ::group::Pre task execution logs
[2025-04-10T07:13:13.204+0000] {taskinstance.py:2612} INFO - Dependencies all met for dep_context=non-requeueable deps ti=<TaskInstance: extract_raw_data_pipeline.run_dbt_staging scheduled__2025-04-10T07:12:00+00:00 [queued]>
[2025-04-10T07:13:13.232+0000] {taskinstance.py:2612} INFO - Dependencies all met for dep_context=requeueable deps ti=<TaskInstance: extract_raw_data_pipeline.run_dbt_staging scheduled__2025-04-10T07:12:00+00:00 [queued]>
[2025-04-10T07:13:13.234+0000] {taskinstance.py:2865} INFO - Starting attempt 1 of 1
[2025-04-10T07:13:13.286+0000] {taskinstance.py:2888} INFO - Executing <Task(BashOperator): run_dbt_staging> on 2025-04-10 07:12:00+00:00
[2025-04-10T07:13:13.308+0000] {warnings.py:112} WARNING - /home/***/.local/lib/python3.12/site-packages/***/task/task_runner/standard_task_runner.py:70: DeprecationWarning: This process (pid=2982) is multi-threaded, use of fork() may lead to deadlocks in the child.
  pid = os.fork()

[2025-04-10T07:13:13.312+0000] {standard_task_runner.py:72} INFO - Started process 2984 to run task
[2025-04-10T07:13:13.312+0000] {standard_task_runner.py:104} INFO - Running: ['***', 'tasks', 'run', 'extract_raw_data_pipeline', 'run_dbt_staging', 'scheduled__2025-04-10T07:12:00+00:00', '--job-id', '512', '--raw', '--subdir', 'DAGS_FOLDER/driven_data_pipeline.py', '--cfg-path', '/tmp/tmpokjgcake']
[2025-04-10T07:13:13.315+0000] {standard_task_runner.py:105} INFO - Job 512: Subtask run_dbt_staging
[2025-04-10T07:13:13.434+0000] {task_command.py:467} INFO - Running <TaskInstance: extract_raw_data_pipeline.run_dbt_staging scheduled__2025-04-10T07:12:00+00:00 [running]> on host c829a6b69367
[2025-04-10T07:13:13.708+0000] {taskinstance.py:3131} INFO - Exporting env vars: AIRFLOW_CTX_DAG_OWNER='***' AIRFLOW_CTX_DAG_ID='extract_raw_data_pipeline' AIRFLOW_CTX_TASK_ID='run_dbt_staging' AIRFLOW_CTX_EXECUTION_DATE='2025-04-10T07:12:00+00:00' AIRFLOW_CTX_TRY_NUMBER='1' AIRFLOW_CTX_DAG_RUN_ID='scheduled__2025-04-10T07:12:00+00:00'
[2025-04-10T07:13:13.710+0000] {taskinstance.py:731} INFO - ::endgroup::
[2025-04-10T07:13:13.747+0000] {subprocess.py:63} INFO - Tmp dir root location: /tmp
[2025-04-10T07:13:13.749+0000] {subprocess.py:75} INFO - Running command: ['/usr/bin/bash', '-c', 'set -x; cd /opt/***/dbt && dbt run --select tag:staging']
[2025-04-10T07:13:13.780+0000] {subprocess.py:86} INFO - Output:
[2025-04-10T07:13:13.784+0000] {subprocess.py:93} INFO - + cd /opt/***/dbt
[2025-04-10T07:13:13.785+0000] {subprocess.py:93} INFO - + dbt run --select tag:staging
[2025-04-10T07:13:20.268+0000] {subprocess.py:93} INFO - [0m07:13:20  Running with dbt=1.8.0
[2025-04-10T07:13:20.846+0000] {subprocess.py:93} INFO - [0m07:13:20  Registered adapter: postgres=1.8.2
[2025-04-10T07:13:22.155+0000] {subprocess.py:93} INFO - [0m07:13:22  Found 9 models, 10 sources, 428 macros
[2025-04-10T07:13:22.163+0000] {subprocess.py:93} INFO - [0m07:13:22
[2025-04-10T07:13:22.483+0000] {subprocess.py:93} INFO - [0m07:13:22  Concurrency: 1 threads (target='dev')
[2025-04-10T07:13:22.485+0000] {subprocess.py:93} INFO - [0m07:13:22
[2025-04-10T07:13:22.518+0000] {subprocess.py:93} INFO - [0m07:13:22  1 of 5 START sql table model driven_staging.dim_address ........................ [RUN]
[2025-04-10T07:13:30.726+0000] {subprocess.py:93} INFO - [0m07:13:30  1 of 5 OK created sql table model driven_staging.dim_address ................... [[32mSELECT 808216[0m in 8.20s]
[2025-04-10T07:13:30.730+0000] {subprocess.py:93} INFO - [0m07:13:30  2 of 5 START sql table model driven_staging.dim_date ........................... [RUN]
[2025-04-10T07:13:34.944+0000] {subprocess.py:93} INFO - [0m07:13:34  2 of 5 OK created sql table model driven_staging.dim_date ...................... [[32mSELECT 808216[0m in 4.21s]
[2025-04-10T07:13:34.954+0000] {subprocess.py:93} INFO - [0m07:13:34  3 of 5 START sql table model driven_staging.dim_finance ........................ [RUN]
[2025-04-10T07:13:36.836+0000] {subprocess.py:93} INFO - [0m07:13:36  3 of 5 OK created sql table model driven_staging.dim_finance ................... [[32mSELECT 808216[0m in 1.88s]
[2025-04-10T07:13:36.847+0000] {subprocess.py:93} INFO - [0m07:13:36  4 of 5 START sql table model driven_staging.dim_person ......................... [RUN]
[2025-04-10T07:13:38.949+0000] {subprocess.py:93} INFO - [0m07:13:38  4 of 5 OK created sql table model driven_staging.dim_person .................... [[32mSELECT 808216[0m in 2.09s]
[2025-04-10T07:13:38.955+0000] {subprocess.py:93} INFO - [0m07:13:38  5 of 5 START sql table model driven_staging.fact_network_usage ................. [RUN]
[2025-04-10T07:13:41.533+0000] {subprocess.py:93} INFO - [0m07:13:41  5 of 5 OK created sql table model driven_staging.fact_network_usage ............ [[32mSELECT 808216[0m in 2.57s]
[2025-04-10T07:13:41.580+0000] {subprocess.py:93} INFO - [0m07:13:41
[2025-04-10T07:13:41.583+0000] {subprocess.py:93} INFO - [0m07:13:41  Finished running 5 table models in 0 hours 0 minutes and 19.42 seconds (19.42s).
[2025-04-10T07:13:41.745+0000] {subprocess.py:93} INFO - [0m07:13:41
[2025-04-10T07:13:41.747+0000] {subprocess.py:93} INFO - [0m07:13:41  [32mCompleted successfully[0m
[2025-04-10T07:13:41.749+0000] {subprocess.py:93} INFO - [0m07:13:41
[2025-04-10T07:13:41.752+0000] {subprocess.py:93} INFO - [0m07:13:41  Done. PASS=5 WARN=0 ERROR=0 SKIP=0 TOTAL=5
[2025-04-10T07:13:43.921+0000] {subprocess.py:97} INFO - Command exited with return code 0
[2025-04-10T07:13:44.063+0000] {taskinstance.py:340} INFO - ::group::Post task execution logs
[2025-04-10T07:13:44.067+0000] {taskinstance.py:352} INFO - Marking task as SUCCESS. dag_id=extract_raw_data_pipeline, task_id=run_dbt_staging, run_id=scheduled__2025-04-10T07:12:00+00:00, execution_date=20250410T071200, start_date=20250410T071313, end_date=20250410T071344
[2025-04-10T07:13:44.194+0000] {local_task_job_runner.py:266} INFO - Task exited with return code 0
[2025-04-10T07:13:44.258+0000] {taskinstance.py:3900} INFO - 1 downstream tasks scheduled from follow-on schedule check
[2025-04-10T07:13:44.265+0000] {local_task_job_runner.py:245} INFO - ::endgroup::
