[2025-04-10T07:50:10.354+0000] {local_task_job_runner.py:123} INFO - ::group::Pre task execution logs
[2025-04-10T07:50:10.373+0000] {taskinstance.py:2612} INFO - Dependencies all met for dep_context=non-requeueable deps ti=<TaskInstance: extract_raw_data_pipeline.run_dbt_staging scheduled__2025-04-10T07:49:00+00:00 [queued]>
[2025-04-10T07:50:10.387+0000] {taskinstance.py:2612} INFO - Dependencies all met for dep_context=requeueable deps ti=<TaskInstance: extract_raw_data_pipeline.run_dbt_staging scheduled__2025-04-10T07:49:00+00:00 [queued]>
[2025-04-10T07:50:10.387+0000] {taskinstance.py:2865} INFO - Starting attempt 1 of 1
[2025-04-10T07:50:10.411+0000] {taskinstance.py:2888} INFO - Executing <Task(BashOperator): run_dbt_staging> on 2025-04-10 07:49:00+00:00
[2025-04-10T07:50:10.420+0000] {warnings.py:112} WARNING - /home/***/.local/lib/python3.12/site-packages/***/task/task_runner/standard_task_runner.py:70: DeprecationWarning: This process (pid=5184) is multi-threaded, use of fork() may lead to deadlocks in the child.
  pid = os.fork()

[2025-04-10T07:50:10.422+0000] {standard_task_runner.py:72} INFO - Started process 5186 to run task
[2025-04-10T07:50:10.422+0000] {standard_task_runner.py:104} INFO - Running: ['***', 'tasks', 'run', 'extract_raw_data_pipeline', 'run_dbt_staging', 'scheduled__2025-04-10T07:49:00+00:00', '--job-id', '733', '--raw', '--subdir', 'DAGS_FOLDER/driven_data_pipeline.py', '--cfg-path', '/tmp/tmpu739n8ei']
[2025-04-10T07:50:10.423+0000] {standard_task_runner.py:105} INFO - Job 733: Subtask run_dbt_staging
[2025-04-10T07:50:10.487+0000] {task_command.py:467} INFO - Running <TaskInstance: extract_raw_data_pipeline.run_dbt_staging scheduled__2025-04-10T07:49:00+00:00 [running]> on host c829a6b69367
[2025-04-10T07:50:10.608+0000] {taskinstance.py:3131} INFO - Exporting env vars: AIRFLOW_CTX_DAG_OWNER='***' AIRFLOW_CTX_DAG_ID='extract_raw_data_pipeline' AIRFLOW_CTX_TASK_ID='run_dbt_staging' AIRFLOW_CTX_EXECUTION_DATE='2025-04-10T07:49:00+00:00' AIRFLOW_CTX_TRY_NUMBER='1' AIRFLOW_CTX_DAG_RUN_ID='scheduled__2025-04-10T07:49:00+00:00'
[2025-04-10T07:50:10.610+0000] {taskinstance.py:731} INFO - ::endgroup::
[2025-04-10T07:50:10.625+0000] {subprocess.py:63} INFO - Tmp dir root location: /tmp
[2025-04-10T07:50:10.627+0000] {subprocess.py:75} INFO - Running command: ['/usr/bin/bash', '-c', 'set -x; cd /opt/***/dbt && dbt run --select tag:staging']
[2025-04-10T07:50:10.640+0000] {subprocess.py:86} INFO - Output:
[2025-04-10T07:50:10.642+0000] {subprocess.py:93} INFO - + cd /opt/***/dbt
[2025-04-10T07:50:10.643+0000] {subprocess.py:93} INFO - + dbt run --select tag:staging
[2025-04-10T07:50:13.412+0000] {subprocess.py:93} INFO - [0m07:50:13  Running with dbt=1.8.0
[2025-04-10T07:50:13.840+0000] {subprocess.py:93} INFO - [0m07:50:13  Registered adapter: postgres=1.8.2
[2025-04-10T07:50:14.499+0000] {subprocess.py:93} INFO - [0m07:50:14  Found 9 models, 10 sources, 428 macros
[2025-04-10T07:50:14.504+0000] {subprocess.py:93} INFO - [0m07:50:14
[2025-04-10T07:50:14.685+0000] {subprocess.py:93} INFO - [0m07:50:14  Concurrency: 1 threads (target='dev')
[2025-04-10T07:50:14.686+0000] {subprocess.py:93} INFO - [0m07:50:14
[2025-04-10T07:50:14.702+0000] {subprocess.py:93} INFO - [0m07:50:14  1 of 5 START sql table model driven_staging.dim_address ........................ [RUN]
[2025-04-10T07:50:23.780+0000] {subprocess.py:93} INFO - [0m07:50:23  1 of 5 OK created sql table model driven_staging.dim_address ................... [[32mSELECT 2039544[0m in 9.07s]
[2025-04-10T07:50:23.789+0000] {subprocess.py:93} INFO - [0m07:50:23  2 of 5 START sql table model driven_staging.dim_date ........................... [RUN]
[2025-04-10T07:51:16.358+0000] {subprocess.py:93} INFO - [0m07:51:16  2 of 5 OK created sql table model driven_staging.dim_date ...................... [[32mSELECT 2039544[0m in 52.56s]
[2025-04-10T07:51:16.387+0000] {subprocess.py:93} INFO - [0m07:51:16  3 of 5 START sql table model driven_staging.dim_finance ........................ [RUN]
[2025-04-10T07:52:22.957+0000] {subprocess.py:93} INFO - [0m07:52:22  3 of 5 OK created sql table model driven_staging.dim_finance ................... [[32mSELECT 2083512[0m in 66.56s]
[2025-04-10T07:52:22.967+0000] {subprocess.py:93} INFO - [0m07:52:22  4 of 5 START sql table model driven_staging.dim_person ......................... [RUN]
[2025-04-10T07:53:23.947+0000] {subprocess.py:93} INFO - [0m07:53:23  4 of 5 OK created sql table model driven_staging.dim_person .................... [[32mSELECT 2127594[0m in 60.97s]
[2025-04-10T07:53:23.956+0000] {subprocess.py:93} INFO - [0m07:53:23  5 of 5 START sql table model driven_staging.fact_network_usage ................. [RUN]
[2025-04-10T07:54:33.836+0000] {subprocess.py:93} INFO - [0m07:54:33  5 of 5 OK created sql table model driven_staging.fact_network_usage ............ [[32mSELECT 2171926[0m in 69.88s]
[2025-04-10T07:54:33.869+0000] {subprocess.py:93} INFO - [0m07:54:33
[2025-04-10T07:54:33.871+0000] {subprocess.py:93} INFO - [0m07:54:33  Finished running 5 table models in 0 hours 4 minutes and 19.36 seconds (259.36s).
[2025-04-10T07:54:34.012+0000] {subprocess.py:93} INFO - [0m07:54:34
[2025-04-10T07:54:34.013+0000] {subprocess.py:93} INFO - [0m07:54:34  [32mCompleted successfully[0m
[2025-04-10T07:54:34.016+0000] {subprocess.py:93} INFO - [0m07:54:34
[2025-04-10T07:54:34.017+0000] {subprocess.py:93} INFO - [0m07:54:34  Done. PASS=5 WARN=0 ERROR=0 SKIP=0 TOTAL=5
[2025-04-10T07:54:35.530+0000] {subprocess.py:97} INFO - Command exited with return code 0
[2025-04-10T07:54:35.692+0000] {taskinstance.py:340} INFO - ::group::Post task execution logs
[2025-04-10T07:54:35.694+0000] {taskinstance.py:352} INFO - Marking task as SUCCESS. dag_id=extract_raw_data_pipeline, task_id=run_dbt_staging, run_id=scheduled__2025-04-10T07:49:00+00:00, execution_date=20250410T074900, start_date=20250410T075010, end_date=20250410T075435
[2025-04-10T07:54:35.879+0000] {local_task_job_runner.py:266} INFO - Task exited with return code 0
[2025-04-10T07:54:36.318+0000] {taskinstance.py:3900} INFO - 1 downstream tasks scheduled from follow-on schedule check
[2025-04-10T07:54:36.325+0000] {local_task_job_runner.py:245} INFO - ::endgroup::
