[2025-04-10T07:23:52.867+0000] {local_task_job_runner.py:123} INFO - ::group::Pre task execution logs
[2025-04-10T07:23:52.911+0000] {taskinstance.py:2612} INFO - Dependencies all met for dep_context=non-requeueable deps ti=<TaskInstance: extract_raw_data_pipeline.run_dbt_trusted scheduled__2025-04-10T07:21:00+00:00 [queued]>
[2025-04-10T07:23:52.937+0000] {taskinstance.py:2612} INFO - Dependencies all met for dep_context=requeueable deps ti=<TaskInstance: extract_raw_data_pipeline.run_dbt_trusted scheduled__2025-04-10T07:21:00+00:00 [queued]>
[2025-04-10T07:23:52.938+0000] {taskinstance.py:2865} INFO - Starting attempt 1 of 1
[2025-04-10T07:23:52.979+0000] {taskinstance.py:2888} INFO - Executing <Task(BashOperator): run_dbt_trusted> on 2025-04-10 07:21:00+00:00
[2025-04-10T07:23:52.997+0000] {warnings.py:112} WARNING - /home/***/.local/lib/python3.12/site-packages/***/task/task_runner/standard_task_runner.py:70: DeprecationWarning: This process (pid=3592) is multi-threaded, use of fork() may lead to deadlocks in the child.
  pid = os.fork()

[2025-04-10T07:23:53.000+0000] {standard_task_runner.py:72} INFO - Started process 3594 to run task
[2025-04-10T07:23:53.000+0000] {standard_task_runner.py:104} INFO - Running: ['***', 'tasks', 'run', 'extract_raw_data_pipeline', 'run_dbt_trusted', 'scheduled__2025-04-10T07:21:00+00:00', '--job-id', '573', '--raw', '--subdir', 'DAGS_FOLDER/driven_data_pipeline.py', '--cfg-path', '/tmp/tmpwny4y3a_']
[2025-04-10T07:23:53.003+0000] {standard_task_runner.py:105} INFO - Job 573: Subtask run_dbt_trusted
[2025-04-10T07:23:53.111+0000] {task_command.py:467} INFO - Running <TaskInstance: extract_raw_data_pipeline.run_dbt_trusted scheduled__2025-04-10T07:21:00+00:00 [running]> on host c829a6b69367
[2025-04-10T07:23:53.281+0000] {taskinstance.py:3131} INFO - Exporting env vars: AIRFLOW_CTX_DAG_OWNER='***' AIRFLOW_CTX_DAG_ID='extract_raw_data_pipeline' AIRFLOW_CTX_TASK_ID='run_dbt_trusted' AIRFLOW_CTX_EXECUTION_DATE='2025-04-10T07:21:00+00:00' AIRFLOW_CTX_TRY_NUMBER='1' AIRFLOW_CTX_DAG_RUN_ID='scheduled__2025-04-10T07:21:00+00:00'
[2025-04-10T07:23:53.283+0000] {taskinstance.py:731} INFO - ::endgroup::
[2025-04-10T07:23:53.314+0000] {subprocess.py:63} INFO - Tmp dir root location: /tmp
[2025-04-10T07:23:53.318+0000] {subprocess.py:75} INFO - Running command: ['/usr/bin/bash', '-c', 'set -x; cd /opt/***/dbt && dbt run --select tag:trusted']
[2025-04-10T07:23:53.351+0000] {subprocess.py:86} INFO - Output:
[2025-04-10T07:23:53.355+0000] {subprocess.py:93} INFO - + cd /opt/***/dbt
[2025-04-10T07:23:53.359+0000] {subprocess.py:93} INFO - + dbt run --select tag:trusted
[2025-04-10T07:23:58.682+0000] {subprocess.py:93} INFO - [0m07:23:58  Running with dbt=1.8.0
[2025-04-10T07:23:59.749+0000] {subprocess.py:93} INFO - [0m07:23:59  Registered adapter: postgres=1.8.2
[2025-04-10T07:24:01.542+0000] {subprocess.py:93} INFO - [0m07:24:01  Found 9 models, 10 sources, 428 macros
[2025-04-10T07:24:01.559+0000] {subprocess.py:93} INFO - [0m07:24:01
[2025-04-10T07:24:01.900+0000] {subprocess.py:93} INFO - [0m07:24:01  Concurrency: 1 threads (target='dev')
[2025-04-10T07:24:01.903+0000] {subprocess.py:93} INFO - [0m07:24:01
[2025-04-10T07:24:01.940+0000] {subprocess.py:93} INFO - [0m07:24:01  1 of 4 START sql table model driven_trusted.non_pii_data ....................... [RUN]
[2025-04-10T07:25:12.475+0000] {subprocess.py:93} INFO - [0m07:25:12  1 of 4 OK created sql table model driven_trusted.non_pii_data .................. [[32mSELECT 1040259[0m in 70.52s]
[2025-04-10T07:25:12.489+0000] {subprocess.py:93} INFO - [0m07:25:12  2 of 4 START sql table model driven_trusted.payment_data ....................... [RUN]
[2025-04-10T07:25:21.626+0000] {subprocess.py:93} INFO - [0m07:25:21  2 of 4 OK created sql table model driven_trusted.payment_data .................. [[32mSELECT 1068854[0m in 9.13s]
[2025-04-10T07:25:21.647+0000] {subprocess.py:93} INFO - [0m07:25:21  3 of 4 START sql table model driven_trusted.pii_data ........................... [RUN]
[2025-04-10T07:25:38.910+0000] {subprocess.py:93} INFO - [0m07:25:38  3 of 4 ERROR creating sql table model driven_trusted.pii_data .................. [[31mERROR[0m in 17.25s]
[2025-04-10T07:25:38.922+0000] {subprocess.py:93} INFO - [0m07:25:38  4 of 4 START sql table model driven_trusted.technical_data ..................... [RUN]
[2025-04-10T07:26:03.535+0000] {subprocess.py:93} INFO - [0m07:26:03  4 of 4 OK created sql table model driven_trusted.technical_data ................ [[32mSELECT 1097807[0m in 24.61s]
[2025-04-10T07:26:03.588+0000] {subprocess.py:93} INFO - [0m07:26:03
[2025-04-10T07:26:03.589+0000] {subprocess.py:93} INFO - [0m07:26:03  Finished running 4 table models in 0 hours 2 minutes and 2.03 seconds (122.03s).
[2025-04-10T07:26:03.827+0000] {subprocess.py:93} INFO - [0m07:26:03
[2025-04-10T07:26:03.829+0000] {subprocess.py:93} INFO - [0m07:26:03  [31mCompleted with 1 error and 0 warnings:[0m
[2025-04-10T07:26:03.831+0000] {subprocess.py:93} INFO - [0m07:26:03
[2025-04-10T07:26:03.836+0000] {subprocess.py:93} INFO - [0m07:26:03    Database Error in model trusted_pii_data (models/trusted_pii_data.sql)
[2025-04-10T07:26:03.839+0000] {subprocess.py:93} INFO -   could not resize shared memory segment "/PostgreSQL.1630248863" to 33554432 bytes: No space left on device
[2025-04-10T07:26:03.841+0000] {subprocess.py:93} INFO -   compiled code at target/run/dbt_driven_data/models/trusted_pii_data.sql
[2025-04-10T07:26:03.844+0000] {subprocess.py:93} INFO - [0m07:26:03
[2025-04-10T07:26:03.847+0000] {subprocess.py:93} INFO - [0m07:26:03  Done. PASS=3 WARN=0 ERROR=1 SKIP=0 TOTAL=4
[2025-04-10T07:26:06.300+0000] {subprocess.py:97} INFO - Command exited with return code 1
[2025-04-10T07:26:06.393+0000] {taskinstance.py:3310} ERROR - Task failed with exception
Traceback (most recent call last):
  File "/home/airflow/.local/lib/python3.12/site-packages/airflow/models/taskinstance.py", line 767, in _execute_task
    result = _execute_callable(context=context, **execute_callable_kwargs)
             ^^^^^^^^^^^^^^^^^^^^^^^^^^^^^^^^^^^^^^^^^^^^^^^^^^^^^^^^^^^^^
  File "/home/airflow/.local/lib/python3.12/site-packages/airflow/models/taskinstance.py", line 733, in _execute_callable
    return ExecutionCallableRunner(
           ^^^^^^^^^^^^^^^^^^^^^^^^
  File "/home/airflow/.local/lib/python3.12/site-packages/airflow/utils/operator_helpers.py", line 252, in run
    return self.func(*args, **kwargs)
           ^^^^^^^^^^^^^^^^^^^^^^^^^^
  File "/home/airflow/.local/lib/python3.12/site-packages/airflow/models/baseoperator.py", line 406, in wrapper
    return func(self, *args, **kwargs)
           ^^^^^^^^^^^^^^^^^^^^^^^^^^^
  File "/home/airflow/.local/lib/python3.12/site-packages/airflow/operators/bash.py", line 249, in execute
    raise AirflowException(
airflow.exceptions.AirflowException: Bash command failed. The command returned a non-zero exit code 1.
[2025-04-10T07:26:06.437+0000] {taskinstance.py:1225} INFO - Marking task as FAILED. dag_id=extract_raw_data_pipeline, task_id=run_dbt_trusted, run_id=scheduled__2025-04-10T07:21:00+00:00, execution_date=20250410T072100, start_date=20250410T072352, end_date=20250410T072606
[2025-04-10T07:26:06.517+0000] {taskinstance.py:340} INFO - ::group::Post task execution logs
[2025-04-10T07:26:06.520+0000] {standard_task_runner.py:124} ERROR - Failed to execute job 573 for task run_dbt_trusted (Bash command failed. The command returned a non-zero exit code 1.; 3594)
Traceback (most recent call last):
  File "/home/airflow/.local/lib/python3.12/site-packages/airflow/task/task_runner/standard_task_runner.py", line 117, in _start_by_fork
    ret = args.func(args, dag=self.dag)
          ^^^^^^^^^^^^^^^^^^^^^^^^^^^^^
  File "/home/airflow/.local/lib/python3.12/site-packages/airflow/cli/cli_config.py", line 49, in command
    return func(*args, **kwargs)
           ^^^^^^^^^^^^^^^^^^^^^
  File "/home/airflow/.local/lib/python3.12/site-packages/airflow/utils/cli.py", line 115, in wrapper
    return f(*args, **kwargs)
           ^^^^^^^^^^^^^^^^^^
  File "/home/airflow/.local/lib/python3.12/site-packages/airflow/cli/commands/task_command.py", line 483, in task_run
    task_return_code = _run_task_by_selected_method(args, _dag, ti)
                       ^^^^^^^^^^^^^^^^^^^^^^^^^^^^^^^^^^^^^^^^^^^^
  File "/home/airflow/.local/lib/python3.12/site-packages/airflow/cli/commands/task_command.py", line 256, in _run_task_by_selected_method
    return _run_raw_task(args, ti)
           ^^^^^^^^^^^^^^^^^^^^^^^
  File "/home/airflow/.local/lib/python3.12/site-packages/airflow/cli/commands/task_command.py", line 341, in _run_raw_task
    return ti._run_raw_task(
           ^^^^^^^^^^^^^^^^^
  File "/home/airflow/.local/lib/python3.12/site-packages/airflow/utils/session.py", line 97, in wrapper
    return func(*args, session=session, **kwargs)
           ^^^^^^^^^^^^^^^^^^^^^^^^^^^^^^^^^^^^^^
  File "/home/airflow/.local/lib/python3.12/site-packages/airflow/models/taskinstance.py", line 3004, in _run_raw_task
    return _run_raw_task(
           ^^^^^^^^^^^^^^
  File "/home/airflow/.local/lib/python3.12/site-packages/airflow/models/taskinstance.py", line 273, in _run_raw_task
    TaskInstance._execute_task_with_callbacks(
  File "/home/airflow/.local/lib/python3.12/site-packages/airflow/models/taskinstance.py", line 3158, in _execute_task_with_callbacks
    result = self._execute_task(context, task_orig)
             ^^^^^^^^^^^^^^^^^^^^^^^^^^^^^^^^^^^^^^
  File "/home/airflow/.local/lib/python3.12/site-packages/airflow/models/taskinstance.py", line 3182, in _execute_task
    return _execute_task(self, context, task_orig)
           ^^^^^^^^^^^^^^^^^^^^^^^^^^^^^^^^^^^^^^^
  File "/home/airflow/.local/lib/python3.12/site-packages/airflow/models/taskinstance.py", line 767, in _execute_task
    result = _execute_callable(context=context, **execute_callable_kwargs)
             ^^^^^^^^^^^^^^^^^^^^^^^^^^^^^^^^^^^^^^^^^^^^^^^^^^^^^^^^^^^^^
  File "/home/airflow/.local/lib/python3.12/site-packages/airflow/models/taskinstance.py", line 733, in _execute_callable
    return ExecutionCallableRunner(
           ^^^^^^^^^^^^^^^^^^^^^^^^
  File "/home/airflow/.local/lib/python3.12/site-packages/airflow/utils/operator_helpers.py", line 252, in run
    return self.func(*args, **kwargs)
           ^^^^^^^^^^^^^^^^^^^^^^^^^^
  File "/home/airflow/.local/lib/python3.12/site-packages/airflow/models/baseoperator.py", line 406, in wrapper
    return func(self, *args, **kwargs)
           ^^^^^^^^^^^^^^^^^^^^^^^^^^^
  File "/home/airflow/.local/lib/python3.12/site-packages/airflow/operators/bash.py", line 249, in execute
    raise AirflowException(
airflow.exceptions.AirflowException: Bash command failed. The command returned a non-zero exit code 1.
[2025-04-10T07:26:06.629+0000] {local_task_job_runner.py:266} INFO - Task exited with return code 1
[2025-04-10T07:26:06.705+0000] {taskinstance.py:3900} INFO - 0 downstream tasks scheduled from follow-on schedule check
[2025-04-10T07:26:06.714+0000] {local_task_job_runner.py:245} INFO - ::endgroup::
