[2025-04-09T07:36:20.620+0000] {local_task_job_runner.py:123} INFO - ::group::Pre task execution logs
[2025-04-09T07:36:20.647+0000] {taskinstance.py:2612} INFO - Dependencies all met for dep_context=non-requeueable deps ti=<TaskInstance: extract_raw_data_pipeline.run_dbt_trusted scheduled__2025-04-09T07:35:00+00:00 [queued]>
[2025-04-09T07:36:20.670+0000] {taskinstance.py:2612} INFO - Dependencies all met for dep_context=requeueable deps ti=<TaskInstance: extract_raw_data_pipeline.run_dbt_trusted scheduled__2025-04-09T07:35:00+00:00 [queued]>
[2025-04-09T07:36:20.672+0000] {taskinstance.py:2865} INFO - Starting attempt 1 of 1
[2025-04-09T07:36:20.703+0000] {taskinstance.py:2888} INFO - Executing <Task(BashOperator): run_dbt_trusted> on 2025-04-09 07:35:00+00:00
[2025-04-09T07:36:20.714+0000] {warnings.py:112} WARNING - /home/***/.local/lib/python3.12/site-packages/***/task/task_runner/standard_task_runner.py:70: DeprecationWarning: This process (pid=3107) is multi-threaded, use of fork() may lead to deadlocks in the child.
  pid = os.fork()

[2025-04-09T07:36:20.716+0000] {standard_task_runner.py:72} INFO - Started process 3109 to run task
[2025-04-09T07:36:20.717+0000] {standard_task_runner.py:104} INFO - Running: ['***', 'tasks', 'run', 'extract_raw_data_pipeline', 'run_dbt_trusted', 'scheduled__2025-04-09T07:35:00+00:00', '--job-id', '290', '--raw', '--subdir', 'DAGS_FOLDER/driven_data_pipeline.py', '--cfg-path', '/tmp/tmpr0yjuvl4']
[2025-04-09T07:36:20.718+0000] {standard_task_runner.py:105} INFO - Job 290: Subtask run_dbt_trusted
[2025-04-09T07:36:20.794+0000] {task_command.py:467} INFO - Running <TaskInstance: extract_raw_data_pipeline.run_dbt_trusted scheduled__2025-04-09T07:35:00+00:00 [running]> on host c829a6b69367
[2025-04-09T07:36:20.899+0000] {taskinstance.py:3131} INFO - Exporting env vars: AIRFLOW_CTX_DAG_OWNER='***' AIRFLOW_CTX_DAG_ID='extract_raw_data_pipeline' AIRFLOW_CTX_TASK_ID='run_dbt_trusted' AIRFLOW_CTX_EXECUTION_DATE='2025-04-09T07:35:00+00:00' AIRFLOW_CTX_TRY_NUMBER='1' AIRFLOW_CTX_DAG_RUN_ID='scheduled__2025-04-09T07:35:00+00:00'
[2025-04-09T07:36:20.901+0000] {taskinstance.py:731} INFO - ::endgroup::
[2025-04-09T07:36:20.917+0000] {subprocess.py:63} INFO - Tmp dir root location: /tmp
[2025-04-09T07:36:20.919+0000] {subprocess.py:75} INFO - Running command: ['/usr/bin/bash', '-c', 'set -x; cd /opt/***/dbt && dbt run --select tag:trusted']
[2025-04-09T07:36:20.934+0000] {subprocess.py:86} INFO - Output:
[2025-04-09T07:36:20.936+0000] {subprocess.py:93} INFO - + cd /opt/***/dbt
[2025-04-09T07:36:20.937+0000] {subprocess.py:93} INFO - + dbt run --select tag:trusted
[2025-04-09T07:36:24.265+0000] {subprocess.py:93} INFO - [0m07:36:24  Running with dbt=1.8.0
[2025-04-09T07:36:24.739+0000] {subprocess.py:93} INFO - [0m07:36:24  Registered adapter: postgres=1.8.2
[2025-04-09T07:36:25.479+0000] {subprocess.py:93} INFO - [0m07:36:25  Found 9 models, 10 sources, 428 macros
[2025-04-09T07:36:25.484+0000] {subprocess.py:93} INFO - [0m07:36:25
[2025-04-09T07:36:25.694+0000] {subprocess.py:93} INFO - [0m07:36:25  Concurrency: 1 threads (target='dev')
[2025-04-09T07:36:25.698+0000] {subprocess.py:93} INFO - [0m07:36:25
[2025-04-09T07:36:25.718+0000] {subprocess.py:93} INFO - [0m07:36:25  1 of 4 START sql table model driven_trusted.non_pii_data ....................... [RUN]
[2025-04-09T07:36:34.223+0000] {subprocess.py:93} INFO - [0m07:36:34  1 of 4 OK created sql table model driven_trusted.non_pii_data .................. [[32mSELECT 349675[0m in 8.50s]
[2025-04-09T07:36:34.228+0000] {subprocess.py:93} INFO - [0m07:36:34  2 of 4 START sql table model driven_trusted.payment_data ....................... [RUN]
[2025-04-09T07:36:37.298+0000] {subprocess.py:93} INFO - [0m07:36:37  2 of 4 OK created sql table model driven_trusted.payment_data .................. [[32mSELECT 349675[0m in 3.07s]
[2025-04-09T07:36:37.303+0000] {subprocess.py:93} INFO - [0m07:36:37  3 of 4 START sql table model driven_trusted.pii_data ........................... [RUN]
[2025-04-09T07:36:45.428+0000] {subprocess.py:93} INFO - [0m07:36:45  3 of 4 OK created sql table model driven_trusted.pii_data ...................... [[32mSELECT 349675[0m in 8.12s]
[2025-04-09T07:36:45.430+0000] {subprocess.py:93} INFO - [0m07:36:45  4 of 4 START sql table model driven_trusted.technical_data ..................... [RUN]
[2025-04-09T07:36:49.090+0000] {subprocess.py:93} INFO - [0m07:36:49  4 of 4 OK created sql table model driven_trusted.technical_data ................ [[32mSELECT 349675[0m in 3.66s]
[2025-04-09T07:36:49.115+0000] {subprocess.py:93} INFO - [0m07:36:49
[2025-04-09T07:36:49.116+0000] {subprocess.py:93} INFO - [0m07:36:49  Finished running 4 table models in 0 hours 0 minutes and 23.63 seconds (23.63s).
[2025-04-09T07:36:49.205+0000] {subprocess.py:93} INFO - [0m07:36:49
[2025-04-09T07:36:49.206+0000] {subprocess.py:93} INFO - [0m07:36:49  [32mCompleted successfully[0m
[2025-04-09T07:36:49.207+0000] {subprocess.py:93} INFO - [0m07:36:49
[2025-04-09T07:36:49.208+0000] {subprocess.py:93} INFO - [0m07:36:49  Done. PASS=4 WARN=0 ERROR=0 SKIP=0 TOTAL=4
[2025-04-09T07:36:50.277+0000] {subprocess.py:97} INFO - Command exited with return code 0
[2025-04-09T07:36:50.316+0000] {taskinstance.py:340} INFO - ::group::Post task execution logs
[2025-04-09T07:36:50.318+0000] {taskinstance.py:352} INFO - Marking task as SUCCESS. dag_id=extract_raw_data_pipeline, task_id=run_dbt_trusted, run_id=scheduled__2025-04-09T07:35:00+00:00, execution_date=20250409T073500, start_date=20250409T073620, end_date=20250409T073650
[2025-04-09T07:36:50.383+0000] {local_task_job_runner.py:266} INFO - Task exited with return code 0
[2025-04-09T07:36:50.401+0000] {taskinstance.py:3900} INFO - 0 downstream tasks scheduled from follow-on schedule check
[2025-04-09T07:36:50.403+0000] {local_task_job_runner.py:245} INFO - ::endgroup::
