[2025-04-10T07:03:43.266+0000] {local_task_job_runner.py:123} INFO - ::group::Pre task execution logs
[2025-04-10T07:03:43.297+0000] {taskinstance.py:2612} INFO - Dependencies all met for dep_context=non-requeueable deps ti=<TaskInstance: extract_raw_data_pipeline.run_dbt_trusted scheduled__2025-04-10T07:02:00+00:00 [queued]>
[2025-04-10T07:03:43.315+0000] {taskinstance.py:2612} INFO - Dependencies all met for dep_context=requeueable deps ti=<TaskInstance: extract_raw_data_pipeline.run_dbt_trusted scheduled__2025-04-10T07:02:00+00:00 [queued]>
[2025-04-10T07:03:43.316+0000] {taskinstance.py:2865} INFO - Starting attempt 1 of 1
[2025-04-10T07:03:43.343+0000] {taskinstance.py:2888} INFO - Executing <Task(BashOperator): run_dbt_trusted> on 2025-04-10 07:02:00+00:00
[2025-04-10T07:03:43.357+0000] {warnings.py:112} WARNING - /home/***/.local/lib/python3.12/site-packages/***/task/task_runner/standard_task_runner.py:70: DeprecationWarning: This process (pid=2416) is multi-threaded, use of fork() may lead to deadlocks in the child.
  pid = os.fork()

[2025-04-10T07:03:43.360+0000] {standard_task_runner.py:72} INFO - Started process 2419 to run task
[2025-04-10T07:03:43.362+0000] {standard_task_runner.py:104} INFO - Running: ['***', 'tasks', 'run', 'extract_raw_data_pipeline', 'run_dbt_trusted', 'scheduled__2025-04-10T07:02:00+00:00', '--job-id', '454', '--raw', '--subdir', 'DAGS_FOLDER/driven_data_pipeline.py', '--cfg-path', '/tmp/tmp__nduh33']
[2025-04-10T07:03:43.364+0000] {standard_task_runner.py:105} INFO - Job 454: Subtask run_dbt_trusted
[2025-04-10T07:03:43.455+0000] {task_command.py:467} INFO - Running <TaskInstance: extract_raw_data_pipeline.run_dbt_trusted scheduled__2025-04-10T07:02:00+00:00 [running]> on host c829a6b69367
[2025-04-10T07:03:43.591+0000] {taskinstance.py:3131} INFO - Exporting env vars: AIRFLOW_CTX_DAG_OWNER='***' AIRFLOW_CTX_DAG_ID='extract_raw_data_pipeline' AIRFLOW_CTX_TASK_ID='run_dbt_trusted' AIRFLOW_CTX_EXECUTION_DATE='2025-04-10T07:02:00+00:00' AIRFLOW_CTX_TRY_NUMBER='1' AIRFLOW_CTX_DAG_RUN_ID='scheduled__2025-04-10T07:02:00+00:00'
[2025-04-10T07:03:43.593+0000] {taskinstance.py:731} INFO - ::endgroup::
[2025-04-10T07:03:43.619+0000] {subprocess.py:63} INFO - Tmp dir root location: /tmp
[2025-04-10T07:03:43.621+0000] {subprocess.py:75} INFO - Running command: ['/usr/bin/bash', '-c', 'set -x; cd /opt/***/dbt && dbt run --select tag:trusted']
[2025-04-10T07:03:43.642+0000] {subprocess.py:86} INFO - Output:
[2025-04-10T07:03:43.645+0000] {subprocess.py:93} INFO - + cd /opt/***/dbt
[2025-04-10T07:03:43.646+0000] {subprocess.py:93} INFO - + dbt run --select tag:trusted
[2025-04-10T07:03:47.786+0000] {subprocess.py:93} INFO - [0m07:03:47  Running with dbt=1.8.0
[2025-04-10T07:03:48.455+0000] {subprocess.py:93} INFO - [0m07:03:48  Registered adapter: postgres=1.8.2
[2025-04-10T07:03:49.524+0000] {subprocess.py:93} INFO - [0m07:03:49  Found 9 models, 10 sources, 428 macros
[2025-04-10T07:03:49.538+0000] {subprocess.py:93} INFO - [0m07:03:49
[2025-04-10T07:03:49.821+0000] {subprocess.py:93} INFO - [0m07:03:49  Concurrency: 1 threads (target='dev')
[2025-04-10T07:03:49.823+0000] {subprocess.py:93} INFO - [0m07:03:49
[2025-04-10T07:03:49.842+0000] {subprocess.py:93} INFO - [0m07:03:49  1 of 4 START sql table model driven_trusted.non_pii_data ....................... [RUN]
[2025-04-10T07:04:14.597+0000] {subprocess.py:93} INFO - [0m07:04:14  1 of 4 OK created sql table model driven_trusted.non_pii_data .................. [[32mSELECT 609436[0m in 24.75s]
[2025-04-10T07:04:14.607+0000] {subprocess.py:93} INFO - [0m07:04:14  2 of 4 START sql table model driven_trusted.payment_data ....................... [RUN]
[2025-04-10T07:04:27.041+0000] {subprocess.py:93} INFO - [0m07:04:27  2 of 4 OK created sql table model driven_trusted.payment_data .................. [[32mSELECT 609436[0m in 12.43s]
[2025-04-10T07:04:27.052+0000] {subprocess.py:93} INFO - [0m07:04:27  3 of 4 START sql table model driven_trusted.pii_data ........................... [RUN]
[2025-04-10T07:04:46.577+0000] {subprocess.py:93} INFO - [0m07:04:46  3 of 4 OK created sql table model driven_trusted.pii_data ...................... [[32mSELECT 609436[0m in 19.52s]
[2025-04-10T07:04:46.585+0000] {subprocess.py:93} INFO - [0m07:04:46  4 of 4 START sql table model driven_trusted.technical_data ..................... [RUN]
[2025-04-10T07:04:58.087+0000] {subprocess.py:93} INFO - [0m07:04:58  4 of 4 OK created sql table model driven_trusted.technical_data ................ [[32mSELECT 609436[0m in 11.49s]
[2025-04-10T07:04:58.159+0000] {subprocess.py:93} INFO - [0m07:04:58
[2025-04-10T07:04:58.162+0000] {subprocess.py:93} INFO - [0m07:04:58  Finished running 4 table models in 0 hours 1 minutes and 8.62 seconds (68.62s).
[2025-04-10T07:04:58.322+0000] {subprocess.py:93} INFO - [0m07:04:58
[2025-04-10T07:04:58.324+0000] {subprocess.py:93} INFO - [0m07:04:58  [32mCompleted successfully[0m
[2025-04-10T07:04:58.326+0000] {subprocess.py:93} INFO - [0m07:04:58
[2025-04-10T07:04:58.328+0000] {subprocess.py:93} INFO - [0m07:04:58  Done. PASS=4 WARN=0 ERROR=0 SKIP=0 TOTAL=4
[2025-04-10T07:05:00.466+0000] {subprocess.py:97} INFO - Command exited with return code 0
[2025-04-10T07:05:00.556+0000] {taskinstance.py:340} INFO - ::group::Post task execution logs
[2025-04-10T07:05:00.558+0000] {taskinstance.py:352} INFO - Marking task as SUCCESS. dag_id=extract_raw_data_pipeline, task_id=run_dbt_trusted, run_id=scheduled__2025-04-10T07:02:00+00:00, execution_date=20250410T070200, start_date=20250410T070343, end_date=20250410T070500
[2025-04-10T07:05:00.650+0000] {local_task_job_runner.py:266} INFO - Task exited with return code 0
[2025-04-10T07:05:00.700+0000] {taskinstance.py:3900} INFO - 0 downstream tasks scheduled from follow-on schedule check
[2025-04-10T07:05:00.703+0000] {local_task_job_runner.py:245} INFO - ::endgroup::
