[2025-04-09T07:52:08.131+0000] {local_task_job_runner.py:123} INFO - ::group::Pre task execution logs
[2025-04-09T07:52:08.155+0000] {taskinstance.py:2612} INFO - Dependencies all met for dep_context=non-requeueable deps ti=<TaskInstance: extract_raw_data_pipeline.run_dbt_staging scheduled__2025-04-09T07:51:00+00:00 [queued]>
[2025-04-09T07:52:08.171+0000] {taskinstance.py:2612} INFO - Dependencies all met for dep_context=requeueable deps ti=<TaskInstance: extract_raw_data_pipeline.run_dbt_staging scheduled__2025-04-09T07:51:00+00:00 [queued]>
[2025-04-09T07:52:08.172+0000] {taskinstance.py:2865} INFO - Starting attempt 1 of 1
[2025-04-09T07:52:08.191+0000] {taskinstance.py:2888} INFO - Executing <Task(BashOperator): run_dbt_staging> on 2025-04-09 07:51:00+00:00
[2025-04-09T07:52:08.201+0000] {warnings.py:112} WARNING - /home/***/.local/lib/python3.12/site-packages/***/task/task_runner/standard_task_runner.py:70: DeprecationWarning: This process (pid=4064) is multi-threaded, use of fork() may lead to deadlocks in the child.
  pid = os.fork()

[2025-04-09T07:52:08.205+0000] {standard_task_runner.py:72} INFO - Started process 4066 to run task
[2025-04-09T07:52:08.204+0000] {standard_task_runner.py:104} INFO - Running: ['***', 'tasks', 'run', 'extract_raw_data_pipeline', 'run_dbt_staging', 'scheduled__2025-04-09T07:51:00+00:00', '--job-id', '385', '--raw', '--subdir', 'DAGS_FOLDER/driven_data_pipeline.py', '--cfg-path', '/tmp/tmpde4kdvni']
[2025-04-09T07:52:08.206+0000] {standard_task_runner.py:105} INFO - Job 385: Subtask run_dbt_staging
[2025-04-09T07:52:08.281+0000] {task_command.py:467} INFO - Running <TaskInstance: extract_raw_data_pipeline.run_dbt_staging scheduled__2025-04-09T07:51:00+00:00 [running]> on host c829a6b69367
[2025-04-09T07:52:08.399+0000] {taskinstance.py:3131} INFO - Exporting env vars: AIRFLOW_CTX_DAG_OWNER='***' AIRFLOW_CTX_DAG_ID='extract_raw_data_pipeline' AIRFLOW_CTX_TASK_ID='run_dbt_staging' AIRFLOW_CTX_EXECUTION_DATE='2025-04-09T07:51:00+00:00' AIRFLOW_CTX_TRY_NUMBER='1' AIRFLOW_CTX_DAG_RUN_ID='scheduled__2025-04-09T07:51:00+00:00'
[2025-04-09T07:52:08.400+0000] {taskinstance.py:731} INFO - ::endgroup::
[2025-04-09T07:52:08.419+0000] {subprocess.py:63} INFO - Tmp dir root location: /tmp
[2025-04-09T07:52:08.420+0000] {subprocess.py:75} INFO - Running command: ['/usr/bin/bash', '-c', 'set -x; cd /opt/***/dbt && dbt run --select tag:staging']
[2025-04-09T07:52:08.437+0000] {subprocess.py:86} INFO - Output:
[2025-04-09T07:52:08.439+0000] {subprocess.py:93} INFO - + cd /opt/***/dbt
[2025-04-09T07:52:08.440+0000] {subprocess.py:93} INFO - + dbt run --select tag:staging
[2025-04-09T07:52:11.368+0000] {subprocess.py:93} INFO - [0m07:52:11  Running with dbt=1.8.0
[2025-04-09T07:52:11.715+0000] {subprocess.py:93} INFO - [0m07:52:11  Registered adapter: postgres=1.8.2
[2025-04-09T07:52:12.270+0000] {subprocess.py:93} INFO - [0m07:52:12  Found 9 models, 10 sources, 428 macros
[2025-04-09T07:52:12.273+0000] {subprocess.py:93} INFO - [0m07:52:12
[2025-04-09T07:52:12.407+0000] {subprocess.py:93} INFO - [0m07:52:12  Concurrency: 1 threads (target='dev')
[2025-04-09T07:52:12.408+0000] {subprocess.py:93} INFO - [0m07:52:12
[2025-04-09T07:52:12.421+0000] {subprocess.py:93} INFO - [0m07:52:12  1 of 5 START sql table model driven_staging.dim_address ........................ [RUN]
[2025-04-09T07:52:13.189+0000] {subprocess.py:93} INFO - [0m07:52:13  1 of 5 OK created sql table model driven_staging.dim_address ................... [[32mSELECT 457133[0m in 0.77s]
[2025-04-09T07:52:13.192+0000] {subprocess.py:93} INFO - [0m07:52:13  2 of 5 START sql table model driven_staging.dim_date ........................... [RUN]
[2025-04-09T07:52:13.754+0000] {subprocess.py:93} INFO - [0m07:52:13  2 of 5 OK created sql table model driven_staging.dim_date ...................... [[32mSELECT 457133[0m in 0.56s]
[2025-04-09T07:52:13.759+0000] {subprocess.py:93} INFO - [0m07:52:13  3 of 5 START sql table model driven_staging.dim_finance ........................ [RUN]
[2025-04-09T07:52:14.517+0000] {subprocess.py:93} INFO - [0m07:52:14  3 of 5 OK created sql table model driven_staging.dim_finance ................... [[32mSELECT 457133[0m in 0.75s]
[2025-04-09T07:52:14.522+0000] {subprocess.py:93} INFO - [0m07:52:14  4 of 5 START sql table model driven_staging.dim_person ......................... [RUN]
[2025-04-09T07:52:15.205+0000] {subprocess.py:93} INFO - [0m07:52:15  4 of 5 OK created sql table model driven_staging.dim_person .................... [[32mSELECT 457133[0m in 0.68s]
[2025-04-09T07:52:15.207+0000] {subprocess.py:93} INFO - [0m07:52:15  5 of 5 START sql table model driven_staging.fact_network_usage ................. [RUN]
[2025-04-09T07:52:14.813+0000] {subprocess.py:93} INFO - [0m07:52:14  5 of 5 OK created sql table model driven_staging.fact_network_usage ............ [[32mSELECT 457133[0m in -0.40s]
[2025-04-09T07:52:14.832+0000] {subprocess.py:93} INFO - [0m07:52:14
[2025-04-09T07:52:14.833+0000] {subprocess.py:93} INFO - [0m07:52:14  Finished running 5 table models in 0 hours 0 minutes and 2.56 seconds (2.56s).
[2025-04-09T07:52:14.901+0000] {subprocess.py:93} INFO - [0m07:52:14
[2025-04-09T07:52:14.902+0000] {subprocess.py:93} INFO - [0m07:52:14  [32mCompleted successfully[0m
[2025-04-09T07:52:14.903+0000] {subprocess.py:93} INFO - [0m07:52:14
[2025-04-09T07:52:14.903+0000] {subprocess.py:93} INFO - [0m07:52:14  Done. PASS=5 WARN=0 ERROR=0 SKIP=0 TOTAL=5
[2025-04-09T07:52:16.179+0000] {subprocess.py:97} INFO - Command exited with return code 0
[2025-04-09T07:52:16.217+0000] {taskinstance.py:340} INFO - ::group::Post task execution logs
[2025-04-09T07:52:16.218+0000] {taskinstance.py:352} INFO - Marking task as SUCCESS. dag_id=extract_raw_data_pipeline, task_id=run_dbt_staging, run_id=scheduled__2025-04-09T07:51:00+00:00, execution_date=20250409T075100, start_date=20250409T075208, end_date=20250409T075216
[2025-04-09T07:52:16.283+0000] {local_task_job_runner.py:266} INFO - Task exited with return code 0
[2025-04-09T07:52:16.309+0000] {taskinstance.py:3900} INFO - 1 downstream tasks scheduled from follow-on schedule check
[2025-04-09T07:52:16.312+0000] {local_task_job_runner.py:245} INFO - ::endgroup::
