[2025-04-09T07:25:06.580+0000] {local_task_job_runner.py:123} INFO - ::group::Pre task execution logs
[2025-04-09T07:25:06.603+0000] {taskinstance.py:2612} INFO - Dependencies all met for dep_context=non-requeueable deps ti=<TaskInstance: extract_raw_data_pipeline.run_dbt_staging scheduled__2025-04-09T07:24:00+00:00 [queued]>
[2025-04-09T07:25:06.615+0000] {taskinstance.py:2612} INFO - Dependencies all met for dep_context=requeueable deps ti=<TaskInstance: extract_raw_data_pipeline.run_dbt_staging scheduled__2025-04-09T07:24:00+00:00 [queued]>
[2025-04-09T07:25:06.616+0000] {taskinstance.py:2865} INFO - Starting attempt 1 of 1
[2025-04-09T07:25:06.634+0000] {taskinstance.py:2888} INFO - Executing <Task(BashOperator): run_dbt_staging> on 2025-04-09 07:24:00+00:00
[2025-04-09T07:25:06.642+0000] {warnings.py:112} WARNING - /home/***/.local/lib/python3.12/site-packages/***/task/task_runner/standard_task_runner.py:70: DeprecationWarning: This process (pid=2430) is multi-threaded, use of fork() may lead to deadlocks in the child.
  pid = os.fork()

[2025-04-09T07:25:06.645+0000] {standard_task_runner.py:72} INFO - Started process 2432 to run task
[2025-04-09T07:25:06.646+0000] {standard_task_runner.py:104} INFO - Running: ['***', 'tasks', 'run', 'extract_raw_data_pipeline', 'run_dbt_staging', 'scheduled__2025-04-09T07:24:00+00:00', '--job-id', '219', '--raw', '--subdir', 'DAGS_FOLDER/driven_data_pipeline.py', '--cfg-path', '/tmp/tmp2193u9eb']
[2025-04-09T07:25:06.647+0000] {standard_task_runner.py:105} INFO - Job 219: Subtask run_dbt_staging
[2025-04-09T07:25:06.700+0000] {task_command.py:467} INFO - Running <TaskInstance: extract_raw_data_pipeline.run_dbt_staging scheduled__2025-04-09T07:24:00+00:00 [running]> on host c829a6b69367
[2025-04-09T07:25:06.803+0000] {taskinstance.py:3131} INFO - Exporting env vars: AIRFLOW_CTX_DAG_OWNER='***' AIRFLOW_CTX_DAG_ID='extract_raw_data_pipeline' AIRFLOW_CTX_TASK_ID='run_dbt_staging' AIRFLOW_CTX_EXECUTION_DATE='2025-04-09T07:24:00+00:00' AIRFLOW_CTX_TRY_NUMBER='1' AIRFLOW_CTX_DAG_RUN_ID='scheduled__2025-04-09T07:24:00+00:00'
[2025-04-09T07:25:06.805+0000] {taskinstance.py:731} INFO - ::endgroup::
[2025-04-09T07:25:06.820+0000] {subprocess.py:63} INFO - Tmp dir root location: /tmp
[2025-04-09T07:25:06.821+0000] {subprocess.py:75} INFO - Running command: ['/usr/bin/bash', '-c', 'set -x; cd /opt/***/dbt && dbt run --select tag:staging']
[2025-04-09T07:25:06.836+0000] {subprocess.py:86} INFO - Output:
[2025-04-09T07:25:06.838+0000] {subprocess.py:93} INFO - + cd /opt/***/dbt
[2025-04-09T07:25:06.839+0000] {subprocess.py:93} INFO - + dbt run --select tag:staging
[2025-04-09T07:25:09.745+0000] {subprocess.py:93} INFO - [0m07:25:09  Running with dbt=1.8.0
[2025-04-09T07:25:10.144+0000] {subprocess.py:93} INFO - [0m07:25:10  Registered adapter: postgres=1.8.2
[2025-04-09T07:25:10.772+0000] {subprocess.py:93} INFO - [0m07:25:10  Found 9 models, 10 sources, 428 macros
[2025-04-09T07:25:10.776+0000] {subprocess.py:93} INFO - [0m07:25:10
[2025-04-09T07:25:10.942+0000] {subprocess.py:93} INFO - [0m07:25:10  Concurrency: 1 threads (target='dev')
[2025-04-09T07:25:10.943+0000] {subprocess.py:93} INFO - [0m07:25:10
[2025-04-09T07:25:10.959+0000] {subprocess.py:93} INFO - [0m07:25:10  1 of 5 START sql table model driven_staging.dim_address ........................ [RUN]
[2025-04-09T07:25:11.588+0000] {subprocess.py:93} INFO - [0m07:25:11  1 of 5 OK created sql table model driven_staging.dim_address ................... [[32mSELECT 275023[0m in 0.62s]
[2025-04-09T07:25:11.596+0000] {subprocess.py:93} INFO - [0m07:25:11  2 of 5 START sql table model driven_staging.dim_date ........................... [RUN]
[2025-04-09T07:25:12.061+0000] {subprocess.py:93} INFO - [0m07:25:12  2 of 5 OK created sql table model driven_staging.dim_date ...................... [[32mSELECT 275023[0m in 0.46s]
[2025-04-09T07:25:12.065+0000] {subprocess.py:93} INFO - [0m07:25:12  3 of 5 START sql table model driven_staging.dim_finance ........................ [RUN]
[2025-04-09T07:25:12.573+0000] {subprocess.py:93} INFO - [0m07:25:12  3 of 5 OK created sql table model driven_staging.dim_finance ................... [[32mSELECT 275023[0m in 0.50s]
[2025-04-09T07:25:12.580+0000] {subprocess.py:93} INFO - [0m07:25:12  4 of 5 START sql table model driven_staging.dim_person ......................... [RUN]
[2025-04-09T07:25:13.244+0000] {subprocess.py:93} INFO - [0m07:25:13  4 of 5 OK created sql table model driven_staging.dim_person .................... [[32mSELECT 275023[0m in 0.66s]
[2025-04-09T07:25:13.248+0000] {subprocess.py:93} INFO - [0m07:25:13  5 of 5 START sql table model driven_staging.fact_network_usage ................. [RUN]
[2025-04-09T07:25:13.707+0000] {subprocess.py:93} INFO - [0m07:25:13  5 of 5 OK created sql table model driven_staging.fact_network_usage ............ [[32mSELECT 275023[0m in 0.46s]
[2025-04-09T07:25:13.728+0000] {subprocess.py:93} INFO - [0m07:25:13
[2025-04-09T07:25:13.729+0000] {subprocess.py:93} INFO - [0m07:25:13  Finished running 5 table models in 0 hours 0 minutes and 2.95 seconds (2.95s).
[2025-04-09T07:25:13.795+0000] {subprocess.py:93} INFO - [0m07:25:13
[2025-04-09T07:25:13.796+0000] {subprocess.py:93} INFO - [0m07:25:13  [32mCompleted successfully[0m
[2025-04-09T07:25:13.797+0000] {subprocess.py:93} INFO - [0m07:25:13
[2025-04-09T07:25:13.798+0000] {subprocess.py:93} INFO - [0m07:25:13  Done. PASS=5 WARN=0 ERROR=0 SKIP=0 TOTAL=5
[2025-04-09T07:25:15.015+0000] {subprocess.py:97} INFO - Command exited with return code 0
[2025-04-09T07:25:15.052+0000] {taskinstance.py:340} INFO - ::group::Post task execution logs
[2025-04-09T07:25:15.053+0000] {taskinstance.py:352} INFO - Marking task as SUCCESS. dag_id=extract_raw_data_pipeline, task_id=run_dbt_staging, run_id=scheduled__2025-04-09T07:24:00+00:00, execution_date=20250409T072400, start_date=20250409T072506, end_date=20250409T072515
[2025-04-09T07:25:15.118+0000] {local_task_job_runner.py:266} INFO - Task exited with return code 0
[2025-04-09T07:25:15.145+0000] {taskinstance.py:3900} INFO - 1 downstream tasks scheduled from follow-on schedule check
[2025-04-09T07:25:15.149+0000] {local_task_job_runner.py:245} INFO - ::endgroup::
