[2025-04-09T07:29:54.114+0000] {local_task_job_runner.py:123} INFO - ::group::Pre task execution logs
[2025-04-09T07:29:54.136+0000] {taskinstance.py:2612} INFO - Dependencies all met for dep_context=non-requeueable deps ti=<TaskInstance: extract_raw_data_pipeline.run_dbt_staging manual__2025-04-09T07:29:46.009330+00:00 [queued]>
[2025-04-09T07:29:54.150+0000] {taskinstance.py:2612} INFO - Dependencies all met for dep_context=requeueable deps ti=<TaskInstance: extract_raw_data_pipeline.run_dbt_staging manual__2025-04-09T07:29:46.009330+00:00 [queued]>
[2025-04-09T07:29:54.151+0000] {taskinstance.py:2865} INFO - Starting attempt 1 of 1
[2025-04-09T07:29:54.171+0000] {taskinstance.py:2888} INFO - Executing <Task(BashOperator): run_dbt_staging> on 2025-04-09 07:29:46.009330+00:00
[2025-04-09T07:29:54.181+0000] {warnings.py:112} WARNING - /home/***/.local/lib/python3.12/site-packages/***/task/task_runner/standard_task_runner.py:70: DeprecationWarning: This process (pid=2757) is multi-threaded, use of fork() may lead to deadlocks in the child.
  pid = os.fork()

[2025-04-09T07:29:54.183+0000] {standard_task_runner.py:72} INFO - Started process 2759 to run task
[2025-04-09T07:29:54.184+0000] {standard_task_runner.py:104} INFO - Running: ['***', 'tasks', 'run', 'extract_raw_data_pipeline', 'run_dbt_staging', 'manual__2025-04-09T07:29:46.009330+00:00', '--job-id', '251', '--raw', '--subdir', 'DAGS_FOLDER/driven_data_pipeline.py', '--cfg-path', '/tmp/tmpwxcl97wz']
[2025-04-09T07:29:54.185+0000] {standard_task_runner.py:105} INFO - Job 251: Subtask run_dbt_staging
[2025-04-09T07:29:54.247+0000] {task_command.py:467} INFO - Running <TaskInstance: extract_raw_data_pipeline.run_dbt_staging manual__2025-04-09T07:29:46.009330+00:00 [running]> on host c829a6b69367
[2025-04-09T07:29:54.362+0000] {taskinstance.py:3131} INFO - Exporting env vars: AIRFLOW_CTX_DAG_OWNER='***' AIRFLOW_CTX_DAG_ID='extract_raw_data_pipeline' AIRFLOW_CTX_TASK_ID='run_dbt_staging' AIRFLOW_CTX_EXECUTION_DATE='2025-04-09T07:29:46.009330+00:00' AIRFLOW_CTX_TRY_NUMBER='1' AIRFLOW_CTX_DAG_RUN_ID='manual__2025-04-09T07:29:46.009330+00:00'
[2025-04-09T07:29:54.364+0000] {taskinstance.py:731} INFO - ::endgroup::
[2025-04-09T07:29:54.385+0000] {subprocess.py:63} INFO - Tmp dir root location: /tmp
[2025-04-09T07:29:54.386+0000] {subprocess.py:75} INFO - Running command: ['/usr/bin/bash', '-c', 'set -x; cd /opt/***/dbt && dbt run --select tag:staging']
[2025-04-09T07:29:54.403+0000] {subprocess.py:86} INFO - Output:
[2025-04-09T07:29:54.406+0000] {subprocess.py:93} INFO - + cd /opt/***/dbt
[2025-04-09T07:29:54.407+0000] {subprocess.py:93} INFO - + dbt run --select tag:staging
[2025-04-09T07:29:56.898+0000] {subprocess.py:93} INFO - [0m07:29:56  Running with dbt=1.8.0
[2025-04-09T07:29:57.244+0000] {subprocess.py:93} INFO - [0m07:29:57  Registered adapter: postgres=1.8.2
[2025-04-09T07:29:57.955+0000] {subprocess.py:93} INFO - [0m07:29:57  Found 9 models, 10 sources, 428 macros
[2025-04-09T07:29:57.959+0000] {subprocess.py:93} INFO - [0m07:29:57
[2025-04-09T07:29:58.148+0000] {subprocess.py:93} INFO - [0m07:29:58  Concurrency: 1 threads (target='dev')
[2025-04-09T07:29:58.149+0000] {subprocess.py:93} INFO - [0m07:29:58
[2025-04-09T07:29:58.163+0000] {subprocess.py:93} INFO - [0m07:29:58  1 of 5 START sql table model driven_staging.dim_address ........................ [RUN]
[2025-04-09T07:29:58.936+0000] {subprocess.py:93} INFO - [0m07:29:58  1 of 5 OK created sql table model driven_staging.dim_address ................... [[32mSELECT 344701[0m in 0.77s]
[2025-04-09T07:29:58.941+0000] {subprocess.py:93} INFO - [0m07:29:58  2 of 5 START sql table model driven_staging.dim_date ........................... [RUN]
[2025-04-09T07:29:59.454+0000] {subprocess.py:93} INFO - [0m07:29:59  2 of 5 OK created sql table model driven_staging.dim_date ...................... [[32mSELECT 344701[0m in 0.51s]
[2025-04-09T07:29:59.459+0000] {subprocess.py:93} INFO - [0m07:29:59  3 of 5 START sql table model driven_staging.dim_finance ........................ [RUN]
[2025-04-09T07:30:00.180+0000] {subprocess.py:93} INFO - [0m07:30:00  3 of 5 OK created sql table model driven_staging.dim_finance ................... [[32mSELECT 344701[0m in 0.72s]
[2025-04-09T07:30:00.189+0000] {subprocess.py:93} INFO - [0m07:30:00  4 of 5 START sql table model driven_staging.dim_person ......................... [RUN]
[2025-04-09T07:30:01.882+0000] {subprocess.py:93} INFO - [0m07:30:01  4 of 5 OK created sql table model driven_staging.dim_person .................... [[32mSELECT 344701[0m in 1.68s]
[2025-04-09T07:30:01.898+0000] {subprocess.py:93} INFO - [0m07:30:01  5 of 5 START sql table model driven_staging.fact_network_usage ................. [RUN]
[2025-04-09T07:30:02.506+0000] {subprocess.py:93} INFO - [0m07:30:02  5 of 5 OK created sql table model driven_staging.fact_network_usage ............ [[32mSELECT 344701[0m in 0.60s]
[2025-04-09T07:30:02.535+0000] {subprocess.py:93} INFO - [0m07:30:02
[2025-04-09T07:30:02.536+0000] {subprocess.py:93} INFO - [0m07:30:02  Finished running 5 table models in 0 hours 0 minutes and 4.58 seconds (4.58s).
[2025-04-09T07:30:02.648+0000] {subprocess.py:93} INFO - [0m07:30:02
[2025-04-09T07:30:02.650+0000] {subprocess.py:93} INFO - [0m07:30:02  [32mCompleted successfully[0m
[2025-04-09T07:30:02.651+0000] {subprocess.py:93} INFO - [0m07:30:02
[2025-04-09T07:30:02.652+0000] {subprocess.py:93} INFO - [0m07:30:02  Done. PASS=5 WARN=0 ERROR=0 SKIP=0 TOTAL=5
[2025-04-09T07:30:04.025+0000] {subprocess.py:97} INFO - Command exited with return code 0
[2025-04-09T07:30:04.066+0000] {taskinstance.py:340} INFO - ::group::Post task execution logs
[2025-04-09T07:30:04.067+0000] {taskinstance.py:352} INFO - Marking task as SUCCESS. dag_id=extract_raw_data_pipeline, task_id=run_dbt_staging, run_id=manual__2025-04-09T07:29:46.009330+00:00, execution_date=20250409T072946, start_date=20250409T072954, end_date=20250409T073004
[2025-04-09T07:30:04.118+0000] {local_task_job_runner.py:266} INFO - Task exited with return code 0
[2025-04-09T07:30:04.165+0000] {taskinstance.py:3900} INFO - 1 downstream tasks scheduled from follow-on schedule check
[2025-04-09T07:30:04.170+0000] {local_task_job_runner.py:245} INFO - ::endgroup::
[2025-04-09T07:30:04.188+0000] {standard_task_runner.py:217} INFO - Process not found (most likely exited), stop collecting metrics
