[2025-04-10T07:33:09.286+0000] {local_task_job_runner.py:123} INFO - ::group::Pre task execution logs
[2025-04-10T07:33:09.306+0000] {taskinstance.py:2612} INFO - Dependencies all met for dep_context=non-requeueable deps ti=<TaskInstance: extract_raw_data_pipeline.run_dbt_staging scheduled__2025-04-10T07:32:00+00:00 [queued]>
[2025-04-10T07:33:09.318+0000] {taskinstance.py:2612} INFO - Dependencies all met for dep_context=requeueable deps ti=<TaskInstance: extract_raw_data_pipeline.run_dbt_staging scheduled__2025-04-10T07:32:00+00:00 [queued]>
[2025-04-10T07:33:09.319+0000] {taskinstance.py:2865} INFO - Starting attempt 1 of 1
[2025-04-10T07:33:09.348+0000] {taskinstance.py:2888} INFO - Executing <Task(BashOperator): run_dbt_staging> on 2025-04-10 07:32:00+00:00
[2025-04-10T07:33:09.357+0000] {warnings.py:112} WARNING - /home/***/.local/lib/python3.12/site-packages/***/task/task_runner/standard_task_runner.py:70: DeprecationWarning: This process (pid=4174) is multi-threaded, use of fork() may lead to deadlocks in the child.
  pid = os.fork()

[2025-04-10T07:33:09.360+0000] {standard_task_runner.py:72} INFO - Started process 4176 to run task
[2025-04-10T07:33:09.360+0000] {standard_task_runner.py:104} INFO - Running: ['***', 'tasks', 'run', 'extract_raw_data_pipeline', 'run_dbt_staging', 'scheduled__2025-04-10T07:32:00+00:00', '--job-id', '632', '--raw', '--subdir', 'DAGS_FOLDER/driven_data_pipeline.py', '--cfg-path', '/tmp/tmpxxvmpm73']
[2025-04-10T07:33:09.362+0000] {standard_task_runner.py:105} INFO - Job 632: Subtask run_dbt_staging
[2025-04-10T07:33:09.432+0000] {task_command.py:467} INFO - Running <TaskInstance: extract_raw_data_pipeline.run_dbt_staging scheduled__2025-04-10T07:32:00+00:00 [running]> on host c829a6b69367
[2025-04-10T07:33:09.569+0000] {taskinstance.py:3131} INFO - Exporting env vars: AIRFLOW_CTX_DAG_OWNER='***' AIRFLOW_CTX_DAG_ID='extract_raw_data_pipeline' AIRFLOW_CTX_TASK_ID='run_dbt_staging' AIRFLOW_CTX_EXECUTION_DATE='2025-04-10T07:32:00+00:00' AIRFLOW_CTX_TRY_NUMBER='1' AIRFLOW_CTX_DAG_RUN_ID='scheduled__2025-04-10T07:32:00+00:00'
[2025-04-10T07:33:09.570+0000] {taskinstance.py:731} INFO - ::endgroup::
[2025-04-10T07:33:09.588+0000] {subprocess.py:63} INFO - Tmp dir root location: /tmp
[2025-04-10T07:33:09.589+0000] {subprocess.py:75} INFO - Running command: ['/usr/bin/bash', '-c', 'set -x; cd /opt/***/dbt && dbt run --select tag:staging']
[2025-04-10T07:33:09.606+0000] {subprocess.py:86} INFO - Output:
[2025-04-10T07:33:09.608+0000] {subprocess.py:93} INFO - + cd /opt/***/dbt
[2025-04-10T07:33:09.609+0000] {subprocess.py:93} INFO - + dbt run --select tag:staging
[2025-04-10T07:33:13.086+0000] {subprocess.py:93} INFO - [0m07:33:13  Running with dbt=1.8.0
[2025-04-10T07:33:13.493+0000] {subprocess.py:93} INFO - [0m07:33:13  Registered adapter: postgres=1.8.2
[2025-04-10T07:33:14.117+0000] {subprocess.py:93} INFO - [0m07:33:14  Found 9 models, 10 sources, 428 macros
[2025-04-10T07:33:14.121+0000] {subprocess.py:93} INFO - [0m07:33:14
[2025-04-10T07:33:14.274+0000] {subprocess.py:93} INFO - [0m07:33:14  Concurrency: 1 threads (target='dev')
[2025-04-10T07:33:14.275+0000] {subprocess.py:93} INFO - [0m07:33:14
[2025-04-10T07:33:14.289+0000] {subprocess.py:93} INFO - [0m07:33:14  1 of 5 START sql table model driven_staging.dim_address ........................ [RUN]
[2025-04-10T07:33:55.648+0000] {subprocess.py:93} INFO - [0m07:33:55  1 of 5 OK created sql table model driven_staging.dim_address ................... [[32mSELECT 1385833[0m in 41.35s]
[2025-04-10T07:33:55.659+0000] {subprocess.py:93} INFO - [0m07:33:55  2 of 5 START sql table model driven_staging.dim_date ........................... [RUN]
[2025-04-10T07:34:14.962+0000] {subprocess.py:93} INFO - [0m07:34:14  2 of 5 OK created sql table model driven_staging.dim_date ...................... [[32mSELECT 1385833[0m in 19.30s]
[2025-04-10T07:34:15.041+0000] {subprocess.py:93} INFO - [0m07:34:15  3 of 5 START sql table model driven_staging.dim_finance ........................ [RUN]
[2025-04-10T07:34:17.703+0000] {subprocess.py:93} INFO - [0m07:34:17  3 of 5 OK created sql table model driven_staging.dim_finance ................... [[32mSELECT 1385833[0m in 2.66s]
[2025-04-10T07:34:17.707+0000] {subprocess.py:93} INFO - [0m07:34:17  4 of 5 START sql table model driven_staging.dim_person ......................... [RUN]
[2025-04-10T07:34:22.285+0000] {subprocess.py:93} INFO - [0m07:34:22  4 of 5 OK created sql table model driven_staging.dim_person .................... [[32mSELECT 1420128[0m in 4.57s]
[2025-04-10T07:34:22.291+0000] {subprocess.py:93} INFO - [0m07:34:22  5 of 5 START sql table model driven_staging.fact_network_usage ................. [RUN]
[2025-04-10T07:34:32.801+0000] {subprocess.py:93} INFO - [0m07:34:32  5 of 5 OK created sql table model driven_staging.fact_network_usage ............ [[32mSELECT 1420128[0m in 10.51s]
[2025-04-10T07:34:32.823+0000] {subprocess.py:93} INFO - [0m07:34:32
[2025-04-10T07:34:32.824+0000] {subprocess.py:93} INFO - [0m07:34:32  Finished running 5 table models in 0 hours 1 minutes and 18.70 seconds (78.70s).
[2025-04-10T07:34:32.903+0000] {subprocess.py:93} INFO - [0m07:34:32
[2025-04-10T07:34:32.904+0000] {subprocess.py:93} INFO - [0m07:34:32  [32mCompleted successfully[0m
[2025-04-10T07:34:32.905+0000] {subprocess.py:93} INFO - [0m07:34:32
[2025-04-10T07:34:32.906+0000] {subprocess.py:93} INFO - [0m07:34:32  Done. PASS=5 WARN=0 ERROR=0 SKIP=0 TOTAL=5
[2025-04-10T07:34:34.292+0000] {subprocess.py:97} INFO - Command exited with return code 0
[2025-04-10T07:34:34.341+0000] {taskinstance.py:340} INFO - ::group::Post task execution logs
[2025-04-10T07:34:34.342+0000] {taskinstance.py:352} INFO - Marking task as SUCCESS. dag_id=extract_raw_data_pipeline, task_id=run_dbt_staging, run_id=scheduled__2025-04-10T07:32:00+00:00, execution_date=20250410T073200, start_date=20250410T073309, end_date=20250410T073434
[2025-04-10T07:34:34.393+0000] {local_task_job_runner.py:266} INFO - Task exited with return code 0
[2025-04-10T07:34:34.401+0000] {standard_task_runner.py:217} INFO - Process not found (most likely exited), stop collecting metrics
[2025-04-10T07:34:34.405+0000] {local_task_job_runner.py:245} INFO - ::endgroup::
