[2025-04-09T07:44:07.794+0000] {local_task_job_runner.py:123} INFO - ::group::Pre task execution logs
[2025-04-09T07:44:07.813+0000] {taskinstance.py:2612} INFO - Dependencies all met for dep_context=non-requeueable deps ti=<TaskInstance: extract_raw_data_pipeline.run_dbt_staging scheduled__2025-04-09T07:43:00+00:00 [queued]>
[2025-04-09T07:44:07.821+0000] {taskinstance.py:2612} INFO - Dependencies all met for dep_context=requeueable deps ti=<TaskInstance: extract_raw_data_pipeline.run_dbt_staging scheduled__2025-04-09T07:43:00+00:00 [queued]>
[2025-04-09T07:44:07.822+0000] {taskinstance.py:2865} INFO - Starting attempt 1 of 1
[2025-04-09T07:44:07.838+0000] {taskinstance.py:2888} INFO - Executing <Task(BashOperator): run_dbt_staging> on 2025-04-09 07:43:00+00:00
[2025-04-09T07:44:07.846+0000] {warnings.py:112} WARNING - /home/***/.local/lib/python3.12/site-packages/***/task/task_runner/standard_task_runner.py:70: DeprecationWarning: This process (pid=3577) is multi-threaded, use of fork() may lead to deadlocks in the child.
  pid = os.fork()

[2025-04-09T07:44:07.848+0000] {standard_task_runner.py:72} INFO - Started process 3579 to run task
[2025-04-09T07:44:07.848+0000] {standard_task_runner.py:104} INFO - Running: ['***', 'tasks', 'run', 'extract_raw_data_pipeline', 'run_dbt_staging', 'scheduled__2025-04-09T07:43:00+00:00', '--job-id', '337', '--raw', '--subdir', 'DAGS_FOLDER/driven_data_pipeline.py', '--cfg-path', '/tmp/tmptgab532a']
[2025-04-09T07:44:07.849+0000] {standard_task_runner.py:105} INFO - Job 337: Subtask run_dbt_staging
[2025-04-09T07:44:07.899+0000] {task_command.py:467} INFO - Running <TaskInstance: extract_raw_data_pipeline.run_dbt_staging scheduled__2025-04-09T07:43:00+00:00 [running]> on host c829a6b69367
[2025-04-09T07:44:07.985+0000] {taskinstance.py:3131} INFO - Exporting env vars: AIRFLOW_CTX_DAG_OWNER='***' AIRFLOW_CTX_DAG_ID='extract_raw_data_pipeline' AIRFLOW_CTX_TASK_ID='run_dbt_staging' AIRFLOW_CTX_EXECUTION_DATE='2025-04-09T07:43:00+00:00' AIRFLOW_CTX_TRY_NUMBER='1' AIRFLOW_CTX_DAG_RUN_ID='scheduled__2025-04-09T07:43:00+00:00'
[2025-04-09T07:44:07.986+0000] {taskinstance.py:731} INFO - ::endgroup::
[2025-04-09T07:44:08.000+0000] {subprocess.py:63} INFO - Tmp dir root location: /tmp
[2025-04-09T07:44:08.002+0000] {subprocess.py:75} INFO - Running command: ['/usr/bin/bash', '-c', 'set -x; cd /opt/***/dbt && dbt run --select tag:staging']
[2025-04-09T07:44:08.016+0000] {subprocess.py:86} INFO - Output:
[2025-04-09T07:44:08.017+0000] {subprocess.py:93} INFO - + cd /opt/***/dbt
[2025-04-09T07:44:08.018+0000] {subprocess.py:93} INFO - + dbt run --select tag:staging
[2025-04-09T07:44:10.040+0000] {subprocess.py:93} INFO - [0m07:44:10  Running with dbt=1.8.0
[2025-04-09T07:44:10.308+0000] {subprocess.py:93} INFO - [0m07:44:10  Registered adapter: postgres=1.8.2
[2025-04-09T07:44:10.732+0000] {subprocess.py:93} INFO - [0m07:44:10  Found 9 models, 10 sources, 428 macros
[2025-04-09T07:44:10.735+0000] {subprocess.py:93} INFO - [0m07:44:10
[2025-04-09T07:44:10.883+0000] {subprocess.py:93} INFO - [0m07:44:10  Concurrency: 1 threads (target='dev')
[2025-04-09T07:44:10.883+0000] {subprocess.py:93} INFO - [0m07:44:10
[2025-04-09T07:44:10.896+0000] {subprocess.py:93} INFO - [0m07:44:10  1 of 5 START sql table model driven_staging.dim_address ........................ [RUN]
[2025-04-09T07:44:11.468+0000] {subprocess.py:93} INFO - [0m07:44:11  1 of 5 OK created sql table model driven_staging.dim_address ................... [[32mSELECT 385992[0m in 0.57s]
[2025-04-09T07:44:11.471+0000] {subprocess.py:93} INFO - [0m07:44:11  2 of 5 START sql table model driven_staging.dim_date ........................... [RUN]
[2025-04-09T07:44:11.898+0000] {subprocess.py:93} INFO - [0m07:44:11  2 of 5 OK created sql table model driven_staging.dim_date ...................... [[32mSELECT 385992[0m in 0.42s]
[2025-04-09T07:44:11.902+0000] {subprocess.py:93} INFO - [0m07:44:11  3 of 5 START sql table model driven_staging.dim_finance ........................ [RUN]
[2025-04-09T07:44:12.389+0000] {subprocess.py:93} INFO - [0m07:44:12  3 of 5 OK created sql table model driven_staging.dim_finance ................... [[32mSELECT 385992[0m in 0.48s]
[2025-04-09T07:44:12.393+0000] {subprocess.py:93} INFO - [0m07:44:12  4 of 5 START sql table model driven_staging.dim_person ......................... [RUN]
[2025-04-09T07:44:13.251+0000] {subprocess.py:93} INFO - [0m07:44:13  4 of 5 OK created sql table model driven_staging.dim_person .................... [[32mSELECT 385992[0m in 0.86s]
[2025-04-09T07:44:13.255+0000] {subprocess.py:93} INFO - [0m07:44:13  5 of 5 START sql table model driven_staging.fact_network_usage ................. [RUN]
[2025-04-09T07:44:13.817+0000] {subprocess.py:93} INFO - [0m07:44:13  5 of 5 OK created sql table model driven_staging.fact_network_usage ............ [[32mSELECT 385992[0m in 0.56s]
[2025-04-09T07:44:13.843+0000] {subprocess.py:93} INFO - [0m07:44:13
[2025-04-09T07:44:13.847+0000] {subprocess.py:93} INFO - [0m07:44:13  Finished running 5 table models in 0 hours 0 minutes and 3.11 seconds (3.11s).
[2025-04-09T07:44:13.943+0000] {subprocess.py:93} INFO - [0m07:44:13
[2025-04-09T07:44:13.944+0000] {subprocess.py:93} INFO - [0m07:44:13  [32mCompleted successfully[0m
[2025-04-09T07:44:13.945+0000] {subprocess.py:93} INFO - [0m07:44:13
[2025-04-09T07:44:13.947+0000] {subprocess.py:93} INFO - [0m07:44:13  Done. PASS=5 WARN=0 ERROR=0 SKIP=0 TOTAL=5
[2025-04-09T07:44:15.343+0000] {subprocess.py:97} INFO - Command exited with return code 0
[2025-04-09T07:44:15.383+0000] {taskinstance.py:340} INFO - ::group::Post task execution logs
[2025-04-09T07:44:15.384+0000] {taskinstance.py:352} INFO - Marking task as SUCCESS. dag_id=extract_raw_data_pipeline, task_id=run_dbt_staging, run_id=scheduled__2025-04-09T07:43:00+00:00, execution_date=20250409T074300, start_date=20250409T074407, end_date=20250409T074415
[2025-04-09T07:44:15.436+0000] {local_task_job_runner.py:266} INFO - Task exited with return code 0
[2025-04-09T07:44:15.465+0000] {taskinstance.py:3900} INFO - 1 downstream tasks scheduled from follow-on schedule check
[2025-04-09T07:44:15.468+0000] {local_task_job_runner.py:245} INFO - ::endgroup::
