[2025-04-10T07:59:47.609+0000] {local_task_job_runner.py:123} INFO - ::group::Pre task execution logs
[2025-04-10T07:59:47.792+0000] {taskinstance.py:2612} INFO - Dependencies all met for dep_context=non-requeueable deps ti=<TaskInstance: extract_raw_data_pipeline.run_dbt_trusted scheduled__2025-04-10T07:52:00+00:00 [queued]>
[2025-04-10T07:59:47.828+0000] {taskinstance.py:2612} INFO - Dependencies all met for dep_context=requeueable deps ti=<TaskInstance: extract_raw_data_pipeline.run_dbt_trusted scheduled__2025-04-10T07:52:00+00:00 [queued]>
[2025-04-10T07:59:47.830+0000] {taskinstance.py:2865} INFO - Starting attempt 1 of 1
[2025-04-10T07:59:47.907+0000] {taskinstance.py:2888} INFO - Executing <Task(BashOperator): run_dbt_trusted> on 2025-04-10 07:52:00+00:00
[2025-04-10T07:59:47.925+0000] {warnings.py:112} WARNING - /home/***/.local/lib/python3.12/site-packages/***/task/task_runner/standard_task_runner.py:70: DeprecationWarning: This process (pid=5685) is multi-threaded, use of fork() may lead to deadlocks in the child.
  pid = os.fork()

[2025-04-10T07:59:47.930+0000] {standard_task_runner.py:72} INFO - Started process 5687 to run task
[2025-04-10T07:59:47.929+0000] {standard_task_runner.py:104} INFO - Running: ['***', 'tasks', 'run', 'extract_raw_data_pipeline', 'run_dbt_trusted', 'scheduled__2025-04-10T07:52:00+00:00', '--job-id', '784', '--raw', '--subdir', 'DAGS_FOLDER/driven_data_pipeline.py', '--cfg-path', '/tmp/tmptmcbysmu']
[2025-04-10T07:59:47.931+0000] {standard_task_runner.py:105} INFO - Job 784: Subtask run_dbt_trusted
[2025-04-10T07:59:48.364+0000] {task_command.py:467} INFO - Running <TaskInstance: extract_raw_data_pipeline.run_dbt_trusted scheduled__2025-04-10T07:52:00+00:00 [running]> on host c829a6b69367
[2025-04-10T07:59:48.759+0000] {taskinstance.py:3131} INFO - Exporting env vars: AIRFLOW_CTX_DAG_OWNER='***' AIRFLOW_CTX_DAG_ID='extract_raw_data_pipeline' AIRFLOW_CTX_TASK_ID='run_dbt_trusted' AIRFLOW_CTX_EXECUTION_DATE='2025-04-10T07:52:00+00:00' AIRFLOW_CTX_TRY_NUMBER='1' AIRFLOW_CTX_DAG_RUN_ID='scheduled__2025-04-10T07:52:00+00:00'
[2025-04-10T07:59:48.761+0000] {taskinstance.py:731} INFO - ::endgroup::
[2025-04-10T07:59:48.786+0000] {subprocess.py:63} INFO - Tmp dir root location: /tmp
[2025-04-10T07:59:48.797+0000] {subprocess.py:75} INFO - Running command: ['/usr/bin/bash', '-c', 'set -x; cd /opt/***/dbt && dbt run --select tag:trusted']
[2025-04-10T07:59:48.848+0000] {subprocess.py:86} INFO - Output:
[2025-04-10T07:59:48.858+0000] {subprocess.py:93} INFO - + cd /opt/***/dbt
[2025-04-10T07:59:48.861+0000] {subprocess.py:93} INFO - + dbt run --select tag:trusted
[2025-04-10T07:59:55.476+0000] {subprocess.py:93} INFO - [0m07:59:55  Running with dbt=1.8.0
[2025-04-10T07:59:56.163+0000] {subprocess.py:93} INFO - [0m07:59:56  Registered adapter: postgres=1.8.2
[2025-04-10T07:59:57.363+0000] {subprocess.py:93} INFO - [0m07:59:57  Found 9 models, 10 sources, 428 macros
[2025-04-10T07:59:57.370+0000] {subprocess.py:93} INFO - [0m07:59:57
[2025-04-10T07:59:57.645+0000] {subprocess.py:93} INFO - [0m07:59:57  Concurrency: 1 threads (target='dev')
[2025-04-10T07:59:57.646+0000] {subprocess.py:93} INFO - [0m07:59:57
[2025-04-10T07:59:57.670+0000] {subprocess.py:93} INFO - [0m07:59:57  1 of 4 START sql table model driven_trusted.non_pii_data ....................... [RUN]
[2025-04-10T08:02:02.086+0000] {subprocess.py:93} INFO - [0m08:02:02  1 of 4 OK created sql table model driven_trusted.non_pii_data .................. [[32mSELECT 2353947[0m in 124.40s]
[2025-04-10T08:02:02.124+0000] {subprocess.py:93} INFO - [0m08:02:02  2 of 4 START sql table model driven_trusted.payment_data ....................... [RUN]
[2025-04-10T08:03:55.295+0000] {subprocess.py:93} INFO - [0m08:03:55  2 of 4 OK created sql table model driven_trusted.payment_data .................. [[32mSELECT 2447509[0m in 113.14s]
[2025-04-10T08:03:55.313+0000] {subprocess.py:93} INFO - [0m08:03:55  3 of 4 START sql table model driven_trusted.pii_data ........................... [RUN]
[2025-04-10T08:07:44.897+0000] {subprocess.py:93} INFO - [0m08:07:44  3 of 4 OK created sql table model driven_trusted.pii_data ...................... [[32mSELECT 2447509[0m in 229.57s]
[2025-04-10T08:07:44.918+0000] {subprocess.py:93} INFO - [0m08:07:44  4 of 4 START sql table model driven_trusted.technical_data ..................... [RUN]
[2025-04-10T08:08:29.668+0000] {subprocess.py:93} INFO - [0m08:08:29  4 of 4 OK created sql table model driven_trusted.technical_data ................ [[32mSELECT 2447509[0m in 44.74s]
[2025-04-10T08:08:29.796+0000] {subprocess.py:93} INFO - [0m08:08:29
[2025-04-10T08:08:29.813+0000] {subprocess.py:93} INFO - [0m08:08:29  Finished running 4 table models in 0 hours 8 minutes and 32.42 seconds (512.42s).
[2025-04-10T08:08:30.408+0000] {subprocess.py:93} INFO - [0m08:08:30
[2025-04-10T08:08:30.411+0000] {subprocess.py:93} INFO - [0m08:08:30  [32mCompleted successfully[0m
[2025-04-10T08:08:30.414+0000] {subprocess.py:93} INFO - [0m08:08:30
[2025-04-10T08:08:30.418+0000] {subprocess.py:93} INFO - [0m08:08:30  Done. PASS=4 WARN=0 ERROR=0 SKIP=0 TOTAL=4
[2025-04-10T08:08:34.076+0000] {subprocess.py:97} INFO - Command exited with return code 0
[2025-04-10T08:08:34.250+0000] {taskinstance.py:340} INFO - ::group::Post task execution logs
[2025-04-10T08:08:34.263+0000] {taskinstance.py:352} INFO - Marking task as SUCCESS. dag_id=extract_raw_data_pipeline, task_id=run_dbt_trusted, run_id=scheduled__2025-04-10T07:52:00+00:00, execution_date=20250410T075200, start_date=20250410T075947, end_date=20250410T080834
[2025-04-10T08:08:34.444+0000] {local_task_job_runner.py:266} INFO - Task exited with return code 0
[2025-04-10T08:08:34.497+0000] {taskinstance.py:3900} INFO - 0 downstream tasks scheduled from follow-on schedule check
[2025-04-10T08:08:34.515+0000] {local_task_job_runner.py:245} INFO - ::endgroup::
