[2025-04-10T07:43:14.797+0000] {local_task_job_runner.py:123} INFO - ::group::Pre task execution logs
[2025-04-10T07:43:14.898+0000] {taskinstance.py:2612} INFO - Dependencies all met for dep_context=non-requeueable deps ti=<TaskInstance: extract_raw_data_pipeline.run_dbt_staging scheduled__2025-04-10T07:42:00+00:00 [queued]>
[2025-04-10T07:43:14.910+0000] {taskinstance.py:2612} INFO - Dependencies all met for dep_context=requeueable deps ti=<TaskInstance: extract_raw_data_pipeline.run_dbt_staging scheduled__2025-04-10T07:42:00+00:00 [queued]>
[2025-04-10T07:43:14.911+0000] {taskinstance.py:2865} INFO - Starting attempt 1 of 1
[2025-04-10T07:43:14.958+0000] {taskinstance.py:2888} INFO - Executing <Task(BashOperator): run_dbt_staging> on 2025-04-10 07:42:00+00:00
[2025-04-10T07:43:14.974+0000] {warnings.py:112} WARNING - /home/***/.local/lib/python3.12/site-packages/***/task/task_runner/standard_task_runner.py:70: DeprecationWarning: This process (pid=4762) is multi-threaded, use of fork() may lead to deadlocks in the child.
  pid = os.fork()

[2025-04-10T07:43:14.979+0000] {standard_task_runner.py:72} INFO - Started process 4764 to run task
[2025-04-10T07:43:14.979+0000] {standard_task_runner.py:104} INFO - Running: ['***', 'tasks', 'run', 'extract_raw_data_pipeline', 'run_dbt_staging', 'scheduled__2025-04-10T07:42:00+00:00', '--job-id', '691', '--raw', '--subdir', 'DAGS_FOLDER/driven_data_pipeline.py', '--cfg-path', '/tmp/tmp1_g6qt8r']
[2025-04-10T07:43:14.981+0000] {standard_task_runner.py:105} INFO - Job 691: Subtask run_dbt_staging
[2025-04-10T07:43:15.120+0000] {task_command.py:467} INFO - Running <TaskInstance: extract_raw_data_pipeline.run_dbt_staging scheduled__2025-04-10T07:42:00+00:00 [running]> on host c829a6b69367
[2025-04-10T07:43:15.346+0000] {taskinstance.py:3131} INFO - Exporting env vars: AIRFLOW_CTX_DAG_OWNER='***' AIRFLOW_CTX_DAG_ID='extract_raw_data_pipeline' AIRFLOW_CTX_TASK_ID='run_dbt_staging' AIRFLOW_CTX_EXECUTION_DATE='2025-04-10T07:42:00+00:00' AIRFLOW_CTX_TRY_NUMBER='1' AIRFLOW_CTX_DAG_RUN_ID='scheduled__2025-04-10T07:42:00+00:00'
[2025-04-10T07:43:15.349+0000] {taskinstance.py:731} INFO - ::endgroup::
[2025-04-10T07:43:15.390+0000] {subprocess.py:63} INFO - Tmp dir root location: /tmp
[2025-04-10T07:43:15.395+0000] {subprocess.py:75} INFO - Running command: ['/usr/bin/bash', '-c', 'set -x; cd /opt/***/dbt && dbt run --select tag:staging']
[2025-04-10T07:43:15.416+0000] {subprocess.py:86} INFO - Output:
[2025-04-10T07:43:15.419+0000] {subprocess.py:93} INFO - + cd /opt/***/dbt
[2025-04-10T07:43:15.421+0000] {subprocess.py:93} INFO - + dbt run --select tag:staging
[2025-04-10T07:43:21.970+0000] {subprocess.py:93} INFO - [0m07:43:21  Running with dbt=1.8.0
[2025-04-10T07:43:22.922+0000] {subprocess.py:93} INFO - [0m07:43:22  Registered adapter: postgres=1.8.2
[2025-04-10T07:43:24.800+0000] {subprocess.py:93} INFO - [0m07:43:24  Found 9 models, 10 sources, 428 macros
[2025-04-10T07:43:24.809+0000] {subprocess.py:93} INFO - [0m07:43:24
[2025-04-10T07:43:25.238+0000] {subprocess.py:93} INFO - [0m07:43:25  Concurrency: 1 threads (target='dev')
[2025-04-10T07:43:25.240+0000] {subprocess.py:93} INFO - [0m07:43:25
[2025-04-10T07:43:25.259+0000] {subprocess.py:93} INFO - [0m07:43:25  1 of 5 START sql table model driven_staging.dim_address ........................ [RUN]
[2025-04-10T07:43:39.045+0000] {subprocess.py:93} INFO - [0m07:43:39  1 of 5 OK created sql table model driven_staging.dim_address ................... [[32mSELECT 1749243[0m in 13.78s]
[2025-04-10T07:43:39.050+0000] {subprocess.py:93} INFO - [0m07:43:39  2 of 5 START sql table model driven_staging.dim_date ........................... [RUN]
[2025-04-10T07:43:43.919+0000] {subprocess.py:93} INFO - [0m07:43:43  2 of 5 OK created sql table model driven_staging.dim_date ...................... [[32mSELECT 1749243[0m in 4.86s]
[2025-04-10T07:43:43.924+0000] {subprocess.py:93} INFO - [0m07:43:43  3 of 5 START sql table model driven_staging.dim_finance ........................ [RUN]
[2025-04-10T07:43:49.287+0000] {subprocess.py:93} INFO - [0m07:43:49  3 of 5 OK created sql table model driven_staging.dim_finance ................... [[32mSELECT 1749243[0m in 5.36s]
[2025-04-10T07:43:49.293+0000] {subprocess.py:93} INFO - [0m07:43:49  4 of 5 START sql table model driven_staging.dim_person ......................... [RUN]
[2025-04-10T07:44:38.594+0000] {subprocess.py:93} INFO - [0m07:44:38  4 of 5 OK created sql table model driven_staging.dim_person .................... [[32mSELECT 1749243[0m in 49.30s]
[2025-04-10T07:44:38.600+0000] {subprocess.py:93} INFO - [0m07:44:38  5 of 5 START sql table model driven_staging.fact_network_usage ................. [RUN]
[2025-04-10T07:44:57.347+0000] {subprocess.py:93} INFO - [0m07:44:57  5 of 5 OK created sql table model driven_staging.fact_network_usage ............ [[32mSELECT 1788865[0m in 18.74s]
[2025-04-10T07:44:57.369+0000] {subprocess.py:93} INFO - [0m07:44:57
[2025-04-10T07:44:57.370+0000] {subprocess.py:93} INFO - [0m07:44:57  Finished running 5 table models in 0 hours 1 minutes and 32.56 seconds (92.56s).
[2025-04-10T07:44:57.442+0000] {subprocess.py:93} INFO - [0m07:44:57
[2025-04-10T07:44:57.444+0000] {subprocess.py:93} INFO - [0m07:44:57  [32mCompleted successfully[0m
[2025-04-10T07:44:57.445+0000] {subprocess.py:93} INFO - [0m07:44:57
[2025-04-10T07:44:57.446+0000] {subprocess.py:93} INFO - [0m07:44:57  Done. PASS=5 WARN=0 ERROR=0 SKIP=0 TOTAL=5
[2025-04-10T07:44:58.718+0000] {subprocess.py:97} INFO - Command exited with return code 0
[2025-04-10T07:44:58.780+0000] {taskinstance.py:340} INFO - ::group::Post task execution logs
[2025-04-10T07:44:58.781+0000] {taskinstance.py:352} INFO - Marking task as SUCCESS. dag_id=extract_raw_data_pipeline, task_id=run_dbt_staging, run_id=scheduled__2025-04-10T07:42:00+00:00, execution_date=20250410T074200, start_date=20250410T074314, end_date=20250410T074458
[2025-04-10T07:44:58.827+0000] {local_task_job_runner.py:266} INFO - Task exited with return code 0
[2025-04-10T07:44:58.859+0000] {taskinstance.py:3900} INFO - 1 downstream tasks scheduled from follow-on schedule check
[2025-04-10T07:44:58.875+0000] {local_task_job_runner.py:245} INFO - ::endgroup::
