[2025-04-09T07:24:05.983+0000] {local_task_job_runner.py:123} INFO - ::group::Pre task execution logs
[2025-04-09T07:24:06.008+0000] {taskinstance.py:2612} INFO - Dependencies all met for dep_context=non-requeueable deps ti=<TaskInstance: extract_raw_data_pipeline.run_dbt_staging scheduled__2025-04-09T07:23:00+00:00 [queued]>
[2025-04-09T07:24:06.029+0000] {taskinstance.py:2612} INFO - Dependencies all met for dep_context=requeueable deps ti=<TaskInstance: extract_raw_data_pipeline.run_dbt_staging scheduled__2025-04-09T07:23:00+00:00 [queued]>
[2025-04-09T07:24:06.030+0000] {taskinstance.py:2865} INFO - Starting attempt 1 of 1
[2025-04-09T07:24:06.055+0000] {taskinstance.py:2888} INFO - Executing <Task(BashOperator): run_dbt_staging> on 2025-04-09 07:23:00+00:00
[2025-04-09T07:24:06.064+0000] {warnings.py:112} WARNING - /home/***/.local/lib/python3.12/site-packages/***/task/task_runner/standard_task_runner.py:70: DeprecationWarning: This process (pid=2370) is multi-threaded, use of fork() may lead to deadlocks in the child.
  pid = os.fork()

[2025-04-09T07:24:06.066+0000] {standard_task_runner.py:72} INFO - Started process 2372 to run task
[2025-04-09T07:24:06.067+0000] {standard_task_runner.py:104} INFO - Running: ['***', 'tasks', 'run', 'extract_raw_data_pipeline', 'run_dbt_staging', 'scheduled__2025-04-09T07:23:00+00:00', '--job-id', '213', '--raw', '--subdir', 'DAGS_FOLDER/driven_data_pipeline.py', '--cfg-path', '/tmp/tmp_ze9p6y6']
[2025-04-09T07:24:06.069+0000] {standard_task_runner.py:105} INFO - Job 213: Subtask run_dbt_staging
[2025-04-09T07:24:06.137+0000] {task_command.py:467} INFO - Running <TaskInstance: extract_raw_data_pipeline.run_dbt_staging scheduled__2025-04-09T07:23:00+00:00 [running]> on host c829a6b69367
[2025-04-09T07:24:06.267+0000] {taskinstance.py:3131} INFO - Exporting env vars: AIRFLOW_CTX_DAG_OWNER='***' AIRFLOW_CTX_DAG_ID='extract_raw_data_pipeline' AIRFLOW_CTX_TASK_ID='run_dbt_staging' AIRFLOW_CTX_EXECUTION_DATE='2025-04-09T07:23:00+00:00' AIRFLOW_CTX_TRY_NUMBER='1' AIRFLOW_CTX_DAG_RUN_ID='scheduled__2025-04-09T07:23:00+00:00'
[2025-04-09T07:24:06.269+0000] {taskinstance.py:731} INFO - ::endgroup::
[2025-04-09T07:24:06.291+0000] {subprocess.py:63} INFO - Tmp dir root location: /tmp
[2025-04-09T07:24:06.292+0000] {subprocess.py:75} INFO - Running command: ['/usr/bin/bash', '-c', 'set -x; cd /opt/***/dbt && dbt run --select tag:staging']
[2025-04-09T07:24:06.310+0000] {subprocess.py:86} INFO - Output:
[2025-04-09T07:24:06.313+0000] {subprocess.py:93} INFO - + cd /opt/***/dbt
[2025-04-09T07:24:06.314+0000] {subprocess.py:93} INFO - + dbt run --select tag:staging
[2025-04-09T07:24:09.341+0000] {subprocess.py:93} INFO - [0m07:24:09  Running with dbt=1.8.0
[2025-04-09T07:24:09.791+0000] {subprocess.py:93} INFO - [0m07:24:09  Registered adapter: postgres=1.8.2
[2025-04-09T07:24:10.487+0000] {subprocess.py:93} INFO - [0m07:24:10  Found 9 models, 10 sources, 428 macros
[2025-04-09T07:24:10.491+0000] {subprocess.py:93} INFO - [0m07:24:10
[2025-04-09T07:24:10.636+0000] {subprocess.py:93} INFO - [0m07:24:10  Concurrency: 1 threads (target='dev')
[2025-04-09T07:24:10.637+0000] {subprocess.py:93} INFO - [0m07:24:10
[2025-04-09T07:24:10.657+0000] {subprocess.py:93} INFO - [0m07:24:10  1 of 5 START sql table model driven_staging.dim_address ........................ [RUN]
[2025-04-09T07:24:11.359+0000] {subprocess.py:93} INFO - [0m07:24:11  1 of 5 OK created sql table model driven_staging.dim_address ................... [[32mSELECT 252737[0m in 0.70s]
[2025-04-09T07:24:11.361+0000] {subprocess.py:93} INFO - [0m07:24:11  2 of 5 START sql table model driven_staging.dim_date ........................... [RUN]
[2025-04-09T07:24:11.721+0000] {subprocess.py:93} INFO - [0m07:24:11  2 of 5 OK created sql table model driven_staging.dim_date ...................... [[32mSELECT 252737[0m in 0.36s]
[2025-04-09T07:24:11.725+0000] {subprocess.py:93} INFO - [0m07:24:11  3 of 5 START sql table model driven_staging.dim_finance ........................ [RUN]
[2025-04-09T07:24:12.173+0000] {subprocess.py:93} INFO - [0m07:24:12  3 of 5 OK created sql table model driven_staging.dim_finance ................... [[32mSELECT 252737[0m in 0.45s]
[2025-04-09T07:24:12.176+0000] {subprocess.py:93} INFO - [0m07:24:12  4 of 5 START sql table model driven_staging.dim_person ......................... [RUN]
[2025-04-09T07:24:12.821+0000] {subprocess.py:93} INFO - [0m07:24:12  4 of 5 OK created sql table model driven_staging.dim_person .................... [[32mSELECT 252737[0m in 0.64s]
[2025-04-09T07:24:12.825+0000] {subprocess.py:93} INFO - [0m07:24:12  5 of 5 START sql table model driven_staging.fact_network_usage ................. [RUN]
[2025-04-09T07:24:13.185+0000] {subprocess.py:93} INFO - [0m07:24:13  5 of 5 OK created sql table model driven_staging.fact_network_usage ............ [[32mSELECT 252737[0m in 0.36s]
[2025-04-09T07:24:13.202+0000] {subprocess.py:93} INFO - [0m07:24:13
[2025-04-09T07:24:13.202+0000] {subprocess.py:93} INFO - [0m07:24:13  Finished running 5 table models in 0 hours 0 minutes and 2.71 seconds (2.71s).
[2025-04-09T07:24:13.256+0000] {subprocess.py:93} INFO - [0m07:24:13
[2025-04-09T07:24:13.257+0000] {subprocess.py:93} INFO - [0m07:24:13  [32mCompleted successfully[0m
[2025-04-09T07:24:13.257+0000] {subprocess.py:93} INFO - [0m07:24:13
[2025-04-09T07:24:13.258+0000] {subprocess.py:93} INFO - [0m07:24:13  Done. PASS=5 WARN=0 ERROR=0 SKIP=0 TOTAL=5
[2025-04-09T07:24:14.403+0000] {subprocess.py:97} INFO - Command exited with return code 0
[2025-04-09T07:24:14.442+0000] {taskinstance.py:340} INFO - ::group::Post task execution logs
[2025-04-09T07:24:14.444+0000] {taskinstance.py:352} INFO - Marking task as SUCCESS. dag_id=extract_raw_data_pipeline, task_id=run_dbt_staging, run_id=scheduled__2025-04-09T07:23:00+00:00, execution_date=20250409T072300, start_date=20250409T072406, end_date=20250409T072414
[2025-04-09T07:24:14.469+0000] {local_task_job_runner.py:266} INFO - Task exited with return code 0
[2025-04-09T07:24:14.494+0000] {taskinstance.py:3900} INFO - 1 downstream tasks scheduled from follow-on schedule check
[2025-04-09T07:24:14.496+0000] {local_task_job_runner.py:245} INFO - ::endgroup::
