[2025-04-09T07:37:17.535+0000] {local_task_job_runner.py:123} INFO - ::group::Pre task execution logs
[2025-04-09T07:37:17.572+0000] {taskinstance.py:2612} INFO - Dependencies all met for dep_context=non-requeueable deps ti=<TaskInstance: extract_raw_data_pipeline.run_dbt_trusted scheduled__2025-04-09T07:36:00+00:00 [queued]>
[2025-04-09T07:37:17.590+0000] {taskinstance.py:2612} INFO - Dependencies all met for dep_context=requeueable deps ti=<TaskInstance: extract_raw_data_pipeline.run_dbt_trusted scheduled__2025-04-09T07:36:00+00:00 [queued]>
[2025-04-09T07:37:17.591+0000] {taskinstance.py:2865} INFO - Starting attempt 1 of 1
[2025-04-09T07:37:17.613+0000] {taskinstance.py:2888} INFO - Executing <Task(BashOperator): run_dbt_trusted> on 2025-04-09 07:36:00+00:00
[2025-04-09T07:37:17.623+0000] {warnings.py:112} WARNING - /home/***/.local/lib/python3.12/site-packages/***/task/task_runner/standard_task_runner.py:70: DeprecationWarning: This process (pid=3169) is multi-threaded, use of fork() may lead to deadlocks in the child.
  pid = os.fork()

[2025-04-09T07:37:17.626+0000] {standard_task_runner.py:72} INFO - Started process 3171 to run task
[2025-04-09T07:37:17.627+0000] {standard_task_runner.py:104} INFO - Running: ['***', 'tasks', 'run', 'extract_raw_data_pipeline', 'run_dbt_trusted', 'scheduled__2025-04-09T07:36:00+00:00', '--job-id', '296', '--raw', '--subdir', 'DAGS_FOLDER/driven_data_pipeline.py', '--cfg-path', '/tmp/tmplugdmnj7']
[2025-04-09T07:37:17.629+0000] {standard_task_runner.py:105} INFO - Job 296: Subtask run_dbt_trusted
[2025-04-09T07:37:17.697+0000] {task_command.py:467} INFO - Running <TaskInstance: extract_raw_data_pipeline.run_dbt_trusted scheduled__2025-04-09T07:36:00+00:00 [running]> on host c829a6b69367
[2025-04-09T07:37:17.834+0000] {taskinstance.py:3131} INFO - Exporting env vars: AIRFLOW_CTX_DAG_OWNER='***' AIRFLOW_CTX_DAG_ID='extract_raw_data_pipeline' AIRFLOW_CTX_TASK_ID='run_dbt_trusted' AIRFLOW_CTX_EXECUTION_DATE='2025-04-09T07:36:00+00:00' AIRFLOW_CTX_TRY_NUMBER='1' AIRFLOW_CTX_DAG_RUN_ID='scheduled__2025-04-09T07:36:00+00:00'
[2025-04-09T07:37:17.836+0000] {taskinstance.py:731} INFO - ::endgroup::
[2025-04-09T07:37:17.858+0000] {subprocess.py:63} INFO - Tmp dir root location: /tmp
[2025-04-09T07:37:17.860+0000] {subprocess.py:75} INFO - Running command: ['/usr/bin/bash', '-c', 'set -x; cd /opt/***/dbt && dbt run --select tag:trusted']
[2025-04-09T07:37:17.881+0000] {subprocess.py:86} INFO - Output:
[2025-04-09T07:37:17.883+0000] {subprocess.py:93} INFO - + cd /opt/***/dbt
[2025-04-09T07:37:17.884+0000] {subprocess.py:93} INFO - + dbt run --select tag:trusted
[2025-04-09T07:37:20.495+0000] {subprocess.py:93} INFO - [0m07:37:20  Running with dbt=1.8.0
[2025-04-09T07:37:20.887+0000] {subprocess.py:93} INFO - [0m07:37:20  Registered adapter: postgres=1.8.2
[2025-04-09T07:37:21.585+0000] {subprocess.py:93} INFO - [0m07:37:21  Found 9 models, 10 sources, 428 macros
[2025-04-09T07:37:21.589+0000] {subprocess.py:93} INFO - [0m07:37:21
[2025-04-09T07:37:21.776+0000] {subprocess.py:93} INFO - [0m07:37:21  Concurrency: 1 threads (target='dev')
[2025-04-09T07:37:21.777+0000] {subprocess.py:93} INFO - [0m07:37:21
[2025-04-09T07:37:21.795+0000] {subprocess.py:93} INFO - [0m07:37:21  1 of 4 START sql table model driven_trusted.non_pii_data ....................... [RUN]
[2025-04-09T07:37:30.249+0000] {subprocess.py:93} INFO - [0m07:37:30  1 of 4 OK created sql table model driven_trusted.non_pii_data .................. [[32mSELECT 353017[0m in 8.45s]
[2025-04-09T07:37:30.253+0000] {subprocess.py:93} INFO - [0m07:37:30  2 of 4 START sql table model driven_trusted.payment_data ....................... [RUN]
[2025-04-09T07:37:32.627+0000] {subprocess.py:93} INFO - [0m07:37:32  2 of 4 OK created sql table model driven_trusted.payment_data .................. [[32mSELECT 353017[0m in 2.37s]
[2025-04-09T07:37:32.631+0000] {subprocess.py:93} INFO - [0m07:37:32  3 of 4 START sql table model driven_trusted.pii_data ........................... [RUN]
[2025-04-09T07:37:40.100+0000] {subprocess.py:93} INFO - [0m07:37:40  3 of 4 OK created sql table model driven_trusted.pii_data ...................... [[32mSELECT 353017[0m in 7.47s]
[2025-04-09T07:37:40.102+0000] {subprocess.py:93} INFO - [0m07:37:40  4 of 4 START sql table model driven_trusted.technical_data ..................... [RUN]
[2025-04-09T07:37:42.932+0000] {subprocess.py:93} INFO - [0m07:37:42  4 of 4 OK created sql table model driven_trusted.technical_data ................ [[32mSELECT 353017[0m in 2.83s]
[2025-04-09T07:37:42.953+0000] {subprocess.py:93} INFO - [0m07:37:42
[2025-04-09T07:37:42.955+0000] {subprocess.py:93} INFO - [0m07:37:42  Finished running 4 table models in 0 hours 0 minutes and 21.36 seconds (21.36s).
[2025-04-09T07:37:43.041+0000] {subprocess.py:93} INFO - [0m07:37:43
[2025-04-09T07:37:43.042+0000] {subprocess.py:93} INFO - [0m07:37:43  [32mCompleted successfully[0m
[2025-04-09T07:37:43.044+0000] {subprocess.py:93} INFO - [0m07:37:43
[2025-04-09T07:37:43.045+0000] {subprocess.py:93} INFO - [0m07:37:43  Done. PASS=4 WARN=0 ERROR=0 SKIP=0 TOTAL=4
[2025-04-09T07:37:44.117+0000] {subprocess.py:97} INFO - Command exited with return code 0
[2025-04-09T07:37:44.151+0000] {taskinstance.py:340} INFO - ::group::Post task execution logs
[2025-04-09T07:37:44.152+0000] {taskinstance.py:352} INFO - Marking task as SUCCESS. dag_id=extract_raw_data_pipeline, task_id=run_dbt_trusted, run_id=scheduled__2025-04-09T07:36:00+00:00, execution_date=20250409T073600, start_date=20250409T073717, end_date=20250409T073744
[2025-04-09T07:37:44.178+0000] {local_task_job_runner.py:266} INFO - Task exited with return code 0
[2025-04-09T07:37:44.196+0000] {taskinstance.py:3900} INFO - 0 downstream tasks scheduled from follow-on schedule check
[2025-04-09T07:37:44.199+0000] {local_task_job_runner.py:245} INFO - ::endgroup::
