[2025-04-09T07:46:17.632+0000] {local_task_job_runner.py:123} INFO - ::group::Pre task execution logs
[2025-04-09T07:46:17.655+0000] {taskinstance.py:2612} INFO - Dependencies all met for dep_context=non-requeueable deps ti=<TaskInstance: extract_raw_data_pipeline.run_dbt_trusted scheduled__2025-04-09T07:45:00+00:00 [queued]>
[2025-04-09T07:46:17.672+0000] {taskinstance.py:2612} INFO - Dependencies all met for dep_context=requeueable deps ti=<TaskInstance: extract_raw_data_pipeline.run_dbt_trusted scheduled__2025-04-09T07:45:00+00:00 [queued]>
[2025-04-09T07:46:17.673+0000] {taskinstance.py:2865} INFO - Starting attempt 1 of 1
[2025-04-09T07:46:17.695+0000] {taskinstance.py:2888} INFO - Executing <Task(BashOperator): run_dbt_trusted> on 2025-04-09 07:45:00+00:00
[2025-04-09T07:46:17.705+0000] {warnings.py:112} WARNING - /home/***/.local/lib/python3.12/site-packages/***/task/task_runner/standard_task_runner.py:70: DeprecationWarning: This process (pid=3714) is multi-threaded, use of fork() may lead to deadlocks in the child.
  pid = os.fork()

[2025-04-09T07:46:17.708+0000] {standard_task_runner.py:72} INFO - Started process 3716 to run task
[2025-04-09T07:46:17.709+0000] {standard_task_runner.py:104} INFO - Running: ['***', 'tasks', 'run', 'extract_raw_data_pipeline', 'run_dbt_trusted', 'scheduled__2025-04-09T07:45:00+00:00', '--job-id', '350', '--raw', '--subdir', 'DAGS_FOLDER/driven_data_pipeline.py', '--cfg-path', '/tmp/tmps7yo3jxg']
[2025-04-09T07:46:17.711+0000] {standard_task_runner.py:105} INFO - Job 350: Subtask run_dbt_trusted
[2025-04-09T07:46:17.780+0000] {task_command.py:467} INFO - Running <TaskInstance: extract_raw_data_pipeline.run_dbt_trusted scheduled__2025-04-09T07:45:00+00:00 [running]> on host c829a6b69367
[2025-04-09T07:46:17.963+0000] {taskinstance.py:3131} INFO - Exporting env vars: AIRFLOW_CTX_DAG_OWNER='***' AIRFLOW_CTX_DAG_ID='extract_raw_data_pipeline' AIRFLOW_CTX_TASK_ID='run_dbt_trusted' AIRFLOW_CTX_EXECUTION_DATE='2025-04-09T07:45:00+00:00' AIRFLOW_CTX_TRY_NUMBER='1' AIRFLOW_CTX_DAG_RUN_ID='scheduled__2025-04-09T07:45:00+00:00'
[2025-04-09T07:46:17.964+0000] {taskinstance.py:731} INFO - ::endgroup::
[2025-04-09T07:46:17.985+0000] {subprocess.py:63} INFO - Tmp dir root location: /tmp
[2025-04-09T07:46:17.987+0000] {subprocess.py:75} INFO - Running command: ['/usr/bin/bash', '-c', 'set -x; cd /opt/***/dbt && dbt run --select tag:trusted']
[2025-04-09T07:46:18.003+0000] {subprocess.py:86} INFO - Output:
[2025-04-09T07:46:18.005+0000] {subprocess.py:93} INFO - + cd /opt/***/dbt
[2025-04-09T07:46:18.006+0000] {subprocess.py:93} INFO - + dbt run --select tag:trusted
[2025-04-09T07:46:20.930+0000] {subprocess.py:93} INFO - [0m07:46:20  Running with dbt=1.8.0
[2025-04-09T07:46:21.208+0000] {subprocess.py:93} INFO - [0m07:46:21  Registered adapter: postgres=1.8.2
[2025-04-09T07:46:21.723+0000] {subprocess.py:93} INFO - [0m07:46:21  Found 9 models, 10 sources, 428 macros
[2025-04-09T07:46:21.727+0000] {subprocess.py:93} INFO - [0m07:46:21
[2025-04-09T07:46:21.870+0000] {subprocess.py:93} INFO - [0m07:46:21  Concurrency: 1 threads (target='dev')
[2025-04-09T07:46:21.871+0000] {subprocess.py:93} INFO - [0m07:46:21
[2025-04-09T07:46:21.882+0000] {subprocess.py:93} INFO - [0m07:46:21  1 of 4 START sql table model driven_trusted.non_pii_data ....................... [RUN]
[2025-04-09T07:46:30.619+0000] {subprocess.py:93} INFO - [0m07:46:30  1 of 4 OK created sql table model driven_trusted.non_pii_data .................. [[32mSELECT 400428[0m in 8.73s]
[2025-04-09T07:46:30.622+0000] {subprocess.py:93} INFO - [0m07:46:30  2 of 4 START sql table model driven_trusted.payment_data ....................... [RUN]
[2025-04-09T07:46:32.547+0000] {subprocess.py:93} INFO - [0m07:46:32  2 of 4 OK created sql table model driven_trusted.payment_data .................. [[32mSELECT 400428[0m in 1.92s]
[2025-04-09T07:46:32.549+0000] {subprocess.py:93} INFO - [0m07:46:32  3 of 4 START sql table model driven_trusted.pii_data ........................... [RUN]
[2025-04-09T07:46:41.110+0000] {subprocess.py:93} INFO - [0m07:46:41  3 of 4 OK created sql table model driven_trusted.pii_data ...................... [[32mSELECT 400428[0m in 8.56s]
[2025-04-09T07:46:41.119+0000] {subprocess.py:93} INFO - [0m07:46:41  4 of 4 START sql table model driven_trusted.technical_data ..................... [RUN]
[2025-04-09T07:46:44.215+0000] {subprocess.py:93} INFO - [0m07:46:44  4 of 4 OK created sql table model driven_trusted.technical_data ................ [[32mSELECT 400428[0m in 3.09s]
[2025-04-09T07:46:44.234+0000] {subprocess.py:93} INFO - [0m07:46:44
[2025-04-09T07:46:44.235+0000] {subprocess.py:93} INFO - [0m07:46:44  Finished running 4 table models in 0 hours 0 minutes and 22.51 seconds (22.51s).
[2025-04-09T07:46:44.294+0000] {subprocess.py:93} INFO - [0m07:46:44
[2025-04-09T07:46:44.295+0000] {subprocess.py:93} INFO - [0m07:46:44  [32mCompleted successfully[0m
[2025-04-09T07:46:44.295+0000] {subprocess.py:93} INFO - [0m07:46:44
[2025-04-09T07:46:44.296+0000] {subprocess.py:93} INFO - [0m07:46:44  Done. PASS=4 WARN=0 ERROR=0 SKIP=0 TOTAL=4
[2025-04-09T07:46:45.362+0000] {subprocess.py:97} INFO - Command exited with return code 0
[2025-04-09T07:46:45.398+0000] {taskinstance.py:340} INFO - ::group::Post task execution logs
[2025-04-09T07:46:45.400+0000] {taskinstance.py:352} INFO - Marking task as SUCCESS. dag_id=extract_raw_data_pipeline, task_id=run_dbt_trusted, run_id=scheduled__2025-04-09T07:45:00+00:00, execution_date=20250409T074500, start_date=20250409T074617, end_date=20250409T074645
[2025-04-09T07:46:45.442+0000] {local_task_job_runner.py:266} INFO - Task exited with return code 0
[2025-04-09T07:46:45.463+0000] {taskinstance.py:3900} INFO - 0 downstream tasks scheduled from follow-on schedule check
[2025-04-09T07:46:45.466+0000] {local_task_job_runner.py:245} INFO - ::endgroup::
