[2025-04-10T07:09:03.760+0000] {local_task_job_runner.py:123} INFO - ::group::Pre task execution logs
[2025-04-10T07:09:03.822+0000] {taskinstance.py:2612} INFO - Dependencies all met for dep_context=non-requeueable deps ti=<TaskInstance: extract_raw_data_pipeline.extract_raw_data scheduled__2025-04-10T07:08:00+00:00 [queued]>
[2025-04-10T07:09:03.858+0000] {taskinstance.py:2612} INFO - Dependencies all met for dep_context=requeueable deps ti=<TaskInstance: extract_raw_data_pipeline.extract_raw_data scheduled__2025-04-10T07:08:00+00:00 [queued]>
[2025-04-10T07:09:03.860+0000] {taskinstance.py:2865} INFO - Starting attempt 1 of 1
[2025-04-10T07:09:03.919+0000] {taskinstance.py:2888} INFO - Executing <Task(PythonOperator): extract_raw_data> on 2025-04-10 07:08:00+00:00
[2025-04-10T07:09:03.950+0000] {warnings.py:112} WARNING - /home/***/.local/lib/python3.12/site-packages/***/task/task_runner/standard_task_runner.py:70: DeprecationWarning: This process (pid=2715) is multi-threaded, use of fork() may lead to deadlocks in the child.
  pid = os.fork()

[2025-04-10T07:09:03.953+0000] {standard_task_runner.py:72} INFO - Started process 2721 to run task
[2025-04-10T07:09:03.954+0000] {standard_task_runner.py:104} INFO - Running: ['***', 'tasks', 'run', 'extract_raw_data_pipeline', 'extract_raw_data', 'scheduled__2025-04-10T07:08:00+00:00', '--job-id', '484', '--raw', '--subdir', 'DAGS_FOLDER/driven_data_pipeline.py', '--cfg-path', '/tmp/tmp62c1oa_2']
[2025-04-10T07:09:03.957+0000] {standard_task_runner.py:105} INFO - Job 484: Subtask extract_raw_data
[2025-04-10T07:09:04.104+0000] {task_command.py:467} INFO - Running <TaskInstance: extract_raw_data_pipeline.extract_raw_data scheduled__2025-04-10T07:08:00+00:00 [running]> on host c829a6b69367
[2025-04-10T07:09:04.337+0000] {taskinstance.py:3131} INFO - Exporting env vars: AIRFLOW_CTX_DAG_OWNER='***' AIRFLOW_CTX_DAG_ID='extract_raw_data_pipeline' AIRFLOW_CTX_TASK_ID='extract_raw_data' AIRFLOW_CTX_EXECUTION_DATE='2025-04-10T07:08:00+00:00' AIRFLOW_CTX_TRY_NUMBER='1' AIRFLOW_CTX_DAG_RUN_ID='scheduled__2025-04-10T07:08:00+00:00'
[2025-04-10T07:09:04.341+0000] {taskinstance.py:731} INFO - ::endgroup::
[2025-04-10T07:09:04.388+0000] {driven_data_pipeline.py:148} INFO - Started batch processing for 2025-04-10.
[2025-04-10T07:09:04.392+0000] {driven_data_pipeline.py:35} INFO - Created synthetic data for RO country code.
[2025-04-10T07:09:05.239+0000] {driven_data_pipeline.py:105} INFO - Written 941 records to the CSV file.
[2025-04-10T07:09:06.109+0000] {driven_data_pipeline.py:121} INFO - Added UUID to the dataset.
[2025-04-10T07:09:06.673+0000] {driven_data_pipeline.py:140} INFO - Updated accessed timestamp.
[2025-04-10T07:09:06.676+0000] {driven_data_pipeline.py:156} INFO - Finished batch processing 2025-04-10.
[2025-04-10T07:09:06.677+0000] {python.py:240} INFO - Done. Returned value was: None
[2025-04-10T07:09:06.706+0000] {taskinstance.py:340} INFO - ::group::Post task execution logs
[2025-04-10T07:09:06.708+0000] {taskinstance.py:352} INFO - Marking task as SUCCESS. dag_id=extract_raw_data_pipeline, task_id=extract_raw_data, run_id=scheduled__2025-04-10T07:08:00+00:00, execution_date=20250410T070800, start_date=20250410T070903, end_date=20250410T070906
[2025-04-10T07:09:06.791+0000] {local_task_job_runner.py:266} INFO - Task exited with return code 0
[2025-04-10T07:09:06.872+0000] {taskinstance.py:3900} INFO - 1 downstream tasks scheduled from follow-on schedule check
[2025-04-10T07:09:06.877+0000] {local_task_job_runner.py:245} INFO - ::endgroup::
