[2025-04-10T07:46:09.714+0000] {local_task_job_runner.py:123} INFO - ::group::Pre task execution logs
[2025-04-10T07:46:09.734+0000] {taskinstance.py:2612} INFO - Dependencies all met for dep_context=non-requeueable deps ti=<TaskInstance: extract_raw_data_pipeline.run_dbt_staging scheduled__2025-04-10T07:45:00+00:00 [queued]>
[2025-04-10T07:46:09.746+0000] {taskinstance.py:2612} INFO - Dependencies all met for dep_context=requeueable deps ti=<TaskInstance: extract_raw_data_pipeline.run_dbt_staging scheduled__2025-04-10T07:45:00+00:00 [queued]>
[2025-04-10T07:46:09.747+0000] {taskinstance.py:2865} INFO - Starting attempt 1 of 1
[2025-04-10T07:46:09.770+0000] {taskinstance.py:2888} INFO - Executing <Task(BashOperator): run_dbt_staging> on 2025-04-10 07:45:00+00:00
[2025-04-10T07:46:09.777+0000] {warnings.py:112} WARNING - /home/***/.local/lib/python3.12/site-packages/***/task/task_runner/standard_task_runner.py:70: DeprecationWarning: This process (pid=4944) is multi-threaded, use of fork() may lead to deadlocks in the child.
  pid = os.fork()

[2025-04-10T07:46:09.780+0000] {standard_task_runner.py:72} INFO - Started process 4946 to run task
[2025-04-10T07:46:09.780+0000] {standard_task_runner.py:104} INFO - Running: ['***', 'tasks', 'run', 'extract_raw_data_pipeline', 'run_dbt_staging', 'scheduled__2025-04-10T07:45:00+00:00', '--job-id', '709', '--raw', '--subdir', 'DAGS_FOLDER/driven_data_pipeline.py', '--cfg-path', '/tmp/tmpo5p_zduy']
[2025-04-10T07:46:09.781+0000] {standard_task_runner.py:105} INFO - Job 709: Subtask run_dbt_staging
[2025-04-10T07:46:09.841+0000] {task_command.py:467} INFO - Running <TaskInstance: extract_raw_data_pipeline.run_dbt_staging scheduled__2025-04-10T07:45:00+00:00 [running]> on host c829a6b69367
[2025-04-10T07:46:09.944+0000] {taskinstance.py:3131} INFO - Exporting env vars: AIRFLOW_CTX_DAG_OWNER='***' AIRFLOW_CTX_DAG_ID='extract_raw_data_pipeline' AIRFLOW_CTX_TASK_ID='run_dbt_staging' AIRFLOW_CTX_EXECUTION_DATE='2025-04-10T07:45:00+00:00' AIRFLOW_CTX_TRY_NUMBER='1' AIRFLOW_CTX_DAG_RUN_ID='scheduled__2025-04-10T07:45:00+00:00'
[2025-04-10T07:46:09.946+0000] {taskinstance.py:731} INFO - ::endgroup::
[2025-04-10T07:46:09.961+0000] {subprocess.py:63} INFO - Tmp dir root location: /tmp
[2025-04-10T07:46:09.962+0000] {subprocess.py:75} INFO - Running command: ['/usr/bin/bash', '-c', 'set -x; cd /opt/***/dbt && dbt run --select tag:staging']
[2025-04-10T07:46:09.978+0000] {subprocess.py:86} INFO - Output:
[2025-04-10T07:46:09.980+0000] {subprocess.py:93} INFO - + cd /opt/***/dbt
[2025-04-10T07:46:09.981+0000] {subprocess.py:93} INFO - + dbt run --select tag:staging
[2025-04-10T07:46:12.697+0000] {subprocess.py:93} INFO - [0m07:46:12  Running with dbt=1.8.0
[2025-04-10T07:46:13.091+0000] {subprocess.py:93} INFO - [0m07:46:13  Registered adapter: postgres=1.8.2
[2025-04-10T07:46:14.061+0000] {subprocess.py:93} INFO - [0m07:46:14  Found 9 models, 10 sources, 428 macros
[2025-04-10T07:46:14.065+0000] {subprocess.py:93} INFO - [0m07:46:14
[2025-04-10T07:46:14.255+0000] {subprocess.py:93} INFO - [0m07:46:14  Concurrency: 1 threads (target='dev')
[2025-04-10T07:46:14.256+0000] {subprocess.py:93} INFO - [0m07:46:14
[2025-04-10T07:46:14.271+0000] {subprocess.py:93} INFO - [0m07:46:14  1 of 5 START sql table model driven_staging.dim_address ........................ [RUN]
[2025-04-10T07:47:04.830+0000] {subprocess.py:93} INFO - [0m07:47:04  1 of 5 OK created sql table model driven_staging.dim_address ................... [[32mSELECT 1870158[0m in 50.55s]
[2025-04-10T07:47:04.837+0000] {subprocess.py:93} INFO - [0m07:47:04  2 of 5 START sql table model driven_staging.dim_date ........................... [RUN]
[2025-04-10T07:47:48.049+0000] {subprocess.py:93} INFO - [0m07:47:48  2 of 5 OK created sql table model driven_staging.dim_date ...................... [[32mSELECT 1870158[0m in 43.21s]
[2025-04-10T07:47:48.054+0000] {subprocess.py:93} INFO - [0m07:47:48  3 of 5 START sql table model driven_staging.dim_finance ........................ [RUN]
[2025-04-10T07:48:02.250+0000] {subprocess.py:93} INFO - [0m07:48:02  3 of 5 OK created sql table model driven_staging.dim_finance ................... [[32mSELECT 1911368[0m in 14.19s]
[2025-04-10T07:48:02.254+0000] {subprocess.py:93} INFO - [0m07:48:02  4 of 5 START sql table model driven_staging.dim_person ......................... [RUN]
[2025-04-10T07:48:32.310+0000] {subprocess.py:93} INFO - [0m07:48:32  4 of 5 OK created sql table model driven_staging.dim_person .................... [[32mSELECT 1911368[0m in 30.05s]
[2025-04-10T07:48:32.315+0000] {subprocess.py:93} INFO - [0m07:48:32  5 of 5 START sql table model driven_staging.fact_network_usage ................. [RUN]
[2025-04-10T07:48:57.380+0000] {subprocess.py:93} INFO - [0m07:48:57  5 of 5 OK created sql table model driven_staging.fact_network_usage ............ [[32mSELECT 1953382[0m in 25.06s]
[2025-04-10T07:48:57.399+0000] {subprocess.py:93} INFO - [0m07:48:57
[2025-04-10T07:48:57.400+0000] {subprocess.py:93} INFO - [0m07:48:57  Finished running 5 table models in 0 hours 2 minutes and 43.33 seconds (163.33s).
[2025-04-10T07:48:57.466+0000] {subprocess.py:93} INFO - [0m07:48:57
[2025-04-10T07:48:57.468+0000] {subprocess.py:93} INFO - [0m07:48:57  [32mCompleted successfully[0m
[2025-04-10T07:48:57.469+0000] {subprocess.py:93} INFO - [0m07:48:57
[2025-04-10T07:48:57.470+0000] {subprocess.py:93} INFO - [0m07:48:57  Done. PASS=5 WARN=0 ERROR=0 SKIP=0 TOTAL=5
[2025-04-10T07:48:58.767+0000] {subprocess.py:97} INFO - Command exited with return code 0
[2025-04-10T07:48:58.811+0000] {taskinstance.py:340} INFO - ::group::Post task execution logs
[2025-04-10T07:48:58.813+0000] {taskinstance.py:352} INFO - Marking task as SUCCESS. dag_id=extract_raw_data_pipeline, task_id=run_dbt_staging, run_id=scheduled__2025-04-10T07:45:00+00:00, execution_date=20250410T074500, start_date=20250410T074609, end_date=20250410T074858
[2025-04-10T07:48:58.865+0000] {local_task_job_runner.py:266} INFO - Task exited with return code 0
[2025-04-10T07:48:58.900+0000] {taskinstance.py:3900} INFO - 1 downstream tasks scheduled from follow-on schedule check
[2025-04-10T07:48:58.906+0000] {local_task_job_runner.py:245} INFO - ::endgroup::
