[2025-04-10T07:03:06.250+0000] {local_task_job_runner.py:123} INFO - ::group::Pre task execution logs
[2025-04-10T07:03:06.287+0000] {taskinstance.py:2612} INFO - Dependencies all met for dep_context=non-requeueable deps ti=<TaskInstance: extract_raw_data_pipeline.create_raw_table scheduled__2025-04-10T07:02:00+00:00 [queued]>
[2025-04-10T07:03:06.308+0000] {taskinstance.py:2612} INFO - Dependencies all met for dep_context=requeueable deps ti=<TaskInstance: extract_raw_data_pipeline.create_raw_table scheduled__2025-04-10T07:02:00+00:00 [queued]>
[2025-04-10T07:03:06.309+0000] {taskinstance.py:2865} INFO - Starting attempt 1 of 1
[2025-04-10T07:03:06.347+0000] {taskinstance.py:2888} INFO - Executing <Task(SQLExecuteQueryOperator): create_raw_table> on 2025-04-10 07:02:00+00:00
[2025-04-10T07:03:06.356+0000] {warnings.py:112} WARNING - /home/***/.local/lib/python3.12/site-packages/***/task/task_runner/standard_task_runner.py:70: DeprecationWarning: This process (pid=2392) is multi-threaded, use of fork() may lead to deadlocks in the child.
  pid = os.fork()

[2025-04-10T07:03:06.359+0000] {standard_task_runner.py:72} INFO - Started process 2394 to run task
[2025-04-10T07:03:06.359+0000] {standard_task_runner.py:104} INFO - Running: ['***', 'tasks', 'run', 'extract_raw_data_pipeline', 'create_raw_table', 'scheduled__2025-04-10T07:02:00+00:00', '--job-id', '451', '--raw', '--subdir', 'DAGS_FOLDER/driven_data_pipeline.py', '--cfg-path', '/tmp/tmpwm3__au_']
[2025-04-10T07:03:06.363+0000] {standard_task_runner.py:105} INFO - Job 451: Subtask create_raw_table
[2025-04-10T07:03:06.450+0000] {task_command.py:467} INFO - Running <TaskInstance: extract_raw_data_pipeline.create_raw_table scheduled__2025-04-10T07:02:00+00:00 [running]> on host c829a6b69367
[2025-04-10T07:03:06.624+0000] {taskinstance.py:3131} INFO - Exporting env vars: AIRFLOW_CTX_DAG_OWNER='***' AIRFLOW_CTX_DAG_ID='extract_raw_data_pipeline' AIRFLOW_CTX_TASK_ID='create_raw_table' AIRFLOW_CTX_EXECUTION_DATE='2025-04-10T07:02:00+00:00' AIRFLOW_CTX_TRY_NUMBER='1' AIRFLOW_CTX_DAG_RUN_ID='scheduled__2025-04-10T07:02:00+00:00'
[2025-04-10T07:03:06.626+0000] {taskinstance.py:731} INFO - ::endgroup::
[2025-04-10T07:03:06.651+0000] {sql.py:266} INFO - Executing: 
        CREATE TABLE IF NOT EXISTS driven_raw.raw_batch_data (
            person_name VARCHAR(100),
            user_name VARCHAR(100),
            email VARCHAR(100),
            personal_number NUMERIC, 
            birth_date VARCHAR(100), 
            address VARCHAR(100),
            phone VARCHAR(100), 
            mac_address VARCHAR(100),
            ip_address VARCHAR(100),
            iban VARCHAR(100),
            accessed_at TIMESTAMP,
            session_duration INT,
            download_speed INT,
            upload_speed INT,
            consumed_traffic INT,
            unique_id VARCHAR(100)
        );
    
[2025-04-10T07:03:06.668+0000] {base.py:84} INFO - Retrieving connection 'postgres_conn'
[2025-04-10T07:03:06.687+0000] {base.py:84} INFO - Retrieving connection 'postgres_conn'
[2025-04-10T07:03:06.693+0000] {sql.py:509} INFO - Running statement: 
        CREATE TABLE IF NOT EXISTS driven_raw.raw_batch_data (
            person_name VARCHAR(100),
            user_name VARCHAR(100),
            email VARCHAR(100),
            personal_number NUMERIC, 
            birth_date VARCHAR(100), 
            address VARCHAR(100),
            phone VARCHAR(100), 
            mac_address VARCHAR(100),
            ip_address VARCHAR(100),
            iban VARCHAR(100),
            accessed_at TIMESTAMP,
            session_duration INT,
            download_speed INT,
            upload_speed INT,
            consumed_traffic INT,
            unique_id VARCHAR(100)
        );
    , parameters: None
[2025-04-10T07:03:06.716+0000] {taskinstance.py:340} INFO - ::group::Post task execution logs
[2025-04-10T07:03:06.717+0000] {taskinstance.py:352} INFO - Marking task as SUCCESS. dag_id=extract_raw_data_pipeline, task_id=create_raw_table, run_id=scheduled__2025-04-10T07:02:00+00:00, execution_date=20250410T070200, start_date=20250410T070306, end_date=20250410T070306
[2025-04-10T07:03:06.781+0000] {local_task_job_runner.py:266} INFO - Task exited with return code 0
[2025-04-10T07:03:06.848+0000] {taskinstance.py:3900} INFO - 1 downstream tasks scheduled from follow-on schedule check
[2025-04-10T07:03:06.854+0000] {local_task_job_runner.py:245} INFO - ::endgroup::
