[2025-04-09T07:18:07.379+0000] {local_task_job_runner.py:123} INFO - ::group::Pre task execution logs
[2025-04-09T07:18:07.396+0000] {taskinstance.py:2612} INFO - Dependencies all met for dep_context=non-requeueable deps ti=<TaskInstance: extract_raw_data_pipeline.run_dbt_staging scheduled__2025-04-09T07:17:00+00:00 [queued]>
[2025-04-09T07:18:07.405+0000] {taskinstance.py:2612} INFO - Dependencies all met for dep_context=requeueable deps ti=<TaskInstance: extract_raw_data_pipeline.run_dbt_staging scheduled__2025-04-09T07:17:00+00:00 [queued]>
[2025-04-09T07:18:07.406+0000] {taskinstance.py:2865} INFO - Starting attempt 1 of 1
[2025-04-09T07:18:07.422+0000] {taskinstance.py:2888} INFO - Executing <Task(BashOperator): run_dbt_staging> on 2025-04-09 07:17:00+00:00
[2025-04-09T07:18:07.430+0000] {warnings.py:112} WARNING - /home/***/.local/lib/python3.12/site-packages/***/task/task_runner/standard_task_runner.py:70: DeprecationWarning: This process (pid=2005) is multi-threaded, use of fork() may lead to deadlocks in the child.
  pid = os.fork()

[2025-04-09T07:18:07.432+0000] {standard_task_runner.py:72} INFO - Started process 2007 to run task
[2025-04-09T07:18:07.433+0000] {standard_task_runner.py:104} INFO - Running: ['***', 'tasks', 'run', 'extract_raw_data_pipeline', 'run_dbt_staging', 'scheduled__2025-04-09T07:17:00+00:00', '--job-id', '177', '--raw', '--subdir', 'DAGS_FOLDER/driven_data_pipeline.py', '--cfg-path', '/tmp/tmpq63kw__i']
[2025-04-09T07:18:07.434+0000] {standard_task_runner.py:105} INFO - Job 177: Subtask run_dbt_staging
[2025-04-09T07:18:07.496+0000] {task_command.py:467} INFO - Running <TaskInstance: extract_raw_data_pipeline.run_dbt_staging scheduled__2025-04-09T07:17:00+00:00 [running]> on host c829a6b69367
[2025-04-09T07:18:07.588+0000] {taskinstance.py:3131} INFO - Exporting env vars: AIRFLOW_CTX_DAG_OWNER='***' AIRFLOW_CTX_DAG_ID='extract_raw_data_pipeline' AIRFLOW_CTX_TASK_ID='run_dbt_staging' AIRFLOW_CTX_EXECUTION_DATE='2025-04-09T07:17:00+00:00' AIRFLOW_CTX_TRY_NUMBER='1' AIRFLOW_CTX_DAG_RUN_ID='scheduled__2025-04-09T07:17:00+00:00'
[2025-04-09T07:18:07.589+0000] {taskinstance.py:731} INFO - ::endgroup::
[2025-04-09T07:18:07.604+0000] {subprocess.py:63} INFO - Tmp dir root location: /tmp
[2025-04-09T07:18:07.606+0000] {subprocess.py:75} INFO - Running command: ['/usr/bin/bash', '-c', 'set -x; cd /opt/***/dbt && dbt run --select tag:staging']
[2025-04-09T07:18:07.620+0000] {subprocess.py:86} INFO - Output:
[2025-04-09T07:18:07.622+0000] {subprocess.py:93} INFO - + cd /opt/***/dbt
[2025-04-09T07:18:07.623+0000] {subprocess.py:93} INFO - + dbt run --select tag:staging
[2025-04-09T07:18:09.864+0000] {subprocess.py:93} INFO - [0m07:18:09  Running with dbt=1.8.0
[2025-04-09T07:18:10.231+0000] {subprocess.py:93} INFO - [0m07:18:10  Registered adapter: postgres=1.8.2
[2025-04-09T07:18:10.777+0000] {subprocess.py:93} INFO - [0m07:18:10  Found 9 models, 10 sources, 428 macros
[2025-04-09T07:18:10.781+0000] {subprocess.py:93} INFO - [0m07:18:10
[2025-04-09T07:18:10.924+0000] {subprocess.py:93} INFO - [0m07:18:10  Concurrency: 1 threads (target='dev')
[2025-04-09T07:18:10.925+0000] {subprocess.py:93} INFO - [0m07:18:10
[2025-04-09T07:18:10.938+0000] {subprocess.py:93} INFO - [0m07:18:10  1 of 5 START sql table model driven_staging.dim_address ........................ [RUN]
[2025-04-09T07:18:11.521+0000] {subprocess.py:93} INFO - [0m07:18:11  1 of 5 OK created sql table model driven_staging.dim_address ................... [[32mSELECT 132784[0m in 0.58s]
[2025-04-09T07:18:11.525+0000] {subprocess.py:93} INFO - [0m07:18:11  2 of 5 START sql table model driven_staging.dim_date ........................... [RUN]
[2025-04-09T07:18:11.749+0000] {subprocess.py:93} INFO - [0m07:18:11  2 of 5 OK created sql table model driven_staging.dim_date ...................... [[32mSELECT 132784[0m in 0.22s]
[2025-04-09T07:18:11.753+0000] {subprocess.py:93} INFO - [0m07:18:11  3 of 5 START sql table model driven_staging.dim_finance ........................ [RUN]
[2025-04-09T07:18:12.022+0000] {subprocess.py:93} INFO - [0m07:18:12  3 of 5 OK created sql table model driven_staging.dim_finance ................... [[32mSELECT 132784[0m in 0.26s]
[2025-04-09T07:18:12.025+0000] {subprocess.py:93} INFO - [0m07:18:12  4 of 5 START sql table model driven_staging.dim_person ......................... [RUN]
[2025-04-09T07:18:12.477+0000] {subprocess.py:93} INFO - [0m07:18:12  4 of 5 OK created sql table model driven_staging.dim_person .................... [[32mSELECT 132784[0m in 0.45s]
[2025-04-09T07:18:12.482+0000] {subprocess.py:93} INFO - [0m07:18:12  5 of 5 START sql table model driven_staging.fact_network_usage ................. [RUN]
[2025-04-09T07:18:12.790+0000] {subprocess.py:93} INFO - [0m07:18:12  5 of 5 OK created sql table model driven_staging.fact_network_usage ............ [[32mSELECT 132784[0m in 0.30s]
[2025-04-09T07:18:12.814+0000] {subprocess.py:93} INFO - [0m07:18:12
[2025-04-09T07:18:12.815+0000] {subprocess.py:93} INFO - [0m07:18:12  Finished running 5 table models in 0 hours 0 minutes and 2.03 seconds (2.03s).
[2025-04-09T07:18:12.913+0000] {subprocess.py:93} INFO - [0m07:18:12
[2025-04-09T07:18:12.914+0000] {subprocess.py:93} INFO - [0m07:18:12  [32mCompleted successfully[0m
[2025-04-09T07:18:12.915+0000] {subprocess.py:93} INFO - [0m07:18:12
[2025-04-09T07:18:12.916+0000] {subprocess.py:93} INFO - [0m07:18:12  Done. PASS=5 WARN=0 ERROR=0 SKIP=0 TOTAL=5
[2025-04-09T07:18:14.236+0000] {subprocess.py:97} INFO - Command exited with return code 0
[2025-04-09T07:18:14.281+0000] {taskinstance.py:340} INFO - ::group::Post task execution logs
[2025-04-09T07:18:14.282+0000] {taskinstance.py:352} INFO - Marking task as SUCCESS. dag_id=extract_raw_data_pipeline, task_id=run_dbt_staging, run_id=scheduled__2025-04-09T07:17:00+00:00, execution_date=20250409T071700, start_date=20250409T071807, end_date=20250409T071814
[2025-04-09T07:18:14.339+0000] {local_task_job_runner.py:266} INFO - Task exited with return code 0
[2025-04-09T07:18:14.387+0000] {taskinstance.py:3900} INFO - 1 downstream tasks scheduled from follow-on schedule check
[2025-04-09T07:18:14.391+0000] {local_task_job_runner.py:245} INFO - ::endgroup::
