[2025-04-10T07:45:09.480+0000] {local_task_job_runner.py:123} INFO - ::group::Pre task execution logs
[2025-04-10T07:45:09.501+0000] {taskinstance.py:2612} INFO - Dependencies all met for dep_context=non-requeueable deps ti=<TaskInstance: extract_raw_data_pipeline.run_dbt_staging scheduled__2025-04-10T07:44:00+00:00 [queued]>
[2025-04-10T07:45:09.514+0000] {taskinstance.py:2612} INFO - Dependencies all met for dep_context=requeueable deps ti=<TaskInstance: extract_raw_data_pipeline.run_dbt_staging scheduled__2025-04-10T07:44:00+00:00 [queued]>
[2025-04-10T07:45:09.515+0000] {taskinstance.py:2865} INFO - Starting attempt 1 of 1
[2025-04-10T07:45:09.534+0000] {taskinstance.py:2888} INFO - Executing <Task(BashOperator): run_dbt_staging> on 2025-04-10 07:44:00+00:00
[2025-04-10T07:45:09.542+0000] {warnings.py:112} WARNING - /home/***/.local/lib/python3.12/site-packages/***/task/task_runner/standard_task_runner.py:70: DeprecationWarning: This process (pid=4897) is multi-threaded, use of fork() may lead to deadlocks in the child.
  pid = os.fork()

[2025-04-10T07:45:09.545+0000] {standard_task_runner.py:72} INFO - Started process 4899 to run task
[2025-04-10T07:45:09.545+0000] {standard_task_runner.py:104} INFO - Running: ['***', 'tasks', 'run', 'extract_raw_data_pipeline', 'run_dbt_staging', 'scheduled__2025-04-10T07:44:00+00:00', '--job-id', '704', '--raw', '--subdir', 'DAGS_FOLDER/driven_data_pipeline.py', '--cfg-path', '/tmp/tmpf286ukph']
[2025-04-10T07:45:09.547+0000] {standard_task_runner.py:105} INFO - Job 704: Subtask run_dbt_staging
[2025-04-10T07:45:09.614+0000] {task_command.py:467} INFO - Running <TaskInstance: extract_raw_data_pipeline.run_dbt_staging scheduled__2025-04-10T07:44:00+00:00 [running]> on host c829a6b69367
[2025-04-10T07:45:09.739+0000] {taskinstance.py:3131} INFO - Exporting env vars: AIRFLOW_CTX_DAG_OWNER='***' AIRFLOW_CTX_DAG_ID='extract_raw_data_pipeline' AIRFLOW_CTX_TASK_ID='run_dbt_staging' AIRFLOW_CTX_EXECUTION_DATE='2025-04-10T07:44:00+00:00' AIRFLOW_CTX_TRY_NUMBER='1' AIRFLOW_CTX_DAG_RUN_ID='scheduled__2025-04-10T07:44:00+00:00'
[2025-04-10T07:45:09.741+0000] {taskinstance.py:731} INFO - ::endgroup::
[2025-04-10T07:45:09.761+0000] {subprocess.py:63} INFO - Tmp dir root location: /tmp
[2025-04-10T07:45:09.762+0000] {subprocess.py:75} INFO - Running command: ['/usr/bin/bash', '-c', 'set -x; cd /opt/***/dbt && dbt run --select tag:staging']
[2025-04-10T07:45:09.779+0000] {subprocess.py:86} INFO - Output:
[2025-04-10T07:45:09.781+0000] {subprocess.py:93} INFO - + cd /opt/***/dbt
[2025-04-10T07:45:09.782+0000] {subprocess.py:93} INFO - + dbt run --select tag:staging
[2025-04-10T07:45:13.451+0000] {subprocess.py:93} INFO - [0m07:45:13  Running with dbt=1.8.0
[2025-04-10T07:45:13.898+0000] {subprocess.py:93} INFO - [0m07:45:13  Registered adapter: postgres=1.8.2
[2025-04-10T07:45:14.748+0000] {subprocess.py:93} INFO - [0m07:45:14  Found 9 models, 10 sources, 428 macros
[2025-04-10T07:45:14.753+0000] {subprocess.py:93} INFO - [0m07:45:14
[2025-04-10T07:45:14.973+0000] {subprocess.py:93} INFO - [0m07:45:14  Concurrency: 1 threads (target='dev')
[2025-04-10T07:45:14.974+0000] {subprocess.py:93} INFO - [0m07:45:14
[2025-04-10T07:45:14.989+0000] {subprocess.py:93} INFO - [0m07:45:14  1 of 5 START sql table model driven_staging.dim_address ........................ [RUN]
[2025-04-10T07:46:27.079+0000] {subprocess.py:93} INFO - [0m07:46:27  1 of 5 OK created sql table model driven_staging.dim_address ................... [[32mSELECT 1829408[0m in 72.08s]
[2025-04-10T07:46:27.084+0000] {subprocess.py:93} INFO - [0m07:46:27  2 of 5 START sql table model driven_staging.dim_date ........................... [RUN]
[2025-04-10T07:47:04.752+0000] {subprocess.py:93} INFO - [0m07:47:04  2 of 5 OK created sql table model driven_staging.dim_date ...................... [[32mSELECT 1870158[0m in 37.66s]
[2025-04-10T07:47:04.756+0000] {subprocess.py:93} INFO - [0m07:47:04  3 of 5 START sql table model driven_staging.dim_finance ........................ [RUN]
[2025-04-10T07:47:48.044+0000] {subprocess.py:93} INFO - [0m07:47:48  3 of 5 OK created sql table model driven_staging.dim_finance ................... [[32mSELECT 1870158[0m in 43.28s]
[2025-04-10T07:47:48.051+0000] {subprocess.py:93} INFO - [0m07:47:48  4 of 5 START sql table model driven_staging.dim_person ......................... [RUN]
[2025-04-10T07:48:02.268+0000] {subprocess.py:93} INFO - [0m07:48:02  4 of 5 OK created sql table model driven_staging.dim_person .................... [[32mSELECT 1911368[0m in 14.21s]
[2025-04-10T07:48:02.275+0000] {subprocess.py:93} INFO - [0m07:48:02  5 of 5 START sql table model driven_staging.fact_network_usage ................. [RUN]
[2025-04-10T07:48:32.293+0000] {subprocess.py:93} INFO - [0m07:48:32  5 of 5 OK created sql table model driven_staging.fact_network_usage ............ [[32mSELECT 1911368[0m in 30.01s]
[2025-04-10T07:48:32.320+0000] {subprocess.py:93} INFO - [0m07:48:32
[2025-04-10T07:48:32.322+0000] {subprocess.py:93} INFO - [0m07:48:32  Finished running 5 table models in 0 hours 3 minutes and 17.57 seconds (197.57s).
[2025-04-10T07:48:32.423+0000] {subprocess.py:93} INFO - [0m07:48:32
[2025-04-10T07:48:32.424+0000] {subprocess.py:93} INFO - [0m07:48:32  [32mCompleted successfully[0m
[2025-04-10T07:48:32.426+0000] {subprocess.py:93} INFO - [0m07:48:32
[2025-04-10T07:48:32.427+0000] {subprocess.py:93} INFO - [0m07:48:32  Done. PASS=5 WARN=0 ERROR=0 SKIP=0 TOTAL=5
[2025-04-10T07:48:33.775+0000] {subprocess.py:97} INFO - Command exited with return code 0
[2025-04-10T07:48:33.829+0000] {taskinstance.py:340} INFO - ::group::Post task execution logs
[2025-04-10T07:48:33.830+0000] {taskinstance.py:352} INFO - Marking task as SUCCESS. dag_id=extract_raw_data_pipeline, task_id=run_dbt_staging, run_id=scheduled__2025-04-10T07:44:00+00:00, execution_date=20250410T074400, start_date=20250410T074509, end_date=20250410T074833
[2025-04-10T07:48:33.889+0000] {local_task_job_runner.py:266} INFO - Task exited with return code 0
[2025-04-10T07:48:33.917+0000] {taskinstance.py:3900} INFO - 1 downstream tasks scheduled from follow-on schedule check
[2025-04-10T07:48:33.936+0000] {local_task_job_runner.py:245} INFO - ::endgroup::
