[2025-04-09T07:48:14.757+0000] {local_task_job_runner.py:123} INFO - ::group::Pre task execution logs
[2025-04-09T07:48:14.775+0000] {taskinstance.py:2612} INFO - Dependencies all met for dep_context=non-requeueable deps ti=<TaskInstance: extract_raw_data_pipeline.run_dbt_trusted scheduled__2025-04-09T07:47:00+00:00 [queued]>
[2025-04-09T07:48:14.786+0000] {taskinstance.py:2612} INFO - Dependencies all met for dep_context=requeueable deps ti=<TaskInstance: extract_raw_data_pipeline.run_dbt_trusted scheduled__2025-04-09T07:47:00+00:00 [queued]>
[2025-04-09T07:48:14.786+0000] {taskinstance.py:2865} INFO - Starting attempt 1 of 1
[2025-04-09T07:48:14.806+0000] {taskinstance.py:2888} INFO - Executing <Task(BashOperator): run_dbt_trusted> on 2025-04-09 07:47:00+00:00
[2025-04-09T07:48:14.814+0000] {warnings.py:112} WARNING - /home/***/.local/lib/python3.12/site-packages/***/task/task_runner/standard_task_runner.py:70: DeprecationWarning: This process (pid=3835) is multi-threaded, use of fork() may lead to deadlocks in the child.
  pid = os.fork()

[2025-04-09T07:48:14.816+0000] {standard_task_runner.py:72} INFO - Started process 3838 to run task
[2025-04-09T07:48:14.816+0000] {standard_task_runner.py:104} INFO - Running: ['***', 'tasks', 'run', 'extract_raw_data_pipeline', 'run_dbt_trusted', 'scheduled__2025-04-09T07:47:00+00:00', '--job-id', '362', '--raw', '--subdir', 'DAGS_FOLDER/driven_data_pipeline.py', '--cfg-path', '/tmp/tmpzm9lgv7y']
[2025-04-09T07:48:14.817+0000] {standard_task_runner.py:105} INFO - Job 362: Subtask run_dbt_trusted
[2025-04-09T07:48:14.876+0000] {task_command.py:467} INFO - Running <TaskInstance: extract_raw_data_pipeline.run_dbt_trusted scheduled__2025-04-09T07:47:00+00:00 [running]> on host c829a6b69367
[2025-04-09T07:48:14.983+0000] {taskinstance.py:3131} INFO - Exporting env vars: AIRFLOW_CTX_DAG_OWNER='***' AIRFLOW_CTX_DAG_ID='extract_raw_data_pipeline' AIRFLOW_CTX_TASK_ID='run_dbt_trusted' AIRFLOW_CTX_EXECUTION_DATE='2025-04-09T07:47:00+00:00' AIRFLOW_CTX_TRY_NUMBER='1' AIRFLOW_CTX_DAG_RUN_ID='scheduled__2025-04-09T07:47:00+00:00'
[2025-04-09T07:48:14.984+0000] {taskinstance.py:731} INFO - ::endgroup::
[2025-04-09T07:48:15.001+0000] {subprocess.py:63} INFO - Tmp dir root location: /tmp
[2025-04-09T07:48:15.002+0000] {subprocess.py:75} INFO - Running command: ['/usr/bin/bash', '-c', 'set -x; cd /opt/***/dbt && dbt run --select tag:trusted']
[2025-04-09T07:48:15.016+0000] {subprocess.py:86} INFO - Output:
[2025-04-09T07:48:15.018+0000] {subprocess.py:93} INFO - + cd /opt/***/dbt
[2025-04-09T07:48:15.018+0000] {subprocess.py:93} INFO - + dbt run --select tag:trusted
[2025-04-09T07:48:17.207+0000] {subprocess.py:93} INFO - [0m07:48:17  Running with dbt=1.8.0
[2025-04-09T07:48:17.477+0000] {subprocess.py:93} INFO - [0m07:48:17  Registered adapter: postgres=1.8.2
[2025-04-09T07:48:17.962+0000] {subprocess.py:93} INFO - [0m07:48:17  Found 9 models, 10 sources, 428 macros
[2025-04-09T07:48:17.965+0000] {subprocess.py:93} INFO - [0m07:48:17
[2025-04-09T07:48:18.112+0000] {subprocess.py:93} INFO - [0m07:48:18  Concurrency: 1 threads (target='dev')
[2025-04-09T07:48:18.113+0000] {subprocess.py:93} INFO - [0m07:48:18
[2025-04-09T07:48:18.126+0000] {subprocess.py:93} INFO - [0m07:48:18  1 of 4 START sql table model driven_trusted.non_pii_data ....................... [RUN]
[2025-04-09T07:48:25.616+0000] {subprocess.py:93} INFO - [0m07:48:25  1 of 4 OK created sql table model driven_trusted.non_pii_data .................. [[32mSELECT 417039[0m in 7.49s]
[2025-04-09T07:48:25.619+0000] {subprocess.py:93} INFO - [0m07:48:25  2 of 4 START sql table model driven_trusted.payment_data ....................... [RUN]
[2025-04-09T07:48:28.076+0000] {subprocess.py:93} INFO - [0m07:48:28  2 of 4 OK created sql table model driven_trusted.payment_data .................. [[32mSELECT 417039[0m in 2.45s]
[2025-04-09T07:48:28.080+0000] {subprocess.py:93} INFO - [0m07:48:28  3 of 4 START sql table model driven_trusted.pii_data ........................... [RUN]
[2025-04-09T07:48:36.090+0000] {subprocess.py:93} INFO - [0m07:48:36  3 of 4 OK created sql table model driven_trusted.pii_data ...................... [[32mSELECT 417039[0m in 8.01s]
[2025-04-09T07:48:36.093+0000] {subprocess.py:93} INFO - [0m07:48:36  4 of 4 START sql table model driven_trusted.technical_data ..................... [RUN]
[2025-04-09T07:48:37.903+0000] {subprocess.py:93} INFO - [0m07:48:37  4 of 4 OK created sql table model driven_trusted.technical_data ................ [[32mSELECT 417039[0m in 1.81s]
[2025-04-09T07:48:37.919+0000] {subprocess.py:93} INFO - [0m07:48:37
[2025-04-09T07:48:37.920+0000] {subprocess.py:93} INFO - [0m07:48:37  Finished running 4 table models in 0 hours 0 minutes and 19.95 seconds (19.95s).
[2025-04-09T07:48:37.972+0000] {subprocess.py:93} INFO - [0m07:48:37
[2025-04-09T07:48:37.973+0000] {subprocess.py:93} INFO - [0m07:48:37  [32mCompleted successfully[0m
[2025-04-09T07:48:37.973+0000] {subprocess.py:93} INFO - [0m07:48:37
[2025-04-09T07:48:37.974+0000] {subprocess.py:93} INFO - [0m07:48:37  Done. PASS=4 WARN=0 ERROR=0 SKIP=0 TOTAL=4
[2025-04-09T07:48:39.016+0000] {subprocess.py:97} INFO - Command exited with return code 0
[2025-04-09T07:48:39.051+0000] {taskinstance.py:340} INFO - ::group::Post task execution logs
[2025-04-09T07:48:39.052+0000] {taskinstance.py:352} INFO - Marking task as SUCCESS. dag_id=extract_raw_data_pipeline, task_id=run_dbt_trusted, run_id=scheduled__2025-04-09T07:47:00+00:00, execution_date=20250409T074700, start_date=20250409T074814, end_date=20250409T074839
[2025-04-09T07:48:39.112+0000] {local_task_job_runner.py:266} INFO - Task exited with return code 0
[2025-04-09T07:48:39.129+0000] {taskinstance.py:3900} INFO - 0 downstream tasks scheduled from follow-on schedule check
[2025-04-09T07:48:39.132+0000] {local_task_job_runner.py:245} INFO - ::endgroup::
