[2025-04-10T07:10:06.819+0000] {local_task_job_runner.py:123} INFO - ::group::Pre task execution logs
[2025-04-10T07:10:06.881+0000] {taskinstance.py:2612} INFO - Dependencies all met for dep_context=non-requeueable deps ti=<TaskInstance: extract_raw_data_pipeline.run_dbt_trusted scheduled__2025-04-10T07:08:00+00:00 [queued]>
[2025-04-10T07:10:06.918+0000] {taskinstance.py:2612} INFO - Dependencies all met for dep_context=requeueable deps ti=<TaskInstance: extract_raw_data_pipeline.run_dbt_trusted scheduled__2025-04-10T07:08:00+00:00 [queued]>
[2025-04-10T07:10:06.919+0000] {taskinstance.py:2865} INFO - Starting attempt 1 of 1
[2025-04-10T07:10:06.985+0000] {taskinstance.py:2888} INFO - Executing <Task(BashOperator): run_dbt_trusted> on 2025-04-10 07:08:00+00:00
[2025-04-10T07:10:07.010+0000] {warnings.py:112} WARNING - /home/***/.local/lib/python3.12/site-packages/***/task/task_runner/standard_task_runner.py:70: DeprecationWarning: This process (pid=2782) is multi-threaded, use of fork() may lead to deadlocks in the child.
  pid = os.fork()

[2025-04-10T07:10:07.013+0000] {standard_task_runner.py:72} INFO - Started process 2797 to run task
[2025-04-10T07:10:07.012+0000] {standard_task_runner.py:104} INFO - Running: ['***', 'tasks', 'run', 'extract_raw_data_pipeline', 'run_dbt_trusted', 'scheduled__2025-04-10T07:08:00+00:00', '--job-id', '492', '--raw', '--subdir', 'DAGS_FOLDER/driven_data_pipeline.py', '--cfg-path', '/tmp/tmpdwrbylyf']
[2025-04-10T07:10:07.015+0000] {standard_task_runner.py:105} INFO - Job 492: Subtask run_dbt_trusted
[2025-04-10T07:10:07.161+0000] {task_command.py:467} INFO - Running <TaskInstance: extract_raw_data_pipeline.run_dbt_trusted scheduled__2025-04-10T07:08:00+00:00 [running]> on host c829a6b69367
[2025-04-10T07:10:07.448+0000] {taskinstance.py:3131} INFO - Exporting env vars: AIRFLOW_CTX_DAG_OWNER='***' AIRFLOW_CTX_DAG_ID='extract_raw_data_pipeline' AIRFLOW_CTX_TASK_ID='run_dbt_trusted' AIRFLOW_CTX_EXECUTION_DATE='2025-04-10T07:08:00+00:00' AIRFLOW_CTX_TRY_NUMBER='1' AIRFLOW_CTX_DAG_RUN_ID='scheduled__2025-04-10T07:08:00+00:00'
[2025-04-10T07:10:07.453+0000] {taskinstance.py:731} INFO - ::endgroup::
[2025-04-10T07:10:07.520+0000] {subprocess.py:63} INFO - Tmp dir root location: /tmp
[2025-04-10T07:10:07.525+0000] {subprocess.py:75} INFO - Running command: ['/usr/bin/bash', '-c', 'set -x; cd /opt/***/dbt && dbt run --select tag:trusted']
[2025-04-10T07:10:07.573+0000] {subprocess.py:86} INFO - Output:
[2025-04-10T07:10:07.579+0000] {subprocess.py:93} INFO - + cd /opt/***/dbt
[2025-04-10T07:10:07.582+0000] {subprocess.py:93} INFO - + dbt run --select tag:trusted
[2025-04-10T07:10:16.303+0000] {subprocess.py:93} INFO - [0m07:10:16  Running with dbt=1.8.0
[2025-04-10T07:10:16.907+0000] {subprocess.py:93} INFO - [0m07:10:16  Registered adapter: postgres=1.8.2
[2025-04-10T07:10:18.498+0000] {subprocess.py:93} INFO - [0m07:10:18  Found 9 models, 10 sources, 428 macros
[2025-04-10T07:10:18.503+0000] {subprocess.py:93} INFO - [0m07:10:18
[2025-04-10T07:10:18.937+0000] {subprocess.py:93} INFO - [0m07:10:18  Concurrency: 1 threads (target='dev')
[2025-04-10T07:10:18.953+0000] {subprocess.py:93} INFO - [0m07:10:18
[2025-04-10T07:10:19.003+0000] {subprocess.py:93} INFO - [0m07:10:19  1 of 4 START sql table model driven_trusted.non_pii_data ....................... [RUN]
[2025-04-10T07:10:29.837+0000] {subprocess.py:93} INFO - [0m07:10:29  1 of 4 OK created sql table model driven_trusted.non_pii_data .................. [[32mSELECT 719665[0m in 10.82s]
[2025-04-10T07:10:29.851+0000] {subprocess.py:93} INFO - [0m07:10:29  2 of 4 START sql table model driven_trusted.payment_data ....................... [RUN]
[2025-04-10T07:10:34.457+0000] {subprocess.py:93} INFO - [0m07:10:34  2 of 4 OK created sql table model driven_trusted.payment_data .................. [[32mSELECT 719665[0m in 4.60s]
[2025-04-10T07:10:34.465+0000] {subprocess.py:93} INFO - [0m07:10:34  3 of 4 START sql table model driven_trusted.pii_data ........................... [RUN]
[2025-04-10T07:10:46.797+0000] {subprocess.py:93} INFO - [0m07:10:46  3 of 4 OK created sql table model driven_trusted.pii_data ...................... [[32mSELECT 719665[0m in 12.32s]
[2025-04-10T07:10:46.808+0000] {subprocess.py:93} INFO - [0m07:10:46  4 of 4 START sql table model driven_trusted.technical_data ..................... [RUN]
[2025-04-10T07:10:51.056+0000] {subprocess.py:93} INFO - [0m07:10:51  4 of 4 OK created sql table model driven_trusted.technical_data ................ [[32mSELECT 719665[0m in 4.24s]
[2025-04-10T07:10:51.101+0000] {subprocess.py:93} INFO - [0m07:10:51
[2025-04-10T07:10:51.102+0000] {subprocess.py:93} INFO - [0m07:10:51  Finished running 4 table models in 0 hours 0 minutes and 32.60 seconds (32.60s).
[2025-04-10T07:10:51.246+0000] {subprocess.py:93} INFO - [0m07:10:51
[2025-04-10T07:10:51.247+0000] {subprocess.py:93} INFO - [0m07:10:51  [32mCompleted successfully[0m
[2025-04-10T07:10:51.249+0000] {subprocess.py:93} INFO - [0m07:10:51
[2025-04-10T07:10:51.251+0000] {subprocess.py:93} INFO - [0m07:10:51  Done. PASS=4 WARN=0 ERROR=0 SKIP=0 TOTAL=4
[2025-04-10T07:10:53.069+0000] {subprocess.py:97} INFO - Command exited with return code 0
[2025-04-10T07:10:53.184+0000] {taskinstance.py:340} INFO - ::group::Post task execution logs
[2025-04-10T07:10:53.189+0000] {taskinstance.py:352} INFO - Marking task as SUCCESS. dag_id=extract_raw_data_pipeline, task_id=run_dbt_trusted, run_id=scheduled__2025-04-10T07:08:00+00:00, execution_date=20250410T070800, start_date=20250410T071006, end_date=20250410T071053
[2025-04-10T07:10:53.292+0000] {local_task_job_runner.py:266} INFO - Task exited with return code 0
[2025-04-10T07:10:53.343+0000] {taskinstance.py:3900} INFO - 0 downstream tasks scheduled from follow-on schedule check
[2025-04-10T07:10:53.351+0000] {local_task_job_runner.py:245} INFO - ::endgroup::
