[2025-04-10T07:10:17.594+0000] {local_task_job_runner.py:123} INFO - ::group::Pre task execution logs
[2025-04-10T07:10:17.658+0000] {taskinstance.py:2612} INFO - Dependencies all met for dep_context=non-requeueable deps ti=<TaskInstance: extract_raw_data_pipeline.run_dbt_staging scheduled__2025-04-10T07:09:00+00:00 [queued]>
[2025-04-10T07:10:17.691+0000] {taskinstance.py:2612} INFO - Dependencies all met for dep_context=requeueable deps ti=<TaskInstance: extract_raw_data_pipeline.run_dbt_staging scheduled__2025-04-10T07:09:00+00:00 [queued]>
[2025-04-10T07:10:17.694+0000] {taskinstance.py:2865} INFO - Starting attempt 1 of 1
[2025-04-10T07:10:17.777+0000] {taskinstance.py:2888} INFO - Executing <Task(BashOperator): run_dbt_staging> on 2025-04-10 07:09:00+00:00
[2025-04-10T07:10:17.805+0000] {warnings.py:112} WARNING - /home/***/.local/lib/python3.12/site-packages/***/task/task_runner/standard_task_runner.py:70: DeprecationWarning: This process (pid=2808) is multi-threaded, use of fork() may lead to deadlocks in the child.
  pid = os.fork()

[2025-04-10T07:10:17.808+0000] {standard_task_runner.py:72} INFO - Started process 2812 to run task
[2025-04-10T07:10:17.809+0000] {standard_task_runner.py:104} INFO - Running: ['***', 'tasks', 'run', 'extract_raw_data_pipeline', 'run_dbt_staging', 'scheduled__2025-04-10T07:09:00+00:00', '--job-id', '495', '--raw', '--subdir', 'DAGS_FOLDER/driven_data_pipeline.py', '--cfg-path', '/tmp/tmpisoi3l_r']
[2025-04-10T07:10:17.811+0000] {standard_task_runner.py:105} INFO - Job 495: Subtask run_dbt_staging
[2025-04-10T07:10:17.954+0000] {task_command.py:467} INFO - Running <TaskInstance: extract_raw_data_pipeline.run_dbt_staging scheduled__2025-04-10T07:09:00+00:00 [running]> on host c829a6b69367
[2025-04-10T07:10:18.180+0000] {taskinstance.py:3131} INFO - Exporting env vars: AIRFLOW_CTX_DAG_OWNER='***' AIRFLOW_CTX_DAG_ID='extract_raw_data_pipeline' AIRFLOW_CTX_TASK_ID='run_dbt_staging' AIRFLOW_CTX_EXECUTION_DATE='2025-04-10T07:09:00+00:00' AIRFLOW_CTX_TRY_NUMBER='1' AIRFLOW_CTX_DAG_RUN_ID='scheduled__2025-04-10T07:09:00+00:00'
[2025-04-10T07:10:18.188+0000] {taskinstance.py:731} INFO - ::endgroup::
[2025-04-10T07:10:18.245+0000] {subprocess.py:63} INFO - Tmp dir root location: /tmp
[2025-04-10T07:10:18.249+0000] {subprocess.py:75} INFO - Running command: ['/usr/bin/bash', '-c', 'set -x; cd /opt/***/dbt && dbt run --select tag:staging']
[2025-04-10T07:10:18.294+0000] {subprocess.py:86} INFO - Output:
[2025-04-10T07:10:18.299+0000] {subprocess.py:93} INFO - + cd /opt/***/dbt
[2025-04-10T07:10:18.301+0000] {subprocess.py:93} INFO - + dbt run --select tag:staging
[2025-04-10T07:10:27.957+0000] {subprocess.py:93} INFO - [0m07:10:27  Running with dbt=1.8.0
[2025-04-10T07:10:28.869+0000] {subprocess.py:93} INFO - [0m07:10:28  Registered adapter: postgres=1.8.2
[2025-04-10T07:10:30.410+0000] {subprocess.py:93} INFO - [0m07:10:30  Found 9 models, 10 sources, 428 macros
[2025-04-10T07:10:30.426+0000] {subprocess.py:93} INFO - [0m07:10:30
[2025-04-10T07:10:30.803+0000] {subprocess.py:93} INFO - [0m07:10:30  Concurrency: 1 threads (target='dev')
[2025-04-10T07:10:30.805+0000] {subprocess.py:93} INFO - [0m07:10:30
[2025-04-10T07:10:30.847+0000] {subprocess.py:93} INFO - [0m07:10:30  1 of 5 START sql table model driven_staging.dim_address ........................ [RUN]
[2025-04-10T07:10:33.977+0000] {subprocess.py:93} INFO - [0m07:10:33  1 of 5 OK created sql table model driven_staging.dim_address ................... [[32mSELECT 740493[0m in 3.12s]
[2025-04-10T07:10:33.983+0000] {subprocess.py:93} INFO - [0m07:10:33  2 of 5 START sql table model driven_staging.dim_date ........................... [RUN]
[2025-04-10T07:10:46.815+0000] {subprocess.py:93} INFO - [0m07:10:46  2 of 5 OK created sql table model driven_staging.dim_date ...................... [[32mSELECT 740493[0m in 12.83s]
[2025-04-10T07:10:46.820+0000] {subprocess.py:93} INFO - [0m07:10:46  3 of 5 START sql table model driven_staging.dim_finance ........................ [RUN]
[2025-04-10T07:10:49.510+0000] {subprocess.py:93} INFO - [0m07:10:49  3 of 5 OK created sql table model driven_staging.dim_finance ................... [[32mSELECT 740493[0m in 2.69s]
[2025-04-10T07:10:49.517+0000] {subprocess.py:93} INFO - [0m07:10:49  4 of 5 START sql table model driven_staging.dim_person ......................... [RUN]
[2025-04-10T07:10:51.777+0000] {subprocess.py:93} INFO - [0m07:10:51  4 of 5 OK created sql table model driven_staging.dim_person .................... [[32mSELECT 740493[0m in 2.26s]
[2025-04-10T07:10:51.780+0000] {subprocess.py:93} INFO - [0m07:10:51  5 of 5 START sql table model driven_staging.fact_network_usage ................. [RUN]
[2025-04-10T07:10:53.418+0000] {subprocess.py:93} INFO - [0m07:10:53  5 of 5 OK created sql table model driven_staging.fact_network_usage ............ [[32mSELECT 740493[0m in 1.63s]
[2025-04-10T07:10:53.473+0000] {subprocess.py:93} INFO - [0m07:10:53
[2025-04-10T07:10:53.477+0000] {subprocess.py:93} INFO - [0m07:10:53  Finished running 5 table models in 0 hours 0 minutes and 23.04 seconds (23.04s).
[2025-04-10T07:10:53.677+0000] {subprocess.py:93} INFO - [0m07:10:53
[2025-04-10T07:10:53.679+0000] {subprocess.py:93} INFO - [0m07:10:53  [32mCompleted successfully[0m
[2025-04-10T07:10:53.683+0000] {subprocess.py:93} INFO - [0m07:10:53
[2025-04-10T07:10:53.685+0000] {subprocess.py:93} INFO - [0m07:10:53  Done. PASS=5 WARN=0 ERROR=0 SKIP=0 TOTAL=5
[2025-04-10T07:10:55.557+0000] {subprocess.py:97} INFO - Command exited with return code 0
[2025-04-10T07:10:55.623+0000] {taskinstance.py:340} INFO - ::group::Post task execution logs
[2025-04-10T07:10:55.626+0000] {taskinstance.py:352} INFO - Marking task as SUCCESS. dag_id=extract_raw_data_pipeline, task_id=run_dbt_staging, run_id=scheduled__2025-04-10T07:09:00+00:00, execution_date=20250410T070900, start_date=20250410T071017, end_date=20250410T071055
[2025-04-10T07:10:55.715+0000] {local_task_job_runner.py:266} INFO - Task exited with return code 0
[2025-04-10T07:10:55.773+0000] {taskinstance.py:3900} INFO - 1 downstream tasks scheduled from follow-on schedule check
[2025-04-10T07:10:55.778+0000] {local_task_job_runner.py:245} INFO - ::endgroup::
