[2025-04-09T07:19:08.610+0000] {local_task_job_runner.py:123} INFO - ::group::Pre task execution logs
[2025-04-09T07:19:08.631+0000] {taskinstance.py:2612} INFO - Dependencies all met for dep_context=non-requeueable deps ti=<TaskInstance: extract_raw_data_pipeline.run_dbt_staging scheduled__2025-04-09T07:18:00+00:00 [queued]>
[2025-04-09T07:19:08.643+0000] {taskinstance.py:2612} INFO - Dependencies all met for dep_context=requeueable deps ti=<TaskInstance: extract_raw_data_pipeline.run_dbt_staging scheduled__2025-04-09T07:18:00+00:00 [queued]>
[2025-04-09T07:19:08.643+0000] {taskinstance.py:2865} INFO - Starting attempt 1 of 1
[2025-04-09T07:19:08.662+0000] {taskinstance.py:2888} INFO - Executing <Task(BashOperator): run_dbt_staging> on 2025-04-09 07:18:00+00:00
[2025-04-09T07:19:08.670+0000] {warnings.py:112} WARNING - /home/***/.local/lib/python3.12/site-packages/***/task/task_runner/standard_task_runner.py:70: DeprecationWarning: This process (pid=2067) is multi-threaded, use of fork() may lead to deadlocks in the child.
  pid = os.fork()

[2025-04-09T07:19:08.672+0000] {standard_task_runner.py:72} INFO - Started process 2069 to run task
[2025-04-09T07:19:08.673+0000] {standard_task_runner.py:104} INFO - Running: ['***', 'tasks', 'run', 'extract_raw_data_pipeline', 'run_dbt_staging', 'scheduled__2025-04-09T07:18:00+00:00', '--job-id', '183', '--raw', '--subdir', 'DAGS_FOLDER/driven_data_pipeline.py', '--cfg-path', '/tmp/tmp2gqd3fch']
[2025-04-09T07:19:08.675+0000] {standard_task_runner.py:105} INFO - Job 183: Subtask run_dbt_staging
[2025-04-09T07:19:08.738+0000] {task_command.py:467} INFO - Running <TaskInstance: extract_raw_data_pipeline.run_dbt_staging scheduled__2025-04-09T07:18:00+00:00 [running]> on host c829a6b69367
[2025-04-09T07:19:08.836+0000] {taskinstance.py:3131} INFO - Exporting env vars: AIRFLOW_CTX_DAG_OWNER='***' AIRFLOW_CTX_DAG_ID='extract_raw_data_pipeline' AIRFLOW_CTX_TASK_ID='run_dbt_staging' AIRFLOW_CTX_EXECUTION_DATE='2025-04-09T07:18:00+00:00' AIRFLOW_CTX_TRY_NUMBER='1' AIRFLOW_CTX_DAG_RUN_ID='scheduled__2025-04-09T07:18:00+00:00'
[2025-04-09T07:19:08.837+0000] {taskinstance.py:731} INFO - ::endgroup::
[2025-04-09T07:19:08.855+0000] {subprocess.py:63} INFO - Tmp dir root location: /tmp
[2025-04-09T07:19:08.857+0000] {subprocess.py:75} INFO - Running command: ['/usr/bin/bash', '-c', 'set -x; cd /opt/***/dbt && dbt run --select tag:staging']
[2025-04-09T07:19:08.872+0000] {subprocess.py:86} INFO - Output:
[2025-04-09T07:19:08.873+0000] {subprocess.py:93} INFO - + cd /opt/***/dbt
[2025-04-09T07:19:08.874+0000] {subprocess.py:93} INFO - + dbt run --select tag:staging
[2025-04-09T07:19:11.015+0000] {subprocess.py:93} INFO - [0m07:19:11  Running with dbt=1.8.0
[2025-04-09T07:19:11.285+0000] {subprocess.py:93} INFO - [0m07:19:11  Registered adapter: postgres=1.8.2
[2025-04-09T07:19:11.741+0000] {subprocess.py:93} INFO - [0m07:19:11  Found 9 models, 10 sources, 428 macros
[2025-04-09T07:19:11.744+0000] {subprocess.py:93} INFO - [0m07:19:11
[2025-04-09T07:19:11.876+0000] {subprocess.py:93} INFO - [0m07:19:11  Concurrency: 1 threads (target='dev')
[2025-04-09T07:19:11.877+0000] {subprocess.py:93} INFO - [0m07:19:11
[2025-04-09T07:19:11.892+0000] {subprocess.py:93} INFO - [0m07:19:11  1 of 5 START sql table model driven_staging.dim_address ........................ [RUN]
[2025-04-09T07:19:12.268+0000] {subprocess.py:93} INFO - [0m07:19:12  1 of 5 OK created sql table model driven_staging.dim_address ................... [[32mSELECT 151448[0m in 0.37s]
[2025-04-09T07:19:12.271+0000] {subprocess.py:93} INFO - [0m07:19:12  2 of 5 START sql table model driven_staging.dim_date ........................... [RUN]
[2025-04-09T07:19:12.543+0000] {subprocess.py:93} INFO - [0m07:19:12  2 of 5 OK created sql table model driven_staging.dim_date ...................... [[32mSELECT 151448[0m in 0.27s]
[2025-04-09T07:19:12.546+0000] {subprocess.py:93} INFO - [0m07:19:12  3 of 5 START sql table model driven_staging.dim_finance ........................ [RUN]
[2025-04-09T07:19:12.791+0000] {subprocess.py:93} INFO - [0m07:19:12  3 of 5 OK created sql table model driven_staging.dim_finance ................... [[32mSELECT 151448[0m in 0.24s]
[2025-04-09T07:19:12.794+0000] {subprocess.py:93} INFO - [0m07:19:12  4 of 5 START sql table model driven_staging.dim_person ......................... [RUN]
[2025-04-09T07:19:13.162+0000] {subprocess.py:93} INFO - [0m07:19:13  4 of 5 OK created sql table model driven_staging.dim_person .................... [[32mSELECT 151448[0m in 0.37s]
[2025-04-09T07:19:13.165+0000] {subprocess.py:93} INFO - [0m07:19:13  5 of 5 START sql table model driven_staging.fact_network_usage ................. [RUN]
[2025-04-09T07:19:13.397+0000] {subprocess.py:93} INFO - [0m07:19:13  5 of 5 OK created sql table model driven_staging.fact_network_usage ............ [[32mSELECT 151448[0m in 0.23s]
[2025-04-09T07:19:13.413+0000] {subprocess.py:93} INFO - [0m07:19:13
[2025-04-09T07:19:13.415+0000] {subprocess.py:93} INFO - [0m07:19:13  Finished running 5 table models in 0 hours 0 minutes and 1.67 seconds (1.67s).
[2025-04-09T07:19:13.471+0000] {subprocess.py:93} INFO - [0m07:19:13
[2025-04-09T07:19:13.472+0000] {subprocess.py:93} INFO - [0m07:19:13  [32mCompleted successfully[0m
[2025-04-09T07:19:13.473+0000] {subprocess.py:93} INFO - [0m07:19:13
[2025-04-09T07:19:13.473+0000] {subprocess.py:93} INFO - [0m07:19:13  Done. PASS=5 WARN=0 ERROR=0 SKIP=0 TOTAL=5
[2025-04-09T07:19:14.817+0000] {subprocess.py:97} INFO - Command exited with return code 0
[2025-04-09T07:19:14.853+0000] {taskinstance.py:340} INFO - ::group::Post task execution logs
[2025-04-09T07:19:14.854+0000] {taskinstance.py:352} INFO - Marking task as SUCCESS. dag_id=extract_raw_data_pipeline, task_id=run_dbt_staging, run_id=scheduled__2025-04-09T07:18:00+00:00, execution_date=20250409T071800, start_date=20250409T071908, end_date=20250409T071914
[2025-04-09T07:19:14.897+0000] {local_task_job_runner.py:266} INFO - Task exited with return code 0
[2025-04-09T07:19:14.921+0000] {taskinstance.py:3900} INFO - 1 downstream tasks scheduled from follow-on schedule check
[2025-04-09T07:19:14.924+0000] {local_task_job_runner.py:245} INFO - ::endgroup::
