[2025-04-09T07:57:09.181+0000] {local_task_job_runner.py:123} INFO - ::group::Pre task execution logs
[2025-04-09T07:57:09.207+0000] {taskinstance.py:2612} INFO - Dependencies all met for dep_context=non-requeueable deps ti=<TaskInstance: extract_raw_data_pipeline.run_dbt_staging scheduled__2025-04-09T07:56:00+00:00 [queued]>
[2025-04-09T07:57:09.226+0000] {taskinstance.py:2612} INFO - Dependencies all met for dep_context=requeueable deps ti=<TaskInstance: extract_raw_data_pipeline.run_dbt_staging scheduled__2025-04-09T07:56:00+00:00 [queued]>
[2025-04-09T07:57:09.227+0000] {taskinstance.py:2865} INFO - Starting attempt 1 of 1
[2025-04-09T07:57:09.261+0000] {taskinstance.py:2888} INFO - Executing <Task(BashOperator): run_dbt_staging> on 2025-04-09 07:56:00+00:00
[2025-04-09T07:57:09.273+0000] {warnings.py:112} WARNING - /home/***/.local/lib/python3.12/site-packages/***/task/task_runner/standard_task_runner.py:70: DeprecationWarning: This process (pid=4365) is multi-threaded, use of fork() may lead to deadlocks in the child.
  pid = os.fork()

[2025-04-09T07:57:09.276+0000] {standard_task_runner.py:72} INFO - Started process 4367 to run task
[2025-04-09T07:57:09.277+0000] {standard_task_runner.py:104} INFO - Running: ['***', 'tasks', 'run', 'extract_raw_data_pipeline', 'run_dbt_staging', 'scheduled__2025-04-09T07:56:00+00:00', '--job-id', '415', '--raw', '--subdir', 'DAGS_FOLDER/driven_data_pipeline.py', '--cfg-path', '/tmp/tmpde8k64zs']
[2025-04-09T07:57:09.279+0000] {standard_task_runner.py:105} INFO - Job 415: Subtask run_dbt_staging
[2025-04-09T07:57:09.350+0000] {task_command.py:467} INFO - Running <TaskInstance: extract_raw_data_pipeline.run_dbt_staging scheduled__2025-04-09T07:56:00+00:00 [running]> on host c829a6b69367
[2025-04-09T07:57:09.485+0000] {taskinstance.py:3131} INFO - Exporting env vars: AIRFLOW_CTX_DAG_OWNER='***' AIRFLOW_CTX_DAG_ID='extract_raw_data_pipeline' AIRFLOW_CTX_TASK_ID='run_dbt_staging' AIRFLOW_CTX_EXECUTION_DATE='2025-04-09T07:56:00+00:00' AIRFLOW_CTX_TRY_NUMBER='1' AIRFLOW_CTX_DAG_RUN_ID='scheduled__2025-04-09T07:56:00+00:00'
[2025-04-09T07:57:09.487+0000] {taskinstance.py:731} INFO - ::endgroup::
[2025-04-09T07:57:09.506+0000] {subprocess.py:63} INFO - Tmp dir root location: /tmp
[2025-04-09T07:57:09.507+0000] {subprocess.py:75} INFO - Running command: ['/usr/bin/bash', '-c', 'set -x; cd /opt/***/dbt && dbt run --select tag:staging']
[2025-04-09T07:57:09.523+0000] {subprocess.py:86} INFO - Output:
[2025-04-09T07:57:09.525+0000] {subprocess.py:93} INFO - + cd /opt/***/dbt
[2025-04-09T07:57:09.527+0000] {subprocess.py:93} INFO - + dbt run --select tag:staging
[2025-04-09T07:57:12.300+0000] {subprocess.py:93} INFO - [0m07:57:12  Running with dbt=1.8.0
[2025-04-09T07:57:12.642+0000] {subprocess.py:93} INFO - [0m07:57:12  Registered adapter: postgres=1.8.2
[2025-04-09T07:57:13.191+0000] {subprocess.py:93} INFO - [0m07:57:13  Found 9 models, 10 sources, 428 macros
[2025-04-09T07:57:13.195+0000] {subprocess.py:93} INFO - [0m07:57:13
[2025-04-09T07:57:13.349+0000] {subprocess.py:93} INFO - [0m07:57:13  Concurrency: 1 threads (target='dev')
[2025-04-09T07:57:13.350+0000] {subprocess.py:93} INFO - [0m07:57:13
[2025-04-09T07:57:13.363+0000] {subprocess.py:93} INFO - [0m07:57:13  1 of 5 START sql table model driven_staging.dim_address ........................ [RUN]
[2025-04-09T07:57:14.243+0000] {subprocess.py:93} INFO - [0m07:57:14  1 of 5 OK created sql table model driven_staging.dim_address ................... [[32mSELECT 519708[0m in 0.87s]
[2025-04-09T07:57:14.247+0000] {subprocess.py:93} INFO - [0m07:57:14  2 of 5 START sql table model driven_staging.dim_date ........................... [RUN]
[2025-04-09T07:57:14.918+0000] {subprocess.py:93} INFO - [0m07:57:14  2 of 5 OK created sql table model driven_staging.dim_date ...................... [[32mSELECT 519708[0m in 0.67s]
[2025-04-09T07:57:14.922+0000] {subprocess.py:93} INFO - [0m07:57:14  3 of 5 START sql table model driven_staging.dim_finance ........................ [RUN]
[2025-04-09T07:57:16.009+0000] {subprocess.py:93} INFO - [0m07:57:16  3 of 5 OK created sql table model driven_staging.dim_finance ................... [[32mSELECT 519708[0m in 1.08s]
[2025-04-09T07:57:16.013+0000] {subprocess.py:93} INFO - [0m07:57:16  4 of 5 START sql table model driven_staging.dim_person ......................... [RUN]
[2025-04-09T07:57:16.877+0000] {subprocess.py:93} INFO - [0m07:57:16  4 of 5 OK created sql table model driven_staging.dim_person .................... [[32mSELECT 519708[0m in 0.86s]
[2025-04-09T07:57:16.880+0000] {subprocess.py:93} INFO - [0m07:57:16  5 of 5 START sql table model driven_staging.fact_network_usage ................. [RUN]
[2025-04-09T07:57:17.496+0000] {subprocess.py:93} INFO - [0m07:57:17  5 of 5 OK created sql table model driven_staging.fact_network_usage ............ [[32mSELECT 519708[0m in 0.61s]
[2025-04-09T07:57:17.516+0000] {subprocess.py:93} INFO - [0m07:57:17
[2025-04-09T07:57:17.517+0000] {subprocess.py:93} INFO - [0m07:57:17  Finished running 5 table models in 0 hours 0 minutes and 4.32 seconds (4.32s).
[2025-04-09T07:57:17.596+0000] {subprocess.py:93} INFO - [0m07:57:17
[2025-04-09T07:57:17.597+0000] {subprocess.py:93} INFO - [0m07:57:17  [32mCompleted successfully[0m
[2025-04-09T07:57:17.598+0000] {subprocess.py:93} INFO - [0m07:57:17
[2025-04-09T07:57:17.599+0000] {subprocess.py:93} INFO - [0m07:57:17  Done. PASS=5 WARN=0 ERROR=0 SKIP=0 TOTAL=5
[2025-04-09T07:57:18.914+0000] {subprocess.py:97} INFO - Command exited with return code 0
[2025-04-09T07:57:18.955+0000] {taskinstance.py:340} INFO - ::group::Post task execution logs
[2025-04-09T07:57:18.956+0000] {taskinstance.py:352} INFO - Marking task as SUCCESS. dag_id=extract_raw_data_pipeline, task_id=run_dbt_staging, run_id=scheduled__2025-04-09T07:56:00+00:00, execution_date=20250409T075600, start_date=20250409T075709, end_date=20250409T075718
[2025-04-09T07:57:19.024+0000] {local_task_job_runner.py:266} INFO - Task exited with return code 0
[2025-04-09T07:57:19.050+0000] {taskinstance.py:3900} INFO - 1 downstream tasks scheduled from follow-on schedule check
[2025-04-09T07:57:19.053+0000] {local_task_job_runner.py:245} INFO - ::endgroup::
