[2025-04-08T17:07:23.590+0000] {local_task_job_runner.py:123} INFO - ::group::Pre task execution logs
[2025-04-08T17:07:23.615+0000] {taskinstance.py:2612} INFO - Dependencies all met for dep_context=non-requeueable deps ti=<TaskInstance: extract_raw_data_pipeline.extract_raw_data manual__2025-04-08T17:07:22.180615+00:00 [queued]>
[2025-04-08T17:07:23.627+0000] {taskinstance.py:2612} INFO - Dependencies all met for dep_context=requeueable deps ti=<TaskInstance: extract_raw_data_pipeline.extract_raw_data manual__2025-04-08T17:07:22.180615+00:00 [queued]>
[2025-04-08T17:07:23.628+0000] {taskinstance.py:2865} INFO - Starting attempt 1 of 1
[2025-04-08T17:07:23.647+0000] {taskinstance.py:2888} INFO - Executing <Task(PythonOperator): extract_raw_data> on 2025-04-08 17:07:22.180615+00:00
[2025-04-08T17:07:23.656+0000] {warnings.py:112} WARNING - /home/***/.local/lib/python3.12/site-packages/***/task/task_runner/standard_task_runner.py:70: DeprecationWarning: This process (pid=369) is multi-threaded, use of fork() may lead to deadlocks in the child.
  pid = os.fork()

[2025-04-08T17:07:23.660+0000] {standard_task_runner.py:72} INFO - Started process 374 to run task
[2025-04-08T17:07:23.667+0000] {standard_task_runner.py:104} INFO - Running: ['***', 'tasks', 'run', 'extract_raw_data_pipeline', 'extract_raw_data', 'manual__2025-04-08T17:07:22.180615+00:00', '--job-id', '32', '--raw', '--subdir', 'DAGS_FOLDER/driven_data_pipeline.py', '--cfg-path', '/tmp/tmp38x3n8jq']
[2025-04-08T17:07:23.669+0000] {standard_task_runner.py:105} INFO - Job 32: Subtask extract_raw_data
[2025-04-08T17:07:23.756+0000] {task_command.py:467} INFO - Running <TaskInstance: extract_raw_data_pipeline.extract_raw_data manual__2025-04-08T17:07:22.180615+00:00 [running]> on host c829a6b69367
[2025-04-08T17:07:23.899+0000] {taskinstance.py:3131} INFO - Exporting env vars: AIRFLOW_CTX_DAG_OWNER='***' AIRFLOW_CTX_DAG_ID='extract_raw_data_pipeline' AIRFLOW_CTX_TASK_ID='extract_raw_data' AIRFLOW_CTX_EXECUTION_DATE='2025-04-08T17:07:22.180615+00:00' AIRFLOW_CTX_TRY_NUMBER='1' AIRFLOW_CTX_DAG_RUN_ID='manual__2025-04-08T17:07:22.180615+00:00'
[2025-04-08T17:07:23.902+0000] {taskinstance.py:731} INFO - ::endgroup::
[2025-04-08T17:07:23.927+0000] {driven_data_pipeline.py:143} INFO - Started batch processing for 2025-04-08.
[2025-04-08T17:07:23.928+0000] {driven_data_pipeline.py:34} INFO - Created synthetic data for RO country code.
[2025-04-08T17:07:24.313+0000] {driven_data_pipeline.py:100} INFO - Written 845 records to the CSV file.
[2025-04-08T17:07:24.481+0000] {driven_data_pipeline.py:116} INFO - Added UUID to the dataset.
[2025-04-08T17:07:24.569+0000] {driven_data_pipeline.py:135} INFO - Updated accessed timestamp.
[2025-04-08T17:07:24.570+0000] {driven_data_pipeline.py:151} INFO - Finished batch processing 2025-04-08.
[2025-04-08T17:07:24.571+0000] {python.py:240} INFO - Done. Returned value was: None
[2025-04-08T17:07:24.588+0000] {taskinstance.py:340} INFO - ::group::Post task execution logs
[2025-04-08T17:07:24.589+0000] {taskinstance.py:352} INFO - Marking task as SUCCESS. dag_id=extract_raw_data_pipeline, task_id=extract_raw_data, run_id=manual__2025-04-08T17:07:22.180615+00:00, execution_date=20250408T170722, start_date=20250408T170723, end_date=20250408T170724
[2025-04-08T17:07:24.690+0000] {local_task_job_runner.py:266} INFO - Task exited with return code 0
[2025-04-08T17:07:24.734+0000] {taskinstance.py:3900} INFO - 1 downstream tasks scheduled from follow-on schedule check
[2025-04-08T17:07:24.737+0000] {local_task_job_runner.py:245} INFO - ::endgroup::
