[2025-04-10T07:47:07.893+0000] {local_task_job_runner.py:123} INFO - ::group::Pre task execution logs
[2025-04-10T07:47:07.932+0000] {taskinstance.py:2612} INFO - Dependencies all met for dep_context=non-requeueable deps ti=<TaskInstance: extract_raw_data_pipeline.run_dbt_trusted scheduled__2025-04-10T07:43:00+00:00 [queued]>
[2025-04-10T07:47:07.952+0000] {taskinstance.py:2612} INFO - Dependencies all met for dep_context=requeueable deps ti=<TaskInstance: extract_raw_data_pipeline.run_dbt_trusted scheduled__2025-04-10T07:43:00+00:00 [queued]>
[2025-04-10T07:47:07.954+0000] {taskinstance.py:2865} INFO - Starting attempt 1 of 1
[2025-04-10T07:47:08.010+0000] {taskinstance.py:2888} INFO - Executing <Task(BashOperator): run_dbt_trusted> on 2025-04-10 07:43:00+00:00
[2025-04-10T07:47:08.024+0000] {warnings.py:112} WARNING - /home/***/.local/lib/python3.12/site-packages/***/task/task_runner/standard_task_runner.py:70: DeprecationWarning: This process (pid=4990) is multi-threaded, use of fork() may lead to deadlocks in the child.
  pid = os.fork()

[2025-04-10T07:47:08.027+0000] {standard_task_runner.py:72} INFO - Started process 4992 to run task
[2025-04-10T07:47:08.027+0000] {standard_task_runner.py:104} INFO - Running: ['***', 'tasks', 'run', 'extract_raw_data_pipeline', 'run_dbt_trusted', 'scheduled__2025-04-10T07:43:00+00:00', '--job-id', '714', '--raw', '--subdir', 'DAGS_FOLDER/driven_data_pipeline.py', '--cfg-path', '/tmp/tmppjy3ptc7']
[2025-04-10T07:47:08.030+0000] {standard_task_runner.py:105} INFO - Job 714: Subtask run_dbt_trusted
[2025-04-10T07:47:08.143+0000] {task_command.py:467} INFO - Running <TaskInstance: extract_raw_data_pipeline.run_dbt_trusted scheduled__2025-04-10T07:43:00+00:00 [running]> on host c829a6b69367
[2025-04-10T07:47:08.495+0000] {taskinstance.py:3131} INFO - Exporting env vars: AIRFLOW_CTX_DAG_OWNER='***' AIRFLOW_CTX_DAG_ID='extract_raw_data_pipeline' AIRFLOW_CTX_TASK_ID='run_dbt_trusted' AIRFLOW_CTX_EXECUTION_DATE='2025-04-10T07:43:00+00:00' AIRFLOW_CTX_TRY_NUMBER='1' AIRFLOW_CTX_DAG_RUN_ID='scheduled__2025-04-10T07:43:00+00:00'
[2025-04-10T07:47:08.497+0000] {taskinstance.py:731} INFO - ::endgroup::
[2025-04-10T07:47:08.537+0000] {subprocess.py:63} INFO - Tmp dir root location: /tmp
[2025-04-10T07:47:08.539+0000] {subprocess.py:75} INFO - Running command: ['/usr/bin/bash', '-c', 'set -x; cd /opt/***/dbt && dbt run --select tag:trusted']
[2025-04-10T07:47:08.572+0000] {subprocess.py:86} INFO - Output:
[2025-04-10T07:47:08.576+0000] {subprocess.py:93} INFO - + cd /opt/***/dbt
[2025-04-10T07:47:08.578+0000] {subprocess.py:93} INFO - + dbt run --select tag:trusted
[2025-04-10T07:47:13.123+0000] {subprocess.py:93} INFO - [0m07:47:13  Running with dbt=1.8.0
[2025-04-10T07:47:13.595+0000] {subprocess.py:93} INFO - [0m07:47:13  Registered adapter: postgres=1.8.2
[2025-04-10T07:47:14.587+0000] {subprocess.py:93} INFO - [0m07:47:14  Found 9 models, 10 sources, 428 macros
[2025-04-10T07:47:14.594+0000] {subprocess.py:93} INFO - [0m07:47:14
[2025-04-10T07:47:14.842+0000] {subprocess.py:93} INFO - [0m07:47:14  Concurrency: 1 threads (target='dev')
[2025-04-10T07:47:14.843+0000] {subprocess.py:93} INFO - [0m07:47:14
[2025-04-10T07:47:14.860+0000] {subprocess.py:93} INFO - [0m07:47:14  1 of 4 START sql table model driven_trusted.non_pii_data ....................... [RUN]
[2025-04-10T07:48:02.267+0000] {subprocess.py:93} INFO - [0m07:48:02  1 of 4 OK created sql table model driven_trusted.non_pii_data .................. [[32mSELECT 1788865[0m in 47.40s]
[2025-04-10T07:48:02.276+0000] {subprocess.py:93} INFO - [0m07:48:02  2 of 4 START sql table model driven_trusted.payment_data ....................... [RUN]
[2025-04-10T07:48:16.442+0000] {subprocess.py:93} INFO - [0m07:48:16  2 of 4 OK created sql table model driven_trusted.payment_data .................. [[32mSELECT 1829408[0m in 14.16s]
[2025-04-10T07:48:16.450+0000] {subprocess.py:93} INFO - [0m07:48:16  3 of 4 START sql table model driven_trusted.pii_data ........................... [RUN]
[2025-04-10T07:48:32.354+0000] {subprocess.py:93} INFO - [0m07:48:32  3 of 4 OK created sql table model driven_trusted.pii_data ...................... [[32mSELECT 1829408[0m in 15.90s]
[2025-04-10T07:48:32.361+0000] {subprocess.py:93} INFO - [0m07:48:32  4 of 4 START sql table model driven_trusted.technical_data ..................... [RUN]
[2025-04-10T07:48:57.386+0000] {subprocess.py:93} INFO - [0m07:48:57  4 of 4 OK created sql table model driven_trusted.technical_data ................ [[32mSELECT 1911368[0m in 25.02s]
[2025-04-10T07:48:57.405+0000] {subprocess.py:93} INFO - [0m07:48:57
[2025-04-10T07:48:57.406+0000] {subprocess.py:93} INFO - [0m07:48:57  Finished running 4 table models in 0 hours 1 minutes and 42.81 seconds (102.81s).
[2025-04-10T07:48:57.471+0000] {subprocess.py:93} INFO - [0m07:48:57
[2025-04-10T07:48:57.472+0000] {subprocess.py:93} INFO - [0m07:48:57  [32mCompleted successfully[0m
[2025-04-10T07:48:57.473+0000] {subprocess.py:93} INFO - [0m07:48:57
[2025-04-10T07:48:57.474+0000] {subprocess.py:93} INFO - [0m07:48:57  Done. PASS=4 WARN=0 ERROR=0 SKIP=0 TOTAL=4
[2025-04-10T07:48:58.698+0000] {subprocess.py:97} INFO - Command exited with return code 0
[2025-04-10T07:48:58.764+0000] {taskinstance.py:340} INFO - ::group::Post task execution logs
[2025-04-10T07:48:58.765+0000] {taskinstance.py:352} INFO - Marking task as SUCCESS. dag_id=extract_raw_data_pipeline, task_id=run_dbt_trusted, run_id=scheduled__2025-04-10T07:43:00+00:00, execution_date=20250410T074300, start_date=20250410T074707, end_date=20250410T074858
[2025-04-10T07:48:58.838+0000] {local_task_job_runner.py:266} INFO - Task exited with return code 0
[2025-04-10T07:48:58.866+0000] {taskinstance.py:3900} INFO - 0 downstream tasks scheduled from follow-on schedule check
[2025-04-10T07:48:58.881+0000] {local_task_job_runner.py:245} INFO - ::endgroup::
