[2025-04-10T08:02:10.349+0000] {local_task_job_runner.py:123} INFO - ::group::Pre task execution logs
[2025-04-10T08:02:10.486+0000] {taskinstance.py:2612} INFO - Dependencies all met for dep_context=non-requeueable deps ti=<TaskInstance: extract_raw_data_pipeline.run_dbt_trusted scheduled__2025-04-10T07:53:00+00:00 [queued]>
[2025-04-10T08:02:10.590+0000] {taskinstance.py:2612} INFO - Dependencies all met for dep_context=requeueable deps ti=<TaskInstance: extract_raw_data_pipeline.run_dbt_trusted scheduled__2025-04-10T07:53:00+00:00 [queued]>
[2025-04-10T08:02:10.592+0000] {taskinstance.py:2865} INFO - Starting attempt 1 of 1
[2025-04-10T08:02:10.670+0000] {taskinstance.py:2888} INFO - Executing <Task(BashOperator): run_dbt_trusted> on 2025-04-10 07:53:00+00:00
[2025-04-10T08:02:10.705+0000] {warnings.py:112} WARNING - /home/***/.local/lib/python3.12/site-packages/***/task/task_runner/standard_task_runner.py:70: DeprecationWarning: This process (pid=5708) is multi-threaded, use of fork() may lead to deadlocks in the child.
  pid = os.fork()

[2025-04-10T08:02:10.708+0000] {standard_task_runner.py:104} INFO - Running: ['***', 'tasks', 'run', 'extract_raw_data_pipeline', 'run_dbt_trusted', 'scheduled__2025-04-10T07:53:00+00:00', '--job-id', '785', '--raw', '--subdir', 'DAGS_FOLDER/driven_data_pipeline.py', '--cfg-path', '/tmp/tmpc7jy1u9s']
[2025-04-10T08:02:10.713+0000] {standard_task_runner.py:72} INFO - Started process 5710 to run task
[2025-04-10T08:02:10.714+0000] {standard_task_runner.py:105} INFO - Job 785: Subtask run_dbt_trusted
[2025-04-10T08:02:10.983+0000] {task_command.py:467} INFO - Running <TaskInstance: extract_raw_data_pipeline.run_dbt_trusted scheduled__2025-04-10T07:53:00+00:00 [running]> on host c829a6b69367
[2025-04-10T08:02:12.050+0000] {taskinstance.py:3131} INFO - Exporting env vars: AIRFLOW_CTX_DAG_OWNER='***' AIRFLOW_CTX_DAG_ID='extract_raw_data_pipeline' AIRFLOW_CTX_TASK_ID='run_dbt_trusted' AIRFLOW_CTX_EXECUTION_DATE='2025-04-10T07:53:00+00:00' AIRFLOW_CTX_TRY_NUMBER='1' AIRFLOW_CTX_DAG_RUN_ID='scheduled__2025-04-10T07:53:00+00:00'
[2025-04-10T08:02:12.093+0000] {taskinstance.py:731} INFO - ::endgroup::
[2025-04-10T08:02:12.165+0000] {subprocess.py:63} INFO - Tmp dir root location: /tmp
[2025-04-10T08:02:12.177+0000] {subprocess.py:75} INFO - Running command: ['/usr/bin/bash', '-c', 'set -x; cd /opt/***/dbt && dbt run --select tag:trusted']
[2025-04-10T08:02:12.258+0000] {subprocess.py:86} INFO - Output:
[2025-04-10T08:02:12.263+0000] {subprocess.py:93} INFO - + cd /opt/***/dbt
[2025-04-10T08:02:12.267+0000] {subprocess.py:93} INFO - + dbt run --select tag:trusted
[2025-04-10T08:02:25.517+0000] {subprocess.py:93} INFO - [0m08:02:25  Running with dbt=1.8.0
[2025-04-10T08:02:27.489+0000] {subprocess.py:93} INFO - [0m08:02:27  Registered adapter: postgres=1.8.2
[2025-04-10T08:02:31.919+0000] {subprocess.py:93} INFO - [0m08:02:31  Found 9 models, 10 sources, 428 macros
[2025-04-10T08:02:31.943+0000] {subprocess.py:93} INFO - [0m08:02:31
[2025-04-10T08:02:32.504+0000] {subprocess.py:93} INFO - [0m08:02:32  Concurrency: 1 threads (target='dev')
[2025-04-10T08:02:32.509+0000] {subprocess.py:93} INFO - [0m08:02:32
[2025-04-10T08:02:32.541+0000] {subprocess.py:93} INFO - [0m08:02:32  1 of 4 START sql table model driven_trusted.non_pii_data ....................... [RUN]
[2025-04-10T08:03:39.027+0000] {subprocess.py:93} INFO - [0m08:03:39  1 of 4 OK created sql table model driven_trusted.non_pii_data .................. [[32mSELECT 2400551[0m in 66.46s]
[2025-04-10T08:03:39.068+0000] {subprocess.py:93} INFO - [0m08:03:39  2 of 4 START sql table model driven_trusted.payment_data ....................... [RUN]
[2025-04-10T08:06:30.248+0000] {subprocess.py:93} INFO - [0m08:06:30  2 of 4 OK created sql table model driven_trusted.payment_data .................. [[32mSELECT 2447509[0m in 171.16s]
[2025-04-10T08:06:30.262+0000] {subprocess.py:93} INFO - [0m08:06:30  3 of 4 START sql table model driven_trusted.pii_data ........................... [RUN]
[2025-04-10T08:09:05.497+0000] {subprocess.py:93} INFO - [0m08:09:05  3 of 4 OK created sql table model driven_trusted.pii_data ...................... [[32mSELECT 2447509[0m in 155.22s]
[2025-04-10T08:09:05.513+0000] {subprocess.py:93} INFO - [0m08:09:05  4 of 4 START sql table model driven_trusted.technical_data ..................... [RUN]
[2025-04-10T08:10:04.656+0000] {subprocess.py:93} INFO - [0m08:10:04  4 of 4 OK created sql table model driven_trusted.technical_data ................ [[32mSELECT 2447509[0m in 59.13s]
[2025-04-10T08:10:04.753+0000] {subprocess.py:93} INFO - [0m08:10:04
[2025-04-10T08:10:04.756+0000] {subprocess.py:93} INFO - [0m08:10:04  Finished running 4 table models in 0 hours 7 minutes and 32.81 seconds (452.81s).
[2025-04-10T08:10:04.970+0000] {subprocess.py:93} INFO - [0m08:10:04
[2025-04-10T08:10:04.973+0000] {subprocess.py:93} INFO - [0m08:10:04  [32mCompleted successfully[0m
[2025-04-10T08:10:04.976+0000] {subprocess.py:93} INFO - [0m08:10:04
[2025-04-10T08:10:04.984+0000] {subprocess.py:93} INFO - [0m08:10:04  Done. PASS=4 WARN=0 ERROR=0 SKIP=0 TOTAL=4
[2025-04-10T08:10:08.981+0000] {subprocess.py:97} INFO - Command exited with return code 0
[2025-04-10T08:10:09.071+0000] {taskinstance.py:340} INFO - ::group::Post task execution logs
[2025-04-10T08:10:09.074+0000] {taskinstance.py:352} INFO - Marking task as SUCCESS. dag_id=extract_raw_data_pipeline, task_id=run_dbt_trusted, run_id=scheduled__2025-04-10T07:53:00+00:00, execution_date=20250410T075300, start_date=20250410T080210, end_date=20250410T081009
[2025-04-10T08:10:09.263+0000] {local_task_job_runner.py:266} INFO - Task exited with return code 0
[2025-04-10T08:10:09.331+0000] {taskinstance.py:3900} INFO - 0 downstream tasks scheduled from follow-on schedule check
[2025-04-10T08:10:09.339+0000] {local_task_job_runner.py:245} INFO - ::endgroup::
