[2025-04-10T07:34:17.850+0000] {local_task_job_runner.py:123} INFO - ::group::Pre task execution logs
[2025-04-10T07:34:17.888+0000] {taskinstance.py:2612} INFO - Dependencies all met for dep_context=non-requeueable deps ti=<TaskInstance: extract_raw_data_pipeline.run_dbt_staging scheduled__2025-04-10T07:33:00+00:00 [queued]>
[2025-04-10T07:34:17.911+0000] {taskinstance.py:2612} INFO - Dependencies all met for dep_context=requeueable deps ti=<TaskInstance: extract_raw_data_pipeline.run_dbt_staging scheduled__2025-04-10T07:33:00+00:00 [queued]>
[2025-04-10T07:34:17.913+0000] {taskinstance.py:2865} INFO - Starting attempt 1 of 1
[2025-04-10T07:34:17.962+0000] {taskinstance.py:2888} INFO - Executing <Task(BashOperator): run_dbt_staging> on 2025-04-10 07:33:00+00:00
[2025-04-10T07:34:17.983+0000] {warnings.py:112} WARNING - /home/***/.local/lib/python3.12/site-packages/***/task/task_runner/standard_task_runner.py:70: DeprecationWarning: This process (pid=4222) is multi-threaded, use of fork() may lead to deadlocks in the child.
  pid = os.fork()

[2025-04-10T07:34:17.987+0000] {standard_task_runner.py:72} INFO - Started process 4224 to run task
[2025-04-10T07:34:17.987+0000] {standard_task_runner.py:104} INFO - Running: ['***', 'tasks', 'run', 'extract_raw_data_pipeline', 'run_dbt_staging', 'scheduled__2025-04-10T07:33:00+00:00', '--job-id', '637', '--raw', '--subdir', 'DAGS_FOLDER/driven_data_pipeline.py', '--cfg-path', '/tmp/tmplvricni4']
[2025-04-10T07:34:17.990+0000] {standard_task_runner.py:105} INFO - Job 637: Subtask run_dbt_staging
[2025-04-10T07:34:18.103+0000] {task_command.py:467} INFO - Running <TaskInstance: extract_raw_data_pipeline.run_dbt_staging scheduled__2025-04-10T07:33:00+00:00 [running]> on host c829a6b69367
[2025-04-10T07:34:18.309+0000] {taskinstance.py:3131} INFO - Exporting env vars: AIRFLOW_CTX_DAG_OWNER='***' AIRFLOW_CTX_DAG_ID='extract_raw_data_pipeline' AIRFLOW_CTX_TASK_ID='run_dbt_staging' AIRFLOW_CTX_EXECUTION_DATE='2025-04-10T07:33:00+00:00' AIRFLOW_CTX_TRY_NUMBER='1' AIRFLOW_CTX_DAG_RUN_ID='scheduled__2025-04-10T07:33:00+00:00'
[2025-04-10T07:34:18.311+0000] {taskinstance.py:731} INFO - ::endgroup::
[2025-04-10T07:34:18.337+0000] {subprocess.py:63} INFO - Tmp dir root location: /tmp
[2025-04-10T07:34:18.339+0000] {subprocess.py:75} INFO - Running command: ['/usr/bin/bash', '-c', 'set -x; cd /opt/***/dbt && dbt run --select tag:staging']
[2025-04-10T07:34:18.363+0000] {subprocess.py:86} INFO - Output:
[2025-04-10T07:34:18.365+0000] {subprocess.py:93} INFO - + cd /opt/***/dbt
[2025-04-10T07:34:18.366+0000] {subprocess.py:93} INFO - + dbt run --select tag:staging
[2025-04-10T07:34:22.280+0000] {subprocess.py:93} INFO - [0m07:34:22  Running with dbt=1.8.0
[2025-04-10T07:34:22.855+0000] {subprocess.py:93} INFO - [0m07:34:22  Registered adapter: postgres=1.8.2
[2025-04-10T07:34:23.934+0000] {subprocess.py:93} INFO - [0m07:34:23  Found 9 models, 10 sources, 428 macros
[2025-04-10T07:34:23.942+0000] {subprocess.py:93} INFO - [0m07:34:23
[2025-04-10T07:34:24.186+0000] {subprocess.py:93} INFO - [0m07:34:24  Concurrency: 1 threads (target='dev')
[2025-04-10T07:34:24.188+0000] {subprocess.py:93} INFO - [0m07:34:24
[2025-04-10T07:34:24.205+0000] {subprocess.py:93} INFO - [0m07:34:24  1 of 5 START sql table model driven_staging.dim_address ........................ [RUN]
[2025-04-10T07:34:32.856+0000] {subprocess.py:93} INFO - [0m07:34:32  1 of 5 OK created sql table model driven_staging.dim_address ................... [[32mSELECT 1420128[0m in 8.65s]
[2025-04-10T07:34:32.859+0000] {subprocess.py:93} INFO - [0m07:34:32  2 of 5 START sql table model driven_staging.dim_date ........................... [RUN]
[2025-04-10T07:35:04.527+0000] {subprocess.py:93} INFO - [0m07:35:04  2 of 5 OK created sql table model driven_staging.dim_date ...................... [[32mSELECT 1420128[0m in 31.66s]
[2025-04-10T07:35:04.531+0000] {subprocess.py:93} INFO - [0m07:35:04  3 of 5 START sql table model driven_staging.dim_finance ........................ [RUN]
[2025-04-10T07:35:36.739+0000] {subprocess.py:93} INFO - [0m07:35:36  3 of 5 OK created sql table model driven_staging.dim_finance ................... [[32mSELECT 1420128[0m in 32.20s]
[2025-04-10T07:35:36.747+0000] {subprocess.py:93} INFO - [0m07:35:36  4 of 5 START sql table model driven_staging.dim_person ......................... [RUN]
[2025-04-10T07:36:09.606+0000] {subprocess.py:93} INFO - [0m07:36:09  4 of 5 OK created sql table model driven_staging.dim_person .................... [[32mSELECT 1454578[0m in 32.85s]
[2025-04-10T07:36:09.611+0000] {subprocess.py:93} INFO - [0m07:36:09  5 of 5 START sql table model driven_staging.fact_network_usage ................. [RUN]
[2025-04-10T07:36:26.746+0000] {subprocess.py:93} INFO - [0m07:36:26  5 of 5 OK created sql table model driven_staging.fact_network_usage ............ [[32mSELECT 1489545[0m in 17.13s]
[2025-04-10T07:36:26.778+0000] {subprocess.py:93} INFO - [0m07:36:26
[2025-04-10T07:36:26.780+0000] {subprocess.py:93} INFO - [0m07:36:26  Finished running 5 table models in 0 hours 2 minutes and 2.84 seconds (122.84s).
[2025-04-10T07:36:26.873+0000] {subprocess.py:93} INFO - [0m07:36:26
[2025-04-10T07:36:26.875+0000] {subprocess.py:93} INFO - [0m07:36:26  [32mCompleted successfully[0m
[2025-04-10T07:36:26.877+0000] {subprocess.py:93} INFO - [0m07:36:26
[2025-04-10T07:36:26.879+0000] {subprocess.py:93} INFO - [0m07:36:26  Done. PASS=5 WARN=0 ERROR=0 SKIP=0 TOTAL=5
[2025-04-10T07:36:28.391+0000] {subprocess.py:97} INFO - Command exited with return code 0
[2025-04-10T07:36:28.463+0000] {taskinstance.py:340} INFO - ::group::Post task execution logs
[2025-04-10T07:36:28.465+0000] {taskinstance.py:352} INFO - Marking task as SUCCESS. dag_id=extract_raw_data_pipeline, task_id=run_dbt_staging, run_id=scheduled__2025-04-10T07:33:00+00:00, execution_date=20250410T073300, start_date=20250410T073417, end_date=20250410T073628
[2025-04-10T07:36:28.562+0000] {local_task_job_runner.py:266} INFO - Task exited with return code 0
[2025-04-10T07:36:28.627+0000] {taskinstance.py:3900} INFO - 1 downstream tasks scheduled from follow-on schedule check
[2025-04-10T07:36:28.634+0000] {local_task_job_runner.py:245} INFO - ::endgroup::
