[2025-04-10T07:06:16.293+0000] {local_task_job_runner.py:123} INFO - ::group::Pre task execution logs
[2025-04-10T07:06:16.363+0000] {taskinstance.py:2612} INFO - Dependencies all met for dep_context=non-requeueable deps ti=<TaskInstance: extract_raw_data_pipeline.run_dbt_trusted scheduled__2025-04-10T07:04:00+00:00 [queued]>
[2025-04-10T07:06:16.407+0000] {taskinstance.py:2612} INFO - Dependencies all met for dep_context=requeueable deps ti=<TaskInstance: extract_raw_data_pipeline.run_dbt_trusted scheduled__2025-04-10T07:04:00+00:00 [queued]>
[2025-04-10T07:06:16.412+0000] {taskinstance.py:2865} INFO - Starting attempt 1 of 1
[2025-04-10T07:06:16.476+0000] {taskinstance.py:2888} INFO - Executing <Task(BashOperator): run_dbt_trusted> on 2025-04-10 07:04:00+00:00
[2025-04-10T07:06:16.508+0000] {warnings.py:112} WARNING - /home/***/.local/lib/python3.12/site-packages/***/task/task_runner/standard_task_runner.py:70: DeprecationWarning: This process (pid=2563) is multi-threaded, use of fork() may lead to deadlocks in the child.
  pid = os.fork()

[2025-04-10T07:06:16.512+0000] {standard_task_runner.py:72} INFO - Started process 2568 to run task
[2025-04-10T07:06:16.513+0000] {standard_task_runner.py:104} INFO - Running: ['***', 'tasks', 'run', 'extract_raw_data_pipeline', 'run_dbt_trusted', 'scheduled__2025-04-10T07:04:00+00:00', '--job-id', '470', '--raw', '--subdir', 'DAGS_FOLDER/driven_data_pipeline.py', '--cfg-path', '/tmp/tmpsx7c92cd']
[2025-04-10T07:06:16.516+0000] {standard_task_runner.py:105} INFO - Job 470: Subtask run_dbt_trusted
[2025-04-10T07:06:16.656+0000] {task_command.py:467} INFO - Running <TaskInstance: extract_raw_data_pipeline.run_dbt_trusted scheduled__2025-04-10T07:04:00+00:00 [running]> on host c829a6b69367
[2025-04-10T07:06:16.948+0000] {taskinstance.py:3131} INFO - Exporting env vars: AIRFLOW_CTX_DAG_OWNER='***' AIRFLOW_CTX_DAG_ID='extract_raw_data_pipeline' AIRFLOW_CTX_TASK_ID='run_dbt_trusted' AIRFLOW_CTX_EXECUTION_DATE='2025-04-10T07:04:00+00:00' AIRFLOW_CTX_TRY_NUMBER='1' AIRFLOW_CTX_DAG_RUN_ID='scheduled__2025-04-10T07:04:00+00:00'
[2025-04-10T07:06:16.952+0000] {taskinstance.py:731} INFO - ::endgroup::
[2025-04-10T07:06:17.004+0000] {subprocess.py:63} INFO - Tmp dir root location: /tmp
[2025-04-10T07:06:17.006+0000] {subprocess.py:75} INFO - Running command: ['/usr/bin/bash', '-c', 'set -x; cd /opt/***/dbt && dbt run --select tag:trusted']
[2025-04-10T07:06:17.065+0000] {subprocess.py:86} INFO - Output:
[2025-04-10T07:06:17.071+0000] {subprocess.py:93} INFO - + cd /opt/***/dbt
[2025-04-10T07:06:17.072+0000] {subprocess.py:93} INFO - + dbt run --select tag:trusted
[2025-04-10T07:06:26.012+0000] {subprocess.py:93} INFO - [0m07:06:26  Running with dbt=1.8.0
[2025-04-10T07:06:26.687+0000] {subprocess.py:93} INFO - [0m07:06:26  Registered adapter: postgres=1.8.2
[2025-04-10T07:06:28.054+0000] {subprocess.py:93} INFO - [0m07:06:28  Found 9 models, 10 sources, 428 macros
[2025-04-10T07:06:28.068+0000] {subprocess.py:93} INFO - [0m07:06:28
[2025-04-10T07:06:28.362+0000] {subprocess.py:93} INFO - [0m07:06:28  Concurrency: 1 threads (target='dev')
[2025-04-10T07:06:28.364+0000] {subprocess.py:93} INFO - [0m07:06:28
[2025-04-10T07:06:28.386+0000] {subprocess.py:93} INFO - [0m07:06:28  1 of 4 START sql table model driven_trusted.non_pii_data ....................... [RUN]
[2025-04-10T07:06:38.175+0000] {subprocess.py:93} INFO - [0m07:06:38  1 of 4 OK created sql table model driven_trusted.non_pii_data .................. [[32mSELECT 643574[0m in 9.78s]
[2025-04-10T07:06:38.183+0000] {subprocess.py:93} INFO - [0m07:06:38  2 of 4 START sql table model driven_trusted.payment_data ....................... [RUN]
[2025-04-10T07:06:40.384+0000] {subprocess.py:93} INFO - [0m07:06:40  2 of 4 OK created sql table model driven_trusted.payment_data .................. [[32mSELECT 643574[0m in 2.19s]
[2025-04-10T07:06:40.390+0000] {subprocess.py:93} INFO - [0m07:06:40  3 of 4 START sql table model driven_trusted.pii_data ........................... [RUN]
[2025-04-10T07:07:02.987+0000] {subprocess.py:93} INFO - [0m07:07:02  3 of 4 OK created sql table model driven_trusted.pii_data ...................... [[32mSELECT 643574[0m in 22.58s]
[2025-04-10T07:07:03.005+0000] {subprocess.py:93} INFO - [0m07:07:03  4 of 4 START sql table model driven_trusted.technical_data ..................... [RUN]
[2025-04-10T07:07:16.266+0000] {subprocess.py:93} INFO - [0m07:07:16  4 of 4 OK created sql table model driven_trusted.technical_data ................ [[32mSELECT 643574[0m in 13.25s]
[2025-04-10T07:07:16.330+0000] {subprocess.py:93} INFO - [0m07:07:16
[2025-04-10T07:07:16.334+0000] {subprocess.py:93} INFO - [0m07:07:16  Finished running 4 table models in 0 hours 0 minutes and 48.26 seconds (48.26s).
[2025-04-10T07:07:16.578+0000] {subprocess.py:93} INFO - [0m07:07:16
[2025-04-10T07:07:16.581+0000] {subprocess.py:93} INFO - [0m07:07:16  [32mCompleted successfully[0m
[2025-04-10T07:07:16.583+0000] {subprocess.py:93} INFO - [0m07:07:16
[2025-04-10T07:07:16.587+0000] {subprocess.py:93} INFO - [0m07:07:16  Done. PASS=4 WARN=0 ERROR=0 SKIP=0 TOTAL=4
[2025-04-10T07:07:18.390+0000] {subprocess.py:97} INFO - Command exited with return code 0
[2025-04-10T07:07:18.472+0000] {taskinstance.py:340} INFO - ::group::Post task execution logs
[2025-04-10T07:07:18.474+0000] {taskinstance.py:352} INFO - Marking task as SUCCESS. dag_id=extract_raw_data_pipeline, task_id=run_dbt_trusted, run_id=scheduled__2025-04-10T07:04:00+00:00, execution_date=20250410T070400, start_date=20250410T070616, end_date=20250410T070718
[2025-04-10T07:07:18.547+0000] {local_task_job_runner.py:266} INFO - Task exited with return code 0
[2025-04-10T07:07:18.589+0000] {taskinstance.py:3900} INFO - 0 downstream tasks scheduled from follow-on schedule check
[2025-04-10T07:07:18.597+0000] {local_task_job_runner.py:245} INFO - ::endgroup::
