[2025-04-10T08:09:53.067+0000] {local_task_job_runner.py:123} INFO - ::group::Pre task execution logs
[2025-04-10T08:09:53.183+0000] {taskinstance.py:2612} INFO - Dependencies all met for dep_context=non-requeueable deps ti=<TaskInstance: extract_raw_data_pipeline.run_dbt_trusted scheduled__2025-04-10T07:56:00+00:00 [queued]>
[2025-04-10T08:09:53.263+0000] {taskinstance.py:2612} INFO - Dependencies all met for dep_context=requeueable deps ti=<TaskInstance: extract_raw_data_pipeline.run_dbt_trusted scheduled__2025-04-10T07:56:00+00:00 [queued]>
[2025-04-10T08:09:53.269+0000] {taskinstance.py:2865} INFO - Starting attempt 1 of 1
[2025-04-10T08:09:53.410+0000] {taskinstance.py:2888} INFO - Executing <Task(BashOperator): run_dbt_trusted> on 2025-04-10 07:56:00+00:00
[2025-04-10T08:09:53.443+0000] {warnings.py:112} WARNING - /home/***/.local/lib/python3.12/site-packages/***/task/task_runner/standard_task_runner.py:70: DeprecationWarning: This process (pid=5774) is multi-threaded, use of fork() may lead to deadlocks in the child.
  pid = os.fork()

[2025-04-10T08:09:53.457+0000] {standard_task_runner.py:104} INFO - Running: ['***', 'tasks', 'run', 'extract_raw_data_pipeline', 'run_dbt_trusted', 'scheduled__2025-04-10T07:56:00+00:00', '--job-id', '788', '--raw', '--subdir', 'DAGS_FOLDER/driven_data_pipeline.py', '--cfg-path', '/tmp/tmpuhzeepxj']
[2025-04-10T08:09:53.458+0000] {standard_task_runner.py:72} INFO - Started process 5776 to run task
[2025-04-10T08:09:53.461+0000] {standard_task_runner.py:105} INFO - Job 788: Subtask run_dbt_trusted
[2025-04-10T08:09:53.687+0000] {task_command.py:467} INFO - Running <TaskInstance: extract_raw_data_pipeline.run_dbt_trusted scheduled__2025-04-10T07:56:00+00:00 [running]> on host c829a6b69367
[2025-04-10T08:09:54.142+0000] {taskinstance.py:3131} INFO - Exporting env vars: AIRFLOW_CTX_DAG_OWNER='***' AIRFLOW_CTX_DAG_ID='extract_raw_data_pipeline' AIRFLOW_CTX_TASK_ID='run_dbt_trusted' AIRFLOW_CTX_EXECUTION_DATE='2025-04-10T07:56:00+00:00' AIRFLOW_CTX_TRY_NUMBER='1' AIRFLOW_CTX_DAG_RUN_ID='scheduled__2025-04-10T07:56:00+00:00'
[2025-04-10T08:09:54.150+0000] {taskinstance.py:731} INFO - ::endgroup::
[2025-04-10T08:09:54.237+0000] {subprocess.py:63} INFO - Tmp dir root location: /tmp
[2025-04-10T08:09:54.245+0000] {subprocess.py:75} INFO - Running command: ['/usr/bin/bash', '-c', 'set -x; cd /opt/***/dbt && dbt run --select tag:trusted']
[2025-04-10T08:09:54.318+0000] {subprocess.py:86} INFO - Output:
[2025-04-10T08:09:54.324+0000] {subprocess.py:93} INFO - + cd /opt/***/dbt
[2025-04-10T08:09:54.330+0000] {subprocess.py:93} INFO - + dbt run --select tag:trusted
[2025-04-10T08:10:04.066+0000] {subprocess.py:93} INFO - [0m08:10:04  Running with dbt=1.8.0
[2025-04-10T08:10:05.089+0000] {subprocess.py:93} INFO - [0m08:10:05  Registered adapter: postgres=1.8.2
[2025-04-10T08:10:06.756+0000] {subprocess.py:93} INFO - [0m08:10:06  Found 9 models, 10 sources, 428 macros
[2025-04-10T08:10:06.769+0000] {subprocess.py:93} INFO - [0m08:10:06
[2025-04-10T08:10:07.120+0000] {subprocess.py:93} INFO - [0m08:10:07  Concurrency: 1 threads (target='dev')
[2025-04-10T08:10:07.125+0000] {subprocess.py:93} INFO - [0m08:10:07
[2025-04-10T08:10:07.155+0000] {subprocess.py:93} INFO - [0m08:10:07  1 of 4 START sql table model driven_trusted.non_pii_data ....................... [RUN]
[2025-04-10T08:11:58.580+0000] {subprocess.py:93} INFO - [0m08:11:58  1 of 4 OK created sql table model driven_trusted.non_pii_data .................. [[32mSELECT 2447509[0m in 111.41s]
[2025-04-10T08:11:58.586+0000] {subprocess.py:93} INFO - [0m08:11:58  2 of 4 START sql table model driven_trusted.payment_data ....................... [RUN]
[2025-04-10T08:12:38.441+0000] {subprocess.py:93} INFO - [0m08:12:38  2 of 4 OK created sql table model driven_trusted.payment_data .................. [[32mSELECT 2447509[0m in 39.85s]
[2025-04-10T08:12:38.447+0000] {subprocess.py:93} INFO - [0m08:12:38  3 of 4 START sql table model driven_trusted.pii_data ........................... [RUN]
[2025-04-10T08:13:08.738+0000] {subprocess.py:93} INFO - [0m08:13:08  3 of 4 OK created sql table model driven_trusted.pii_data ...................... [[32mSELECT 2447509[0m in 30.28s]
[2025-04-10T08:13:08.756+0000] {subprocess.py:93} INFO - [0m08:13:08  4 of 4 START sql table model driven_trusted.technical_data ..................... [RUN]
[2025-04-10T08:13:24.543+0000] {subprocess.py:93} INFO - [0m08:13:24  4 of 4 OK created sql table model driven_trusted.technical_data ................ [[32mSELECT 2447509[0m in 15.77s]
[2025-04-10T08:13:24.580+0000] {subprocess.py:93} INFO - [0m08:13:24
[2025-04-10T08:13:24.581+0000] {subprocess.py:93} INFO - [0m08:13:24  Finished running 4 table models in 0 hours 3 minutes and 17.81 seconds (197.81s).
[2025-04-10T08:13:24.812+0000] {subprocess.py:93} INFO - [0m08:13:24
[2025-04-10T08:13:24.814+0000] {subprocess.py:93} INFO - [0m08:13:24  [32mCompleted successfully[0m
[2025-04-10T08:13:24.816+0000] {subprocess.py:93} INFO - [0m08:13:24
[2025-04-10T08:13:24.818+0000] {subprocess.py:93} INFO - [0m08:13:24  Done. PASS=4 WARN=0 ERROR=0 SKIP=0 TOTAL=4
[2025-04-10T08:13:26.969+0000] {subprocess.py:97} INFO - Command exited with return code 0
[2025-04-10T08:13:27.111+0000] {taskinstance.py:340} INFO - ::group::Post task execution logs
[2025-04-10T08:13:27.115+0000] {taskinstance.py:352} INFO - Marking task as SUCCESS. dag_id=extract_raw_data_pipeline, task_id=run_dbt_trusted, run_id=scheduled__2025-04-10T07:56:00+00:00, execution_date=20250410T075600, start_date=20250410T080953, end_date=20250410T081327
[2025-04-10T08:13:27.248+0000] {local_task_job_runner.py:266} INFO - Task exited with return code 0
[2025-04-10T08:13:27.286+0000] {taskinstance.py:3900} INFO - 0 downstream tasks scheduled from follow-on schedule check
[2025-04-10T08:13:27.304+0000] {local_task_job_runner.py:245} INFO - ::endgroup::
