[2025-04-09T07:11:22.672+0000] {local_task_job_runner.py:123} INFO - ::group::Pre task execution logs
[2025-04-09T07:11:22.695+0000] {taskinstance.py:2612} INFO - Dependencies all met for dep_context=non-requeueable deps ti=<TaskInstance: extract_raw_data_pipeline.run_dbt_staging manual__2025-04-09T07:11:13.092094+00:00 [queued]>
[2025-04-09T07:11:22.706+0000] {taskinstance.py:2612} INFO - Dependencies all met for dep_context=requeueable deps ti=<TaskInstance: extract_raw_data_pipeline.run_dbt_staging manual__2025-04-09T07:11:13.092094+00:00 [queued]>
[2025-04-09T07:11:22.707+0000] {taskinstance.py:2865} INFO - Starting attempt 1 of 1
[2025-04-09T07:11:22.729+0000] {taskinstance.py:2888} INFO - Executing <Task(BashOperator): run_dbt_staging> on 2025-04-09 07:11:13.092094+00:00
[2025-04-09T07:11:22.736+0000] {warnings.py:112} WARNING - /home/***/.local/lib/python3.12/site-packages/***/task/task_runner/standard_task_runner.py:70: DeprecationWarning: This process (pid=1571) is multi-threaded, use of fork() may lead to deadlocks in the child.
  pid = os.fork()

[2025-04-09T07:11:22.738+0000] {standard_task_runner.py:72} INFO - Started process 1573 to run task
[2025-04-09T07:11:22.739+0000] {standard_task_runner.py:104} INFO - Running: ['***', 'tasks', 'run', 'extract_raw_data_pipeline', 'run_dbt_staging', 'manual__2025-04-09T07:11:13.092094+00:00', '--job-id', '135', '--raw', '--subdir', 'DAGS_FOLDER/driven_data_pipeline.py', '--cfg-path', '/tmp/tmpl8q0ddhp']
[2025-04-09T07:11:22.741+0000] {standard_task_runner.py:105} INFO - Job 135: Subtask run_dbt_staging
[2025-04-09T07:11:22.799+0000] {task_command.py:467} INFO - Running <TaskInstance: extract_raw_data_pipeline.run_dbt_staging manual__2025-04-09T07:11:13.092094+00:00 [running]> on host c829a6b69367
[2025-04-09T07:11:22.894+0000] {taskinstance.py:3131} INFO - Exporting env vars: AIRFLOW_CTX_DAG_OWNER='***' AIRFLOW_CTX_DAG_ID='extract_raw_data_pipeline' AIRFLOW_CTX_TASK_ID='run_dbt_staging' AIRFLOW_CTX_EXECUTION_DATE='2025-04-09T07:11:13.092094+00:00' AIRFLOW_CTX_TRY_NUMBER='1' AIRFLOW_CTX_DAG_RUN_ID='manual__2025-04-09T07:11:13.092094+00:00'
[2025-04-09T07:11:22.895+0000] {taskinstance.py:731} INFO - ::endgroup::
[2025-04-09T07:11:22.915+0000] {subprocess.py:63} INFO - Tmp dir root location: /tmp
[2025-04-09T07:11:22.918+0000] {subprocess.py:75} INFO - Running command: ['/usr/bin/bash', '-c', 'set -x; cd /opt/***/dbt && dbt run --select tag:staging']
[2025-04-09T07:11:22.932+0000] {subprocess.py:86} INFO - Output:
[2025-04-09T07:11:22.943+0000] {subprocess.py:93} INFO - + cd /opt/***/dbt
[2025-04-09T07:11:22.944+0000] {subprocess.py:93} INFO - + dbt run --select tag:staging
[2025-04-09T07:11:25.837+0000] {subprocess.py:93} INFO - [0m07:11:25  Running with dbt=1.8.0
[2025-04-09T07:11:26.205+0000] {subprocess.py:93} INFO - [0m07:11:26  Registered adapter: postgres=1.8.2
[2025-04-09T07:11:26.447+0000] {subprocess.py:93} INFO - [0m07:11:26  Unable to do partial parsing because of a version mismatch
[2025-04-09T07:11:28.398+0000] {subprocess.py:93} INFO - [0m07:11:28  Found 9 models, 10 sources, 428 macros
[2025-04-09T07:11:28.402+0000] {subprocess.py:93} INFO - [0m07:11:28
[2025-04-09T07:11:28.687+0000] {subprocess.py:93} INFO - [0m07:11:28  Concurrency: 1 threads (target='dev')
[2025-04-09T07:11:28.688+0000] {subprocess.py:93} INFO - [0m07:11:28
[2025-04-09T07:11:28.702+0000] {subprocess.py:93} INFO - [0m07:11:28  1 of 5 START sql table model driven_staging.dim_address ........................ [RUN]
[2025-04-09T07:11:28.924+0000] {subprocess.py:93} INFO - [0m07:11:28  1 of 5 OK created sql table model driven_staging.dim_address ................... [[32mSELECT 14483[0m in 0.22s]
[2025-04-09T07:11:28.927+0000] {subprocess.py:93} INFO - [0m07:11:28  2 of 5 START sql table model driven_staging.dim_date ........................... [RUN]
[2025-04-09T07:11:29.031+0000] {subprocess.py:93} INFO - [0m07:11:29  2 of 5 OK created sql table model driven_staging.dim_date ...................... [[32mSELECT 14483[0m in 0.10s]
[2025-04-09T07:11:29.037+0000] {subprocess.py:93} INFO - [0m07:11:29  3 of 5 START sql table model driven_staging.dim_finance ........................ [RUN]
[2025-04-09T07:11:29.140+0000] {subprocess.py:93} INFO - [0m07:11:29  3 of 5 OK created sql table model driven_staging.dim_finance ................... [[32mSELECT 14483[0m in 0.10s]
[2025-04-09T07:11:29.145+0000] {subprocess.py:93} INFO - [0m07:11:29  4 of 5 START sql table model driven_staging.dim_person ......................... [RUN]
[2025-04-09T07:11:29.252+0000] {subprocess.py:93} INFO - [0m07:11:29  4 of 5 OK created sql table model driven_staging.dim_person .................... [[32mSELECT 14483[0m in 0.11s]
[2025-04-09T07:11:29.255+0000] {subprocess.py:93} INFO - [0m07:11:29  5 of 5 START sql table model driven_staging.fact_network_usage ................. [RUN]
[2025-04-09T07:11:29.340+0000] {subprocess.py:93} INFO - [0m07:11:29  5 of 5 OK created sql table model driven_staging.fact_network_usage ............ [[32mSELECT 14483[0m in 0.08s]
[2025-04-09T07:11:29.358+0000] {subprocess.py:93} INFO - [0m07:11:29
[2025-04-09T07:11:29.358+0000] {subprocess.py:93} INFO - [0m07:11:29  Finished running 5 table models in 0 hours 0 minutes and 0.95 seconds (0.95s).
[2025-04-09T07:11:29.458+0000] {subprocess.py:93} INFO - [0m07:11:29
[2025-04-09T07:11:29.461+0000] {subprocess.py:93} INFO - [0m07:11:29  [32mCompleted successfully[0m
[2025-04-09T07:11:29.466+0000] {subprocess.py:93} INFO - [0m07:11:29
[2025-04-09T07:11:29.472+0000] {subprocess.py:93} INFO - [0m07:11:29  Done. PASS=5 WARN=0 ERROR=0 SKIP=0 TOTAL=5
[2025-04-09T07:11:30.931+0000] {subprocess.py:97} INFO - Command exited with return code 0
[2025-04-09T07:11:30.969+0000] {taskinstance.py:340} INFO - ::group::Post task execution logs
[2025-04-09T07:11:30.970+0000] {taskinstance.py:352} INFO - Marking task as SUCCESS. dag_id=extract_raw_data_pipeline, task_id=run_dbt_staging, run_id=manual__2025-04-09T07:11:13.092094+00:00, execution_date=20250409T071113, start_date=20250409T071122, end_date=20250409T071130
[2025-04-09T07:11:31.028+0000] {local_task_job_runner.py:266} INFO - Task exited with return code 0
[2025-04-09T07:11:31.057+0000] {taskinstance.py:3900} INFO - 0 downstream tasks scheduled from follow-on schedule check
[2025-04-09T07:11:31.061+0000] {local_task_job_runner.py:245} INFO - ::endgroup::
