[2025-04-10T07:19:17.775+0000] {local_task_job_runner.py:123} INFO - ::group::Pre task execution logs
[2025-04-10T07:19:17.819+0000] {taskinstance.py:2612} INFO - Dependencies all met for dep_context=non-requeueable deps ti=<TaskInstance: extract_raw_data_pipeline.run_dbt_staging scheduled__2025-04-10T07:18:00+00:00 [queued]>
[2025-04-10T07:19:17.854+0000] {taskinstance.py:2612} INFO - Dependencies all met for dep_context=requeueable deps ti=<TaskInstance: extract_raw_data_pipeline.run_dbt_staging scheduled__2025-04-10T07:18:00+00:00 [queued]>
[2025-04-10T07:19:17.855+0000] {taskinstance.py:2865} INFO - Starting attempt 1 of 1
[2025-04-10T07:19:17.894+0000] {taskinstance.py:2888} INFO - Executing <Task(BashOperator): run_dbt_staging> on 2025-04-10 07:18:00+00:00
[2025-04-10T07:19:17.915+0000] {warnings.py:112} WARNING - /home/***/.local/lib/python3.12/site-packages/***/task/task_runner/standard_task_runner.py:70: DeprecationWarning: This process (pid=3339) is multi-threaded, use of fork() may lead to deadlocks in the child.
  pid = os.fork()

[2025-04-10T07:19:17.918+0000] {standard_task_runner.py:72} INFO - Started process 3341 to run task
[2025-04-10T07:19:17.919+0000] {standard_task_runner.py:104} INFO - Running: ['***', 'tasks', 'run', 'extract_raw_data_pipeline', 'run_dbt_staging', 'scheduled__2025-04-10T07:18:00+00:00', '--job-id', '548', '--raw', '--subdir', 'DAGS_FOLDER/driven_data_pipeline.py', '--cfg-path', '/tmp/tmp9dktmcg0']
[2025-04-10T07:19:17.921+0000] {standard_task_runner.py:105} INFO - Job 548: Subtask run_dbt_staging
[2025-04-10T07:19:18.024+0000] {task_command.py:467} INFO - Running <TaskInstance: extract_raw_data_pipeline.run_dbt_staging scheduled__2025-04-10T07:18:00+00:00 [running]> on host c829a6b69367
[2025-04-10T07:19:18.252+0000] {taskinstance.py:3131} INFO - Exporting env vars: AIRFLOW_CTX_DAG_OWNER='***' AIRFLOW_CTX_DAG_ID='extract_raw_data_pipeline' AIRFLOW_CTX_TASK_ID='run_dbt_staging' AIRFLOW_CTX_EXECUTION_DATE='2025-04-10T07:18:00+00:00' AIRFLOW_CTX_TRY_NUMBER='1' AIRFLOW_CTX_DAG_RUN_ID='scheduled__2025-04-10T07:18:00+00:00'
[2025-04-10T07:19:18.255+0000] {taskinstance.py:731} INFO - ::endgroup::
[2025-04-10T07:19:18.305+0000] {subprocess.py:63} INFO - Tmp dir root location: /tmp
[2025-04-10T07:19:18.308+0000] {subprocess.py:75} INFO - Running command: ['/usr/bin/bash', '-c', 'set -x; cd /opt/***/dbt && dbt run --select tag:staging']
[2025-04-10T07:19:18.348+0000] {subprocess.py:86} INFO - Output:
[2025-04-10T07:19:18.356+0000] {subprocess.py:93} INFO - + cd /opt/***/dbt
[2025-04-10T07:19:18.358+0000] {subprocess.py:93} INFO - + dbt run --select tag:staging
[2025-04-10T07:19:23.848+0000] {subprocess.py:93} INFO - [0m07:19:23  Running with dbt=1.8.0
[2025-04-10T07:19:25.333+0000] {subprocess.py:93} INFO - [0m07:19:25  Registered adapter: postgres=1.8.2
[2025-04-10T07:19:26.732+0000] {subprocess.py:93} INFO - [0m07:19:26  Found 9 models, 10 sources, 428 macros
[2025-04-10T07:19:26.741+0000] {subprocess.py:93} INFO - [0m07:19:26
[2025-04-10T07:19:27.127+0000] {subprocess.py:93} INFO - [0m07:19:27  Concurrency: 1 threads (target='dev')
[2025-04-10T07:19:27.131+0000] {subprocess.py:93} INFO - [0m07:19:27
[2025-04-10T07:19:27.170+0000] {subprocess.py:93} INFO - [0m07:19:27  1 of 5 START sql table model driven_staging.dim_address ........................ [RUN]
[2025-04-10T07:19:52.716+0000] {subprocess.py:93} INFO - [0m07:19:52  1 of 5 OK created sql table model driven_staging.dim_address ................... [[32mSELECT 958038[0m in 25.53s]
[2025-04-10T07:19:52.737+0000] {subprocess.py:93} INFO - [0m07:19:52  2 of 5 START sql table model driven_staging.dim_date ........................... [RUN]
[2025-04-10T07:20:06.689+0000] {subprocess.py:93} INFO - [0m07:20:06  2 of 5 OK created sql table model driven_staging.dim_date ...................... [[32mSELECT 958038[0m in 13.94s]
[2025-04-10T07:20:06.720+0000] {subprocess.py:93} INFO - [0m07:20:06  3 of 5 START sql table model driven_staging.dim_finance ........................ [RUN]
[2025-04-10T07:20:54.818+0000] {subprocess.py:93} INFO - [0m07:20:54  3 of 5 OK created sql table model driven_staging.dim_finance ................... [[32mSELECT 958038[0m in 48.08s]
[2025-04-10T07:20:54.835+0000] {subprocess.py:93} INFO - [0m07:20:54  4 of 5 START sql table model driven_staging.dim_person ......................... [RUN]
[2025-04-10T07:21:04.168+0000] {subprocess.py:93} INFO - [0m07:21:04  4 of 5 OK created sql table model driven_staging.dim_person .................... [[32mSELECT 984881[0m in 9.33s]
[2025-04-10T07:21:04.194+0000] {subprocess.py:93} INFO - [0m07:21:04  5 of 5 START sql table model driven_staging.fact_network_usage ................. [RUN]
[2025-04-10T07:21:20.790+0000] {subprocess.py:93} INFO - [0m07:21:20  5 of 5 OK created sql table model driven_staging.fact_network_usage ............ [[32mSELECT 984881[0m in 16.59s]
[2025-04-10T07:21:20.839+0000] {subprocess.py:93} INFO - [0m07:21:20
[2025-04-10T07:21:20.844+0000] {subprocess.py:93} INFO - [0m07:21:20  Finished running 5 table models in 0 hours 1 minutes and 54.09 seconds (114.09s).
[2025-04-10T07:21:21.093+0000] {subprocess.py:93} INFO - [0m07:21:21
[2025-04-10T07:21:21.097+0000] {subprocess.py:93} INFO - [0m07:21:21  [32mCompleted successfully[0m
[2025-04-10T07:21:21.100+0000] {subprocess.py:93} INFO - [0m07:21:21
[2025-04-10T07:21:21.104+0000] {subprocess.py:93} INFO - [0m07:21:21  Done. PASS=5 WARN=0 ERROR=0 SKIP=0 TOTAL=5
[2025-04-10T07:21:23.388+0000] {subprocess.py:97} INFO - Command exited with return code 0
[2025-04-10T07:21:23.515+0000] {taskinstance.py:340} INFO - ::group::Post task execution logs
[2025-04-10T07:21:23.522+0000] {taskinstance.py:352} INFO - Marking task as SUCCESS. dag_id=extract_raw_data_pipeline, task_id=run_dbt_staging, run_id=scheduled__2025-04-10T07:18:00+00:00, execution_date=20250410T071800, start_date=20250410T071917, end_date=20250410T072123
[2025-04-10T07:21:23.654+0000] {local_task_job_runner.py:266} INFO - Task exited with return code 0
[2025-04-10T07:21:23.723+0000] {taskinstance.py:3900} INFO - 1 downstream tasks scheduled from follow-on schedule check
[2025-04-10T07:21:23.729+0000] {local_task_job_runner.py:245} INFO - ::endgroup::
