[2025-04-10T07:47:09.762+0000] {local_task_job_runner.py:123} INFO - ::group::Pre task execution logs
[2025-04-10T07:47:09.797+0000] {taskinstance.py:2612} INFO - Dependencies all met for dep_context=non-requeueable deps ti=<TaskInstance: extract_raw_data_pipeline.run_dbt_staging scheduled__2025-04-10T07:46:00+00:00 [queued]>
[2025-04-10T07:47:09.821+0000] {taskinstance.py:2612} INFO - Dependencies all met for dep_context=requeueable deps ti=<TaskInstance: extract_raw_data_pipeline.run_dbt_staging scheduled__2025-04-10T07:46:00+00:00 [queued]>
[2025-04-10T07:47:09.822+0000] {taskinstance.py:2865} INFO - Starting attempt 1 of 1
[2025-04-10T07:47:09.872+0000] {taskinstance.py:2888} INFO - Executing <Task(BashOperator): run_dbt_staging> on 2025-04-10 07:46:00+00:00
[2025-04-10T07:47:09.885+0000] {warnings.py:112} WARNING - /home/***/.local/lib/python3.12/site-packages/***/task/task_runner/standard_task_runner.py:70: DeprecationWarning: This process (pid=4994) is multi-threaded, use of fork() may lead to deadlocks in the child.
  pid = os.fork()

[2025-04-10T07:47:09.888+0000] {standard_task_runner.py:72} INFO - Started process 4998 to run task
[2025-04-10T07:47:09.889+0000] {standard_task_runner.py:104} INFO - Running: ['***', 'tasks', 'run', 'extract_raw_data_pipeline', 'run_dbt_staging', 'scheduled__2025-04-10T07:46:00+00:00', '--job-id', '715', '--raw', '--subdir', 'DAGS_FOLDER/driven_data_pipeline.py', '--cfg-path', '/tmp/tmpmy2y4gvo']
[2025-04-10T07:47:09.891+0000] {standard_task_runner.py:105} INFO - Job 715: Subtask run_dbt_staging
[2025-04-10T07:47:10.001+0000] {task_command.py:467} INFO - Running <TaskInstance: extract_raw_data_pipeline.run_dbt_staging scheduled__2025-04-10T07:46:00+00:00 [running]> on host c829a6b69367
[2025-04-10T07:47:10.210+0000] {taskinstance.py:3131} INFO - Exporting env vars: AIRFLOW_CTX_DAG_OWNER='***' AIRFLOW_CTX_DAG_ID='extract_raw_data_pipeline' AIRFLOW_CTX_TASK_ID='run_dbt_staging' AIRFLOW_CTX_EXECUTION_DATE='2025-04-10T07:46:00+00:00' AIRFLOW_CTX_TRY_NUMBER='1' AIRFLOW_CTX_DAG_RUN_ID='scheduled__2025-04-10T07:46:00+00:00'
[2025-04-10T07:47:10.213+0000] {taskinstance.py:731} INFO - ::endgroup::
[2025-04-10T07:47:10.248+0000] {subprocess.py:63} INFO - Tmp dir root location: /tmp
[2025-04-10T07:47:10.250+0000] {subprocess.py:75} INFO - Running command: ['/usr/bin/bash', '-c', 'set -x; cd /opt/***/dbt && dbt run --select tag:staging']
[2025-04-10T07:47:10.278+0000] {subprocess.py:86} INFO - Output:
[2025-04-10T07:47:10.282+0000] {subprocess.py:93} INFO - + cd /opt/***/dbt
[2025-04-10T07:47:10.283+0000] {subprocess.py:93} INFO - + dbt run --select tag:staging
[2025-04-10T07:47:14.706+0000] {subprocess.py:93} INFO - [0m07:47:14  Running with dbt=1.8.0
[2025-04-10T07:47:15.107+0000] {subprocess.py:93} INFO - [0m07:47:15  Registered adapter: postgres=1.8.2
[2025-04-10T07:47:15.775+0000] {subprocess.py:93} INFO - [0m07:47:15  Found 9 models, 10 sources, 428 macros
[2025-04-10T07:47:15.779+0000] {subprocess.py:93} INFO - [0m07:47:15
[2025-04-10T07:47:15.950+0000] {subprocess.py:93} INFO - [0m07:47:15  Concurrency: 1 threads (target='dev')
[2025-04-10T07:47:15.952+0000] {subprocess.py:93} INFO - [0m07:47:15
[2025-04-10T07:47:15.975+0000] {subprocess.py:93} INFO - [0m07:47:15  1 of 5 START sql table model driven_staging.dim_address ........................ [RUN]
[2025-04-10T07:48:02.340+0000] {subprocess.py:93} INFO - [0m07:48:02  1 of 5 OK created sql table model driven_staging.dim_address ................... [[32mSELECT 1911368[0m in 46.36s]
[2025-04-10T07:48:02.345+0000] {subprocess.py:93} INFO - [0m07:48:02  2 of 5 START sql table model driven_staging.dim_date ........................... [RUN]
[2025-04-10T07:48:32.290+0000] {subprocess.py:93} INFO - [0m07:48:32  2 of 5 OK created sql table model driven_staging.dim_date ...................... [[32mSELECT 1911368[0m in 29.94s]
[2025-04-10T07:48:32.296+0000] {subprocess.py:93} INFO - [0m07:48:32  3 of 5 START sql table model driven_staging.dim_finance ........................ [RUN]
[2025-04-10T07:48:41.349+0000] {subprocess.py:93} INFO - [0m07:48:41  3 of 5 OK created sql table model driven_staging.dim_finance ................... [[32mSELECT 1953382[0m in 9.05s]
[2025-04-10T07:48:41.354+0000] {subprocess.py:93} INFO - [0m07:48:41  4 of 5 START sql table model driven_staging.dim_person ......................... [RUN]
[2025-04-10T07:48:47.994+0000] {subprocess.py:93} INFO - [0m07:48:47  4 of 5 OK created sql table model driven_staging.dim_person .................... [[32mSELECT 1953382[0m in 6.64s]
[2025-04-10T07:48:47.997+0000] {subprocess.py:93} INFO - [0m07:48:47  5 of 5 START sql table model driven_staging.fact_network_usage ................. [RUN]
[2025-04-10T07:49:43.453+0000] {subprocess.py:93} INFO - [0m07:49:43  5 of 5 OK created sql table model driven_staging.fact_network_usage ............ [[32mSELECT 1953382[0m in 55.45s]
[2025-04-10T07:49:43.480+0000] {subprocess.py:93} INFO - [0m07:49:43
[2025-04-10T07:49:43.481+0000] {subprocess.py:93} INFO - [0m07:49:43  Finished running 5 table models in 0 hours 2 minutes and 27.70 seconds (147.70s).
[2025-04-10T07:49:43.581+0000] {subprocess.py:93} INFO - [0m07:49:43
[2025-04-10T07:49:43.583+0000] {subprocess.py:93} INFO - [0m07:49:43  [32mCompleted successfully[0m
[2025-04-10T07:49:43.584+0000] {subprocess.py:93} INFO - [0m07:49:43
[2025-04-10T07:49:43.585+0000] {subprocess.py:93} INFO - [0m07:49:43  Done. PASS=5 WARN=0 ERROR=0 SKIP=0 TOTAL=5
[2025-04-10T07:49:45.002+0000] {subprocess.py:97} INFO - Command exited with return code 0
[2025-04-10T07:49:45.065+0000] {taskinstance.py:340} INFO - ::group::Post task execution logs
[2025-04-10T07:49:45.066+0000] {taskinstance.py:352} INFO - Marking task as SUCCESS. dag_id=extract_raw_data_pipeline, task_id=run_dbt_staging, run_id=scheduled__2025-04-10T07:46:00+00:00, execution_date=20250410T074600, start_date=20250410T074709, end_date=20250410T074945
[2025-04-10T07:49:45.126+0000] {local_task_job_runner.py:266} INFO - Task exited with return code 0
[2025-04-10T07:49:45.162+0000] {taskinstance.py:3900} INFO - 1 downstream tasks scheduled from follow-on schedule check
[2025-04-10T07:49:45.170+0000] {local_task_job_runner.py:245} INFO - ::endgroup::
