[2025-04-10T08:11:30.267+0000] {local_task_job_runner.py:123} INFO - ::group::Pre task execution logs
[2025-04-10T08:11:30.411+0000] {taskinstance.py:2612} INFO - Dependencies all met for dep_context=non-requeueable deps ti=<TaskInstance: extract_raw_data_pipeline.run_dbt_trusted scheduled__2025-04-10T07:57:00+00:00 [queued]>
[2025-04-10T08:11:30.483+0000] {taskinstance.py:2612} INFO - Dependencies all met for dep_context=requeueable deps ti=<TaskInstance: extract_raw_data_pipeline.run_dbt_trusted scheduled__2025-04-10T07:57:00+00:00 [queued]>
[2025-04-10T08:11:30.488+0000] {taskinstance.py:2865} INFO - Starting attempt 1 of 1
[2025-04-10T08:11:30.619+0000] {taskinstance.py:2888} INFO - Executing <Task(BashOperator): run_dbt_trusted> on 2025-04-10 07:57:00+00:00
[2025-04-10T08:11:30.635+0000] {warnings.py:112} WARNING - /home/***/.local/lib/python3.12/site-packages/***/task/task_runner/standard_task_runner.py:70: DeprecationWarning: This process (pid=5794) is multi-threaded, use of fork() may lead to deadlocks in the child.
  pid = os.fork()

[2025-04-10T08:11:30.639+0000] {standard_task_runner.py:72} INFO - Started process 5796 to run task
[2025-04-10T08:11:30.639+0000] {standard_task_runner.py:104} INFO - Running: ['***', 'tasks', 'run', 'extract_raw_data_pipeline', 'run_dbt_trusted', 'scheduled__2025-04-10T07:57:00+00:00', '--job-id', '789', '--raw', '--subdir', 'DAGS_FOLDER/driven_data_pipeline.py', '--cfg-path', '/tmp/tmpicyb5d8f']
[2025-04-10T08:11:30.641+0000] {standard_task_runner.py:105} INFO - Job 789: Subtask run_dbt_trusted
[2025-04-10T08:11:30.781+0000] {task_command.py:467} INFO - Running <TaskInstance: extract_raw_data_pipeline.run_dbt_trusted scheduled__2025-04-10T07:57:00+00:00 [running]> on host c829a6b69367
[2025-04-10T08:11:31.115+0000] {taskinstance.py:3131} INFO - Exporting env vars: AIRFLOW_CTX_DAG_OWNER='***' AIRFLOW_CTX_DAG_ID='extract_raw_data_pipeline' AIRFLOW_CTX_TASK_ID='run_dbt_trusted' AIRFLOW_CTX_EXECUTION_DATE='2025-04-10T07:57:00+00:00' AIRFLOW_CTX_TRY_NUMBER='1' AIRFLOW_CTX_DAG_RUN_ID='scheduled__2025-04-10T07:57:00+00:00'
[2025-04-10T08:11:31.124+0000] {taskinstance.py:731} INFO - ::endgroup::
[2025-04-10T08:11:31.202+0000] {subprocess.py:63} INFO - Tmp dir root location: /tmp
[2025-04-10T08:11:31.212+0000] {subprocess.py:75} INFO - Running command: ['/usr/bin/bash', '-c', 'set -x; cd /opt/***/dbt && dbt run --select tag:trusted']
[2025-04-10T08:11:31.245+0000] {subprocess.py:86} INFO - Output:
[2025-04-10T08:11:31.259+0000] {subprocess.py:93} INFO - + cd /opt/***/dbt
[2025-04-10T08:11:31.261+0000] {subprocess.py:93} INFO - + dbt run --select tag:trusted
[2025-04-10T08:11:38.831+0000] {subprocess.py:93} INFO - [0m08:11:38  Running with dbt=1.8.0
[2025-04-10T08:11:39.484+0000] {subprocess.py:93} INFO - [0m08:11:39  Registered adapter: postgres=1.8.2
[2025-04-10T08:11:40.660+0000] {subprocess.py:93} INFO - [0m08:11:40  Found 9 models, 10 sources, 428 macros
[2025-04-10T08:11:40.665+0000] {subprocess.py:93} INFO - [0m08:11:40
[2025-04-10T08:11:40.922+0000] {subprocess.py:93} INFO - [0m08:11:40  Concurrency: 1 threads (target='dev')
[2025-04-10T08:11:40.923+0000] {subprocess.py:93} INFO - [0m08:11:40
[2025-04-10T08:11:40.945+0000] {subprocess.py:93} INFO - [0m08:11:40  1 of 4 START sql table model driven_trusted.non_pii_data ....................... [RUN]
[2025-04-10T08:13:01.081+0000] {subprocess.py:93} INFO - [0m08:13:01  1 of 4 OK created sql table model driven_trusted.non_pii_data .................. [[32mSELECT 2447509[0m in 80.12s]
[2025-04-10T08:13:01.098+0000] {subprocess.py:93} INFO - [0m08:13:01  2 of 4 START sql table model driven_trusted.payment_data ....................... [RUN]
[2025-04-10T08:13:14.491+0000] {subprocess.py:93} INFO - [0m08:13:14  2 of 4 OK created sql table model driven_trusted.payment_data .................. [[32mSELECT 2447509[0m in 13.39s]
[2025-04-10T08:13:14.497+0000] {subprocess.py:93} INFO - [0m08:13:14  3 of 4 START sql table model driven_trusted.pii_data ........................... [RUN]
[2025-04-10T08:13:43.226+0000] {subprocess.py:93} INFO - [0m08:13:43  3 of 4 OK created sql table model driven_trusted.pii_data ...................... [[32mSELECT 2447509[0m in 28.72s]
[2025-04-10T08:13:43.237+0000] {subprocess.py:93} INFO - [0m08:13:43  4 of 4 START sql table model driven_trusted.technical_data ..................... [RUN]
[2025-04-10T08:13:51.778+0000] {subprocess.py:93} INFO - [0m08:13:51  4 of 4 OK created sql table model driven_trusted.technical_data ................ [[32mSELECT 2447509[0m in 8.54s]
[2025-04-10T08:13:51.812+0000] {subprocess.py:93} INFO - [0m08:13:51
[2025-04-10T08:13:51.814+0000] {subprocess.py:93} INFO - [0m08:13:51  Finished running 4 table models in 0 hours 2 minutes and 11.15 seconds (131.15s).
[2025-04-10T08:13:51.953+0000] {subprocess.py:93} INFO - [0m08:13:51
[2025-04-10T08:13:51.955+0000] {subprocess.py:93} INFO - [0m08:13:51  [32mCompleted successfully[0m
[2025-04-10T08:13:51.957+0000] {subprocess.py:93} INFO - [0m08:13:51
[2025-04-10T08:13:51.959+0000] {subprocess.py:93} INFO - [0m08:13:51  Done. PASS=4 WARN=0 ERROR=0 SKIP=0 TOTAL=4
[2025-04-10T08:13:55.271+0000] {subprocess.py:97} INFO - Command exited with return code 0
[2025-04-10T08:13:55.327+0000] {taskinstance.py:340} INFO - ::group::Post task execution logs
[2025-04-10T08:13:55.328+0000] {taskinstance.py:352} INFO - Marking task as SUCCESS. dag_id=extract_raw_data_pipeline, task_id=run_dbt_trusted, run_id=scheduled__2025-04-10T07:57:00+00:00, execution_date=20250410T075700, start_date=20250410T081130, end_date=20250410T081355
[2025-04-10T08:13:55.374+0000] {local_task_job_runner.py:266} INFO - Task exited with return code 0
[2025-04-10T08:13:55.397+0000] {taskinstance.py:3900} INFO - 0 downstream tasks scheduled from follow-on schedule check
[2025-04-10T08:13:55.419+0000] {local_task_job_runner.py:245} INFO - ::endgroup::
