[2025-04-09T07:11:31.854+0000] {local_task_job_runner.py:123} INFO - ::group::Pre task execution logs
[2025-04-09T07:11:31.883+0000] {taskinstance.py:2612} INFO - Dependencies all met for dep_context=non-requeueable deps ti=<TaskInstance: extract_raw_data_pipeline.run_dbt_trusted manual__2025-04-09T07:11:13.092094+00:00 [queued]>
[2025-04-09T07:11:31.896+0000] {taskinstance.py:2612} INFO - Dependencies all met for dep_context=requeueable deps ti=<TaskInstance: extract_raw_data_pipeline.run_dbt_trusted manual__2025-04-09T07:11:13.092094+00:00 [queued]>
[2025-04-09T07:11:31.897+0000] {taskinstance.py:2865} INFO - Starting attempt 1 of 1
[2025-04-09T07:11:31.918+0000] {taskinstance.py:2888} INFO - Executing <Task(BashOperator): run_dbt_trusted> on 2025-04-09 07:11:13.092094+00:00
[2025-04-09T07:11:31.927+0000] {warnings.py:112} WARNING - /home/***/.local/lib/python3.12/site-packages/***/task/task_runner/standard_task_runner.py:70: DeprecationWarning: This process (pid=1597) is multi-threaded, use of fork() may lead to deadlocks in the child.
  pid = os.fork()

[2025-04-09T07:11:31.930+0000] {standard_task_runner.py:104} INFO - Running: ['***', 'tasks', 'run', 'extract_raw_data_pipeline', 'run_dbt_trusted', 'manual__2025-04-09T07:11:13.092094+00:00', '--job-id', '136', '--raw', '--subdir', 'DAGS_FOLDER/driven_data_pipeline.py', '--cfg-path', '/tmp/tmpkf4qn58d']
[2025-04-09T07:11:31.943+0000] {standard_task_runner.py:72} INFO - Started process 1599 to run task
[2025-04-09T07:11:31.943+0000] {standard_task_runner.py:105} INFO - Job 136: Subtask run_dbt_trusted
[2025-04-09T07:11:32.017+0000] {task_command.py:467} INFO - Running <TaskInstance: extract_raw_data_pipeline.run_dbt_trusted manual__2025-04-09T07:11:13.092094+00:00 [running]> on host c829a6b69367
[2025-04-09T07:11:32.129+0000] {taskinstance.py:3131} INFO - Exporting env vars: AIRFLOW_CTX_DAG_OWNER='***' AIRFLOW_CTX_DAG_ID='extract_raw_data_pipeline' AIRFLOW_CTX_TASK_ID='run_dbt_trusted' AIRFLOW_CTX_EXECUTION_DATE='2025-04-09T07:11:13.092094+00:00' AIRFLOW_CTX_TRY_NUMBER='1' AIRFLOW_CTX_DAG_RUN_ID='manual__2025-04-09T07:11:13.092094+00:00'
[2025-04-09T07:11:32.132+0000] {taskinstance.py:731} INFO - ::endgroup::
[2025-04-09T07:11:32.150+0000] {subprocess.py:63} INFO - Tmp dir root location: /tmp
[2025-04-09T07:11:32.153+0000] {subprocess.py:75} INFO - Running command: ['/usr/bin/bash', '-c', 'set -x; cd /opt/***/dbt && dbt run --select tag:trusted']
[2025-04-09T07:11:32.169+0000] {subprocess.py:86} INFO - Output:
[2025-04-09T07:11:32.171+0000] {subprocess.py:93} INFO - + cd /opt/***/dbt
[2025-04-09T07:11:32.171+0000] {subprocess.py:93} INFO - + dbt run --select tag:trusted
[2025-04-09T07:11:34.481+0000] {subprocess.py:93} INFO - [0m07:11:34  Running with dbt=1.8.0
[2025-04-09T07:11:34.755+0000] {subprocess.py:93} INFO - [0m07:11:34  Registered adapter: postgres=1.8.2
[2025-04-09T07:11:35.219+0000] {subprocess.py:93} INFO - [0m07:11:35  Found 9 models, 10 sources, 428 macros
[2025-04-09T07:11:35.223+0000] {subprocess.py:93} INFO - [0m07:11:35
[2025-04-09T07:11:35.393+0000] {subprocess.py:93} INFO - [0m07:11:35  Concurrency: 1 threads (target='dev')
[2025-04-09T07:11:35.394+0000] {subprocess.py:93} INFO - [0m07:11:35
[2025-04-09T07:11:35.409+0000] {subprocess.py:93} INFO - [0m07:11:35  1 of 4 START sql table model driven_trusted.non_pii_data ....................... [RUN]
[2025-04-09T07:11:35.397+0000] {subprocess.py:93} INFO - [0m07:11:35  1 of 4 OK created sql table model driven_trusted.non_pii_data .................. [[32mSELECT 14483[0m in -0.02s]
[2025-04-09T07:11:35.401+0000] {subprocess.py:93} INFO - [0m07:11:35  2 of 4 START sql table model driven_trusted.payment_data ....................... [RUN]
[2025-04-09T07:11:35.548+0000] {subprocess.py:93} INFO - [0m07:11:35  2 of 4 OK created sql table model driven_trusted.payment_data .................. [[32mSELECT 14483[0m in 0.14s]
[2025-04-09T07:11:35.551+0000] {subprocess.py:93} INFO - [0m07:11:35  3 of 4 START sql table model driven_trusted.pii_data ........................... [RUN]
[2025-04-09T07:11:36.414+0000] {subprocess.py:93} INFO - [0m07:11:36  3 of 4 OK created sql table model driven_trusted.pii_data ...................... [[32mSELECT 14483[0m in 0.86s]
[2025-04-09T07:11:36.417+0000] {subprocess.py:93} INFO - [0m07:11:36  4 of 4 START sql table model driven_trusted.technical_data ..................... [RUN]
[2025-04-09T07:11:36.587+0000] {subprocess.py:93} INFO - [0m07:11:36  4 of 4 OK created sql table model driven_trusted.technical_data ................ [[32mSELECT 14483[0m in 0.17s]
[2025-04-09T07:11:36.607+0000] {subprocess.py:93} INFO - [0m07:11:36
[2025-04-09T07:11:36.608+0000] {subprocess.py:93} INFO - [0m07:11:36  Finished running 4 table models in 0 hours 0 minutes and 1.38 seconds (1.38s).
[2025-04-09T07:11:36.684+0000] {subprocess.py:93} INFO - [0m07:11:36
[2025-04-09T07:11:36.685+0000] {subprocess.py:93} INFO - [0m07:11:36  [32mCompleted successfully[0m
[2025-04-09T07:11:36.686+0000] {subprocess.py:93} INFO - [0m07:11:36
[2025-04-09T07:11:36.687+0000] {subprocess.py:93} INFO - [0m07:11:36  Done. PASS=4 WARN=0 ERROR=0 SKIP=0 TOTAL=4
[2025-04-09T07:11:37.821+0000] {subprocess.py:97} INFO - Command exited with return code 0
[2025-04-09T07:11:37.863+0000] {taskinstance.py:340} INFO - ::group::Post task execution logs
[2025-04-09T07:11:37.864+0000] {taskinstance.py:352} INFO - Marking task as SUCCESS. dag_id=extract_raw_data_pipeline, task_id=run_dbt_trusted, run_id=manual__2025-04-09T07:11:13.092094+00:00, execution_date=20250409T071113, start_date=20250409T071131, end_date=20250409T071137
[2025-04-09T07:11:37.930+0000] {local_task_job_runner.py:266} INFO - Task exited with return code 0
[2025-04-09T07:11:37.949+0000] {taskinstance.py:3900} INFO - 0 downstream tasks scheduled from follow-on schedule check
[2025-04-09T07:11:37.952+0000] {local_task_job_runner.py:245} INFO - ::endgroup::
