[2025-04-10T07:12:14.820+0000] {local_task_job_runner.py:123} INFO - ::group::Pre task execution logs
[2025-04-10T07:12:14.869+0000] {taskinstance.py:2612} INFO - Dependencies all met for dep_context=non-requeueable deps ti=<TaskInstance: extract_raw_data_pipeline.run_dbt_staging scheduled__2025-04-10T07:11:00+00:00 [queued]>
[2025-04-10T07:12:14.901+0000] {taskinstance.py:2612} INFO - Dependencies all met for dep_context=requeueable deps ti=<TaskInstance: extract_raw_data_pipeline.run_dbt_staging scheduled__2025-04-10T07:11:00+00:00 [queued]>
[2025-04-10T07:12:14.903+0000] {taskinstance.py:2865} INFO - Starting attempt 1 of 1
[2025-04-10T07:12:14.954+0000] {taskinstance.py:2888} INFO - Executing <Task(BashOperator): run_dbt_staging> on 2025-04-10 07:11:00+00:00
[2025-04-10T07:12:14.983+0000] {warnings.py:112} WARNING - /home/***/.local/lib/python3.12/site-packages/***/task/task_runner/standard_task_runner.py:70: DeprecationWarning: This process (pid=2937) is multi-threaded, use of fork() may lead to deadlocks in the child.
  pid = os.fork()

[2025-04-10T07:12:14.988+0000] {standard_task_runner.py:72} INFO - Started process 2939 to run task
[2025-04-10T07:12:14.989+0000] {standard_task_runner.py:104} INFO - Running: ['***', 'tasks', 'run', 'extract_raw_data_pipeline', 'run_dbt_staging', 'scheduled__2025-04-10T07:11:00+00:00', '--job-id', '507', '--raw', '--subdir', 'DAGS_FOLDER/driven_data_pipeline.py', '--cfg-path', '/tmp/tmpjn7didvx']
[2025-04-10T07:12:14.992+0000] {standard_task_runner.py:105} INFO - Job 507: Subtask run_dbt_staging
[2025-04-10T07:12:15.131+0000] {task_command.py:467} INFO - Running <TaskInstance: extract_raw_data_pipeline.run_dbt_staging scheduled__2025-04-10T07:11:00+00:00 [running]> on host c829a6b69367
[2025-04-10T07:12:15.380+0000] {taskinstance.py:3131} INFO - Exporting env vars: AIRFLOW_CTX_DAG_OWNER='***' AIRFLOW_CTX_DAG_ID='extract_raw_data_pipeline' AIRFLOW_CTX_TASK_ID='run_dbt_staging' AIRFLOW_CTX_EXECUTION_DATE='2025-04-10T07:11:00+00:00' AIRFLOW_CTX_TRY_NUMBER='1' AIRFLOW_CTX_DAG_RUN_ID='scheduled__2025-04-10T07:11:00+00:00'
[2025-04-10T07:12:15.382+0000] {taskinstance.py:731} INFO - ::endgroup::
[2025-04-10T07:12:15.421+0000] {subprocess.py:63} INFO - Tmp dir root location: /tmp
[2025-04-10T07:12:15.426+0000] {subprocess.py:75} INFO - Running command: ['/usr/bin/bash', '-c', 'set -x; cd /opt/***/dbt && dbt run --select tag:staging']
[2025-04-10T07:12:15.464+0000] {subprocess.py:86} INFO - Output:
[2025-04-10T07:12:15.467+0000] {subprocess.py:93} INFO - + cd /opt/***/dbt
[2025-04-10T07:12:15.469+0000] {subprocess.py:93} INFO - + dbt run --select tag:staging
[2025-04-10T07:12:22.204+0000] {subprocess.py:93} INFO - [0m07:12:22  Running with dbt=1.8.0
[2025-04-10T07:12:23.431+0000] {subprocess.py:93} INFO - [0m07:12:23  Registered adapter: postgres=1.8.2
[2025-04-10T07:12:24.875+0000] {subprocess.py:93} INFO - [0m07:12:24  Found 9 models, 10 sources, 428 macros
[2025-04-10T07:12:24.885+0000] {subprocess.py:93} INFO - [0m07:12:24
[2025-04-10T07:12:25.225+0000] {subprocess.py:93} INFO - [0m07:12:25  Concurrency: 1 threads (target='dev')
[2025-04-10T07:12:25.227+0000] {subprocess.py:93} INFO - [0m07:12:25
[2025-04-10T07:12:25.254+0000] {subprocess.py:93} INFO - [0m07:12:25  1 of 5 START sql table model driven_staging.dim_address ........................ [RUN]
[2025-04-10T07:12:45.347+0000] {subprocess.py:93} INFO - [0m07:12:45  1 of 5 OK created sql table model driven_staging.dim_address ................... [[32mSELECT 784701[0m in 20.09s]
[2025-04-10T07:12:45.351+0000] {subprocess.py:93} INFO - [0m07:12:45  2 of 5 START sql table model driven_staging.dim_date ........................... [RUN]
[2025-04-10T07:12:46.672+0000] {subprocess.py:93} INFO - [0m07:12:46  2 of 5 OK created sql table model driven_staging.dim_date ...................... [[32mSELECT 784701[0m in 1.32s]
[2025-04-10T07:12:46.682+0000] {subprocess.py:93} INFO - [0m07:12:46  3 of 5 START sql table model driven_staging.dim_finance ........................ [RUN]
[2025-04-10T07:12:54.733+0000] {subprocess.py:93} INFO - [0m07:12:54  3 of 5 OK created sql table model driven_staging.dim_finance ................... [[32mSELECT 784701[0m in 8.04s]
[2025-04-10T07:12:54.748+0000] {subprocess.py:93} INFO - [0m07:12:54  4 of 5 START sql table model driven_staging.dim_person ......................... [RUN]
[2025-04-10T07:13:30.652+0000] {subprocess.py:93} INFO - [0m07:13:30  4 of 5 OK created sql table model driven_staging.dim_person .................... [[32mSELECT 784701[0m in 35.90s]
[2025-04-10T07:13:30.667+0000] {subprocess.py:93} INFO - [0m07:13:30  5 of 5 START sql table model driven_staging.fact_network_usage ................. [RUN]
[2025-04-10T07:13:35.269+0000] {subprocess.py:93} INFO - [0m07:13:35  5 of 5 OK created sql table model driven_staging.fact_network_usage ............ [[32mSELECT 808216[0m in 4.59s]
[2025-04-10T07:13:35.338+0000] {subprocess.py:93} INFO - [0m07:13:35
[2025-04-10T07:13:35.342+0000] {subprocess.py:93} INFO - [0m07:13:35  Finished running 5 table models in 0 hours 1 minutes and 10.45 seconds (70.45s).
[2025-04-10T07:13:35.577+0000] {subprocess.py:93} INFO - [0m07:13:35
[2025-04-10T07:13:35.580+0000] {subprocess.py:93} INFO - [0m07:13:35  [32mCompleted successfully[0m
[2025-04-10T07:13:35.582+0000] {subprocess.py:93} INFO - [0m07:13:35
[2025-04-10T07:13:35.584+0000] {subprocess.py:93} INFO - [0m07:13:35  Done. PASS=5 WARN=0 ERROR=0 SKIP=0 TOTAL=5
[2025-04-10T07:13:37.647+0000] {subprocess.py:97} INFO - Command exited with return code 0
[2025-04-10T07:13:37.727+0000] {taskinstance.py:340} INFO - ::group::Post task execution logs
[2025-04-10T07:13:37.732+0000] {taskinstance.py:352} INFO - Marking task as SUCCESS. dag_id=extract_raw_data_pipeline, task_id=run_dbt_staging, run_id=scheduled__2025-04-10T07:11:00+00:00, execution_date=20250410T071100, start_date=20250410T071214, end_date=20250410T071337
[2025-04-10T07:13:37.801+0000] {local_task_job_runner.py:266} INFO - Task exited with return code 0
[2025-04-10T07:13:37.857+0000] {taskinstance.py:3900} INFO - 1 downstream tasks scheduled from follow-on schedule check
[2025-04-10T07:13:37.865+0000] {local_task_job_runner.py:245} INFO - ::endgroup::
