[2025-04-10T07:25:44.665+0000] {local_task_job_runner.py:123} INFO - ::group::Pre task execution logs
[2025-04-10T07:25:44.722+0000] {taskinstance.py:2612} INFO - Dependencies all met for dep_context=non-requeueable deps ti=<TaskInstance: extract_raw_data_pipeline.run_dbt_trusted scheduled__2025-04-10T07:22:00+00:00 [queued]>
[2025-04-10T07:25:44.757+0000] {taskinstance.py:2612} INFO - Dependencies all met for dep_context=requeueable deps ti=<TaskInstance: extract_raw_data_pipeline.run_dbt_trusted scheduled__2025-04-10T07:22:00+00:00 [queued]>
[2025-04-10T07:25:44.760+0000] {taskinstance.py:2865} INFO - Starting attempt 1 of 1
[2025-04-10T07:25:44.824+0000] {taskinstance.py:2888} INFO - Executing <Task(BashOperator): run_dbt_trusted> on 2025-04-10 07:22:00+00:00
[2025-04-10T07:25:44.842+0000] {warnings.py:112} WARNING - /home/***/.local/lib/python3.12/site-packages/***/task/task_runner/standard_task_runner.py:70: DeprecationWarning: This process (pid=3696) is multi-threaded, use of fork() may lead to deadlocks in the child.
  pid = os.fork()

[2025-04-10T07:25:44.846+0000] {standard_task_runner.py:72} INFO - Started process 3700 to run task
[2025-04-10T07:25:44.846+0000] {standard_task_runner.py:104} INFO - Running: ['***', 'tasks', 'run', 'extract_raw_data_pipeline', 'run_dbt_trusted', 'scheduled__2025-04-10T07:22:00+00:00', '--job-id', '584', '--raw', '--subdir', 'DAGS_FOLDER/driven_data_pipeline.py', '--cfg-path', '/tmp/tmp072thzh5']
[2025-04-10T07:25:44.848+0000] {standard_task_runner.py:105} INFO - Job 584: Subtask run_dbt_trusted
[2025-04-10T07:25:44.972+0000] {task_command.py:467} INFO - Running <TaskInstance: extract_raw_data_pipeline.run_dbt_trusted scheduled__2025-04-10T07:22:00+00:00 [running]> on host c829a6b69367
[2025-04-10T07:25:45.227+0000] {taskinstance.py:3131} INFO - Exporting env vars: AIRFLOW_CTX_DAG_OWNER='***' AIRFLOW_CTX_DAG_ID='extract_raw_data_pipeline' AIRFLOW_CTX_TASK_ID='run_dbt_trusted' AIRFLOW_CTX_EXECUTION_DATE='2025-04-10T07:22:00+00:00' AIRFLOW_CTX_TRY_NUMBER='1' AIRFLOW_CTX_DAG_RUN_ID='scheduled__2025-04-10T07:22:00+00:00'
[2025-04-10T07:25:45.231+0000] {taskinstance.py:731} INFO - ::endgroup::
[2025-04-10T07:25:45.283+0000] {subprocess.py:63} INFO - Tmp dir root location: /tmp
[2025-04-10T07:25:45.286+0000] {subprocess.py:75} INFO - Running command: ['/usr/bin/bash', '-c', 'set -x; cd /opt/***/dbt && dbt run --select tag:trusted']
[2025-04-10T07:25:45.320+0000] {subprocess.py:86} INFO - Output:
[2025-04-10T07:25:45.323+0000] {subprocess.py:93} INFO - + cd /opt/***/dbt
[2025-04-10T07:25:45.325+0000] {subprocess.py:93} INFO - + dbt run --select tag:trusted
[2025-04-10T07:25:53.408+0000] {subprocess.py:93} INFO - [0m07:25:53  Running with dbt=1.8.0
[2025-04-10T07:25:54.437+0000] {subprocess.py:93} INFO - [0m07:25:54  Registered adapter: postgres=1.8.2
[2025-04-10T07:25:56.331+0000] {subprocess.py:93} INFO - [0m07:25:56  Found 9 models, 10 sources, 428 macros
[2025-04-10T07:25:56.346+0000] {subprocess.py:93} INFO - [0m07:25:56
[2025-04-10T07:25:56.942+0000] {subprocess.py:93} INFO - [0m07:25:56  Concurrency: 1 threads (target='dev')
[2025-04-10T07:25:56.948+0000] {subprocess.py:93} INFO - [0m07:25:56
[2025-04-10T07:25:56.979+0000] {subprocess.py:93} INFO - [0m07:25:56  1 of 4 START sql table model driven_trusted.non_pii_data ....................... [RUN]
[2025-04-10T07:26:53.856+0000] {subprocess.py:93} INFO - [0m07:26:53  1 of 4 OK created sql table model driven_trusted.non_pii_data .................. [[32mSELECT 1127809[0m in 56.87s]
[2025-04-10T07:26:53.862+0000] {subprocess.py:93} INFO - [0m07:26:53  2 of 4 START sql table model driven_trusted.payment_data ....................... [RUN]
[2025-04-10T07:27:14.888+0000] {subprocess.py:93} INFO - [0m07:27:14  2 of 4 OK created sql table model driven_trusted.payment_data .................. [[32mSELECT 1127809[0m in 21.01s]
[2025-04-10T07:27:14.898+0000] {subprocess.py:93} INFO - [0m07:27:14  3 of 4 START sql table model driven_trusted.pii_data ........................... [RUN]
[2025-04-10T07:28:08.135+0000] {subprocess.py:93} INFO - [0m07:28:08  3 of 4 OK created sql table model driven_trusted.pii_data ...................... [[32mSELECT 1127809[0m in 53.21s]
[2025-04-10T07:28:08.158+0000] {subprocess.py:93} INFO - [0m07:28:08  4 of 4 START sql table model driven_trusted.technical_data ..................... [RUN]
[2025-04-10T07:28:29.517+0000] {subprocess.py:93} INFO - [0m07:28:29  4 of 4 OK created sql table model driven_trusted.technical_data ................ [[32mSELECT 1127809[0m in 21.35s]
[2025-04-10T07:28:29.563+0000] {subprocess.py:93} INFO - [0m07:28:29
[2025-04-10T07:28:29.565+0000] {subprocess.py:93} INFO - [0m07:28:29  Finished running 4 table models in 0 hours 2 minutes and 33.22 seconds (153.22s).
[2025-04-10T07:28:29.718+0000] {subprocess.py:93} INFO - [0m07:28:29
[2025-04-10T07:28:29.720+0000] {subprocess.py:93} INFO - [0m07:28:29  [32mCompleted successfully[0m
[2025-04-10T07:28:29.722+0000] {subprocess.py:93} INFO - [0m07:28:29
[2025-04-10T07:28:29.726+0000] {subprocess.py:93} INFO - [0m07:28:29  Done. PASS=4 WARN=0 ERROR=0 SKIP=0 TOTAL=4
[2025-04-10T07:28:31.187+0000] {subprocess.py:97} INFO - Command exited with return code 0
[2025-04-10T07:28:31.236+0000] {taskinstance.py:340} INFO - ::group::Post task execution logs
[2025-04-10T07:28:31.238+0000] {taskinstance.py:352} INFO - Marking task as SUCCESS. dag_id=extract_raw_data_pipeline, task_id=run_dbt_trusted, run_id=scheduled__2025-04-10T07:22:00+00:00, execution_date=20250410T072200, start_date=20250410T072544, end_date=20250410T072831
[2025-04-10T07:28:31.326+0000] {local_task_job_runner.py:266} INFO - Task exited with return code 0
[2025-04-10T07:28:31.350+0000] {taskinstance.py:3900} INFO - 0 downstream tasks scheduled from follow-on schedule check
[2025-04-10T07:28:31.373+0000] {local_task_job_runner.py:245} INFO - ::endgroup::
