[2025-04-09T07:45:08.530+0000] {local_task_job_runner.py:123} INFO - ::group::Pre task execution logs
[2025-04-09T07:45:08.552+0000] {taskinstance.py:2612} INFO - Dependencies all met for dep_context=non-requeueable deps ti=<TaskInstance: extract_raw_data_pipeline.run_dbt_staging scheduled__2025-04-09T07:44:00+00:00 [queued]>
[2025-04-09T07:45:08.568+0000] {taskinstance.py:2612} INFO - Dependencies all met for dep_context=requeueable deps ti=<TaskInstance: extract_raw_data_pipeline.run_dbt_staging scheduled__2025-04-09T07:44:00+00:00 [queued]>
[2025-04-09T07:45:08.568+0000] {taskinstance.py:2865} INFO - Starting attempt 1 of 1
[2025-04-09T07:45:08.593+0000] {taskinstance.py:2888} INFO - Executing <Task(BashOperator): run_dbt_staging> on 2025-04-09 07:44:00+00:00
[2025-04-09T07:45:08.604+0000] {warnings.py:112} WARNING - /home/***/.local/lib/python3.12/site-packages/***/task/task_runner/standard_task_runner.py:70: DeprecationWarning: This process (pid=3639) is multi-threaded, use of fork() may lead to deadlocks in the child.
  pid = os.fork()

[2025-04-09T07:45:08.608+0000] {standard_task_runner.py:72} INFO - Started process 3641 to run task
[2025-04-09T07:45:08.607+0000] {standard_task_runner.py:104} INFO - Running: ['***', 'tasks', 'run', 'extract_raw_data_pipeline', 'run_dbt_staging', 'scheduled__2025-04-09T07:44:00+00:00', '--job-id', '343', '--raw', '--subdir', 'DAGS_FOLDER/driven_data_pipeline.py', '--cfg-path', '/tmp/tmpcdsdio3n']
[2025-04-09T07:45:08.609+0000] {standard_task_runner.py:105} INFO - Job 343: Subtask run_dbt_staging
[2025-04-09T07:45:08.686+0000] {task_command.py:467} INFO - Running <TaskInstance: extract_raw_data_pipeline.run_dbt_staging scheduled__2025-04-09T07:44:00+00:00 [running]> on host c829a6b69367
[2025-04-09T07:45:08.812+0000] {taskinstance.py:3131} INFO - Exporting env vars: AIRFLOW_CTX_DAG_OWNER='***' AIRFLOW_CTX_DAG_ID='extract_raw_data_pipeline' AIRFLOW_CTX_TASK_ID='run_dbt_staging' AIRFLOW_CTX_EXECUTION_DATE='2025-04-09T07:44:00+00:00' AIRFLOW_CTX_TRY_NUMBER='1' AIRFLOW_CTX_DAG_RUN_ID='scheduled__2025-04-09T07:44:00+00:00'
[2025-04-09T07:45:08.814+0000] {taskinstance.py:731} INFO - ::endgroup::
[2025-04-09T07:45:08.832+0000] {subprocess.py:63} INFO - Tmp dir root location: /tmp
[2025-04-09T07:45:08.834+0000] {subprocess.py:75} INFO - Running command: ['/usr/bin/bash', '-c', 'set -x; cd /opt/***/dbt && dbt run --select tag:staging']
[2025-04-09T07:45:08.852+0000] {subprocess.py:86} INFO - Output:
[2025-04-09T07:45:08.854+0000] {subprocess.py:93} INFO - + cd /opt/***/dbt
[2025-04-09T07:45:08.855+0000] {subprocess.py:93} INFO - + dbt run --select tag:staging
[2025-04-09T07:45:11.479+0000] {subprocess.py:93} INFO - [0m07:45:11  Running with dbt=1.8.0
[2025-04-09T07:45:11.798+0000] {subprocess.py:93} INFO - [0m07:45:11  Registered adapter: postgres=1.8.2
[2025-04-09T07:45:12.365+0000] {subprocess.py:93} INFO - [0m07:45:12  Found 9 models, 10 sources, 428 macros
[2025-04-09T07:45:12.370+0000] {subprocess.py:93} INFO - [0m07:45:12
[2025-04-09T07:45:12.528+0000] {subprocess.py:93} INFO - [0m07:45:12  Concurrency: 1 threads (target='dev')
[2025-04-09T07:45:12.529+0000] {subprocess.py:93} INFO - [0m07:45:12
[2025-04-09T07:45:12.549+0000] {subprocess.py:93} INFO - [0m07:45:12  1 of 5 START sql table model driven_staging.dim_address ........................ [RUN]
[2025-04-09T07:45:13.298+0000] {subprocess.py:93} INFO - [0m07:45:13  1 of 5 OK created sql table model driven_staging.dim_address ................... [[32mSELECT 393168[0m in 0.74s]
[2025-04-09T07:45:13.302+0000] {subprocess.py:93} INFO - [0m07:45:13  2 of 5 START sql table model driven_staging.dim_date ........................... [RUN]
[2025-04-09T07:45:13.757+0000] {subprocess.py:93} INFO - [0m07:45:13  2 of 5 OK created sql table model driven_staging.dim_date ...................... [[32mSELECT 393168[0m in 0.45s]
[2025-04-09T07:45:13.761+0000] {subprocess.py:93} INFO - [0m07:45:13  3 of 5 START sql table model driven_staging.dim_finance ........................ [RUN]
[2025-04-09T07:45:14.228+0000] {subprocess.py:93} INFO - [0m07:45:14  3 of 5 OK created sql table model driven_staging.dim_finance ................... [[32mSELECT 393168[0m in 0.46s]
[2025-04-09T07:45:14.231+0000] {subprocess.py:93} INFO - [0m07:45:14  4 of 5 START sql table model driven_staging.dim_person ......................... [RUN]
[2025-04-09T07:45:14.817+0000] {subprocess.py:93} INFO - [0m07:45:14  4 of 5 OK created sql table model driven_staging.dim_person .................... [[32mSELECT 393168[0m in 0.58s]
[2025-04-09T07:45:14.819+0000] {subprocess.py:93} INFO - [0m07:45:14  5 of 5 START sql table model driven_staging.fact_network_usage ................. [RUN]
[2025-04-09T07:45:15.218+0000] {subprocess.py:93} INFO - [0m07:45:15  5 of 5 OK created sql table model driven_staging.fact_network_usage ............ [[32mSELECT 393168[0m in 0.40s]
[2025-04-09T07:45:15.235+0000] {subprocess.py:93} INFO - [0m07:45:15
[2025-04-09T07:45:15.235+0000] {subprocess.py:93} INFO - [0m07:45:15  Finished running 5 table models in 0 hours 0 minutes and 2.86 seconds (2.86s).
[2025-04-09T07:45:15.291+0000] {subprocess.py:93} INFO - [0m07:45:15
[2025-04-09T07:45:15.292+0000] {subprocess.py:93} INFO - [0m07:45:15  [32mCompleted successfully[0m
[2025-04-09T07:45:15.292+0000] {subprocess.py:93} INFO - [0m07:45:15
[2025-04-09T07:45:15.293+0000] {subprocess.py:93} INFO - [0m07:45:15  Done. PASS=5 WARN=0 ERROR=0 SKIP=0 TOTAL=5
[2025-04-09T07:45:16.452+0000] {subprocess.py:97} INFO - Command exited with return code 0
[2025-04-09T07:45:16.484+0000] {taskinstance.py:340} INFO - ::group::Post task execution logs
[2025-04-09T07:45:16.485+0000] {taskinstance.py:352} INFO - Marking task as SUCCESS. dag_id=extract_raw_data_pipeline, task_id=run_dbt_staging, run_id=scheduled__2025-04-09T07:44:00+00:00, execution_date=20250409T074400, start_date=20250409T074508, end_date=20250409T074516
[2025-04-09T07:45:16.541+0000] {local_task_job_runner.py:266} INFO - Task exited with return code 0
[2025-04-09T07:45:16.585+0000] {taskinstance.py:3900} INFO - 1 downstream tasks scheduled from follow-on schedule check
[2025-04-09T07:45:16.588+0000] {local_task_job_runner.py:245} INFO - ::endgroup::
