[2025-04-09T07:14:09.221+0000] {local_task_job_runner.py:123} INFO - ::group::Pre task execution logs
[2025-04-09T07:14:09.239+0000] {taskinstance.py:2612} INFO - Dependencies all met for dep_context=non-requeueable deps ti=<TaskInstance: extract_raw_data_pipeline.run_dbt_staging scheduled__2025-04-09T07:13:00+00:00 [queued]>
[2025-04-09T07:14:09.248+0000] {taskinstance.py:2612} INFO - Dependencies all met for dep_context=requeueable deps ti=<TaskInstance: extract_raw_data_pipeline.run_dbt_staging scheduled__2025-04-09T07:13:00+00:00 [queued]>
[2025-04-09T07:14:09.248+0000] {taskinstance.py:2865} INFO - Starting attempt 1 of 1
[2025-04-09T07:14:09.264+0000] {taskinstance.py:2888} INFO - Executing <Task(BashOperator): run_dbt_staging> on 2025-04-09 07:13:00+00:00
[2025-04-09T07:14:09.271+0000] {warnings.py:112} WARNING - /home/***/.local/lib/python3.12/site-packages/***/task/task_runner/standard_task_runner.py:70: DeprecationWarning: This process (pid=1763) is multi-threaded, use of fork() may lead to deadlocks in the child.
  pid = os.fork()

[2025-04-09T07:14:09.274+0000] {standard_task_runner.py:72} INFO - Started process 1765 to run task
[2025-04-09T07:14:09.273+0000] {standard_task_runner.py:104} INFO - Running: ['***', 'tasks', 'run', 'extract_raw_data_pipeline', 'run_dbt_staging', 'scheduled__2025-04-09T07:13:00+00:00', '--job-id', '153', '--raw', '--subdir', 'DAGS_FOLDER/driven_data_pipeline.py', '--cfg-path', '/tmp/tmpguzoux__']
[2025-04-09T07:14:09.274+0000] {standard_task_runner.py:105} INFO - Job 153: Subtask run_dbt_staging
[2025-04-09T07:14:09.322+0000] {task_command.py:467} INFO - Running <TaskInstance: extract_raw_data_pipeline.run_dbt_staging scheduled__2025-04-09T07:13:00+00:00 [running]> on host c829a6b69367
[2025-04-09T07:14:09.415+0000] {taskinstance.py:3131} INFO - Exporting env vars: AIRFLOW_CTX_DAG_OWNER='***' AIRFLOW_CTX_DAG_ID='extract_raw_data_pipeline' AIRFLOW_CTX_TASK_ID='run_dbt_staging' AIRFLOW_CTX_EXECUTION_DATE='2025-04-09T07:13:00+00:00' AIRFLOW_CTX_TRY_NUMBER='1' AIRFLOW_CTX_DAG_RUN_ID='scheduled__2025-04-09T07:13:00+00:00'
[2025-04-09T07:14:09.417+0000] {taskinstance.py:731} INFO - ::endgroup::
[2025-04-09T07:14:09.436+0000] {subprocess.py:63} INFO - Tmp dir root location: /tmp
[2025-04-09T07:14:09.439+0000] {subprocess.py:75} INFO - Running command: ['/usr/bin/bash', '-c', 'set -x; cd /opt/***/dbt && dbt run --select tag:staging']
[2025-04-09T07:14:09.453+0000] {subprocess.py:86} INFO - Output:
[2025-04-09T07:14:09.455+0000] {subprocess.py:93} INFO - + cd /opt/***/dbt
[2025-04-09T07:14:09.456+0000] {subprocess.py:93} INFO - + dbt run --select tag:staging
[2025-04-09T07:14:11.577+0000] {subprocess.py:93} INFO - [0m07:14:11  Running with dbt=1.8.0
[2025-04-09T07:14:10.651+0000] {subprocess.py:93} INFO - [0m07:14:10  Registered adapter: postgres=1.8.2
[2025-04-09T07:14:11.089+0000] {subprocess.py:93} INFO - [0m07:14:11  Found 9 models, 10 sources, 428 macros
[2025-04-09T07:14:11.092+0000] {subprocess.py:93} INFO - [0m07:14:11
[2025-04-09T07:14:11.205+0000] {subprocess.py:93} INFO - [0m07:14:11  Concurrency: 1 threads (target='dev')
[2025-04-09T07:14:11.206+0000] {subprocess.py:93} INFO - [0m07:14:11
[2025-04-09T07:14:11.217+0000] {subprocess.py:93} INFO - [0m07:14:11  1 of 5 START sql table model driven_staging.dim_address ........................ [RUN]
[2025-04-09T07:14:11.480+0000] {subprocess.py:93} INFO - [0m07:14:11  1 of 5 OK created sql table model driven_staging.dim_address ................... [[32mSELECT 61991[0m in 0.26s]
[2025-04-09T07:14:11.482+0000] {subprocess.py:93} INFO - [0m07:14:11  2 of 5 START sql table model driven_staging.dim_date ........................... [RUN]
[2025-04-09T07:14:11.623+0000] {subprocess.py:93} INFO - [0m07:14:11  2 of 5 OK created sql table model driven_staging.dim_date ...................... [[32mSELECT 61991[0m in 0.14s]
[2025-04-09T07:14:11.626+0000] {subprocess.py:93} INFO - [0m07:14:11  3 of 5 START sql table model driven_staging.dim_finance ........................ [RUN]
[2025-04-09T07:14:11.814+0000] {subprocess.py:93} INFO - [0m07:14:11  3 of 5 OK created sql table model driven_staging.dim_finance ................... [[32mSELECT 61991[0m in 0.19s]
[2025-04-09T07:14:11.817+0000] {subprocess.py:93} INFO - [0m07:14:11  4 of 5 START sql table model driven_staging.dim_person ......................... [RUN]
[2025-04-09T07:14:12.018+0000] {subprocess.py:93} INFO - [0m07:14:12  4 of 5 OK created sql table model driven_staging.dim_person .................... [[32mSELECT 61991[0m in 0.20s]
[2025-04-09T07:14:12.022+0000] {subprocess.py:93} INFO - [0m07:14:12  5 of 5 START sql table model driven_staging.fact_network_usage ................. [RUN]
[2025-04-09T07:14:12.236+0000] {subprocess.py:93} INFO - [0m07:14:12  5 of 5 OK created sql table model driven_staging.fact_network_usage ............ [[32mSELECT 61991[0m in 0.21s]
[2025-04-09T07:14:12.258+0000] {subprocess.py:93} INFO - [0m07:14:12
[2025-04-09T07:14:12.260+0000] {subprocess.py:93} INFO - [0m07:14:12  Finished running 5 table models in 0 hours 0 minutes and 1.16 seconds (1.16s).
[2025-04-09T07:14:12.320+0000] {subprocess.py:93} INFO - [0m07:14:12
[2025-04-09T07:14:12.321+0000] {subprocess.py:93} INFO - [0m07:14:12  [32mCompleted successfully[0m
[2025-04-09T07:14:12.322+0000] {subprocess.py:93} INFO - [0m07:14:12
[2025-04-09T07:14:12.323+0000] {subprocess.py:93} INFO - [0m07:14:12  Done. PASS=5 WARN=0 ERROR=0 SKIP=0 TOTAL=5
[2025-04-09T07:14:13.525+0000] {subprocess.py:97} INFO - Command exited with return code 0
[2025-04-09T07:14:13.558+0000] {taskinstance.py:340} INFO - ::group::Post task execution logs
[2025-04-09T07:14:13.559+0000] {taskinstance.py:352} INFO - Marking task as SUCCESS. dag_id=extract_raw_data_pipeline, task_id=run_dbt_staging, run_id=scheduled__2025-04-09T07:13:00+00:00, execution_date=20250409T071300, start_date=20250409T071409, end_date=20250409T071413
[2025-04-09T07:14:14.170+0000] {local_task_job_runner.py:266} INFO - Task exited with return code 0
[2025-04-09T07:14:14.190+0000] {taskinstance.py:3900} INFO - 0 downstream tasks scheduled from follow-on schedule check
[2025-04-09T07:14:14.193+0000] {local_task_job_runner.py:245} INFO - ::endgroup::
