[2025-04-10T07:30:25.535+0000] {local_task_job_runner.py:123} INFO - ::group::Pre task execution logs
[2025-04-10T07:30:25.559+0000] {taskinstance.py:2612} INFO - Dependencies all met for dep_context=non-requeueable deps ti=<TaskInstance: extract_raw_data_pipeline.run_dbt_trusted scheduled__2025-04-10T07:27:00+00:00 [queued]>
[2025-04-10T07:30:25.571+0000] {taskinstance.py:2612} INFO - Dependencies all met for dep_context=requeueable deps ti=<TaskInstance: extract_raw_data_pipeline.run_dbt_trusted scheduled__2025-04-10T07:27:00+00:00 [queued]>
[2025-04-10T07:30:25.572+0000] {taskinstance.py:2865} INFO - Starting attempt 1 of 1
[2025-04-10T07:30:25.593+0000] {taskinstance.py:2888} INFO - Executing <Task(BashOperator): run_dbt_trusted> on 2025-04-10 07:27:00+00:00
[2025-04-10T07:30:25.603+0000] {warnings.py:112} WARNING - /home/***/.local/lib/python3.12/site-packages/***/task/task_runner/standard_task_runner.py:70: DeprecationWarning: This process (pid=3994) is multi-threaded, use of fork() may lead to deadlocks in the child.
  pid = os.fork()

[2025-04-10T07:30:25.606+0000] {standard_task_runner.py:72} INFO - Started process 3996 to run task
[2025-04-10T07:30:25.607+0000] {standard_task_runner.py:104} INFO - Running: ['***', 'tasks', 'run', 'extract_raw_data_pipeline', 'run_dbt_trusted', 'scheduled__2025-04-10T07:27:00+00:00', '--job-id', '614', '--raw', '--subdir', 'DAGS_FOLDER/driven_data_pipeline.py', '--cfg-path', '/tmp/tmpp0cp7fzl']
[2025-04-10T07:30:25.608+0000] {standard_task_runner.py:105} INFO - Job 614: Subtask run_dbt_trusted
[2025-04-10T07:30:25.671+0000] {task_command.py:467} INFO - Running <TaskInstance: extract_raw_data_pipeline.run_dbt_trusted scheduled__2025-04-10T07:27:00+00:00 [running]> on host c829a6b69367
[2025-04-10T07:30:25.804+0000] {taskinstance.py:3131} INFO - Exporting env vars: AIRFLOW_CTX_DAG_OWNER='***' AIRFLOW_CTX_DAG_ID='extract_raw_data_pipeline' AIRFLOW_CTX_TASK_ID='run_dbt_trusted' AIRFLOW_CTX_EXECUTION_DATE='2025-04-10T07:27:00+00:00' AIRFLOW_CTX_TRY_NUMBER='1' AIRFLOW_CTX_DAG_RUN_ID='scheduled__2025-04-10T07:27:00+00:00'
[2025-04-10T07:30:25.806+0000] {taskinstance.py:731} INFO - ::endgroup::
[2025-04-10T07:30:25.828+0000] {subprocess.py:63} INFO - Tmp dir root location: /tmp
[2025-04-10T07:30:25.830+0000] {subprocess.py:75} INFO - Running command: ['/usr/bin/bash', '-c', 'set -x; cd /opt/***/dbt && dbt run --select tag:trusted']
[2025-04-10T07:30:25.849+0000] {subprocess.py:86} INFO - Output:
[2025-04-10T07:30:25.852+0000] {subprocess.py:93} INFO - + cd /opt/***/dbt
[2025-04-10T07:30:25.852+0000] {subprocess.py:93} INFO - + dbt run --select tag:trusted
[2025-04-10T07:30:29.458+0000] {subprocess.py:93} INFO - [0m07:30:29  Running with dbt=1.8.0
[2025-04-10T07:30:29.826+0000] {subprocess.py:93} INFO - [0m07:30:29  Registered adapter: postgres=1.8.2
[2025-04-10T07:30:31.165+0000] {subprocess.py:93} INFO - [0m07:30:31  Found 9 models, 10 sources, 428 macros
[2025-04-10T07:30:31.180+0000] {subprocess.py:93} INFO - [0m07:30:31
[2025-04-10T07:30:31.427+0000] {subprocess.py:93} INFO - [0m07:30:31  Concurrency: 1 threads (target='dev')
[2025-04-10T07:30:31.428+0000] {subprocess.py:93} INFO - [0m07:30:31
[2025-04-10T07:30:31.446+0000] {subprocess.py:93} INFO - [0m07:30:31  1 of 4 START sql table model driven_trusted.non_pii_data ....................... [RUN]
[2025-04-10T07:31:29.802+0000] {subprocess.py:93} INFO - [0m07:31:29  1 of 4 OK created sql table model driven_trusted.non_pii_data .................. [[32mSELECT 1252271[0m in 58.35s]
[2025-04-10T07:31:29.805+0000] {subprocess.py:93} INFO - [0m07:31:29  2 of 4 START sql table model driven_trusted.payment_data ....................... [RUN]
[2025-04-10T07:31:45.151+0000] {subprocess.py:93} INFO - [0m07:31:45  2 of 4 OK created sql table model driven_trusted.payment_data .................. [[32mSELECT 1252271[0m in 15.34s]
[2025-04-10T07:31:45.156+0000] {subprocess.py:93} INFO - [0m07:31:45  3 of 4 START sql table model driven_trusted.pii_data ........................... [RUN]
[2025-04-10T07:32:30.291+0000] {subprocess.py:93} INFO - [0m07:32:30  3 of 4 OK created sql table model driven_trusted.pii_data ...................... [[32mSELECT 1318176[0m in 45.13s]
[2025-04-10T07:32:30.298+0000] {subprocess.py:93} INFO - [0m07:32:30  4 of 4 START sql table model driven_trusted.technical_data ..................... [RUN]
[2025-04-10T07:32:48.090+0000] {subprocess.py:93} INFO - [0m07:32:48  4 of 4 OK created sql table model driven_trusted.technical_data ................ [[32mSELECT 1318176[0m in 17.79s]
[2025-04-10T07:32:48.116+0000] {subprocess.py:93} INFO - [0m07:32:48
[2025-04-10T07:32:48.117+0000] {subprocess.py:93} INFO - [0m07:32:48  Finished running 4 table models in 0 hours 2 minutes and 16.93 seconds (136.93s).
[2025-04-10T07:32:48.190+0000] {subprocess.py:93} INFO - [0m07:32:48
[2025-04-10T07:32:48.191+0000] {subprocess.py:93} INFO - [0m07:32:48  [32mCompleted successfully[0m
[2025-04-10T07:32:48.192+0000] {subprocess.py:93} INFO - [0m07:32:48
[2025-04-10T07:32:48.193+0000] {subprocess.py:93} INFO - [0m07:32:48  Done. PASS=4 WARN=0 ERROR=0 SKIP=0 TOTAL=4
[2025-04-10T07:32:49.429+0000] {subprocess.py:97} INFO - Command exited with return code 0
[2025-04-10T07:32:49.513+0000] {taskinstance.py:340} INFO - ::group::Post task execution logs
[2025-04-10T07:32:49.514+0000] {taskinstance.py:352} INFO - Marking task as SUCCESS. dag_id=extract_raw_data_pipeline, task_id=run_dbt_trusted, run_id=scheduled__2025-04-10T07:27:00+00:00, execution_date=20250410T072700, start_date=20250410T073025, end_date=20250410T073249
[2025-04-10T07:32:49.596+0000] {local_task_job_runner.py:266} INFO - Task exited with return code 0
[2025-04-10T07:32:49.626+0000] {taskinstance.py:3900} INFO - 0 downstream tasks scheduled from follow-on schedule check
[2025-04-10T07:32:49.670+0000] {local_task_job_runner.py:245} INFO - ::endgroup::
