[2025-04-09T07:26:17.873+0000] {local_task_job_runner.py:123} INFO - ::group::Pre task execution logs
[2025-04-09T07:26:17.895+0000] {taskinstance.py:2612} INFO - Dependencies all met for dep_context=non-requeueable deps ti=<TaskInstance: extract_raw_data_pipeline.run_dbt_trusted scheduled__2025-04-09T07:25:00+00:00 [queued]>
[2025-04-09T07:26:17.909+0000] {taskinstance.py:2612} INFO - Dependencies all met for dep_context=requeueable deps ti=<TaskInstance: extract_raw_data_pipeline.run_dbt_trusted scheduled__2025-04-09T07:25:00+00:00 [queued]>
[2025-04-09T07:26:17.910+0000] {taskinstance.py:2865} INFO - Starting attempt 1 of 1
[2025-04-09T07:26:17.932+0000] {taskinstance.py:2888} INFO - Executing <Task(BashOperator): run_dbt_trusted> on 2025-04-09 07:25:00+00:00
[2025-04-09T07:26:17.944+0000] {warnings.py:112} WARNING - /home/***/.local/lib/python3.12/site-packages/***/task/task_runner/standard_task_runner.py:70: DeprecationWarning: This process (pid=2506) is multi-threaded, use of fork() may lead to deadlocks in the child.
  pid = os.fork()

[2025-04-09T07:26:17.946+0000] {standard_task_runner.py:72} INFO - Started process 2508 to run task
[2025-04-09T07:26:17.948+0000] {standard_task_runner.py:104} INFO - Running: ['***', 'tasks', 'run', 'extract_raw_data_pipeline', 'run_dbt_trusted', 'scheduled__2025-04-09T07:25:00+00:00', '--job-id', '226', '--raw', '--subdir', 'DAGS_FOLDER/driven_data_pipeline.py', '--cfg-path', '/tmp/tmpt1lyutws']
[2025-04-09T07:26:17.949+0000] {standard_task_runner.py:105} INFO - Job 226: Subtask run_dbt_trusted
[2025-04-09T07:26:18.019+0000] {task_command.py:467} INFO - Running <TaskInstance: extract_raw_data_pipeline.run_dbt_trusted scheduled__2025-04-09T07:25:00+00:00 [running]> on host c829a6b69367
[2025-04-09T07:26:18.131+0000] {taskinstance.py:3131} INFO - Exporting env vars: AIRFLOW_CTX_DAG_OWNER='***' AIRFLOW_CTX_DAG_ID='extract_raw_data_pipeline' AIRFLOW_CTX_TASK_ID='run_dbt_trusted' AIRFLOW_CTX_EXECUTION_DATE='2025-04-09T07:25:00+00:00' AIRFLOW_CTX_TRY_NUMBER='1' AIRFLOW_CTX_DAG_RUN_ID='scheduled__2025-04-09T07:25:00+00:00'
[2025-04-09T07:26:18.134+0000] {taskinstance.py:731} INFO - ::endgroup::
[2025-04-09T07:26:18.155+0000] {subprocess.py:63} INFO - Tmp dir root location: /tmp
[2025-04-09T07:26:18.157+0000] {subprocess.py:75} INFO - Running command: ['/usr/bin/bash', '-c', 'set -x; cd /opt/***/dbt && dbt run --select tag:trusted']
[2025-04-09T07:26:18.180+0000] {subprocess.py:86} INFO - Output:
[2025-04-09T07:26:18.183+0000] {subprocess.py:93} INFO - + cd /opt/***/dbt
[2025-04-09T07:26:18.183+0000] {subprocess.py:93} INFO - + dbt run --select tag:trusted
[2025-04-09T07:26:20.920+0000] {subprocess.py:93} INFO - [0m07:26:20  Running with dbt=1.8.0
[2025-04-09T07:26:21.226+0000] {subprocess.py:93} INFO - [0m07:26:21  Registered adapter: postgres=1.8.2
[2025-04-09T07:26:21.720+0000] {subprocess.py:93} INFO - [0m07:26:21  Found 9 models, 10 sources, 428 macros
[2025-04-09T07:26:21.723+0000] {subprocess.py:93} INFO - [0m07:26:21
[2025-04-09T07:26:21.853+0000] {subprocess.py:93} INFO - [0m07:26:21  Concurrency: 1 threads (target='dev')
[2025-04-09T07:26:21.854+0000] {subprocess.py:93} INFO - [0m07:26:21
[2025-04-09T07:26:21.866+0000] {subprocess.py:93} INFO - [0m07:26:21  1 of 4 START sql table model driven_trusted.non_pii_data ....................... [RUN]
[2025-04-09T07:26:29.991+0000] {subprocess.py:93} INFO - [0m07:26:29  1 of 4 OK created sql table model driven_trusted.non_pii_data .................. [[32mSELECT 297669[0m in 8.12s]
[2025-04-09T07:26:29.994+0000] {subprocess.py:93} INFO - [0m07:26:29  2 of 4 START sql table model driven_trusted.payment_data ....................... [RUN]
[2025-04-09T07:26:32.368+0000] {subprocess.py:93} INFO - [0m07:26:32  2 of 4 OK created sql table model driven_trusted.payment_data .................. [[32mSELECT 297669[0m in 2.37s]
[2025-04-09T07:26:32.373+0000] {subprocess.py:93} INFO - [0m07:26:32  3 of 4 START sql table model driven_trusted.pii_data ........................... [RUN]
[2025-04-09T07:26:37.298+0000] {subprocess.py:93} INFO - [0m07:26:37  3 of 4 OK created sql table model driven_trusted.pii_data ...................... [[32mSELECT 297669[0m in 4.92s]
[2025-04-09T07:26:37.302+0000] {subprocess.py:93} INFO - [0m07:26:37  4 of 4 START sql table model driven_trusted.technical_data ..................... [RUN]
[2025-04-09T07:26:40.230+0000] {subprocess.py:93} INFO - [0m07:26:40  4 of 4 OK created sql table model driven_trusted.technical_data ................ [[32mSELECT 297669[0m in 2.93s]
[2025-04-09T07:26:40.251+0000] {subprocess.py:93} INFO - [0m07:26:40
[2025-04-09T07:26:40.253+0000] {subprocess.py:93} INFO - [0m07:26:40  Finished running 4 table models in 0 hours 0 minutes and 18.53 seconds (18.53s).
[2025-04-09T07:26:40.322+0000] {subprocess.py:93} INFO - [0m07:26:40
[2025-04-09T07:26:40.323+0000] {subprocess.py:93} INFO - [0m07:26:40  [32mCompleted successfully[0m
[2025-04-09T07:26:40.324+0000] {subprocess.py:93} INFO - [0m07:26:40
[2025-04-09T07:26:40.325+0000] {subprocess.py:93} INFO - [0m07:26:40  Done. PASS=4 WARN=0 ERROR=0 SKIP=0 TOTAL=4
[2025-04-09T07:26:41.541+0000] {subprocess.py:97} INFO - Command exited with return code 0
[2025-04-09T07:26:41.580+0000] {taskinstance.py:340} INFO - ::group::Post task execution logs
[2025-04-09T07:26:41.581+0000] {taskinstance.py:352} INFO - Marking task as SUCCESS. dag_id=extract_raw_data_pipeline, task_id=run_dbt_trusted, run_id=scheduled__2025-04-09T07:25:00+00:00, execution_date=20250409T072500, start_date=20250409T072617, end_date=20250409T072641
[2025-04-09T07:26:41.638+0000] {local_task_job_runner.py:266} INFO - Task exited with return code 0
[2025-04-09T07:26:41.660+0000] {taskinstance.py:3900} INFO - 0 downstream tasks scheduled from follow-on schedule check
[2025-04-09T07:26:41.663+0000] {local_task_job_runner.py:245} INFO - ::endgroup::
