[2025-04-10T07:28:38.709+0000] {local_task_job_runner.py:123} INFO - ::group::Pre task execution logs
[2025-04-10T07:28:38.737+0000] {taskinstance.py:2612} INFO - Dependencies all met for dep_context=non-requeueable deps ti=<TaskInstance: extract_raw_data_pipeline.run_dbt_trusted scheduled__2025-04-10T07:24:00+00:00 [queued]>
[2025-04-10T07:28:38.751+0000] {taskinstance.py:2612} INFO - Dependencies all met for dep_context=requeueable deps ti=<TaskInstance: extract_raw_data_pipeline.run_dbt_trusted scheduled__2025-04-10T07:24:00+00:00 [queued]>
[2025-04-10T07:28:38.752+0000] {taskinstance.py:2865} INFO - Starting attempt 1 of 1
[2025-04-10T07:28:38.786+0000] {taskinstance.py:2888} INFO - Executing <Task(BashOperator): run_dbt_trusted> on 2025-04-10 07:24:00+00:00
[2025-04-10T07:28:38.800+0000] {warnings.py:112} WARNING - /home/***/.local/lib/python3.12/site-packages/***/task/task_runner/standard_task_runner.py:70: DeprecationWarning: This process (pid=3862) is multi-threaded, use of fork() may lead to deadlocks in the child.
  pid = os.fork()

[2025-04-10T07:28:38.804+0000] {standard_task_runner.py:72} INFO - Started process 3864 to run task
[2025-04-10T07:28:38.804+0000] {standard_task_runner.py:104} INFO - Running: ['***', 'tasks', 'run', 'extract_raw_data_pipeline', 'run_dbt_trusted', 'scheduled__2025-04-10T07:24:00+00:00', '--job-id', '601', '--raw', '--subdir', 'DAGS_FOLDER/driven_data_pipeline.py', '--cfg-path', '/tmp/tmphro5civb']
[2025-04-10T07:28:38.807+0000] {standard_task_runner.py:105} INFO - Job 601: Subtask run_dbt_trusted
[2025-04-10T07:28:38.897+0000] {task_command.py:467} INFO - Running <TaskInstance: extract_raw_data_pipeline.run_dbt_trusted scheduled__2025-04-10T07:24:00+00:00 [running]> on host c829a6b69367
[2025-04-10T07:28:39.067+0000] {taskinstance.py:3131} INFO - Exporting env vars: AIRFLOW_CTX_DAG_OWNER='***' AIRFLOW_CTX_DAG_ID='extract_raw_data_pipeline' AIRFLOW_CTX_TASK_ID='run_dbt_trusted' AIRFLOW_CTX_EXECUTION_DATE='2025-04-10T07:24:00+00:00' AIRFLOW_CTX_TRY_NUMBER='1' AIRFLOW_CTX_DAG_RUN_ID='scheduled__2025-04-10T07:24:00+00:00'
[2025-04-10T07:28:39.070+0000] {taskinstance.py:731} INFO - ::endgroup::
[2025-04-10T07:28:39.091+0000] {subprocess.py:63} INFO - Tmp dir root location: /tmp
[2025-04-10T07:28:39.093+0000] {subprocess.py:75} INFO - Running command: ['/usr/bin/bash', '-c', 'set -x; cd /opt/***/dbt && dbt run --select tag:trusted']
[2025-04-10T07:28:39.116+0000] {subprocess.py:86} INFO - Output:
[2025-04-10T07:28:39.119+0000] {subprocess.py:93} INFO - + cd /opt/***/dbt
[2025-04-10T07:28:39.120+0000] {subprocess.py:93} INFO - + dbt run --select tag:trusted
[2025-04-10T07:28:42.581+0000] {subprocess.py:93} INFO - [0m07:28:42  Running with dbt=1.8.0
[2025-04-10T07:28:43.002+0000] {subprocess.py:93} INFO - [0m07:28:43  Registered adapter: postgres=1.8.2
[2025-04-10T07:28:43.768+0000] {subprocess.py:93} INFO - [0m07:28:43  Found 9 models, 10 sources, 428 macros
[2025-04-10T07:28:43.772+0000] {subprocess.py:93} INFO - [0m07:28:43
[2025-04-10T07:28:44.023+0000] {subprocess.py:93} INFO - [0m07:28:44  Concurrency: 1 threads (target='dev')
[2025-04-10T07:28:44.025+0000] {subprocess.py:93} INFO - [0m07:28:44
[2025-04-10T07:28:44.043+0000] {subprocess.py:93} INFO - [0m07:28:44  1 of 4 START sql table model driven_trusted.non_pii_data ....................... [RUN]
[2025-04-10T07:29:13.853+0000] {subprocess.py:93} INFO - [0m07:29:13  1 of 4 OK created sql table model driven_trusted.non_pii_data .................. [[32mSELECT 1220562[0m in 29.80s]
[2025-04-10T07:29:13.859+0000] {subprocess.py:93} INFO - [0m07:29:13  2 of 4 START sql table model driven_trusted.payment_data ....................... [RUN]
[2025-04-10T07:29:26.563+0000] {subprocess.py:93} INFO - [0m07:29:26  2 of 4 OK created sql table model driven_trusted.payment_data .................. [[32mSELECT 1220562[0m in 12.70s]
[2025-04-10T07:29:26.567+0000] {subprocess.py:93} INFO - [0m07:29:26  3 of 4 START sql table model driven_trusted.pii_data ........................... [RUN]
[2025-04-10T07:30:21.962+0000] {subprocess.py:93} INFO - [0m07:30:21  3 of 4 OK created sql table model driven_trusted.pii_data ...................... [[32mSELECT 1220562[0m in 55.39s]
[2025-04-10T07:30:21.967+0000] {subprocess.py:93} INFO - [0m07:30:21  4 of 4 START sql table model driven_trusted.technical_data ..................... [RUN]
[2025-04-10T07:30:40.390+0000] {subprocess.py:93} INFO - [0m07:30:40  4 of 4 OK created sql table model driven_trusted.technical_data ................ [[32mSELECT 1252271[0m in 18.42s]
[2025-04-10T07:30:40.409+0000] {subprocess.py:93} INFO - [0m07:30:40
[2025-04-10T07:30:40.410+0000] {subprocess.py:93} INFO - [0m07:30:40  Finished running 4 table models in 0 hours 1 minutes and 56.64 seconds (116.64s).
[2025-04-10T07:30:40.501+0000] {subprocess.py:93} INFO - [0m07:30:40
[2025-04-10T07:30:40.503+0000] {subprocess.py:93} INFO - [0m07:30:40  [32mCompleted successfully[0m
[2025-04-10T07:30:40.504+0000] {subprocess.py:93} INFO - [0m07:30:40
[2025-04-10T07:30:40.505+0000] {subprocess.py:93} INFO - [0m07:30:40  Done. PASS=4 WARN=0 ERROR=0 SKIP=0 TOTAL=4
[2025-04-10T07:30:41.832+0000] {subprocess.py:97} INFO - Command exited with return code 0
[2025-04-10T07:30:41.935+0000] {taskinstance.py:340} INFO - ::group::Post task execution logs
[2025-04-10T07:30:41.937+0000] {taskinstance.py:352} INFO - Marking task as SUCCESS. dag_id=extract_raw_data_pipeline, task_id=run_dbt_trusted, run_id=scheduled__2025-04-10T07:24:00+00:00, execution_date=20250410T072400, start_date=20250410T072838, end_date=20250410T073041
[2025-04-10T07:30:42.017+0000] {local_task_job_runner.py:266} INFO - Task exited with return code 0
[2025-04-10T07:30:42.035+0000] {taskinstance.py:3900} INFO - 0 downstream tasks scheduled from follow-on schedule check
[2025-04-10T07:30:42.039+0000] {local_task_job_runner.py:245} INFO - ::endgroup::
