[2025-04-09T07:49:01.320+0000] {local_task_job_runner.py:123} INFO - ::group::Pre task execution logs
[2025-04-09T07:49:01.342+0000] {taskinstance.py:2612} INFO - Dependencies all met for dep_context=non-requeueable deps ti=<TaskInstance: extract_raw_data_pipeline.create_raw_schema scheduled__2025-04-09T07:48:00+00:00 [queued]>
[2025-04-09T07:49:01.355+0000] {taskinstance.py:2612} INFO - Dependencies all met for dep_context=requeueable deps ti=<TaskInstance: extract_raw_data_pipeline.create_raw_schema scheduled__2025-04-09T07:48:00+00:00 [queued]>
[2025-04-09T07:49:01.356+0000] {taskinstance.py:2865} INFO - Starting attempt 1 of 1
[2025-04-09T07:49:01.378+0000] {taskinstance.py:2888} INFO - Executing <Task(SQLExecuteQueryOperator): create_raw_schema> on 2025-04-09 07:48:00+00:00
[2025-04-09T07:49:01.389+0000] {warnings.py:112} WARNING - /home/***/.local/lib/python3.12/site-packages/***/task/task_runner/standard_task_runner.py:70: DeprecationWarning: This process (pid=3853) is multi-threaded, use of fork() may lead to deadlocks in the child.
  pid = os.fork()

[2025-04-09T07:49:01.392+0000] {standard_task_runner.py:72} INFO - Started process 3858 to run task
[2025-04-09T07:49:01.392+0000] {standard_task_runner.py:104} INFO - Running: ['***', 'tasks', 'run', 'extract_raw_data_pipeline', 'create_raw_schema', 'scheduled__2025-04-09T07:48:00+00:00', '--job-id', '363', '--raw', '--subdir', 'DAGS_FOLDER/driven_data_pipeline.py', '--cfg-path', '/tmp/tmpsre7lz4b']
[2025-04-09T07:49:01.394+0000] {standard_task_runner.py:105} INFO - Job 363: Subtask create_raw_schema
[2025-04-09T07:49:01.475+0000] {task_command.py:467} INFO - Running <TaskInstance: extract_raw_data_pipeline.create_raw_schema scheduled__2025-04-09T07:48:00+00:00 [running]> on host c829a6b69367
[2025-04-09T07:49:01.607+0000] {taskinstance.py:3131} INFO - Exporting env vars: AIRFLOW_CTX_DAG_OWNER='***' AIRFLOW_CTX_DAG_ID='extract_raw_data_pipeline' AIRFLOW_CTX_TASK_ID='create_raw_schema' AIRFLOW_CTX_EXECUTION_DATE='2025-04-09T07:48:00+00:00' AIRFLOW_CTX_TRY_NUMBER='1' AIRFLOW_CTX_DAG_RUN_ID='scheduled__2025-04-09T07:48:00+00:00'
[2025-04-09T07:49:01.609+0000] {taskinstance.py:731} INFO - ::endgroup::
[2025-04-09T07:49:01.628+0000] {sql.py:266} INFO - Executing: CREATE SCHEMA IF NOT EXISTS driven_raw;
[2025-04-09T07:49:01.643+0000] {base.py:84} INFO - Retrieving connection 'postgres_conn'
[2025-04-09T07:49:01.657+0000] {base.py:84} INFO - Retrieving connection 'postgres_conn'
[2025-04-09T07:49:01.663+0000] {sql.py:509} INFO - Running statement: CREATE SCHEMA IF NOT EXISTS driven_raw;, parameters: None
[2025-04-09T07:49:01.682+0000] {taskinstance.py:340} INFO - ::group::Post task execution logs
[2025-04-09T07:49:01.684+0000] {taskinstance.py:352} INFO - Marking task as SUCCESS. dag_id=extract_raw_data_pipeline, task_id=create_raw_schema, run_id=scheduled__2025-04-09T07:48:00+00:00, execution_date=20250409T074800, start_date=20250409T074901, end_date=20250409T074901
[2025-04-09T07:49:01.730+0000] {local_task_job_runner.py:266} INFO - Task exited with return code 0
[2025-04-09T07:49:01.744+0000] {local_task_job_runner.py:245} INFO - ::endgroup::
