[2025-04-09T07:17:17.642+0000] {local_task_job_runner.py:123} INFO - ::group::Pre task execution logs
[2025-04-09T07:17:17.659+0000] {taskinstance.py:2612} INFO - Dependencies all met for dep_context=non-requeueable deps ti=<TaskInstance: extract_raw_data_pipeline.run_dbt_trusted scheduled__2025-04-09T07:16:00+00:00 [queued]>
[2025-04-09T07:17:17.670+0000] {taskinstance.py:2612} INFO - Dependencies all met for dep_context=requeueable deps ti=<TaskInstance: extract_raw_data_pipeline.run_dbt_trusted scheduled__2025-04-09T07:16:00+00:00 [queued]>
[2025-04-09T07:17:17.671+0000] {taskinstance.py:2865} INFO - Starting attempt 1 of 1
[2025-04-09T07:17:17.695+0000] {taskinstance.py:2888} INFO - Executing <Task(BashOperator): run_dbt_trusted> on 2025-04-09 07:16:00+00:00
[2025-04-09T07:17:17.705+0000] {warnings.py:112} WARNING - /home/***/.local/lib/python3.12/site-packages/***/task/task_runner/standard_task_runner.py:70: DeprecationWarning: This process (pid=1960) is multi-threaded, use of fork() may lead to deadlocks in the child.
  pid = os.fork()

[2025-04-09T07:17:17.708+0000] {standard_task_runner.py:72} INFO - Started process 1962 to run task
[2025-04-09T07:17:17.707+0000] {standard_task_runner.py:104} INFO - Running: ['***', 'tasks', 'run', 'extract_raw_data_pipeline', 'run_dbt_trusted', 'scheduled__2025-04-09T07:16:00+00:00', '--job-id', '172', '--raw', '--subdir', 'DAGS_FOLDER/driven_data_pipeline.py', '--cfg-path', '/tmp/tmpgl03b_qp']
[2025-04-09T07:17:17.709+0000] {standard_task_runner.py:105} INFO - Job 172: Subtask run_dbt_trusted
[2025-04-09T07:17:17.759+0000] {task_command.py:467} INFO - Running <TaskInstance: extract_raw_data_pipeline.run_dbt_trusted scheduled__2025-04-09T07:16:00+00:00 [running]> on host c829a6b69367
[2025-04-09T07:17:17.847+0000] {taskinstance.py:3131} INFO - Exporting env vars: AIRFLOW_CTX_DAG_OWNER='***' AIRFLOW_CTX_DAG_ID='extract_raw_data_pipeline' AIRFLOW_CTX_TASK_ID='run_dbt_trusted' AIRFLOW_CTX_EXECUTION_DATE='2025-04-09T07:16:00+00:00' AIRFLOW_CTX_TRY_NUMBER='1' AIRFLOW_CTX_DAG_RUN_ID='scheduled__2025-04-09T07:16:00+00:00'
[2025-04-09T07:17:17.850+0000] {taskinstance.py:731} INFO - ::endgroup::
[2025-04-09T07:17:17.868+0000] {subprocess.py:63} INFO - Tmp dir root location: /tmp
[2025-04-09T07:17:17.869+0000] {subprocess.py:75} INFO - Running command: ['/usr/bin/bash', '-c', 'set -x; cd /opt/***/dbt && dbt run --select tag:trusted']
[2025-04-09T07:17:17.882+0000] {subprocess.py:86} INFO - Output:
[2025-04-09T07:17:17.884+0000] {subprocess.py:93} INFO - + cd /opt/***/dbt
[2025-04-09T07:17:17.884+0000] {subprocess.py:93} INFO - + dbt run --select tag:trusted
[2025-04-09T07:17:19.376+0000] {subprocess.py:93} INFO - [0m07:17:19  Running with dbt=1.8.0
[2025-04-09T07:17:19.743+0000] {subprocess.py:93} INFO - [0m07:17:19  Registered adapter: postgres=1.8.2
[2025-04-09T07:17:20.296+0000] {subprocess.py:93} INFO - [0m07:17:20  Found 9 models, 10 sources, 428 macros
[2025-04-09T07:17:20.300+0000] {subprocess.py:93} INFO - [0m07:17:20
[2025-04-09T07:17:20.457+0000] {subprocess.py:93} INFO - [0m07:17:20  Concurrency: 1 threads (target='dev')
[2025-04-09T07:17:20.458+0000] {subprocess.py:93} INFO - [0m07:17:20
[2025-04-09T07:17:20.471+0000] {subprocess.py:93} INFO - [0m07:17:20  1 of 4 START sql table model driven_trusted.non_pii_data ....................... [RUN]
[2025-04-09T07:17:23.529+0000] {subprocess.py:93} INFO - [0m07:17:23  1 of 4 OK created sql table model driven_trusted.non_pii_data .................. [[32mSELECT 114425[0m in 3.05s]
[2025-04-09T07:17:23.533+0000] {subprocess.py:93} INFO - [0m07:17:23  2 of 4 START sql table model driven_trusted.payment_data ....................... [RUN]
[2025-04-09T07:17:24.359+0000] {subprocess.py:93} INFO - [0m07:17:24  2 of 4 OK created sql table model driven_trusted.payment_data .................. [[32mSELECT 114425[0m in 0.82s]
[2025-04-09T07:17:24.363+0000] {subprocess.py:93} INFO - [0m07:17:24  3 of 4 START sql table model driven_trusted.pii_data ........................... [RUN]
[2025-04-09T07:17:26.894+0000] {subprocess.py:93} INFO - [0m07:17:26  3 of 4 OK created sql table model driven_trusted.pii_data ...................... [[32mSELECT 114425[0m in 2.53s]
[2025-04-09T07:17:26.897+0000] {subprocess.py:93} INFO - [0m07:17:26  4 of 4 START sql table model driven_trusted.technical_data ..................... [RUN]
[2025-04-09T07:17:27.662+0000] {subprocess.py:93} INFO - [0m07:17:27  4 of 4 OK created sql table model driven_trusted.technical_data ................ [[32mSELECT 114425[0m in 0.76s]
[2025-04-09T07:17:27.681+0000] {subprocess.py:93} INFO - [0m07:17:27
[2025-04-09T07:17:27.682+0000] {subprocess.py:93} INFO - [0m07:17:27  Finished running 4 table models in 0 hours 0 minutes and 7.38 seconds (7.38s).
[2025-04-09T07:17:27.733+0000] {subprocess.py:93} INFO - [0m07:17:27
[2025-04-09T07:17:27.734+0000] {subprocess.py:93} INFO - [0m07:17:27  [32mCompleted successfully[0m
[2025-04-09T07:17:27.734+0000] {subprocess.py:93} INFO - [0m07:17:27
[2025-04-09T07:17:27.735+0000] {subprocess.py:93} INFO - [0m07:17:27  Done. PASS=4 WARN=0 ERROR=0 SKIP=0 TOTAL=4
[2025-04-09T07:17:28.906+0000] {subprocess.py:97} INFO - Command exited with return code 0
[2025-04-09T07:17:28.947+0000] {taskinstance.py:340} INFO - ::group::Post task execution logs
[2025-04-09T07:17:28.948+0000] {taskinstance.py:352} INFO - Marking task as SUCCESS. dag_id=extract_raw_data_pipeline, task_id=run_dbt_trusted, run_id=scheduled__2025-04-09T07:16:00+00:00, execution_date=20250409T071600, start_date=20250409T071717, end_date=20250409T071728
[2025-04-09T07:17:28.985+0000] {local_task_job_runner.py:266} INFO - Task exited with return code 0
[2025-04-09T07:17:29.002+0000] {taskinstance.py:3900} INFO - 0 downstream tasks scheduled from follow-on schedule check
[2025-04-09T07:17:29.005+0000] {local_task_job_runner.py:245} INFO - ::endgroup::
