[2025-04-09T07:55:09.600+0000] {local_task_job_runner.py:123} INFO - ::group::Pre task execution logs
[2025-04-09T07:55:09.643+0000] {taskinstance.py:2612} INFO - Dependencies all met for dep_context=non-requeueable deps ti=<TaskInstance: extract_raw_data_pipeline.run_dbt_staging scheduled__2025-04-09T07:54:00+00:00 [queued]>
[2025-04-09T07:55:09.674+0000] {taskinstance.py:2612} INFO - Dependencies all met for dep_context=requeueable deps ti=<TaskInstance: extract_raw_data_pipeline.run_dbt_staging scheduled__2025-04-09T07:54:00+00:00 [queued]>
[2025-04-09T07:55:09.676+0000] {taskinstance.py:2865} INFO - Starting attempt 1 of 1
[2025-04-09T07:55:09.718+0000] {taskinstance.py:2888} INFO - Executing <Task(BashOperator): run_dbt_staging> on 2025-04-09 07:54:00+00:00
[2025-04-09T07:55:09.733+0000] {warnings.py:112} WARNING - /home/***/.local/lib/python3.12/site-packages/***/task/task_runner/standard_task_runner.py:70: DeprecationWarning: This process (pid=4244) is multi-threaded, use of fork() may lead to deadlocks in the child.
  pid = os.fork()

[2025-04-09T07:55:09.737+0000] {standard_task_runner.py:72} INFO - Started process 4246 to run task
[2025-04-09T07:55:09.737+0000] {standard_task_runner.py:104} INFO - Running: ['***', 'tasks', 'run', 'extract_raw_data_pipeline', 'run_dbt_staging', 'scheduled__2025-04-09T07:54:00+00:00', '--job-id', '403', '--raw', '--subdir', 'DAGS_FOLDER/driven_data_pipeline.py', '--cfg-path', '/tmp/tmpjenjcn5o']
[2025-04-09T07:55:09.740+0000] {standard_task_runner.py:105} INFO - Job 403: Subtask run_dbt_staging
[2025-04-09T07:55:09.879+0000] {task_command.py:467} INFO - Running <TaskInstance: extract_raw_data_pipeline.run_dbt_staging scheduled__2025-04-09T07:54:00+00:00 [running]> on host c829a6b69367
[2025-04-09T07:55:10.074+0000] {taskinstance.py:3131} INFO - Exporting env vars: AIRFLOW_CTX_DAG_OWNER='***' AIRFLOW_CTX_DAG_ID='extract_raw_data_pipeline' AIRFLOW_CTX_TASK_ID='run_dbt_staging' AIRFLOW_CTX_EXECUTION_DATE='2025-04-09T07:54:00+00:00' AIRFLOW_CTX_TRY_NUMBER='1' AIRFLOW_CTX_DAG_RUN_ID='scheduled__2025-04-09T07:54:00+00:00'
[2025-04-09T07:55:10.076+0000] {taskinstance.py:731} INFO - ::endgroup::
[2025-04-09T07:55:10.104+0000] {subprocess.py:63} INFO - Tmp dir root location: /tmp
[2025-04-09T07:55:10.106+0000] {subprocess.py:75} INFO - Running command: ['/usr/bin/bash', '-c', 'set -x; cd /opt/***/dbt && dbt run --select tag:staging']
[2025-04-09T07:55:10.132+0000] {subprocess.py:86} INFO - Output:
[2025-04-09T07:55:10.136+0000] {subprocess.py:93} INFO - + cd /opt/***/dbt
[2025-04-09T07:55:10.137+0000] {subprocess.py:93} INFO - + dbt run --select tag:staging
[2025-04-09T07:55:13.083+0000] {subprocess.py:93} INFO - [0m07:55:13  Running with dbt=1.8.0
[2025-04-09T07:55:13.435+0000] {subprocess.py:93} INFO - [0m07:55:13  Registered adapter: postgres=1.8.2
[2025-04-09T07:55:13.970+0000] {subprocess.py:93} INFO - [0m07:55:13  Found 9 models, 10 sources, 428 macros
[2025-04-09T07:55:13.974+0000] {subprocess.py:93} INFO - [0m07:55:13
[2025-04-09T07:55:14.111+0000] {subprocess.py:93} INFO - [0m07:55:14  Concurrency: 1 threads (target='dev')
[2025-04-09T07:55:14.112+0000] {subprocess.py:93} INFO - [0m07:55:14
[2025-04-09T07:55:14.124+0000] {subprocess.py:93} INFO - [0m07:55:14  1 of 5 START sql table model driven_staging.dim_address ........................ [RUN]
[2025-04-09T07:55:15.003+0000] {subprocess.py:93} INFO - [0m07:55:15  1 of 5 OK created sql table model driven_staging.dim_address ................... [[32mSELECT 492888[0m in 0.87s]
[2025-04-09T07:55:15.006+0000] {subprocess.py:93} INFO - [0m07:55:15  2 of 5 START sql table model driven_staging.dim_date ........................... [RUN]
[2025-04-09T07:55:15.592+0000] {subprocess.py:93} INFO - [0m07:55:15  2 of 5 OK created sql table model driven_staging.dim_date ...................... [[32mSELECT 492888[0m in 0.58s]
[2025-04-09T07:55:15.596+0000] {subprocess.py:93} INFO - [0m07:55:15  3 of 5 START sql table model driven_staging.dim_finance ........................ [RUN]
[2025-04-09T07:55:16.232+0000] {subprocess.py:93} INFO - [0m07:55:16  3 of 5 OK created sql table model driven_staging.dim_finance ................... [[32mSELECT 492888[0m in 0.63s]
[2025-04-09T07:55:16.234+0000] {subprocess.py:93} INFO - [0m07:55:16  4 of 5 START sql table model driven_staging.dim_person ......................... [RUN]
[2025-04-09T07:55:17.224+0000] {subprocess.py:93} INFO - [0m07:55:17  4 of 5 OK created sql table model driven_staging.dim_person .................... [[32mSELECT 492888[0m in 0.99s]
[2025-04-09T07:55:17.227+0000] {subprocess.py:93} INFO - [0m07:55:17  5 of 5 START sql table model driven_staging.fact_network_usage ................. [RUN]
[2025-04-09T07:55:17.880+0000] {subprocess.py:93} INFO - [0m07:55:17  5 of 5 OK created sql table model driven_staging.fact_network_usage ............ [[32mSELECT 492888[0m in 0.65s]
[2025-04-09T07:55:17.905+0000] {subprocess.py:93} INFO - [0m07:55:17
[2025-04-09T07:55:17.906+0000] {subprocess.py:93} INFO - [0m07:55:17  Finished running 5 table models in 0 hours 0 minutes and 3.93 seconds (3.93s).
[2025-04-09T07:55:18.017+0000] {subprocess.py:93} INFO - [0m07:55:18
[2025-04-09T07:55:18.018+0000] {subprocess.py:93} INFO - [0m07:55:18  [32mCompleted successfully[0m
[2025-04-09T07:55:18.019+0000] {subprocess.py:93} INFO - [0m07:55:18
[2025-04-09T07:55:18.021+0000] {subprocess.py:93} INFO - [0m07:55:18  Done. PASS=5 WARN=0 ERROR=0 SKIP=0 TOTAL=5
[2025-04-09T07:55:19.356+0000] {subprocess.py:97} INFO - Command exited with return code 0
[2025-04-09T07:55:19.404+0000] {taskinstance.py:340} INFO - ::group::Post task execution logs
[2025-04-09T07:55:19.406+0000] {taskinstance.py:352} INFO - Marking task as SUCCESS. dag_id=extract_raw_data_pipeline, task_id=run_dbt_staging, run_id=scheduled__2025-04-09T07:54:00+00:00, execution_date=20250409T075400, start_date=20250409T075509, end_date=20250409T075519
[2025-04-09T07:55:19.446+0000] {local_task_job_runner.py:266} INFO - Task exited with return code 0
[2025-04-09T07:55:19.474+0000] {taskinstance.py:3900} INFO - 1 downstream tasks scheduled from follow-on schedule check
[2025-04-09T07:55:19.477+0000] {local_task_job_runner.py:245} INFO - ::endgroup::
