[2025-04-10T07:54:10.008+0000] {local_task_job_runner.py:123} INFO - ::group::Pre task execution logs
[2025-04-10T07:54:10.026+0000] {taskinstance.py:2612} INFO - Dependencies all met for dep_context=non-requeueable deps ti=<TaskInstance: extract_raw_data_pipeline.run_dbt_staging scheduled__2025-04-10T07:53:00+00:00 [queued]>
[2025-04-10T07:54:10.039+0000] {taskinstance.py:2612} INFO - Dependencies all met for dep_context=requeueable deps ti=<TaskInstance: extract_raw_data_pipeline.run_dbt_staging scheduled__2025-04-10T07:53:00+00:00 [queued]>
[2025-04-10T07:54:10.040+0000] {taskinstance.py:2865} INFO - Starting attempt 1 of 1
[2025-04-10T07:54:10.066+0000] {taskinstance.py:2888} INFO - Executing <Task(BashOperator): run_dbt_staging> on 2025-04-10 07:53:00+00:00
[2025-04-10T07:54:10.074+0000] {warnings.py:112} WARNING - /home/***/.local/lib/python3.12/site-packages/***/task/task_runner/standard_task_runner.py:70: DeprecationWarning: This process (pid=5398) is multi-threaded, use of fork() may lead to deadlocks in the child.
  pid = os.fork()

[2025-04-10T07:54:10.077+0000] {standard_task_runner.py:72} INFO - Started process 5400 to run task
[2025-04-10T07:54:10.077+0000] {standard_task_runner.py:104} INFO - Running: ['***', 'tasks', 'run', 'extract_raw_data_pipeline', 'run_dbt_staging', 'scheduled__2025-04-10T07:53:00+00:00', '--job-id', '755', '--raw', '--subdir', 'DAGS_FOLDER/driven_data_pipeline.py', '--cfg-path', '/tmp/tmp89x36nta']
[2025-04-10T07:54:10.079+0000] {standard_task_runner.py:105} INFO - Job 755: Subtask run_dbt_staging
[2025-04-10T07:54:10.147+0000] {task_command.py:467} INFO - Running <TaskInstance: extract_raw_data_pipeline.run_dbt_staging scheduled__2025-04-10T07:53:00+00:00 [running]> on host c829a6b69367
[2025-04-10T07:54:10.279+0000] {taskinstance.py:3131} INFO - Exporting env vars: AIRFLOW_CTX_DAG_OWNER='***' AIRFLOW_CTX_DAG_ID='extract_raw_data_pipeline' AIRFLOW_CTX_TASK_ID='run_dbt_staging' AIRFLOW_CTX_EXECUTION_DATE='2025-04-10T07:53:00+00:00' AIRFLOW_CTX_TRY_NUMBER='1' AIRFLOW_CTX_DAG_RUN_ID='scheduled__2025-04-10T07:53:00+00:00'
[2025-04-10T07:54:10.280+0000] {taskinstance.py:731} INFO - ::endgroup::
[2025-04-10T07:54:10.300+0000] {subprocess.py:63} INFO - Tmp dir root location: /tmp
[2025-04-10T07:54:10.302+0000] {subprocess.py:75} INFO - Running command: ['/usr/bin/bash', '-c', 'set -x; cd /opt/***/dbt && dbt run --select tag:staging']
[2025-04-10T07:54:10.317+0000] {subprocess.py:86} INFO - Output:
[2025-04-10T07:54:10.319+0000] {subprocess.py:93} INFO - + cd /opt/***/dbt
[2025-04-10T07:54:10.320+0000] {subprocess.py:93} INFO - + dbt run --select tag:staging
[2025-04-10T07:54:13.981+0000] {subprocess.py:93} INFO - [0m07:54:13  Running with dbt=1.8.0
[2025-04-10T07:54:14.500+0000] {subprocess.py:93} INFO - [0m07:54:14  Registered adapter: postgres=1.8.2
[2025-04-10T07:54:15.359+0000] {subprocess.py:93} INFO - [0m07:54:15  Found 9 models, 10 sources, 428 macros
[2025-04-10T07:54:15.365+0000] {subprocess.py:93} INFO - [0m07:54:15
[2025-04-10T07:54:15.619+0000] {subprocess.py:93} INFO - [0m07:54:15  Concurrency: 1 threads (target='dev')
[2025-04-10T07:54:15.621+0000] {subprocess.py:93} INFO - [0m07:54:15
[2025-04-10T07:54:15.642+0000] {subprocess.py:93} INFO - [0m07:54:15  1 of 5 START sql table model driven_staging.dim_address ........................ [RUN]
[2025-04-10T07:55:37.810+0000] {subprocess.py:93} INFO - [0m07:55:37  1 of 5 OK created sql table model driven_staging.dim_address ................... [[32mSELECT 2216402[0m in 82.16s]
[2025-04-10T07:55:37.815+0000] {subprocess.py:93} INFO - [0m07:55:37  2 of 5 START sql table model driven_staging.dim_date ........................... [RUN]
[2025-04-10T07:56:43.685+0000] {subprocess.py:93} INFO - [0m07:56:43  2 of 5 OK created sql table model driven_staging.dim_date ...................... [[32mSELECT 2261444[0m in 65.86s]
[2025-04-10T07:56:43.694+0000] {subprocess.py:93} INFO - [0m07:56:43  3 of 5 START sql table model driven_staging.dim_finance ........................ [RUN]
[2025-04-10T07:58:09.246+0000] {subprocess.py:93} INFO - [0m07:58:09  3 of 5 OK created sql table model driven_staging.dim_finance ................... [[32mSELECT 2307515[0m in 85.55s]
[2025-04-10T07:58:09.258+0000] {subprocess.py:93} INFO - [0m07:58:09  4 of 5 START sql table model driven_staging.dim_person ......................... [RUN]
[2025-04-10T07:59:43.720+0000] {subprocess.py:93} INFO - [0m07:59:43  4 of 5 OK created sql table model driven_staging.dim_person .................... [[32mSELECT 2400551[0m in 94.46s]
[2025-04-10T07:59:43.739+0000] {subprocess.py:93} INFO - [0m07:59:43  5 of 5 START sql table model driven_staging.fact_network_usage ................. [RUN]
[2025-04-10T08:02:01.871+0000] {subprocess.py:93} INFO - [0m08:02:01  5 of 5 OK created sql table model driven_staging.fact_network_usage ............ [[32mSELECT 2447509[0m in 138.12s]
[2025-04-10T08:02:01.971+0000] {subprocess.py:93} INFO - [0m08:02:01
[2025-04-10T08:02:01.975+0000] {subprocess.py:93} INFO - [0m08:02:01  Finished running 5 table models in 0 hours 7 minutes and 46.60 seconds (466.60s).
[2025-04-10T08:02:02.367+0000] {subprocess.py:93} INFO - [0m08:02:02
[2025-04-10T08:02:02.374+0000] {subprocess.py:93} INFO - [0m08:02:02  [32mCompleted successfully[0m
[2025-04-10T08:02:02.379+0000] {subprocess.py:93} INFO - [0m08:02:02
[2025-04-10T08:02:02.387+0000] {subprocess.py:93} INFO - [0m08:02:02  Done. PASS=5 WARN=0 ERROR=0 SKIP=0 TOTAL=5
[2025-04-10T08:02:05.935+0000] {subprocess.py:97} INFO - Command exited with return code 0
[2025-04-10T08:02:06.077+0000] {taskinstance.py:340} INFO - ::group::Post task execution logs
[2025-04-10T08:02:06.078+0000] {taskinstance.py:352} INFO - Marking task as SUCCESS. dag_id=extract_raw_data_pipeline, task_id=run_dbt_staging, run_id=scheduled__2025-04-10T07:53:00+00:00, execution_date=20250410T075300, start_date=20250410T075410, end_date=20250410T080206
[2025-04-10T08:02:06.310+0000] {local_task_job_runner.py:266} INFO - Task exited with return code 0
[2025-04-10T08:02:06.409+0000] {taskinstance.py:3900} INFO - 1 downstream tasks scheduled from follow-on schedule check
[2025-04-10T08:02:06.422+0000] {local_task_job_runner.py:245} INFO - ::endgroup::
