[2025-04-09T07:47:06.664+0000] {local_task_job_runner.py:123} INFO - ::group::Pre task execution logs
[2025-04-09T07:47:06.697+0000] {taskinstance.py:2612} INFO - Dependencies all met for dep_context=non-requeueable deps ti=<TaskInstance: extract_raw_data_pipeline.run_dbt_staging scheduled__2025-04-09T07:46:00+00:00 [queued]>
[2025-04-09T07:47:06.715+0000] {taskinstance.py:2612} INFO - Dependencies all met for dep_context=requeueable deps ti=<TaskInstance: extract_raw_data_pipeline.run_dbt_staging scheduled__2025-04-09T07:46:00+00:00 [queued]>
[2025-04-09T07:47:06.716+0000] {taskinstance.py:2865} INFO - Starting attempt 1 of 1
[2025-04-09T07:47:06.735+0000] {taskinstance.py:2888} INFO - Executing <Task(BashOperator): run_dbt_staging> on 2025-04-09 07:46:00+00:00
[2025-04-09T07:47:06.745+0000] {warnings.py:112} WARNING - /home/***/.local/lib/python3.12/site-packages/***/task/task_runner/standard_task_runner.py:70: DeprecationWarning: This process (pid=3760) is multi-threaded, use of fork() may lead to deadlocks in the child.
  pid = os.fork()

[2025-04-09T07:47:06.748+0000] {standard_task_runner.py:72} INFO - Started process 3762 to run task
[2025-04-09T07:47:06.748+0000] {standard_task_runner.py:104} INFO - Running: ['***', 'tasks', 'run', 'extract_raw_data_pipeline', 'run_dbt_staging', 'scheduled__2025-04-09T07:46:00+00:00', '--job-id', '355', '--raw', '--subdir', 'DAGS_FOLDER/driven_data_pipeline.py', '--cfg-path', '/tmp/tmpse6vxyjr']
[2025-04-09T07:47:06.749+0000] {standard_task_runner.py:105} INFO - Job 355: Subtask run_dbt_staging
[2025-04-09T07:47:06.809+0000] {task_command.py:467} INFO - Running <TaskInstance: extract_raw_data_pipeline.run_dbt_staging scheduled__2025-04-09T07:46:00+00:00 [running]> on host c829a6b69367
[2025-04-09T07:47:06.920+0000] {taskinstance.py:3131} INFO - Exporting env vars: AIRFLOW_CTX_DAG_OWNER='***' AIRFLOW_CTX_DAG_ID='extract_raw_data_pipeline' AIRFLOW_CTX_TASK_ID='run_dbt_staging' AIRFLOW_CTX_EXECUTION_DATE='2025-04-09T07:46:00+00:00' AIRFLOW_CTX_TRY_NUMBER='1' AIRFLOW_CTX_DAG_RUN_ID='scheduled__2025-04-09T07:46:00+00:00'
[2025-04-09T07:47:06.922+0000] {taskinstance.py:731} INFO - ::endgroup::
[2025-04-09T07:47:06.939+0000] {subprocess.py:63} INFO - Tmp dir root location: /tmp
[2025-04-09T07:47:06.940+0000] {subprocess.py:75} INFO - Running command: ['/usr/bin/bash', '-c', 'set -x; cd /opt/***/dbt && dbt run --select tag:staging']
[2025-04-09T07:47:06.955+0000] {subprocess.py:86} INFO - Output:
[2025-04-09T07:47:06.957+0000] {subprocess.py:93} INFO - + cd /opt/***/dbt
[2025-04-09T07:47:06.958+0000] {subprocess.py:93} INFO - + dbt run --select tag:staging
[2025-04-09T07:47:09.417+0000] {subprocess.py:93} INFO - [0m07:47:09  Running with dbt=1.8.0
[2025-04-09T07:47:09.743+0000] {subprocess.py:93} INFO - [0m07:47:09  Registered adapter: postgres=1.8.2
[2025-04-09T07:47:10.282+0000] {subprocess.py:93} INFO - [0m07:47:10  Found 9 models, 10 sources, 428 macros
[2025-04-09T07:47:10.286+0000] {subprocess.py:93} INFO - [0m07:47:10
[2025-04-09T07:47:10.457+0000] {subprocess.py:93} INFO - [0m07:47:10  Concurrency: 1 threads (target='dev')
[2025-04-09T07:47:10.458+0000] {subprocess.py:93} INFO - [0m07:47:10
[2025-04-09T07:47:10.478+0000] {subprocess.py:93} INFO - [0m07:47:10  1 of 5 START sql table model driven_staging.dim_address ........................ [RUN]
[2025-04-09T07:47:11.243+0000] {subprocess.py:93} INFO - [0m07:47:11  1 of 5 OK created sql table model driven_staging.dim_address ................... [[32mSELECT 408360[0m in 0.76s]
[2025-04-09T07:47:11.248+0000] {subprocess.py:93} INFO - [0m07:47:11  2 of 5 START sql table model driven_staging.dim_date ........................... [RUN]
[2025-04-09T07:47:11.726+0000] {subprocess.py:93} INFO - [0m07:47:11  2 of 5 OK created sql table model driven_staging.dim_date ...................... [[32mSELECT 408360[0m in 0.48s]
[2025-04-09T07:47:11.730+0000] {subprocess.py:93} INFO - [0m07:47:11  3 of 5 START sql table model driven_staging.dim_finance ........................ [RUN]
[2025-04-09T07:47:12.304+0000] {subprocess.py:93} INFO - [0m07:47:12  3 of 5 OK created sql table model driven_staging.dim_finance ................... [[32mSELECT 408360[0m in 0.57s]
[2025-04-09T07:47:12.309+0000] {subprocess.py:93} INFO - [0m07:47:12  4 of 5 START sql table model driven_staging.dim_person ......................... [RUN]
[2025-04-09T07:47:13.046+0000] {subprocess.py:93} INFO - [0m07:47:13  4 of 5 OK created sql table model driven_staging.dim_person .................... [[32mSELECT 408360[0m in 0.73s]
[2025-04-09T07:47:13.050+0000] {subprocess.py:93} INFO - [0m07:47:13  5 of 5 START sql table model driven_staging.fact_network_usage ................. [RUN]
[2025-04-09T07:47:13.539+0000] {subprocess.py:93} INFO - [0m07:47:13  5 of 5 OK created sql table model driven_staging.fact_network_usage ............ [[32mSELECT 408360[0m in 0.49s]
[2025-04-09T07:47:13.555+0000] {subprocess.py:93} INFO - [0m07:47:13
[2025-04-09T07:47:13.556+0000] {subprocess.py:93} INFO - [0m07:47:13  Finished running 5 table models in 0 hours 0 minutes and 3.27 seconds (3.27s).
[2025-04-09T07:47:13.611+0000] {subprocess.py:93} INFO - [0m07:47:13
[2025-04-09T07:47:13.612+0000] {subprocess.py:93} INFO - [0m07:47:13  [32mCompleted successfully[0m
[2025-04-09T07:47:13.613+0000] {subprocess.py:93} INFO - [0m07:47:13
[2025-04-09T07:47:13.614+0000] {subprocess.py:93} INFO - [0m07:47:13  Done. PASS=5 WARN=0 ERROR=0 SKIP=0 TOTAL=5
[2025-04-09T07:47:14.877+0000] {subprocess.py:97} INFO - Command exited with return code 0
[2025-04-09T07:47:14.908+0000] {taskinstance.py:340} INFO - ::group::Post task execution logs
[2025-04-09T07:47:14.909+0000] {taskinstance.py:352} INFO - Marking task as SUCCESS. dag_id=extract_raw_data_pipeline, task_id=run_dbt_staging, run_id=scheduled__2025-04-09T07:46:00+00:00, execution_date=20250409T074600, start_date=20250409T074706, end_date=20250409T074714
[2025-04-09T07:47:14.981+0000] {local_task_job_runner.py:266} INFO - Task exited with return code 0
[2025-04-09T07:47:15.003+0000] {taskinstance.py:3900} INFO - 1 downstream tasks scheduled from follow-on schedule check
[2025-04-09T07:47:15.006+0000] {local_task_job_runner.py:245} INFO - ::endgroup::
