[2025-04-10T07:20:22.900+0000] {local_task_job_runner.py:123} INFO - ::group::Pre task execution logs
[2025-04-10T07:20:22.963+0000] {taskinstance.py:2612} INFO - Dependencies all met for dep_context=non-requeueable deps ti=<TaskInstance: extract_raw_data_pipeline.run_dbt_staging scheduled__2025-04-10T07:19:00+00:00 [queued]>
[2025-04-10T07:20:23.005+0000] {taskinstance.py:2612} INFO - Dependencies all met for dep_context=requeueable deps ti=<TaskInstance: extract_raw_data_pipeline.run_dbt_staging scheduled__2025-04-10T07:19:00+00:00 [queued]>
[2025-04-10T07:20:23.007+0000] {taskinstance.py:2865} INFO - Starting attempt 1 of 1
[2025-04-10T07:20:23.089+0000] {taskinstance.py:2888} INFO - Executing <Task(BashOperator): run_dbt_staging> on 2025-04-10 07:19:00+00:00
[2025-04-10T07:20:23.114+0000] {warnings.py:112} WARNING - /home/***/.local/lib/python3.12/site-packages/***/task/task_runner/standard_task_runner.py:70: DeprecationWarning: This process (pid=3390) is multi-threaded, use of fork() may lead to deadlocks in the child.
  pid = os.fork()

[2025-04-10T07:20:23.119+0000] {standard_task_runner.py:72} INFO - Started process 3394 to run task
[2025-04-10T07:20:23.123+0000] {standard_task_runner.py:104} INFO - Running: ['***', 'tasks', 'run', 'extract_raw_data_pipeline', 'run_dbt_staging', 'scheduled__2025-04-10T07:19:00+00:00', '--job-id', '554', '--raw', '--subdir', 'DAGS_FOLDER/driven_data_pipeline.py', '--cfg-path', '/tmp/tmp2dsaz4q5']
[2025-04-10T07:20:23.131+0000] {standard_task_runner.py:105} INFO - Job 554: Subtask run_dbt_staging
[2025-04-10T07:20:23.265+0000] {task_command.py:467} INFO - Running <TaskInstance: extract_raw_data_pipeline.run_dbt_staging scheduled__2025-04-10T07:19:00+00:00 [running]> on host c829a6b69367
[2025-04-10T07:20:23.531+0000] {taskinstance.py:3131} INFO - Exporting env vars: AIRFLOW_CTX_DAG_OWNER='***' AIRFLOW_CTX_DAG_ID='extract_raw_data_pipeline' AIRFLOW_CTX_TASK_ID='run_dbt_staging' AIRFLOW_CTX_EXECUTION_DATE='2025-04-10T07:19:00+00:00' AIRFLOW_CTX_TRY_NUMBER='1' AIRFLOW_CTX_DAG_RUN_ID='scheduled__2025-04-10T07:19:00+00:00'
[2025-04-10T07:20:23.538+0000] {taskinstance.py:731} INFO - ::endgroup::
[2025-04-10T07:20:23.596+0000] {subprocess.py:63} INFO - Tmp dir root location: /tmp
[2025-04-10T07:20:23.604+0000] {subprocess.py:75} INFO - Running command: ['/usr/bin/bash', '-c', 'set -x; cd /opt/***/dbt && dbt run --select tag:staging']
[2025-04-10T07:20:23.663+0000] {subprocess.py:86} INFO - Output:
[2025-04-10T07:20:23.670+0000] {subprocess.py:93} INFO - + cd /opt/***/dbt
[2025-04-10T07:20:23.672+0000] {subprocess.py:93} INFO - + dbt run --select tag:staging
[2025-04-10T07:20:29.350+0000] {subprocess.py:93} INFO - [0m07:20:29  Running with dbt=1.8.0
[2025-04-10T07:20:30.097+0000] {subprocess.py:93} INFO - [0m07:20:30  Registered adapter: postgres=1.8.2
[2025-04-10T07:20:31.258+0000] {subprocess.py:93} INFO - [0m07:20:31  Found 9 models, 10 sources, 428 macros
[2025-04-10T07:20:31.265+0000] {subprocess.py:93} INFO - [0m07:20:31
[2025-04-10T07:20:31.501+0000] {subprocess.py:93} INFO - [0m07:20:31  Concurrency: 1 threads (target='dev')
[2025-04-10T07:20:31.502+0000] {subprocess.py:93} INFO - [0m07:20:31
[2025-04-10T07:20:31.523+0000] {subprocess.py:93} INFO - [0m07:20:31  1 of 5 START sql table model driven_staging.dim_address ........................ [RUN]
[2025-04-10T07:21:04.292+0000] {subprocess.py:93} INFO - [0m07:21:04  1 of 5 OK created sql table model driven_staging.dim_address ................... [[32mSELECT 984881[0m in 32.76s]
[2025-04-10T07:21:04.322+0000] {subprocess.py:93} INFO - [0m07:21:04  2 of 5 START sql table model driven_staging.dim_date ........................... [RUN]
[2025-04-10T07:21:20.788+0000] {subprocess.py:93} INFO - [0m07:21:20  2 of 5 OK created sql table model driven_staging.dim_date ...................... [[32mSELECT 984881[0m in 16.46s]
[2025-04-10T07:21:20.800+0000] {subprocess.py:93} INFO - [0m07:21:20  3 of 5 START sql table model driven_staging.dim_finance ........................ [RUN]
[2025-04-10T07:21:23.729+0000] {subprocess.py:93} INFO - [0m07:21:23  3 of 5 OK created sql table model driven_staging.dim_finance ................... [[32mSELECT 1012412[0m in 2.92s]
[2025-04-10T07:21:23.743+0000] {subprocess.py:93} INFO - [0m07:21:23  4 of 5 START sql table model driven_staging.dim_person ......................... [RUN]
[2025-04-10T07:21:28.557+0000] {subprocess.py:93} INFO - [0m07:21:28  4 of 5 OK created sql table model driven_staging.dim_person .................... [[32mSELECT 1012412[0m in 4.81s]
[2025-04-10T07:21:28.570+0000] {subprocess.py:93} INFO - [0m07:21:28  5 of 5 START sql table model driven_staging.fact_network_usage ................. [RUN]
[2025-04-10T07:21:41.077+0000] {subprocess.py:93} INFO - [0m07:21:41  5 of 5 OK created sql table model driven_staging.fact_network_usage ............ [[32mSELECT 1012412[0m in 12.50s]
[2025-04-10T07:21:41.167+0000] {subprocess.py:93} INFO - [0m07:21:41
[2025-04-10T07:21:41.171+0000] {subprocess.py:93} INFO - [0m07:21:41  Finished running 5 table models in 0 hours 1 minutes and 9.90 seconds (69.90s).
[2025-04-10T07:21:41.362+0000] {subprocess.py:93} INFO - [0m07:21:41
[2025-04-10T07:21:41.366+0000] {subprocess.py:93} INFO - [0m07:21:41  [32mCompleted successfully[0m
[2025-04-10T07:21:41.370+0000] {subprocess.py:93} INFO - [0m07:21:41
[2025-04-10T07:21:41.372+0000] {subprocess.py:93} INFO - [0m07:21:41  Done. PASS=5 WARN=0 ERROR=0 SKIP=0 TOTAL=5
[2025-04-10T07:21:43.572+0000] {subprocess.py:97} INFO - Command exited with return code 0
[2025-04-10T07:21:43.647+0000] {taskinstance.py:340} INFO - ::group::Post task execution logs
[2025-04-10T07:21:43.648+0000] {taskinstance.py:352} INFO - Marking task as SUCCESS. dag_id=extract_raw_data_pipeline, task_id=run_dbt_staging, run_id=scheduled__2025-04-10T07:19:00+00:00, execution_date=20250410T071900, start_date=20250410T072022, end_date=20250410T072143
[2025-04-10T07:21:43.723+0000] {local_task_job_runner.py:266} INFO - Task exited with return code 0
[2025-04-10T07:21:43.767+0000] {taskinstance.py:3900} INFO - 1 downstream tasks scheduled from follow-on schedule check
[2025-04-10T07:21:43.773+0000] {local_task_job_runner.py:245} INFO - ::endgroup::
