[2025-04-09T07:13:07.980+0000] {local_task_job_runner.py:123} INFO - ::group::Pre task execution logs
[2025-04-09T07:13:08.000+0000] {taskinstance.py:2612} INFO - Dependencies all met for dep_context=non-requeueable deps ti=<TaskInstance: extract_raw_data_pipeline.run_dbt_staging scheduled__2025-04-09T07:12:00+00:00 [queued]>
[2025-04-09T07:13:08.012+0000] {taskinstance.py:2612} INFO - Dependencies all met for dep_context=requeueable deps ti=<TaskInstance: extract_raw_data_pipeline.run_dbt_staging scheduled__2025-04-09T07:12:00+00:00 [queued]>
[2025-04-09T07:13:08.012+0000] {taskinstance.py:2865} INFO - Starting attempt 1 of 1
[2025-04-09T07:13:08.031+0000] {taskinstance.py:2888} INFO - Executing <Task(BashOperator): run_dbt_staging> on 2025-04-09 07:12:00+00:00
[2025-04-09T07:13:08.039+0000] {warnings.py:112} WARNING - /home/***/.local/lib/python3.12/site-packages/***/task/task_runner/standard_task_runner.py:70: DeprecationWarning: This process (pid=1701) is multi-threaded, use of fork() may lead to deadlocks in the child.
  pid = os.fork()

[2025-04-09T07:13:08.041+0000] {standard_task_runner.py:72} INFO - Started process 1703 to run task
[2025-04-09T07:13:08.041+0000] {standard_task_runner.py:104} INFO - Running: ['***', 'tasks', 'run', 'extract_raw_data_pipeline', 'run_dbt_staging', 'scheduled__2025-04-09T07:12:00+00:00', '--job-id', '147', '--raw', '--subdir', 'DAGS_FOLDER/driven_data_pipeline.py', '--cfg-path', '/tmp/tmpf3q3kuwq']
[2025-04-09T07:13:08.043+0000] {standard_task_runner.py:105} INFO - Job 147: Subtask run_dbt_staging
[2025-04-09T07:13:08.103+0000] {task_command.py:467} INFO - Running <TaskInstance: extract_raw_data_pipeline.run_dbt_staging scheduled__2025-04-09T07:12:00+00:00 [running]> on host c829a6b69367
[2025-04-09T07:13:08.202+0000] {taskinstance.py:3131} INFO - Exporting env vars: AIRFLOW_CTX_DAG_OWNER='***' AIRFLOW_CTX_DAG_ID='extract_raw_data_pipeline' AIRFLOW_CTX_TASK_ID='run_dbt_staging' AIRFLOW_CTX_EXECUTION_DATE='2025-04-09T07:12:00+00:00' AIRFLOW_CTX_TRY_NUMBER='1' AIRFLOW_CTX_DAG_RUN_ID='scheduled__2025-04-09T07:12:00+00:00'
[2025-04-09T07:13:08.203+0000] {taskinstance.py:731} INFO - ::endgroup::
[2025-04-09T07:13:08.221+0000] {subprocess.py:63} INFO - Tmp dir root location: /tmp
[2025-04-09T07:13:08.223+0000] {subprocess.py:75} INFO - Running command: ['/usr/bin/bash', '-c', 'set -x; cd /opt/***/dbt && dbt run --select tag:staging']
[2025-04-09T07:13:08.236+0000] {subprocess.py:86} INFO - Output:
[2025-04-09T07:13:08.239+0000] {subprocess.py:93} INFO - + cd /opt/***/dbt
[2025-04-09T07:13:08.240+0000] {subprocess.py:93} INFO - + dbt run --select tag:staging
[2025-04-09T07:13:09.545+0000] {subprocess.py:93} INFO - [0m07:13:09  Running with dbt=1.8.0
[2025-04-09T07:13:09.897+0000] {subprocess.py:93} INFO - [0m07:13:09  Registered adapter: postgres=1.8.2
[2025-04-09T07:13:10.535+0000] {subprocess.py:93} INFO - [0m07:13:10  Found 9 models, 10 sources, 428 macros
[2025-04-09T07:13:10.542+0000] {subprocess.py:93} INFO - [0m07:13:10
[2025-04-09T07:13:10.711+0000] {subprocess.py:93} INFO - [0m07:13:10  Concurrency: 1 threads (target='dev')
[2025-04-09T07:13:10.712+0000] {subprocess.py:93} INFO - [0m07:13:10
[2025-04-09T07:13:10.726+0000] {subprocess.py:93} INFO - [0m07:13:10  1 of 5 START sql table model driven_staging.dim_address ........................ [RUN]
[2025-04-09T07:13:10.971+0000] {subprocess.py:93} INFO - [0m07:13:10  1 of 5 OK created sql table model driven_staging.dim_address ................... [[32mSELECT 45421[0m in 0.24s]
[2025-04-09T07:13:10.975+0000] {subprocess.py:93} INFO - [0m07:13:10  2 of 5 START sql table model driven_staging.dim_date ........................... [RUN]
[2025-04-09T07:13:11.085+0000] {subprocess.py:93} INFO - [0m07:13:11  2 of 5 OK created sql table model driven_staging.dim_date ...................... [[32mSELECT 45421[0m in 0.11s]
[2025-04-09T07:13:11.087+0000] {subprocess.py:93} INFO - [0m07:13:11  3 of 5 START sql table model driven_staging.dim_finance ........................ [RUN]
[2025-04-09T07:13:11.227+0000] {subprocess.py:93} INFO - [0m07:13:11  3 of 5 OK created sql table model driven_staging.dim_finance ................... [[32mSELECT 45421[0m in 0.14s]
[2025-04-09T07:13:11.229+0000] {subprocess.py:93} INFO - [0m07:13:11  4 of 5 START sql table model driven_staging.dim_person ......................... [RUN]
[2025-04-09T07:13:11.356+0000] {subprocess.py:93} INFO - [0m07:13:11  4 of 5 OK created sql table model driven_staging.dim_person .................... [[32mSELECT 45421[0m in 0.13s]
[2025-04-09T07:13:11.359+0000] {subprocess.py:93} INFO - [0m07:13:11  5 of 5 START sql table model driven_staging.fact_network_usage ................. [RUN]
[2025-04-09T07:13:11.520+0000] {subprocess.py:93} INFO - [0m07:13:11  5 of 5 OK created sql table model driven_staging.fact_network_usage ............ [[32mSELECT 45421[0m in 0.16s]
[2025-04-09T07:13:11.536+0000] {subprocess.py:93} INFO - [0m07:13:11
[2025-04-09T07:13:11.537+0000] {subprocess.py:93} INFO - [0m07:13:11  Finished running 5 table models in 0 hours 0 minutes and 0.99 seconds (0.99s).
[2025-04-09T07:13:11.614+0000] {subprocess.py:93} INFO - [0m07:13:11
[2025-04-09T07:13:11.615+0000] {subprocess.py:93} INFO - [0m07:13:11  [32mCompleted successfully[0m
[2025-04-09T07:13:11.617+0000] {subprocess.py:93} INFO - [0m07:13:11
[2025-04-09T07:13:11.619+0000] {subprocess.py:93} INFO - [0m07:13:11  Done. PASS=5 WARN=0 ERROR=0 SKIP=0 TOTAL=5
[2025-04-09T07:13:12.918+0000] {subprocess.py:97} INFO - Command exited with return code 0
[2025-04-09T07:13:12.949+0000] {taskinstance.py:340} INFO - ::group::Post task execution logs
[2025-04-09T07:13:12.950+0000] {taskinstance.py:352} INFO - Marking task as SUCCESS. dag_id=extract_raw_data_pipeline, task_id=run_dbt_staging, run_id=scheduled__2025-04-09T07:12:00+00:00, execution_date=20250409T071200, start_date=20250409T071308, end_date=20250409T071312
[2025-04-09T07:13:12.978+0000] {local_task_job_runner.py:266} INFO - Task exited with return code 0
[2025-04-09T07:13:12.998+0000] {taskinstance.py:3900} INFO - 1 downstream tasks scheduled from follow-on schedule check
[2025-04-09T07:13:13.001+0000] {local_task_job_runner.py:245} INFO - ::endgroup::
