[2025-04-10T07:39:06.147+0000] {local_task_job_runner.py:123} INFO - ::group::Pre task execution logs
[2025-04-10T07:39:06.179+0000] {taskinstance.py:2612} INFO - Dependencies all met for dep_context=non-requeueable deps ti=<TaskInstance: extract_raw_data_pipeline.run_dbt_trusted scheduled__2025-04-10T07:36:00+00:00 [queued]>
[2025-04-10T07:39:06.202+0000] {taskinstance.py:2612} INFO - Dependencies all met for dep_context=requeueable deps ti=<TaskInstance: extract_raw_data_pipeline.run_dbt_trusted scheduled__2025-04-10T07:36:00+00:00 [queued]>
[2025-04-10T07:39:06.203+0000] {taskinstance.py:2865} INFO - Starting attempt 1 of 1
[2025-04-10T07:39:06.253+0000] {taskinstance.py:2888} INFO - Executing <Task(BashOperator): run_dbt_trusted> on 2025-04-10 07:36:00+00:00
[2025-04-10T07:39:06.270+0000] {warnings.py:112} WARNING - /home/***/.local/lib/python3.12/site-packages/***/task/task_runner/standard_task_runner.py:70: DeprecationWarning: This process (pid=4518) is multi-threaded, use of fork() may lead to deadlocks in the child.
  pid = os.fork()

[2025-04-10T07:39:06.274+0000] {standard_task_runner.py:72} INFO - Started process 4520 to run task
[2025-04-10T07:39:06.276+0000] {standard_task_runner.py:104} INFO - Running: ['***', 'tasks', 'run', 'extract_raw_data_pipeline', 'run_dbt_trusted', 'scheduled__2025-04-10T07:36:00+00:00', '--job-id', '666', '--raw', '--subdir', 'DAGS_FOLDER/driven_data_pipeline.py', '--cfg-path', '/tmp/tmp9lex5itq']
[2025-04-10T07:39:06.278+0000] {standard_task_runner.py:105} INFO - Job 666: Subtask run_dbt_trusted
[2025-04-10T07:39:06.377+0000] {task_command.py:467} INFO - Running <TaskInstance: extract_raw_data_pipeline.run_dbt_trusted scheduled__2025-04-10T07:36:00+00:00 [running]> on host c829a6b69367
[2025-04-10T07:39:06.526+0000] {taskinstance.py:3131} INFO - Exporting env vars: AIRFLOW_CTX_DAG_OWNER='***' AIRFLOW_CTX_DAG_ID='extract_raw_data_pipeline' AIRFLOW_CTX_TASK_ID='run_dbt_trusted' AIRFLOW_CTX_EXECUTION_DATE='2025-04-10T07:36:00+00:00' AIRFLOW_CTX_TRY_NUMBER='1' AIRFLOW_CTX_DAG_RUN_ID='scheduled__2025-04-10T07:36:00+00:00'
[2025-04-10T07:39:06.528+0000] {taskinstance.py:731} INFO - ::endgroup::
[2025-04-10T07:39:06.554+0000] {subprocess.py:63} INFO - Tmp dir root location: /tmp
[2025-04-10T07:39:06.556+0000] {subprocess.py:75} INFO - Running command: ['/usr/bin/bash', '-c', 'set -x; cd /opt/***/dbt && dbt run --select tag:trusted']
[2025-04-10T07:39:06.580+0000] {subprocess.py:86} INFO - Output:
[2025-04-10T07:39:06.583+0000] {subprocess.py:93} INFO - + cd /opt/***/dbt
[2025-04-10T07:39:06.583+0000] {subprocess.py:93} INFO - + dbt run --select tag:trusted
[2025-04-10T07:39:11.029+0000] {subprocess.py:93} INFO - [0m07:39:11  Running with dbt=1.8.0
[2025-04-10T07:39:11.577+0000] {subprocess.py:93} INFO - [0m07:39:11  Registered adapter: postgres=1.8.2
[2025-04-10T07:39:12.467+0000] {subprocess.py:93} INFO - [0m07:39:12  Found 9 models, 10 sources, 428 macros
[2025-04-10T07:39:12.473+0000] {subprocess.py:93} INFO - [0m07:39:12
[2025-04-10T07:39:12.657+0000] {subprocess.py:93} INFO - [0m07:39:12  Concurrency: 1 threads (target='dev')
[2025-04-10T07:39:12.659+0000] {subprocess.py:93} INFO - [0m07:39:12
[2025-04-10T07:39:12.674+0000] {subprocess.py:93} INFO - [0m07:39:12  1 of 4 START sql table model driven_trusted.non_pii_data ....................... [RUN]
[2025-04-10T07:40:14.709+0000] {subprocess.py:93} INFO - [0m07:40:14  1 of 4 OK created sql table model driven_trusted.non_pii_data .................. [[32mSELECT 1524856[0m in 62.02s]
[2025-04-10T07:40:14.720+0000] {subprocess.py:93} INFO - [0m07:40:14  2 of 4 START sql table model driven_trusted.payment_data ....................... [RUN]
[2025-04-10T07:40:24.671+0000] {subprocess.py:93} INFO - [0m07:40:24  2 of 4 OK created sql table model driven_trusted.payment_data .................. [[32mSELECT 1560889[0m in 9.95s]
[2025-04-10T07:40:24.678+0000] {subprocess.py:93} INFO - [0m07:40:24  3 of 4 START sql table model driven_trusted.pii_data ........................... [RUN]
[2025-04-10T07:40:40.031+0000] {subprocess.py:93} INFO - [0m07:40:40  3 of 4 OK created sql table model driven_trusted.pii_data ...................... [[32mSELECT 1524856[0m in 15.35s]
[2025-04-10T07:40:40.035+0000] {subprocess.py:93} INFO - [0m07:40:40  4 of 4 START sql table model driven_trusted.technical_data ..................... [RUN]
[2025-04-10T07:40:47.723+0000] {subprocess.py:93} INFO - [0m07:40:47  4 of 4 OK created sql table model driven_trusted.technical_data ................ [[32mSELECT 1560889[0m in 7.69s]
[2025-04-10T07:40:47.741+0000] {subprocess.py:93} INFO - [0m07:40:47
[2025-04-10T07:40:47.742+0000] {subprocess.py:93} INFO - [0m07:40:47  Finished running 4 table models in 0 hours 1 minutes and 35.27 seconds (95.27s).
[2025-04-10T07:40:47.819+0000] {subprocess.py:93} INFO - [0m07:40:47
[2025-04-10T07:40:47.820+0000] {subprocess.py:93} INFO - [0m07:40:47  [32mCompleted successfully[0m
[2025-04-10T07:40:47.821+0000] {subprocess.py:93} INFO - [0m07:40:47
[2025-04-10T07:40:47.822+0000] {subprocess.py:93} INFO - [0m07:40:47  Done. PASS=4 WARN=0 ERROR=0 SKIP=0 TOTAL=4
[2025-04-10T07:40:48.997+0000] {subprocess.py:97} INFO - Command exited with return code 0
[2025-04-10T07:40:49.079+0000] {taskinstance.py:340} INFO - ::group::Post task execution logs
[2025-04-10T07:40:49.081+0000] {taskinstance.py:352} INFO - Marking task as SUCCESS. dag_id=extract_raw_data_pipeline, task_id=run_dbt_trusted, run_id=scheduled__2025-04-10T07:36:00+00:00, execution_date=20250410T073600, start_date=20250410T073906, end_date=20250410T074049
[2025-04-10T07:40:49.154+0000] {local_task_job_runner.py:266} INFO - Task exited with return code 0
[2025-04-10T07:40:49.175+0000] {taskinstance.py:3900} INFO - 0 downstream tasks scheduled from follow-on schedule check
[2025-04-10T07:40:49.194+0000] {local_task_job_runner.py:245} INFO - ::endgroup::
