[2025-04-10T07:34:03.423+0000] {local_task_job_runner.py:123} INFO - ::group::Pre task execution logs
[2025-04-10T07:34:03.493+0000] {taskinstance.py:2612} INFO - Dependencies all met for dep_context=non-requeueable deps ti=<TaskInstance: extract_raw_data_pipeline.extract_raw_data scheduled__2025-04-10T07:33:00+00:00 [queued]>
[2025-04-10T07:34:03.517+0000] {taskinstance.py:2612} INFO - Dependencies all met for dep_context=requeueable deps ti=<TaskInstance: extract_raw_data_pipeline.extract_raw_data scheduled__2025-04-10T07:33:00+00:00 [queued]>
[2025-04-10T07:34:03.518+0000] {taskinstance.py:2865} INFO - Starting attempt 1 of 1
[2025-04-10T07:34:03.617+0000] {taskinstance.py:2888} INFO - Executing <Task(PythonOperator): extract_raw_data> on 2025-04-10 07:33:00+00:00
[2025-04-10T07:34:03.640+0000] {warnings.py:112} WARNING - /home/***/.local/lib/python3.12/site-packages/***/task/task_runner/standard_task_runner.py:70: DeprecationWarning: This process (pid=4193) is multi-threaded, use of fork() may lead to deadlocks in the child.
  pid = os.fork()

[2025-04-10T07:34:03.643+0000] {standard_task_runner.py:72} INFO - Started process 4199 to run task
[2025-04-10T07:34:03.646+0000] {standard_task_runner.py:104} INFO - Running: ['***', 'tasks', 'run', 'extract_raw_data_pipeline', 'extract_raw_data', 'scheduled__2025-04-10T07:33:00+00:00', '--job-id', '634', '--raw', '--subdir', 'DAGS_FOLDER/driven_data_pipeline.py', '--cfg-path', '/tmp/tmp8f2kgiyc']
[2025-04-10T07:34:03.649+0000] {standard_task_runner.py:105} INFO - Job 634: Subtask extract_raw_data
[2025-04-10T07:34:03.770+0000] {task_command.py:467} INFO - Running <TaskInstance: extract_raw_data_pipeline.extract_raw_data scheduled__2025-04-10T07:33:00+00:00 [running]> on host c829a6b69367
[2025-04-10T07:34:04.027+0000] {taskinstance.py:3131} INFO - Exporting env vars: AIRFLOW_CTX_DAG_OWNER='***' AIRFLOW_CTX_DAG_ID='extract_raw_data_pipeline' AIRFLOW_CTX_TASK_ID='extract_raw_data' AIRFLOW_CTX_EXECUTION_DATE='2025-04-10T07:33:00+00:00' AIRFLOW_CTX_TRY_NUMBER='1' AIRFLOW_CTX_DAG_RUN_ID='scheduled__2025-04-10T07:33:00+00:00'
[2025-04-10T07:34:04.150+0000] {taskinstance.py:731} INFO - ::endgroup::
[2025-04-10T07:34:04.173+0000] {driven_data_pipeline.py:148} INFO - Started batch processing for 2025-04-10.
[2025-04-10T07:34:04.175+0000] {driven_data_pipeline.py:35} INFO - Created synthetic data for RO country code.
[2025-04-10T07:34:04.514+0000] {driven_data_pipeline.py:105} INFO - Written 401 records to the CSV file.
[2025-04-10T07:34:05.650+0000] {driven_data_pipeline.py:121} INFO - Added UUID to the dataset.
[2025-04-10T07:34:06.650+0000] {driven_data_pipeline.py:140} INFO - Updated accessed timestamp.
[2025-04-10T07:34:06.653+0000] {driven_data_pipeline.py:156} INFO - Finished batch processing 2025-04-10.
[2025-04-10T07:34:06.654+0000] {python.py:240} INFO - Done. Returned value was: None
[2025-04-10T07:34:06.683+0000] {taskinstance.py:340} INFO - ::group::Post task execution logs
[2025-04-10T07:34:06.685+0000] {taskinstance.py:352} INFO - Marking task as SUCCESS. dag_id=extract_raw_data_pipeline, task_id=extract_raw_data, run_id=scheduled__2025-04-10T07:33:00+00:00, execution_date=20250410T073300, start_date=20250410T073403, end_date=20250410T073406
[2025-04-10T07:34:06.816+0000] {local_task_job_runner.py:266} INFO - Task exited with return code 0
[2025-04-10T07:34:06.896+0000] {taskinstance.py:3900} INFO - 1 downstream tasks scheduled from follow-on schedule check
[2025-04-10T07:34:06.929+0000] {local_task_job_runner.py:245} INFO - ::endgroup::
