[2025-04-09T07:21:16.699+0000] {local_task_job_runner.py:123} INFO - ::group::Pre task execution logs
[2025-04-09T07:21:16.721+0000] {taskinstance.py:2612} INFO - Dependencies all met for dep_context=non-requeueable deps ti=<TaskInstance: extract_raw_data_pipeline.run_dbt_trusted scheduled__2025-04-09T07:20:00+00:00 [queued]>
[2025-04-09T07:21:16.742+0000] {taskinstance.py:2612} INFO - Dependencies all met for dep_context=requeueable deps ti=<TaskInstance: extract_raw_data_pipeline.run_dbt_trusted scheduled__2025-04-09T07:20:00+00:00 [queued]>
[2025-04-09T07:21:16.743+0000] {taskinstance.py:2865} INFO - Starting attempt 1 of 1
[2025-04-09T07:21:16.767+0000] {taskinstance.py:2888} INFO - Executing <Task(BashOperator): run_dbt_trusted> on 2025-04-09 07:20:00+00:00
[2025-04-09T07:21:16.776+0000] {warnings.py:112} WARNING - /home/***/.local/lib/python3.12/site-packages/***/task/task_runner/standard_task_runner.py:70: DeprecationWarning: This process (pid=2202) is multi-threaded, use of fork() may lead to deadlocks in the child.
  pid = os.fork()

[2025-04-09T07:21:16.779+0000] {standard_task_runner.py:72} INFO - Started process 2204 to run task
[2025-04-09T07:21:16.779+0000] {standard_task_runner.py:104} INFO - Running: ['***', 'tasks', 'run', 'extract_raw_data_pipeline', 'run_dbt_trusted', 'scheduled__2025-04-09T07:20:00+00:00', '--job-id', '196', '--raw', '--subdir', 'DAGS_FOLDER/driven_data_pipeline.py', '--cfg-path', '/tmp/tmpqns08hj3']
[2025-04-09T07:21:16.781+0000] {standard_task_runner.py:105} INFO - Job 196: Subtask run_dbt_trusted
[2025-04-09T07:21:16.837+0000] {task_command.py:467} INFO - Running <TaskInstance: extract_raw_data_pipeline.run_dbt_trusted scheduled__2025-04-09T07:20:00+00:00 [running]> on host c829a6b69367
[2025-04-09T07:21:16.939+0000] {taskinstance.py:3131} INFO - Exporting env vars: AIRFLOW_CTX_DAG_OWNER='***' AIRFLOW_CTX_DAG_ID='extract_raw_data_pipeline' AIRFLOW_CTX_TASK_ID='run_dbt_trusted' AIRFLOW_CTX_EXECUTION_DATE='2025-04-09T07:20:00+00:00' AIRFLOW_CTX_TRY_NUMBER='1' AIRFLOW_CTX_DAG_RUN_ID='scheduled__2025-04-09T07:20:00+00:00'
[2025-04-09T07:21:16.940+0000] {taskinstance.py:731} INFO - ::endgroup::
[2025-04-09T07:21:16.958+0000] {subprocess.py:63} INFO - Tmp dir root location: /tmp
[2025-04-09T07:21:16.960+0000] {subprocess.py:75} INFO - Running command: ['/usr/bin/bash', '-c', 'set -x; cd /opt/***/dbt && dbt run --select tag:trusted']
[2025-04-09T07:21:16.973+0000] {subprocess.py:86} INFO - Output:
[2025-04-09T07:21:16.976+0000] {subprocess.py:93} INFO - + cd /opt/***/dbt
[2025-04-09T07:21:16.977+0000] {subprocess.py:93} INFO - + dbt run --select tag:trusted
[2025-04-09T07:21:19.496+0000] {subprocess.py:93} INFO - [0m07:21:19  Running with dbt=1.8.0
[2025-04-09T07:21:19.811+0000] {subprocess.py:93} INFO - [0m07:21:19  Registered adapter: postgres=1.8.2
[2025-04-09T07:21:20.351+0000] {subprocess.py:93} INFO - [0m07:21:20  Found 9 models, 10 sources, 428 macros
[2025-04-09T07:21:20.356+0000] {subprocess.py:93} INFO - [0m07:21:20
[2025-04-09T07:21:20.508+0000] {subprocess.py:93} INFO - [0m07:21:20  Concurrency: 1 threads (target='dev')
[2025-04-09T07:21:20.509+0000] {subprocess.py:93} INFO - [0m07:21:20
[2025-04-09T07:21:20.524+0000] {subprocess.py:93} INFO - [0m07:21:20  1 of 4 START sql table model driven_trusted.non_pii_data ....................... [RUN]
[2025-04-09T07:21:24.643+0000] {subprocess.py:93} INFO - [0m07:21:24  1 of 4 OK created sql table model driven_trusted.non_pii_data .................. [[32mSELECT 190630[0m in 4.12s]
[2025-04-09T07:21:24.646+0000] {subprocess.py:93} INFO - [0m07:21:24  2 of 4 START sql table model driven_trusted.payment_data ....................... [RUN]
[2025-04-09T07:21:25.772+0000] {subprocess.py:93} INFO - [0m07:21:25  2 of 4 OK created sql table model driven_trusted.payment_data .................. [[32mSELECT 190630[0m in 1.12s]
[2025-04-09T07:21:25.775+0000] {subprocess.py:93} INFO - [0m07:21:25  3 of 4 START sql table model driven_trusted.pii_data ........................... [RUN]
[2025-04-09T07:21:28.576+0000] {subprocess.py:93} INFO - [0m07:21:28  3 of 4 OK created sql table model driven_trusted.pii_data ...................... [[32mSELECT 190630[0m in 2.80s]
[2025-04-09T07:21:28.579+0000] {subprocess.py:93} INFO - [0m07:21:28  4 of 4 START sql table model driven_trusted.technical_data ..................... [RUN]
[2025-04-09T07:21:29.970+0000] {subprocess.py:93} INFO - [0m07:21:29  4 of 4 OK created sql table model driven_trusted.technical_data ................ [[32mSELECT 190630[0m in 1.39s]
[2025-04-09T07:21:29.988+0000] {subprocess.py:93} INFO - [0m07:21:29
[2025-04-09T07:21:29.989+0000] {subprocess.py:93} INFO - [0m07:21:29  Finished running 4 table models in 0 hours 0 minutes and 9.63 seconds (9.63s).
[2025-04-09T07:21:30.053+0000] {subprocess.py:93} INFO - [0m07:21:30
[2025-04-09T07:21:30.054+0000] {subprocess.py:93} INFO - [0m07:21:30  [32mCompleted successfully[0m
[2025-04-09T07:21:30.054+0000] {subprocess.py:93} INFO - [0m07:21:30
[2025-04-09T07:21:30.055+0000] {subprocess.py:93} INFO - [0m07:21:30  Done. PASS=4 WARN=0 ERROR=0 SKIP=0 TOTAL=4
[2025-04-09T07:21:31.338+0000] {subprocess.py:97} INFO - Command exited with return code 0
[2025-04-09T07:21:31.388+0000] {taskinstance.py:340} INFO - ::group::Post task execution logs
[2025-04-09T07:21:31.389+0000] {taskinstance.py:352} INFO - Marking task as SUCCESS. dag_id=extract_raw_data_pipeline, task_id=run_dbt_trusted, run_id=scheduled__2025-04-09T07:20:00+00:00, execution_date=20250409T072000, start_date=20250409T072116, end_date=20250409T072131
[2025-04-09T07:21:31.447+0000] {local_task_job_runner.py:266} INFO - Task exited with return code 0
[2025-04-09T07:21:31.468+0000] {taskinstance.py:3900} INFO - 0 downstream tasks scheduled from follow-on schedule check
[2025-04-09T07:21:31.471+0000] {local_task_job_runner.py:245} INFO - ::endgroup::
