[2025-04-10T08:08:04.652+0000] {local_task_job_runner.py:123} INFO - ::group::Pre task execution logs
[2025-04-10T08:08:05.213+0000] {taskinstance.py:2612} INFO - Dependencies all met for dep_context=non-requeueable deps ti=<TaskInstance: extract_raw_data_pipeline.run_dbt_trusted scheduled__2025-04-10T07:55:00+00:00 [queued]>
[2025-04-10T08:08:05.370+0000] {taskinstance.py:2612} INFO - Dependencies all met for dep_context=requeueable deps ti=<TaskInstance: extract_raw_data_pipeline.run_dbt_trusted scheduled__2025-04-10T07:55:00+00:00 [queued]>
[2025-04-10T08:08:05.389+0000] {taskinstance.py:2865} INFO - Starting attempt 1 of 1
[2025-04-10T08:08:05.792+0000] {taskinstance.py:2888} INFO - Executing <Task(BashOperator): run_dbt_trusted> on 2025-04-10 07:55:00+00:00
[2025-04-10T08:08:05.875+0000] {warnings.py:112} WARNING - /home/***/.local/lib/python3.12/site-packages/***/task/task_runner/standard_task_runner.py:70: DeprecationWarning: This process (pid=5754) is multi-threaded, use of fork() may lead to deadlocks in the child.
  pid = os.fork()

[2025-04-10T08:08:05.897+0000] {standard_task_runner.py:104} INFO - Running: ['***', 'tasks', 'run', 'extract_raw_data_pipeline', 'run_dbt_trusted', 'scheduled__2025-04-10T07:55:00+00:00', '--job-id', '787', '--raw', '--subdir', 'DAGS_FOLDER/driven_data_pipeline.py', '--cfg-path', '/tmp/tmp27vqfdc3']
[2025-04-10T08:08:05.916+0000] {standard_task_runner.py:105} INFO - Job 787: Subtask run_dbt_trusted
[2025-04-10T08:08:05.895+0000] {standard_task_runner.py:72} INFO - Started process 5756 to run task
[2025-04-10T08:08:06.427+0000] {task_command.py:467} INFO - Running <TaskInstance: extract_raw_data_pipeline.run_dbt_trusted scheduled__2025-04-10T07:55:00+00:00 [running]> on host c829a6b69367
[2025-04-10T08:08:08.234+0000] {taskinstance.py:3131} INFO - Exporting env vars: AIRFLOW_CTX_DAG_OWNER='***' AIRFLOW_CTX_DAG_ID='extract_raw_data_pipeline' AIRFLOW_CTX_TASK_ID='run_dbt_trusted' AIRFLOW_CTX_EXECUTION_DATE='2025-04-10T07:55:00+00:00' AIRFLOW_CTX_TRY_NUMBER='1' AIRFLOW_CTX_DAG_RUN_ID='scheduled__2025-04-10T07:55:00+00:00'
[2025-04-10T08:08:08.242+0000] {taskinstance.py:731} INFO - ::endgroup::
[2025-04-10T08:08:08.468+0000] {subprocess.py:63} INFO - Tmp dir root location: /tmp
[2025-04-10T08:08:08.538+0000] {subprocess.py:75} INFO - Running command: ['/usr/bin/bash', '-c', 'set -x; cd /opt/***/dbt && dbt run --select tag:trusted']
[2025-04-10T08:08:08.667+0000] {subprocess.py:86} INFO - Output:
[2025-04-10T08:08:08.695+0000] {subprocess.py:93} INFO - + cd /opt/***/dbt
[2025-04-10T08:08:08.703+0000] {subprocess.py:93} INFO - + dbt run --select tag:trusted
[2025-04-10T08:08:22.948+0000] {subprocess.py:93} INFO - [0m08:08:22  Running with dbt=1.8.0
[2025-04-10T08:08:24.971+0000] {subprocess.py:93} INFO - [0m08:08:24  Registered adapter: postgres=1.8.2
[2025-04-10T08:08:29.603+0000] {subprocess.py:93} INFO - [0m08:08:29  Found 9 models, 10 sources, 428 macros
[2025-04-10T08:08:29.618+0000] {subprocess.py:93} INFO - [0m08:08:29
[2025-04-10T08:08:30.547+0000] {subprocess.py:93} INFO - [0m08:08:30  Concurrency: 1 threads (target='dev')
[2025-04-10T08:08:30.561+0000] {subprocess.py:93} INFO - [0m08:08:30
[2025-04-10T08:08:30.617+0000] {subprocess.py:93} INFO - [0m08:08:30  1 of 4 START sql table model driven_trusted.non_pii_data ....................... [RUN]
[2025-04-10T08:09:42.460+0000] {subprocess.py:93} INFO - [0m08:09:42  1 of 4 OK created sql table model driven_trusted.non_pii_data .................. [[32mSELECT 2447509[0m in 71.81s]
[2025-04-10T08:09:42.485+0000] {subprocess.py:93} INFO - [0m08:09:42  2 of 4 START sql table model driven_trusted.payment_data ....................... [RUN]
[2025-04-10T08:11:14.082+0000] {subprocess.py:93} INFO - [0m08:11:14  2 of 4 OK created sql table model driven_trusted.payment_data .................. [[32mSELECT 2447509[0m in 91.58s]
[2025-04-10T08:11:14.090+0000] {subprocess.py:93} INFO - [0m08:11:14  3 of 4 START sql table model driven_trusted.pii_data ........................... [RUN]
[2025-04-10T08:12:24.228+0000] {subprocess.py:93} INFO - [0m08:12:24  3 of 4 OK created sql table model driven_trusted.pii_data ...................... [[32mSELECT 2447509[0m in 70.12s]
[2025-04-10T08:12:24.246+0000] {subprocess.py:93} INFO - [0m08:12:24  4 of 4 START sql table model driven_trusted.technical_data ..................... [RUN]
[2025-04-10T08:12:57.735+0000] {subprocess.py:93} INFO - [0m08:12:57  4 of 4 OK created sql table model driven_trusted.technical_data ................ [[32mSELECT 2447509[0m in 33.48s]
[2025-04-10T08:12:57.778+0000] {subprocess.py:93} INFO - [0m08:12:57
[2025-04-10T08:12:57.780+0000] {subprocess.py:93} INFO - [0m08:12:57  Finished running 4 table models in 0 hours 4 minutes and 28.16 seconds (268.16s).
[2025-04-10T08:12:58.025+0000] {subprocess.py:93} INFO - [0m08:12:58
[2025-04-10T08:12:58.027+0000] {subprocess.py:93} INFO - [0m08:12:58  [32mCompleted successfully[0m
[2025-04-10T08:12:58.029+0000] {subprocess.py:93} INFO - [0m08:12:58
[2025-04-10T08:12:58.033+0000] {subprocess.py:93} INFO - [0m08:12:58  Done. PASS=4 WARN=0 ERROR=0 SKIP=0 TOTAL=4
[2025-04-10T08:13:01.916+0000] {subprocess.py:97} INFO - Command exited with return code 0
[2025-04-10T08:13:02.065+0000] {taskinstance.py:340} INFO - ::group::Post task execution logs
[2025-04-10T08:13:02.068+0000] {taskinstance.py:352} INFO - Marking task as SUCCESS. dag_id=extract_raw_data_pipeline, task_id=run_dbt_trusted, run_id=scheduled__2025-04-10T07:55:00+00:00, execution_date=20250410T075500, start_date=20250410T080805, end_date=20250410T081302
[2025-04-10T08:13:02.240+0000] {local_task_job_runner.py:266} INFO - Task exited with return code 0
[2025-04-10T08:13:02.285+0000] {local_task_job_runner.py:245} INFO - ::endgroup::
