[2025-04-09T07:44:16.424+0000] {local_task_job_runner.py:123} INFO - ::group::Pre task execution logs
[2025-04-09T07:44:16.457+0000] {taskinstance.py:2612} INFO - Dependencies all met for dep_context=non-requeueable deps ti=<TaskInstance: extract_raw_data_pipeline.run_dbt_trusted scheduled__2025-04-09T07:43:00+00:00 [queued]>
[2025-04-09T07:44:16.475+0000] {taskinstance.py:2612} INFO - Dependencies all met for dep_context=requeueable deps ti=<TaskInstance: extract_raw_data_pipeline.run_dbt_trusted scheduled__2025-04-09T07:43:00+00:00 [queued]>
[2025-04-09T07:44:16.476+0000] {taskinstance.py:2865} INFO - Starting attempt 1 of 1
[2025-04-09T07:44:16.503+0000] {taskinstance.py:2888} INFO - Executing <Task(BashOperator): run_dbt_trusted> on 2025-04-09 07:43:00+00:00
[2025-04-09T07:44:16.516+0000] {warnings.py:112} WARNING - /home/***/.local/lib/python3.12/site-packages/***/task/task_runner/standard_task_runner.py:70: DeprecationWarning: This process (pid=3591) is multi-threaded, use of fork() may lead to deadlocks in the child.
  pid = os.fork()

[2025-04-09T07:44:16.519+0000] {standard_task_runner.py:104} INFO - Running: ['***', 'tasks', 'run', 'extract_raw_data_pipeline', 'run_dbt_trusted', 'scheduled__2025-04-09T07:43:00+00:00', '--job-id', '338', '--raw', '--subdir', 'DAGS_FOLDER/driven_data_pipeline.py', '--cfg-path', '/tmp/tmpapgwvlx2']
[2025-04-09T07:44:16.520+0000] {standard_task_runner.py:72} INFO - Started process 3593 to run task
[2025-04-09T07:44:16.521+0000] {standard_task_runner.py:105} INFO - Job 338: Subtask run_dbt_trusted
[2025-04-09T07:44:16.600+0000] {task_command.py:467} INFO - Running <TaskInstance: extract_raw_data_pipeline.run_dbt_trusted scheduled__2025-04-09T07:43:00+00:00 [running]> on host c829a6b69367
[2025-04-09T07:44:16.733+0000] {taskinstance.py:3131} INFO - Exporting env vars: AIRFLOW_CTX_DAG_OWNER='***' AIRFLOW_CTX_DAG_ID='extract_raw_data_pipeline' AIRFLOW_CTX_TASK_ID='run_dbt_trusted' AIRFLOW_CTX_EXECUTION_DATE='2025-04-09T07:43:00+00:00' AIRFLOW_CTX_TRY_NUMBER='1' AIRFLOW_CTX_DAG_RUN_ID='scheduled__2025-04-09T07:43:00+00:00'
[2025-04-09T07:44:16.735+0000] {taskinstance.py:731} INFO - ::endgroup::
[2025-04-09T07:44:16.756+0000] {subprocess.py:63} INFO - Tmp dir root location: /tmp
[2025-04-09T07:44:16.757+0000] {subprocess.py:75} INFO - Running command: ['/usr/bin/bash', '-c', 'set -x; cd /opt/***/dbt && dbt run --select tag:trusted']
[2025-04-09T07:44:16.776+0000] {subprocess.py:86} INFO - Output:
[2025-04-09T07:44:16.779+0000] {subprocess.py:93} INFO - + cd /opt/***/dbt
[2025-04-09T07:44:16.780+0000] {subprocess.py:93} INFO - + dbt run --select tag:trusted
[2025-04-09T07:44:19.494+0000] {subprocess.py:93} INFO - [0m07:44:19  Running with dbt=1.8.0
[2025-04-09T07:44:19.803+0000] {subprocess.py:93} INFO - [0m07:44:19  Registered adapter: postgres=1.8.2
[2025-04-09T07:44:20.286+0000] {subprocess.py:93} INFO - [0m07:44:20  Found 9 models, 10 sources, 428 macros
[2025-04-09T07:44:20.290+0000] {subprocess.py:93} INFO - [0m07:44:20
[2025-04-09T07:44:20.438+0000] {subprocess.py:93} INFO - [0m07:44:20  Concurrency: 1 threads (target='dev')
[2025-04-09T07:44:20.440+0000] {subprocess.py:93} INFO - [0m07:44:20
[2025-04-09T07:44:20.456+0000] {subprocess.py:93} INFO - [0m07:44:20  1 of 4 START sql table model driven_trusted.non_pii_data ....................... [RUN]
[2025-04-09T07:44:28.159+0000] {subprocess.py:93} INFO - [0m07:44:28  1 of 4 OK created sql table model driven_trusted.non_pii_data .................. [[32mSELECT 385992[0m in 7.69s]
[2025-04-09T07:44:28.169+0000] {subprocess.py:93} INFO - [0m07:44:28  2 of 4 START sql table model driven_trusted.payment_data ....................... [RUN]
[2025-04-09T07:44:31.515+0000] {subprocess.py:93} INFO - [0m07:44:31  2 of 4 OK created sql table model driven_trusted.payment_data .................. [[32mSELECT 385992[0m in 3.34s]
[2025-04-09T07:44:31.519+0000] {subprocess.py:93} INFO - [0m07:44:31  3 of 4 START sql table model driven_trusted.pii_data ........................... [RUN]
[2025-04-09T07:44:40.498+0000] {subprocess.py:93} INFO - [0m07:44:40  3 of 4 OK created sql table model driven_trusted.pii_data ...................... [[32mSELECT 385992[0m in 8.98s]
[2025-04-09T07:44:40.501+0000] {subprocess.py:93} INFO - [0m07:44:40  4 of 4 START sql table model driven_trusted.technical_data ..................... [RUN]
[2025-04-09T07:44:43.343+0000] {subprocess.py:93} INFO - [0m07:44:43  4 of 4 OK created sql table model driven_trusted.technical_data ................ [[32mSELECT 385992[0m in 2.84s]
[2025-04-09T07:44:43.360+0000] {subprocess.py:93} INFO - [0m07:44:43
[2025-04-09T07:44:43.361+0000] {subprocess.py:93} INFO - [0m07:44:43  Finished running 4 table models in 0 hours 0 minutes and 23.07 seconds (23.07s).
[2025-04-09T07:44:43.418+0000] {subprocess.py:93} INFO - [0m07:44:43
[2025-04-09T07:44:43.419+0000] {subprocess.py:93} INFO - [0m07:44:43  [32mCompleted successfully[0m
[2025-04-09T07:44:43.419+0000] {subprocess.py:93} INFO - [0m07:44:43
[2025-04-09T07:44:43.420+0000] {subprocess.py:93} INFO - [0m07:44:43  Done. PASS=4 WARN=0 ERROR=0 SKIP=0 TOTAL=4
[2025-04-09T07:44:44.581+0000] {subprocess.py:97} INFO - Command exited with return code 0
[2025-04-09T07:44:44.615+0000] {taskinstance.py:340} INFO - ::group::Post task execution logs
[2025-04-09T07:44:44.616+0000] {taskinstance.py:352} INFO - Marking task as SUCCESS. dag_id=extract_raw_data_pipeline, task_id=run_dbt_trusted, run_id=scheduled__2025-04-09T07:43:00+00:00, execution_date=20250409T074300, start_date=20250409T074416, end_date=20250409T074444
[2025-04-09T07:44:44.665+0000] {local_task_job_runner.py:266} INFO - Task exited with return code 0
[2025-04-09T07:44:44.682+0000] {taskinstance.py:3900} INFO - 0 downstream tasks scheduled from follow-on schedule check
[2025-04-09T07:44:44.685+0000] {local_task_job_runner.py:245} INFO - ::endgroup::
