[2025-04-09T07:40:06.483+0000] {local_task_job_runner.py:123} INFO - ::group::Pre task execution logs
[2025-04-09T07:40:06.509+0000] {taskinstance.py:2612} INFO - Dependencies all met for dep_context=non-requeueable deps ti=<TaskInstance: extract_raw_data_pipeline.run_dbt_staging scheduled__2025-04-09T07:39:00+00:00 [queued]>
[2025-04-09T07:40:06.523+0000] {taskinstance.py:2612} INFO - Dependencies all met for dep_context=requeueable deps ti=<TaskInstance: extract_raw_data_pipeline.run_dbt_staging scheduled__2025-04-09T07:39:00+00:00 [queued]>
[2025-04-09T07:40:06.524+0000] {taskinstance.py:2865} INFO - Starting attempt 1 of 1
[2025-04-09T07:40:06.559+0000] {taskinstance.py:2888} INFO - Executing <Task(BashOperator): run_dbt_staging> on 2025-04-09 07:39:00+00:00
[2025-04-09T07:40:06.570+0000] {warnings.py:112} WARNING - /home/***/.local/lib/python3.12/site-packages/***/task/task_runner/standard_task_runner.py:70: DeprecationWarning: This process (pid=3335) is multi-threaded, use of fork() may lead to deadlocks in the child.
  pid = os.fork()

[2025-04-09T07:40:06.576+0000] {standard_task_runner.py:72} INFO - Started process 3337 to run task
[2025-04-09T07:40:06.575+0000] {standard_task_runner.py:104} INFO - Running: ['***', 'tasks', 'run', 'extract_raw_data_pipeline', 'run_dbt_staging', 'scheduled__2025-04-09T07:39:00+00:00', '--job-id', '313', '--raw', '--subdir', 'DAGS_FOLDER/driven_data_pipeline.py', '--cfg-path', '/tmp/tmp3fnipoqr']
[2025-04-09T07:40:06.577+0000] {standard_task_runner.py:105} INFO - Job 313: Subtask run_dbt_staging
[2025-04-09T07:40:06.681+0000] {task_command.py:467} INFO - Running <TaskInstance: extract_raw_data_pipeline.run_dbt_staging scheduled__2025-04-09T07:39:00+00:00 [running]> on host c829a6b69367
[2025-04-09T07:40:06.845+0000] {taskinstance.py:3131} INFO - Exporting env vars: AIRFLOW_CTX_DAG_OWNER='***' AIRFLOW_CTX_DAG_ID='extract_raw_data_pipeline' AIRFLOW_CTX_TASK_ID='run_dbt_staging' AIRFLOW_CTX_EXECUTION_DATE='2025-04-09T07:39:00+00:00' AIRFLOW_CTX_TRY_NUMBER='1' AIRFLOW_CTX_DAG_RUN_ID='scheduled__2025-04-09T07:39:00+00:00'
[2025-04-09T07:40:06.847+0000] {taskinstance.py:731} INFO - ::endgroup::
[2025-04-09T07:40:06.867+0000] {subprocess.py:63} INFO - Tmp dir root location: /tmp
[2025-04-09T07:40:06.868+0000] {subprocess.py:75} INFO - Running command: ['/usr/bin/bash', '-c', 'set -x; cd /opt/***/dbt && dbt run --select tag:staging']
[2025-04-09T07:40:06.886+0000] {subprocess.py:86} INFO - Output:
[2025-04-09T07:40:06.888+0000] {subprocess.py:93} INFO - + cd /opt/***/dbt
[2025-04-09T07:40:06.889+0000] {subprocess.py:93} INFO - + dbt run --select tag:staging
[2025-04-09T07:40:09.654+0000] {subprocess.py:93} INFO - [0m07:40:09  Running with dbt=1.8.0
[2025-04-09T07:40:10.030+0000] {subprocess.py:93} INFO - [0m07:40:10  Registered adapter: postgres=1.8.2
[2025-04-09T07:40:10.701+0000] {subprocess.py:93} INFO - [0m07:40:10  Found 9 models, 10 sources, 428 macros
[2025-04-09T07:40:10.705+0000] {subprocess.py:93} INFO - [0m07:40:10
[2025-04-09T07:40:10.876+0000] {subprocess.py:93} INFO - [0m07:40:10  Concurrency: 1 threads (target='dev')
[2025-04-09T07:40:10.877+0000] {subprocess.py:93} INFO - [0m07:40:10
[2025-04-09T07:40:10.893+0000] {subprocess.py:93} INFO - [0m07:40:10  1 of 5 START sql table model driven_staging.dim_address ........................ [RUN]
[2025-04-09T07:40:11.567+0000] {subprocess.py:93} INFO - [0m07:40:11  1 of 5 OK created sql table model driven_staging.dim_address ................... [[32mSELECT 364012[0m in 0.67s]
[2025-04-09T07:40:11.570+0000] {subprocess.py:93} INFO - [0m07:40:11  2 of 5 START sql table model driven_staging.dim_date ........................... [RUN]
[2025-04-09T07:40:12.007+0000] {subprocess.py:93} INFO - [0m07:40:12  2 of 5 OK created sql table model driven_staging.dim_date ...................... [[32mSELECT 364012[0m in 0.43s]
[2025-04-09T07:40:12.010+0000] {subprocess.py:93} INFO - [0m07:40:12  3 of 5 START sql table model driven_staging.dim_finance ........................ [RUN]
[2025-04-09T07:40:12.444+0000] {subprocess.py:93} INFO - [0m07:40:12  3 of 5 OK created sql table model driven_staging.dim_finance ................... [[32mSELECT 364012[0m in 0.43s]
[2025-04-09T07:40:12.447+0000] {subprocess.py:93} INFO - [0m07:40:12  4 of 5 START sql table model driven_staging.dim_person ......................... [RUN]
[2025-04-09T07:40:12.992+0000] {subprocess.py:93} INFO - [0m07:40:12  4 of 5 OK created sql table model driven_staging.dim_person .................... [[32mSELECT 364012[0m in 0.54s]
[2025-04-09T07:40:12.995+0000] {subprocess.py:93} INFO - [0m07:40:12  5 of 5 START sql table model driven_staging.fact_network_usage ................. [RUN]
[2025-04-09T07:40:13.418+0000] {subprocess.py:93} INFO - [0m07:40:13  5 of 5 OK created sql table model driven_staging.fact_network_usage ............ [[32mSELECT 364012[0m in 0.42s]
[2025-04-09T07:40:13.437+0000] {subprocess.py:93} INFO - [0m07:40:13
[2025-04-09T07:40:13.437+0000] {subprocess.py:93} INFO - [0m07:40:13  Finished running 5 table models in 0 hours 0 minutes and 2.73 seconds (2.73s).
[2025-04-09T07:40:13.500+0000] {subprocess.py:93} INFO - [0m07:40:13
[2025-04-09T07:40:13.501+0000] {subprocess.py:93} INFO - [0m07:40:13  [32mCompleted successfully[0m
[2025-04-09T07:40:13.502+0000] {subprocess.py:93} INFO - [0m07:40:13
[2025-04-09T07:40:13.502+0000] {subprocess.py:93} INFO - [0m07:40:13  Done. PASS=5 WARN=0 ERROR=0 SKIP=0 TOTAL=5
[2025-04-09T07:40:13.916+0000] {subprocess.py:97} INFO - Command exited with return code 0
[2025-04-09T07:40:13.947+0000] {taskinstance.py:340} INFO - ::group::Post task execution logs
[2025-04-09T07:40:13.948+0000] {taskinstance.py:352} INFO - Marking task as SUCCESS. dag_id=extract_raw_data_pipeline, task_id=run_dbt_staging, run_id=scheduled__2025-04-09T07:39:00+00:00, execution_date=20250409T073900, start_date=20250409T074006, end_date=20250409T074013
[2025-04-09T07:40:14.000+0000] {local_task_job_runner.py:266} INFO - Task exited with return code 0
[2025-04-09T07:40:14.021+0000] {taskinstance.py:3900} INFO - 0 downstream tasks scheduled from follow-on schedule check
[2025-04-09T07:40:14.024+0000] {local_task_job_runner.py:245} INFO - ::endgroup::
