[2025-04-09T07:58:20.345+0000] {local_task_job_runner.py:123} INFO - ::group::Pre task execution logs
[2025-04-09T07:58:20.372+0000] {taskinstance.py:2612} INFO - Dependencies all met for dep_context=non-requeueable deps ti=<TaskInstance: extract_raw_data_pipeline.run_dbt_trusted scheduled__2025-04-09T07:57:00+00:00 [queued]>
[2025-04-09T07:58:20.389+0000] {taskinstance.py:2612} INFO - Dependencies all met for dep_context=requeueable deps ti=<TaskInstance: extract_raw_data_pipeline.run_dbt_trusted scheduled__2025-04-09T07:57:00+00:00 [queued]>
[2025-04-09T07:58:20.389+0000] {taskinstance.py:2865} INFO - Starting attempt 1 of 1
[2025-04-09T07:58:20.417+0000] {taskinstance.py:2888} INFO - Executing <Task(BashOperator): run_dbt_trusted> on 2025-04-09 07:57:00+00:00
[2025-04-09T07:58:20.431+0000] {warnings.py:112} WARNING - /home/***/.local/lib/python3.12/site-packages/***/task/task_runner/standard_task_runner.py:70: DeprecationWarning: This process (pid=4438) is multi-threaded, use of fork() may lead to deadlocks in the child.
  pid = os.fork()

[2025-04-09T07:58:20.433+0000] {standard_task_runner.py:104} INFO - Running: ['***', 'tasks', 'run', 'extract_raw_data_pipeline', 'run_dbt_trusted', 'scheduled__2025-04-09T07:57:00+00:00', '--job-id', '422', '--raw', '--subdir', 'DAGS_FOLDER/driven_data_pipeline.py', '--cfg-path', '/tmp/tmp6qht91ss']
[2025-04-09T07:58:20.435+0000] {standard_task_runner.py:72} INFO - Started process 4440 to run task
[2025-04-09T07:58:20.435+0000] {standard_task_runner.py:105} INFO - Job 422: Subtask run_dbt_trusted
[2025-04-09T07:58:20.533+0000] {task_command.py:467} INFO - Running <TaskInstance: extract_raw_data_pipeline.run_dbt_trusted scheduled__2025-04-09T07:57:00+00:00 [running]> on host c829a6b69367
[2025-04-09T07:58:20.691+0000] {taskinstance.py:3131} INFO - Exporting env vars: AIRFLOW_CTX_DAG_OWNER='***' AIRFLOW_CTX_DAG_ID='extract_raw_data_pipeline' AIRFLOW_CTX_TASK_ID='run_dbt_trusted' AIRFLOW_CTX_EXECUTION_DATE='2025-04-09T07:57:00+00:00' AIRFLOW_CTX_TRY_NUMBER='1' AIRFLOW_CTX_DAG_RUN_ID='scheduled__2025-04-09T07:57:00+00:00'
[2025-04-09T07:58:20.693+0000] {taskinstance.py:731} INFO - ::endgroup::
[2025-04-09T07:58:20.712+0000] {subprocess.py:63} INFO - Tmp dir root location: /tmp
[2025-04-09T07:58:20.714+0000] {subprocess.py:75} INFO - Running command: ['/usr/bin/bash', '-c', 'set -x; cd /opt/***/dbt && dbt run --select tag:trusted']
[2025-04-09T07:58:20.733+0000] {subprocess.py:86} INFO - Output:
[2025-04-09T07:58:20.736+0000] {subprocess.py:93} INFO - + cd /opt/***/dbt
[2025-04-09T07:58:20.737+0000] {subprocess.py:93} INFO - + dbt run --select tag:trusted
[2025-04-09T07:58:23.739+0000] {subprocess.py:93} INFO - [0m07:58:23  Running with dbt=1.8.0
[2025-04-09T07:58:24.162+0000] {subprocess.py:93} INFO - [0m07:58:24  Registered adapter: postgres=1.8.2
[2025-04-09T07:58:24.848+0000] {subprocess.py:93} INFO - [0m07:58:24  Found 9 models, 10 sources, 428 macros
[2025-04-09T07:58:24.853+0000] {subprocess.py:93} INFO - [0m07:58:24
[2025-04-09T07:58:25.049+0000] {subprocess.py:93} INFO - [0m07:58:25  Concurrency: 1 threads (target='dev')
[2025-04-09T07:58:25.050+0000] {subprocess.py:93} INFO - [0m07:58:25
[2025-04-09T07:58:25.068+0000] {subprocess.py:93} INFO - [0m07:58:25  1 of 4 START sql table model driven_trusted.non_pii_data ....................... [RUN]
[2025-04-09T07:58:36.034+0000] {subprocess.py:93} INFO - [0m07:58:36  1 of 4 OK created sql table model driven_trusted.non_pii_data .................. [[32mSELECT 533427[0m in 10.96s]
[2025-04-09T07:58:36.038+0000] {subprocess.py:93} INFO - [0m07:58:36  2 of 4 START sql table model driven_trusted.payment_data ....................... [RUN]
[2025-04-09T07:58:39.656+0000] {subprocess.py:93} INFO - [0m07:58:39  2 of 4 OK created sql table model driven_trusted.payment_data .................. [[32mSELECT 533427[0m in 3.62s]
[2025-04-09T07:58:39.660+0000] {subprocess.py:93} INFO - [0m07:58:39  3 of 4 START sql table model driven_trusted.pii_data ........................... [RUN]
[2025-04-09T07:58:50.816+0000] {subprocess.py:93} INFO - [0m07:58:50  3 of 4 OK created sql table model driven_trusted.pii_data ...................... [[32mSELECT 533427[0m in 11.15s]
[2025-04-09T07:58:50.819+0000] {subprocess.py:93} INFO - [0m07:58:50  4 of 4 START sql table model driven_trusted.technical_data ..................... [RUN]
[2025-04-09T07:58:56.237+0000] {subprocess.py:93} INFO - [0m07:58:56  4 of 4 OK created sql table model driven_trusted.technical_data ................ [[32mSELECT 533427[0m in 5.41s]
[2025-04-09T07:58:56.264+0000] {subprocess.py:93} INFO - [0m07:58:56
[2025-04-09T07:58:56.265+0000] {subprocess.py:93} INFO - [0m07:58:56  Finished running 4 table models in 0 hours 0 minutes and 31.41 seconds (31.41s).
[2025-04-09T07:58:56.342+0000] {subprocess.py:93} INFO - [0m07:58:56
[2025-04-09T07:58:56.344+0000] {subprocess.py:93} INFO - [0m07:58:56  [32mCompleted successfully[0m
[2025-04-09T07:58:56.344+0000] {subprocess.py:93} INFO - [0m07:58:56
[2025-04-09T07:58:56.345+0000] {subprocess.py:93} INFO - [0m07:58:56  Done. PASS=4 WARN=0 ERROR=0 SKIP=0 TOTAL=4
[2025-04-09T07:58:57.548+0000] {subprocess.py:97} INFO - Command exited with return code 0
[2025-04-09T07:58:57.583+0000] {taskinstance.py:340} INFO - ::group::Post task execution logs
[2025-04-09T07:58:57.584+0000] {taskinstance.py:352} INFO - Marking task as SUCCESS. dag_id=extract_raw_data_pipeline, task_id=run_dbt_trusted, run_id=scheduled__2025-04-09T07:57:00+00:00, execution_date=20250409T075700, start_date=20250409T075820, end_date=20250409T075857
[2025-04-09T07:58:57.643+0000] {local_task_job_runner.py:266} INFO - Task exited with return code 0
[2025-04-09T07:58:57.662+0000] {taskinstance.py:3900} INFO - 0 downstream tasks scheduled from follow-on schedule check
[2025-04-09T07:58:57.665+0000] {local_task_job_runner.py:245} INFO - ::endgroup::
