[2025-04-10T07:27:15.766+0000] {local_task_job_runner.py:123} INFO - ::group::Pre task execution logs
[2025-04-10T07:27:15.815+0000] {taskinstance.py:2612} INFO - Dependencies all met for dep_context=non-requeueable deps ti=<TaskInstance: extract_raw_data_pipeline.run_dbt_staging scheduled__2025-04-10T07:26:00+00:00 [queued]>
[2025-04-10T07:27:15.838+0000] {taskinstance.py:2612} INFO - Dependencies all met for dep_context=requeueable deps ti=<TaskInstance: extract_raw_data_pipeline.run_dbt_staging scheduled__2025-04-10T07:26:00+00:00 [queued]>
[2025-04-10T07:27:15.840+0000] {taskinstance.py:2865} INFO - Starting attempt 1 of 1
[2025-04-10T07:27:15.888+0000] {taskinstance.py:2888} INFO - Executing <Task(BashOperator): run_dbt_staging> on 2025-04-10 07:26:00+00:00
[2025-04-10T07:27:15.905+0000] {warnings.py:112} WARNING - /home/***/.local/lib/python3.12/site-packages/***/task/task_runner/standard_task_runner.py:70: DeprecationWarning: This process (pid=3800) is multi-threaded, use of fork() may lead to deadlocks in the child.
  pid = os.fork()

[2025-04-10T07:27:15.910+0000] {standard_task_runner.py:72} INFO - Started process 3802 to run task
[2025-04-10T07:27:15.911+0000] {standard_task_runner.py:104} INFO - Running: ['***', 'tasks', 'run', 'extract_raw_data_pipeline', 'run_dbt_staging', 'scheduled__2025-04-10T07:26:00+00:00', '--job-id', '595', '--raw', '--subdir', 'DAGS_FOLDER/driven_data_pipeline.py', '--cfg-path', '/tmp/tmpwjhht23m']
[2025-04-10T07:27:15.913+0000] {standard_task_runner.py:105} INFO - Job 595: Subtask run_dbt_staging
[2025-04-10T07:27:16.042+0000] {task_command.py:467} INFO - Running <TaskInstance: extract_raw_data_pipeline.run_dbt_staging scheduled__2025-04-10T07:26:00+00:00 [running]> on host c829a6b69367
[2025-04-10T07:27:16.260+0000] {taskinstance.py:3131} INFO - Exporting env vars: AIRFLOW_CTX_DAG_OWNER='***' AIRFLOW_CTX_DAG_ID='extract_raw_data_pipeline' AIRFLOW_CTX_TASK_ID='run_dbt_staging' AIRFLOW_CTX_EXECUTION_DATE='2025-04-10T07:26:00+00:00' AIRFLOW_CTX_TRY_NUMBER='1' AIRFLOW_CTX_DAG_RUN_ID='scheduled__2025-04-10T07:26:00+00:00'
[2025-04-10T07:27:16.264+0000] {taskinstance.py:731} INFO - ::endgroup::
[2025-04-10T07:27:16.297+0000] {subprocess.py:63} INFO - Tmp dir root location: /tmp
[2025-04-10T07:27:16.300+0000] {subprocess.py:75} INFO - Running command: ['/usr/bin/bash', '-c', 'set -x; cd /opt/***/dbt && dbt run --select tag:staging']
[2025-04-10T07:27:16.336+0000] {subprocess.py:86} INFO - Output:
[2025-04-10T07:27:16.340+0000] {subprocess.py:93} INFO - + cd /opt/***/dbt
[2025-04-10T07:27:16.341+0000] {subprocess.py:93} INFO - + dbt run --select tag:staging
[2025-04-10T07:27:20.913+0000] {subprocess.py:93} INFO - [0m07:27:20  Running with dbt=1.8.0
[2025-04-10T07:27:22.238+0000] {subprocess.py:93} INFO - [0m07:27:22  Registered adapter: postgres=1.8.2
[2025-04-10T07:27:24.758+0000] {subprocess.py:93} INFO - [0m07:27:24  Found 9 models, 10 sources, 428 macros
[2025-04-10T07:27:24.787+0000] {subprocess.py:93} INFO - [0m07:27:24
[2025-04-10T07:27:25.559+0000] {subprocess.py:93} INFO - [0m07:27:25  Concurrency: 1 threads (target='dev')
[2025-04-10T07:27:25.563+0000] {subprocess.py:93} INFO - [0m07:27:25
[2025-04-10T07:27:25.607+0000] {subprocess.py:93} INFO - [0m07:27:25  1 of 5 START sql table model driven_staging.dim_address ........................ [RUN]
[2025-04-10T07:28:23.086+0000] {subprocess.py:93} INFO - [0m07:28:23  1 of 5 OK created sql table model driven_staging.dim_address ................... [[32mSELECT 1189079[0m in 57.46s]
[2025-04-10T07:28:23.094+0000] {subprocess.py:93} INFO - [0m07:28:23  2 of 5 START sql table model driven_staging.dim_date ........................... [RUN]
[2025-04-10T07:28:30.973+0000] {subprocess.py:93} INFO - [0m07:28:30  2 of 5 OK created sql table model driven_staging.dim_date ...................... [[32mSELECT 1220562[0m in 7.87s]
[2025-04-10T07:28:30.982+0000] {subprocess.py:93} INFO - [0m07:28:30  3 of 5 START sql table model driven_staging.dim_finance ........................ [RUN]
[2025-04-10T07:28:37.462+0000] {subprocess.py:93} INFO - [0m07:28:37  3 of 5 OK created sql table model driven_staging.dim_finance ................... [[32mSELECT 1220562[0m in 6.48s]
[2025-04-10T07:28:37.466+0000] {subprocess.py:93} INFO - [0m07:28:37  4 of 5 START sql table model driven_staging.dim_person ......................... [RUN]
[2025-04-10T07:28:44.014+0000] {subprocess.py:93} INFO - [0m07:28:44  4 of 5 OK created sql table model driven_staging.dim_person .................... [[32mSELECT 1220562[0m in 6.55s]
[2025-04-10T07:28:44.020+0000] {subprocess.py:93} INFO - [0m07:28:44  5 of 5 START sql table model driven_staging.fact_network_usage ................. [RUN]
[2025-04-10T07:29:13.833+0000] {subprocess.py:93} INFO - [0m07:29:13  5 of 5 OK created sql table model driven_staging.fact_network_usage ............ [[32mSELECT 1220562[0m in 29.81s]
[2025-04-10T07:29:13.863+0000] {subprocess.py:93} INFO - [0m07:29:13
[2025-04-10T07:29:13.865+0000] {subprocess.py:93} INFO - [0m07:29:13  Finished running 5 table models in 0 hours 1 minutes and 49.06 seconds (109.06s).
[2025-04-10T07:29:13.958+0000] {subprocess.py:93} INFO - [0m07:29:13
[2025-04-10T07:29:13.961+0000] {subprocess.py:93} INFO - [0m07:29:13  [32mCompleted successfully[0m
[2025-04-10T07:29:13.962+0000] {subprocess.py:93} INFO - [0m07:29:13
[2025-04-10T07:29:13.963+0000] {subprocess.py:93} INFO - [0m07:29:13  Done. PASS=5 WARN=0 ERROR=0 SKIP=0 TOTAL=5
[2025-04-10T07:29:15.372+0000] {subprocess.py:97} INFO - Command exited with return code 0
[2025-04-10T07:29:15.426+0000] {taskinstance.py:340} INFO - ::group::Post task execution logs
[2025-04-10T07:29:15.428+0000] {taskinstance.py:352} INFO - Marking task as SUCCESS. dag_id=extract_raw_data_pipeline, task_id=run_dbt_staging, run_id=scheduled__2025-04-10T07:26:00+00:00, execution_date=20250410T072600, start_date=20250410T072715, end_date=20250410T072915
[2025-04-10T07:29:15.494+0000] {local_task_job_runner.py:266} INFO - Task exited with return code 0
[2025-04-10T07:29:15.533+0000] {taskinstance.py:3900} INFO - 1 downstream tasks scheduled from follow-on schedule check
[2025-04-10T07:29:15.545+0000] {local_task_job_runner.py:245} INFO - ::endgroup::
