[2025-04-09T07:59:06.967+0000] {local_task_job_runner.py:123} INFO - ::group::Pre task execution logs
[2025-04-09T07:59:06.998+0000] {taskinstance.py:2612} INFO - Dependencies all met for dep_context=non-requeueable deps ti=<TaskInstance: extract_raw_data_pipeline.run_dbt_staging scheduled__2025-04-09T07:58:00+00:00 [queued]>
[2025-04-09T07:59:07.013+0000] {taskinstance.py:2612} INFO - Dependencies all met for dep_context=requeueable deps ti=<TaskInstance: extract_raw_data_pipeline.run_dbt_staging scheduled__2025-04-09T07:58:00+00:00 [queued]>
[2025-04-09T07:59:07.014+0000] {taskinstance.py:2865} INFO - Starting attempt 1 of 1
[2025-04-09T07:59:07.039+0000] {taskinstance.py:2888} INFO - Executing <Task(BashOperator): run_dbt_staging> on 2025-04-09 07:58:00+00:00
[2025-04-09T07:59:07.051+0000] {warnings.py:112} WARNING - /home/***/.local/lib/python3.12/site-packages/***/task/task_runner/standard_task_runner.py:70: DeprecationWarning: This process (pid=4486) is multi-threaded, use of fork() may lead to deadlocks in the child.
  pid = os.fork()

[2025-04-09T07:59:07.054+0000] {standard_task_runner.py:72} INFO - Started process 4488 to run task
[2025-04-09T07:59:07.054+0000] {standard_task_runner.py:104} INFO - Running: ['***', 'tasks', 'run', 'extract_raw_data_pipeline', 'run_dbt_staging', 'scheduled__2025-04-09T07:58:00+00:00', '--job-id', '427', '--raw', '--subdir', 'DAGS_FOLDER/driven_data_pipeline.py', '--cfg-path', '/tmp/tmpfcl2lss_']
[2025-04-09T07:59:07.056+0000] {standard_task_runner.py:105} INFO - Job 427: Subtask run_dbt_staging
[2025-04-09T07:59:07.134+0000] {task_command.py:467} INFO - Running <TaskInstance: extract_raw_data_pipeline.run_dbt_staging scheduled__2025-04-09T07:58:00+00:00 [running]> on host c829a6b69367
[2025-04-09T07:59:07.297+0000] {taskinstance.py:3131} INFO - Exporting env vars: AIRFLOW_CTX_DAG_OWNER='***' AIRFLOW_CTX_DAG_ID='extract_raw_data_pipeline' AIRFLOW_CTX_TASK_ID='run_dbt_staging' AIRFLOW_CTX_EXECUTION_DATE='2025-04-09T07:58:00+00:00' AIRFLOW_CTX_TRY_NUMBER='1' AIRFLOW_CTX_DAG_RUN_ID='scheduled__2025-04-09T07:58:00+00:00'
[2025-04-09T07:59:07.299+0000] {taskinstance.py:731} INFO - ::endgroup::
[2025-04-09T07:59:07.322+0000] {subprocess.py:63} INFO - Tmp dir root location: /tmp
[2025-04-09T07:59:07.325+0000] {subprocess.py:75} INFO - Running command: ['/usr/bin/bash', '-c', 'set -x; cd /opt/***/dbt && dbt run --select tag:staging']
[2025-04-09T07:59:07.349+0000] {subprocess.py:86} INFO - Output:
[2025-04-09T07:59:07.352+0000] {subprocess.py:93} INFO - + cd /opt/***/dbt
[2025-04-09T07:59:07.353+0000] {subprocess.py:93} INFO - + dbt run --select tag:staging
[2025-04-09T07:59:10.211+0000] {subprocess.py:93} INFO - [0m07:59:10  Running with dbt=1.8.0
[2025-04-09T07:59:10.544+0000] {subprocess.py:93} INFO - [0m07:59:10  Registered adapter: postgres=1.8.2
[2025-04-09T07:59:11.153+0000] {subprocess.py:93} INFO - [0m07:59:11  Found 9 models, 10 sources, 428 macros
[2025-04-09T07:59:11.158+0000] {subprocess.py:93} INFO - [0m07:59:11
[2025-04-09T07:59:11.345+0000] {subprocess.py:93} INFO - [0m07:59:11  Concurrency: 1 threads (target='dev')
[2025-04-09T07:59:11.346+0000] {subprocess.py:93} INFO - [0m07:59:11
[2025-04-09T07:59:11.360+0000] {subprocess.py:93} INFO - [0m07:59:11  1 of 5 START sql table model driven_staging.dim_address ........................ [RUN]
[2025-04-09T07:59:12.187+0000] {subprocess.py:93} INFO - [0m07:59:12  1 of 5 OK created sql table model driven_staging.dim_address ................... [[32mSELECT 547405[0m in 0.82s]
[2025-04-09T07:59:12.190+0000] {subprocess.py:93} INFO - [0m07:59:12  2 of 5 START sql table model driven_staging.dim_date ........................... [RUN]
[2025-04-09T07:59:12.735+0000] {subprocess.py:93} INFO - [0m07:59:12  2 of 5 OK created sql table model driven_staging.dim_date ...................... [[32mSELECT 547405[0m in 0.54s]
[2025-04-09T07:59:12.739+0000] {subprocess.py:93} INFO - [0m07:59:12  3 of 5 START sql table model driven_staging.dim_finance ........................ [RUN]
[2025-04-09T07:59:13.352+0000] {subprocess.py:93} INFO - [0m07:59:13  3 of 5 OK created sql table model driven_staging.dim_finance ................... [[32mSELECT 547405[0m in 0.61s]
[2025-04-09T07:59:13.355+0000] {subprocess.py:93} INFO - [0m07:59:13  4 of 5 START sql table model driven_staging.dim_person ......................... [RUN]
[2025-04-09T07:59:14.298+0000] {subprocess.py:93} INFO - [0m07:59:14  4 of 5 OK created sql table model driven_staging.dim_person .................... [[32mSELECT 547405[0m in 0.94s]
[2025-04-09T07:59:14.301+0000] {subprocess.py:93} INFO - [0m07:59:14  5 of 5 START sql table model driven_staging.fact_network_usage ................. [RUN]
[2025-04-09T07:59:14.989+0000] {subprocess.py:93} INFO - [0m07:59:14  5 of 5 OK created sql table model driven_staging.fact_network_usage ............ [[32mSELECT 547405[0m in 0.69s]
[2025-04-09T07:59:15.009+0000] {subprocess.py:93} INFO - [0m07:59:15
[2025-04-09T07:59:15.011+0000] {subprocess.py:93} INFO - [0m07:59:15  Finished running 5 table models in 0 hours 0 minutes and 3.85 seconds (3.85s).
[2025-04-09T07:59:15.087+0000] {subprocess.py:93} INFO - [0m07:59:15
[2025-04-09T07:59:15.088+0000] {subprocess.py:93} INFO - [0m07:59:15  [32mCompleted successfully[0m
[2025-04-09T07:59:15.089+0000] {subprocess.py:93} INFO - [0m07:59:15
[2025-04-09T07:59:15.090+0000] {subprocess.py:93} INFO - [0m07:59:15  Done. PASS=5 WARN=0 ERROR=0 SKIP=0 TOTAL=5
[2025-04-09T07:59:16.447+0000] {subprocess.py:97} INFO - Command exited with return code 0
[2025-04-09T07:59:16.487+0000] {taskinstance.py:340} INFO - ::group::Post task execution logs
[2025-04-09T07:59:16.488+0000] {taskinstance.py:352} INFO - Marking task as SUCCESS. dag_id=extract_raw_data_pipeline, task_id=run_dbt_staging, run_id=scheduled__2025-04-09T07:58:00+00:00, execution_date=20250409T075800, start_date=20250409T075906, end_date=20250409T075916
[2025-04-09T07:59:16.525+0000] {local_task_job_runner.py:266} INFO - Task exited with return code 0
[2025-04-09T07:59:16.549+0000] {taskinstance.py:3900} INFO - 1 downstream tasks scheduled from follow-on schedule check
[2025-04-09T07:59:16.554+0000] {local_task_job_runner.py:245} INFO - ::endgroup::
