[2025-04-09T07:51:06.854+0000] {local_task_job_runner.py:123} INFO - ::group::Pre task execution logs
[2025-04-09T07:51:06.878+0000] {taskinstance.py:2612} INFO - Dependencies all met for dep_context=non-requeueable deps ti=<TaskInstance: extract_raw_data_pipeline.run_dbt_staging scheduled__2025-04-09T07:50:00+00:00 [queued]>
[2025-04-09T07:51:06.891+0000] {taskinstance.py:2612} INFO - Dependencies all met for dep_context=requeueable deps ti=<TaskInstance: extract_raw_data_pipeline.run_dbt_staging scheduled__2025-04-09T07:50:00+00:00 [queued]>
[2025-04-09T07:51:06.891+0000] {taskinstance.py:2865} INFO - Starting attempt 1 of 1
[2025-04-09T07:51:06.912+0000] {taskinstance.py:2888} INFO - Executing <Task(BashOperator): run_dbt_staging> on 2025-04-09 07:50:00+00:00
[2025-04-09T07:51:06.921+0000] {warnings.py:112} WARNING - /home/***/.local/lib/python3.12/site-packages/***/task/task_runner/standard_task_runner.py:70: DeprecationWarning: This process (pid=4002) is multi-threaded, use of fork() may lead to deadlocks in the child.
  pid = os.fork()

[2025-04-09T07:51:06.924+0000] {standard_task_runner.py:72} INFO - Started process 4004 to run task
[2025-04-09T07:51:06.924+0000] {standard_task_runner.py:104} INFO - Running: ['***', 'tasks', 'run', 'extract_raw_data_pipeline', 'run_dbt_staging', 'scheduled__2025-04-09T07:50:00+00:00', '--job-id', '379', '--raw', '--subdir', 'DAGS_FOLDER/driven_data_pipeline.py', '--cfg-path', '/tmp/tmpwgj5ev4k']
[2025-04-09T07:51:06.926+0000] {standard_task_runner.py:105} INFO - Job 379: Subtask run_dbt_staging
[2025-04-09T07:51:06.999+0000] {task_command.py:467} INFO - Running <TaskInstance: extract_raw_data_pipeline.run_dbt_staging scheduled__2025-04-09T07:50:00+00:00 [running]> on host c829a6b69367
[2025-04-09T07:51:07.110+0000] {taskinstance.py:3131} INFO - Exporting env vars: AIRFLOW_CTX_DAG_OWNER='***' AIRFLOW_CTX_DAG_ID='extract_raw_data_pipeline' AIRFLOW_CTX_TASK_ID='run_dbt_staging' AIRFLOW_CTX_EXECUTION_DATE='2025-04-09T07:50:00+00:00' AIRFLOW_CTX_TRY_NUMBER='1' AIRFLOW_CTX_DAG_RUN_ID='scheduled__2025-04-09T07:50:00+00:00'
[2025-04-09T07:51:07.112+0000] {taskinstance.py:731} INFO - ::endgroup::
[2025-04-09T07:51:07.132+0000] {subprocess.py:63} INFO - Tmp dir root location: /tmp
[2025-04-09T07:51:07.134+0000] {subprocess.py:75} INFO - Running command: ['/usr/bin/bash', '-c', 'set -x; cd /opt/***/dbt && dbt run --select tag:staging']
[2025-04-09T07:51:07.156+0000] {subprocess.py:86} INFO - Output:
[2025-04-09T07:51:07.158+0000] {subprocess.py:93} INFO - + cd /opt/***/dbt
[2025-04-09T07:51:07.159+0000] {subprocess.py:93} INFO - + dbt run --select tag:staging
[2025-04-09T07:51:09.200+0000] {subprocess.py:93} INFO - [0m07:51:09  Running with dbt=1.8.0
[2025-04-09T07:51:09.450+0000] {subprocess.py:93} INFO - [0m07:51:09  Registered adapter: postgres=1.8.2
[2025-04-09T07:51:09.912+0000] {subprocess.py:93} INFO - [0m07:51:09  Found 9 models, 10 sources, 428 macros
[2025-04-09T07:51:09.915+0000] {subprocess.py:93} INFO - [0m07:51:09
[2025-04-09T07:51:10.038+0000] {subprocess.py:93} INFO - [0m07:51:10  Concurrency: 1 threads (target='dev')
[2025-04-09T07:51:10.039+0000] {subprocess.py:93} INFO - [0m07:51:10
[2025-04-09T07:51:10.049+0000] {subprocess.py:93} INFO - [0m07:51:10  1 of 5 START sql table model driven_staging.dim_address ........................ [RUN]
[2025-04-09T07:51:10.646+0000] {subprocess.py:93} INFO - [0m07:51:10  1 of 5 OK created sql table model driven_staging.dim_address ................... [[32mSELECT 446271[0m in 0.59s]
[2025-04-09T07:51:10.649+0000] {subprocess.py:93} INFO - [0m07:51:10  2 of 5 START sql table model driven_staging.dim_date ........................... [RUN]
[2025-04-09T07:51:11.057+0000] {subprocess.py:93} INFO - [0m07:51:11  2 of 5 OK created sql table model driven_staging.dim_date ...................... [[32mSELECT 446271[0m in 0.41s]
[2025-04-09T07:51:11.060+0000] {subprocess.py:93} INFO - [0m07:51:11  3 of 5 START sql table model driven_staging.dim_finance ........................ [RUN]
[2025-04-09T07:51:11.516+0000] {subprocess.py:93} INFO - [0m07:51:11  3 of 5 OK created sql table model driven_staging.dim_finance ................... [[32mSELECT 446271[0m in 0.45s]
[2025-04-09T07:51:11.519+0000] {subprocess.py:93} INFO - [0m07:51:11  4 of 5 START sql table model driven_staging.dim_person ......................... [RUN]
[2025-04-09T07:51:12.150+0000] {subprocess.py:93} INFO - [0m07:51:12  4 of 5 OK created sql table model driven_staging.dim_person .................... [[32mSELECT 446271[0m in 0.63s]
[2025-04-09T07:51:12.154+0000] {subprocess.py:93} INFO - [0m07:51:12  5 of 5 START sql table model driven_staging.fact_network_usage ................. [RUN]
[2025-04-09T07:51:12.703+0000] {subprocess.py:93} INFO - [0m07:51:12  5 of 5 OK created sql table model driven_staging.fact_network_usage ............ [[32mSELECT 446271[0m in 0.55s]
[2025-04-09T07:51:12.728+0000] {subprocess.py:93} INFO - [0m07:51:12
[2025-04-09T07:51:12.729+0000] {subprocess.py:93} INFO - [0m07:51:12  Finished running 5 table models in 0 hours 0 minutes and 2.81 seconds (2.81s).
[2025-04-09T07:51:12.836+0000] {subprocess.py:93} INFO - [0m07:51:12
[2025-04-09T07:51:12.838+0000] {subprocess.py:93} INFO - [0m07:51:12  [32mCompleted successfully[0m
[2025-04-09T07:51:12.840+0000] {subprocess.py:93} INFO - [0m07:51:12
[2025-04-09T07:51:12.841+0000] {subprocess.py:93} INFO - [0m07:51:12  Done. PASS=5 WARN=0 ERROR=0 SKIP=0 TOTAL=5
[2025-04-09T07:51:13.277+0000] {subprocess.py:97} INFO - Command exited with return code 0
[2025-04-09T07:51:13.314+0000] {taskinstance.py:340} INFO - ::group::Post task execution logs
[2025-04-09T07:51:13.315+0000] {taskinstance.py:352} INFO - Marking task as SUCCESS. dag_id=extract_raw_data_pipeline, task_id=run_dbt_staging, run_id=scheduled__2025-04-09T07:50:00+00:00, execution_date=20250409T075000, start_date=20250409T075106, end_date=20250409T075113
[2025-04-09T07:51:13.364+0000] {local_task_job_runner.py:266} INFO - Task exited with return code 0
[2025-04-09T07:51:13.393+0000] {taskinstance.py:3900} INFO - 1 downstream tasks scheduled from follow-on schedule check
[2025-04-09T07:51:13.396+0000] {local_task_job_runner.py:245} INFO - ::endgroup::
