[2025-04-09T07:54:38.853+0000] {local_task_job_runner.py:123} INFO - ::group::Pre task execution logs
[2025-04-09T07:54:38.876+0000] {taskinstance.py:2612} INFO - Dependencies all met for dep_context=non-requeueable deps ti=<TaskInstance: extract_raw_data_pipeline.run_dbt_trusted scheduled__2025-04-09T07:53:00+00:00 [queued]>
[2025-04-09T07:54:38.889+0000] {taskinstance.py:2612} INFO - Dependencies all met for dep_context=requeueable deps ti=<TaskInstance: extract_raw_data_pipeline.run_dbt_trusted scheduled__2025-04-09T07:53:00+00:00 [queued]>
[2025-04-09T07:54:38.889+0000] {taskinstance.py:2865} INFO - Starting attempt 1 of 1
[2025-04-09T07:54:38.913+0000] {taskinstance.py:2888} INFO - Executing <Task(BashOperator): run_dbt_trusted> on 2025-04-09 07:53:00+00:00
[2025-04-09T07:54:38.924+0000] {warnings.py:112} WARNING - /home/***/.local/lib/python3.12/site-packages/***/task/task_runner/standard_task_runner.py:70: DeprecationWarning: This process (pid=4199) is multi-threaded, use of fork() may lead to deadlocks in the child.
  pid = os.fork()

[2025-04-09T07:54:38.929+0000] {standard_task_runner.py:72} INFO - Started process 4201 to run task
[2025-04-09T07:54:38.928+0000] {standard_task_runner.py:104} INFO - Running: ['***', 'tasks', 'run', 'extract_raw_data_pipeline', 'run_dbt_trusted', 'scheduled__2025-04-09T07:53:00+00:00', '--job-id', '398', '--raw', '--subdir', 'DAGS_FOLDER/driven_data_pipeline.py', '--cfg-path', '/tmp/tmpa4rm2d91']
[2025-04-09T07:54:38.930+0000] {standard_task_runner.py:105} INFO - Job 398: Subtask run_dbt_trusted
[2025-04-09T07:54:39.004+0000] {task_command.py:467} INFO - Running <TaskInstance: extract_raw_data_pipeline.run_dbt_trusted scheduled__2025-04-09T07:53:00+00:00 [running]> on host c829a6b69367
[2025-04-09T07:54:39.172+0000] {taskinstance.py:3131} INFO - Exporting env vars: AIRFLOW_CTX_DAG_OWNER='***' AIRFLOW_CTX_DAG_ID='extract_raw_data_pipeline' AIRFLOW_CTX_TASK_ID='run_dbt_trusted' AIRFLOW_CTX_EXECUTION_DATE='2025-04-09T07:53:00+00:00' AIRFLOW_CTX_TRY_NUMBER='1' AIRFLOW_CTX_DAG_RUN_ID='scheduled__2025-04-09T07:53:00+00:00'
[2025-04-09T07:54:39.174+0000] {taskinstance.py:731} INFO - ::endgroup::
[2025-04-09T07:54:39.194+0000] {subprocess.py:63} INFO - Tmp dir root location: /tmp
[2025-04-09T07:54:39.196+0000] {subprocess.py:75} INFO - Running command: ['/usr/bin/bash', '-c', 'set -x; cd /opt/***/dbt && dbt run --select tag:trusted']
[2025-04-09T07:54:39.213+0000] {subprocess.py:86} INFO - Output:
[2025-04-09T07:54:39.215+0000] {subprocess.py:93} INFO - + cd /opt/***/dbt
[2025-04-09T07:54:39.215+0000] {subprocess.py:93} INFO - + dbt run --select tag:trusted
[2025-04-09T07:54:41.548+0000] {subprocess.py:93} INFO - [0m07:54:41  Running with dbt=1.8.0
[2025-04-09T07:54:41.834+0000] {subprocess.py:93} INFO - [0m07:54:41  Registered adapter: postgres=1.8.2
[2025-04-09T07:54:42.357+0000] {subprocess.py:93} INFO - [0m07:54:42  Found 9 models, 10 sources, 428 macros
[2025-04-09T07:54:42.360+0000] {subprocess.py:93} INFO - [0m07:54:42
[2025-04-09T07:54:42.494+0000] {subprocess.py:93} INFO - [0m07:54:42  Concurrency: 1 threads (target='dev')
[2025-04-09T07:54:42.495+0000] {subprocess.py:93} INFO - [0m07:54:42
[2025-04-09T07:54:42.505+0000] {subprocess.py:93} INFO - [0m07:54:42  1 of 4 START sql table model driven_trusted.non_pii_data ....................... [RUN]
[2025-04-09T07:54:53.277+0000] {subprocess.py:93} INFO - [0m07:54:53  1 of 4 OK created sql table model driven_trusted.non_pii_data .................. [[32mSELECT 480180[0m in 10.76s]
[2025-04-09T07:54:53.293+0000] {subprocess.py:93} INFO - [0m07:54:53  2 of 4 START sql table model driven_trusted.payment_data ....................... [RUN]
[2025-04-09T07:54:57.636+0000] {subprocess.py:93} INFO - [0m07:54:57  2 of 4 OK created sql table model driven_trusted.payment_data .................. [[32mSELECT 480180[0m in 4.34s]
[2025-04-09T07:54:57.640+0000] {subprocess.py:93} INFO - [0m07:54:57  3 of 4 START sql table model driven_trusted.pii_data ........................... [RUN]
[2025-04-09T07:55:02.223+0000] {subprocess.py:93} INFO - [0m07:55:02  3 of 4 OK created sql table model driven_trusted.pii_data ...................... [[32mSELECT 480180[0m in 4.58s]
[2025-04-09T07:55:02.240+0000] {subprocess.py:93} INFO - [0m07:55:02  4 of 4 START sql table model driven_trusted.technical_data ..................... [RUN]
[2025-04-09T07:55:03.552+0000] {subprocess.py:93} INFO - [0m07:55:03  4 of 4 OK created sql table model driven_trusted.technical_data ................ [[32mSELECT 480180[0m in 1.31s]
[2025-04-09T07:55:03.579+0000] {subprocess.py:93} INFO - [0m07:55:03
[2025-04-09T07:55:03.581+0000] {subprocess.py:93} INFO - [0m07:55:03  Finished running 4 table models in 0 hours 0 minutes and 21.22 seconds (21.22s).
[2025-04-09T07:55:03.700+0000] {subprocess.py:93} INFO - [0m07:55:03
[2025-04-09T07:55:03.702+0000] {subprocess.py:93} INFO - [0m07:55:03  [32mCompleted successfully[0m
[2025-04-09T07:55:03.703+0000] {subprocess.py:93} INFO - [0m07:55:03
[2025-04-09T07:55:03.705+0000] {subprocess.py:93} INFO - [0m07:55:03  Done. PASS=4 WARN=0 ERROR=0 SKIP=0 TOTAL=4
[2025-04-09T07:55:04.989+0000] {subprocess.py:97} INFO - Command exited with return code 0
[2025-04-09T07:55:05.041+0000] {taskinstance.py:340} INFO - ::group::Post task execution logs
[2025-04-09T07:55:05.042+0000] {taskinstance.py:352} INFO - Marking task as SUCCESS. dag_id=extract_raw_data_pipeline, task_id=run_dbt_trusted, run_id=scheduled__2025-04-09T07:53:00+00:00, execution_date=20250409T075300, start_date=20250409T075438, end_date=20250409T075505
[2025-04-09T07:55:05.125+0000] {local_task_job_runner.py:266} INFO - Task exited with return code 0
[2025-04-09T07:55:05.145+0000] {local_task_job_runner.py:245} INFO - ::endgroup::
