[2025-04-09T07:22:14.974+0000] {local_task_job_runner.py:123} INFO - ::group::Pre task execution logs
[2025-04-09T07:22:14.996+0000] {taskinstance.py:2612} INFO - Dependencies all met for dep_context=non-requeueable deps ti=<TaskInstance: extract_raw_data_pipeline.run_dbt_trusted scheduled__2025-04-09T07:21:00+00:00 [queued]>
[2025-04-09T07:22:15.007+0000] {taskinstance.py:2612} INFO - Dependencies all met for dep_context=requeueable deps ti=<TaskInstance: extract_raw_data_pipeline.run_dbt_trusted scheduled__2025-04-09T07:21:00+00:00 [queued]>
[2025-04-09T07:22:15.008+0000] {taskinstance.py:2865} INFO - Starting attempt 1 of 1
[2025-04-09T07:22:15.025+0000] {taskinstance.py:2888} INFO - Executing <Task(BashOperator): run_dbt_trusted> on 2025-04-09 07:21:00+00:00
[2025-04-09T07:22:15.033+0000] {warnings.py:112} WARNING - /home/***/.local/lib/python3.12/site-packages/***/task/task_runner/standard_task_runner.py:70: DeprecationWarning: This process (pid=2264) is multi-threaded, use of fork() may lead to deadlocks in the child.
  pid = os.fork()

[2025-04-09T07:22:15.036+0000] {standard_task_runner.py:72} INFO - Started process 2266 to run task
[2025-04-09T07:22:15.035+0000] {standard_task_runner.py:104} INFO - Running: ['***', 'tasks', 'run', 'extract_raw_data_pipeline', 'run_dbt_trusted', 'scheduled__2025-04-09T07:21:00+00:00', '--job-id', '202', '--raw', '--subdir', 'DAGS_FOLDER/driven_data_pipeline.py', '--cfg-path', '/tmp/tmpe9ybai3h']
[2025-04-09T07:22:15.036+0000] {standard_task_runner.py:105} INFO - Job 202: Subtask run_dbt_trusted
[2025-04-09T07:22:15.091+0000] {task_command.py:467} INFO - Running <TaskInstance: extract_raw_data_pipeline.run_dbt_trusted scheduled__2025-04-09T07:21:00+00:00 [running]> on host c829a6b69367
[2025-04-09T07:22:15.193+0000] {taskinstance.py:3131} INFO - Exporting env vars: AIRFLOW_CTX_DAG_OWNER='***' AIRFLOW_CTX_DAG_ID='extract_raw_data_pipeline' AIRFLOW_CTX_TASK_ID='run_dbt_trusted' AIRFLOW_CTX_EXECUTION_DATE='2025-04-09T07:21:00+00:00' AIRFLOW_CTX_TRY_NUMBER='1' AIRFLOW_CTX_DAG_RUN_ID='scheduled__2025-04-09T07:21:00+00:00'
[2025-04-09T07:22:15.194+0000] {taskinstance.py:731} INFO - ::endgroup::
[2025-04-09T07:22:15.211+0000] {subprocess.py:63} INFO - Tmp dir root location: /tmp
[2025-04-09T07:22:15.213+0000] {subprocess.py:75} INFO - Running command: ['/usr/bin/bash', '-c', 'set -x; cd /opt/***/dbt && dbt run --select tag:trusted']
[2025-04-09T07:22:15.227+0000] {subprocess.py:86} INFO - Output:
[2025-04-09T07:22:15.229+0000] {subprocess.py:93} INFO - + cd /opt/***/dbt
[2025-04-09T07:22:15.230+0000] {subprocess.py:93} INFO - + dbt run --select tag:trusted
[2025-04-09T07:22:17.478+0000] {subprocess.py:93} INFO - [0m07:22:17  Running with dbt=1.8.0
[2025-04-09T07:22:17.765+0000] {subprocess.py:93} INFO - [0m07:22:17  Registered adapter: postgres=1.8.2
[2025-04-09T07:22:18.213+0000] {subprocess.py:93} INFO - [0m07:22:18  Found 9 models, 10 sources, 428 macros
[2025-04-09T07:22:18.215+0000] {subprocess.py:93} INFO - [0m07:22:18
[2025-04-09T07:22:18.333+0000] {subprocess.py:93} INFO - [0m07:22:18  Concurrency: 1 threads (target='dev')
[2025-04-09T07:22:18.334+0000] {subprocess.py:93} INFO - [0m07:22:18
[2025-04-09T07:22:18.344+0000] {subprocess.py:93} INFO - [0m07:22:18  1 of 4 START sql table model driven_trusted.non_pii_data ....................... [RUN]
[2025-04-09T07:22:22.619+0000] {subprocess.py:93} INFO - [0m07:22:22  1 of 4 OK created sql table model driven_trusted.non_pii_data .................. [[32mSELECT 211066[0m in 4.27s]
[2025-04-09T07:22:22.623+0000] {subprocess.py:93} INFO - [0m07:22:22  2 of 4 START sql table model driven_trusted.payment_data ....................... [RUN]
[2025-04-09T07:22:24.430+0000] {subprocess.py:93} INFO - [0m07:22:24  2 of 4 OK created sql table model driven_trusted.payment_data .................. [[32mSELECT 211066[0m in 1.80s]
[2025-04-09T07:22:24.437+0000] {subprocess.py:93} INFO - [0m07:22:24  3 of 4 START sql table model driven_trusted.pii_data ........................... [RUN]
[2025-04-09T07:22:27.362+0000] {subprocess.py:93} INFO - [0m07:22:27  3 of 4 OK created sql table model driven_trusted.pii_data ...................... [[32mSELECT 211066[0m in 2.92s]
[2025-04-09T07:22:27.365+0000] {subprocess.py:93} INFO - [0m07:22:27  4 of 4 START sql table model driven_trusted.technical_data ..................... [RUN]
[2025-04-09T07:22:28.841+0000] {subprocess.py:93} INFO - [0m07:22:28  4 of 4 OK created sql table model driven_trusted.technical_data ................ [[32mSELECT 211066[0m in 1.47s]
[2025-04-09T07:22:28.857+0000] {subprocess.py:93} INFO - [0m07:22:28
[2025-04-09T07:22:28.858+0000] {subprocess.py:93} INFO - [0m07:22:28  Finished running 4 table models in 0 hours 0 minutes and 10.64 seconds (10.64s).
[2025-04-09T07:22:28.914+0000] {subprocess.py:93} INFO - [0m07:22:28
[2025-04-09T07:22:28.915+0000] {subprocess.py:93} INFO - [0m07:22:28  [32mCompleted successfully[0m
[2025-04-09T07:22:28.915+0000] {subprocess.py:93} INFO - [0m07:22:28
[2025-04-09T07:22:28.916+0000] {subprocess.py:93} INFO - [0m07:22:28  Done. PASS=4 WARN=0 ERROR=0 SKIP=0 TOTAL=4
[2025-04-09T07:22:30.031+0000] {subprocess.py:97} INFO - Command exited with return code 0
[2025-04-09T07:22:30.085+0000] {taskinstance.py:340} INFO - ::group::Post task execution logs
[2025-04-09T07:22:30.086+0000] {taskinstance.py:352} INFO - Marking task as SUCCESS. dag_id=extract_raw_data_pipeline, task_id=run_dbt_trusted, run_id=scheduled__2025-04-09T07:21:00+00:00, execution_date=20250409T072100, start_date=20250409T072214, end_date=20250409T072230
[2025-04-09T07:22:30.167+0000] {local_task_job_runner.py:266} INFO - Task exited with return code 0
[2025-04-09T07:22:30.190+0000] {taskinstance.py:3900} INFO - 0 downstream tasks scheduled from follow-on schedule check
[2025-04-09T07:22:30.195+0000] {local_task_job_runner.py:245} INFO - ::endgroup::
