[2025-04-09T07:13:14.720+0000] {local_task_job_runner.py:123} INFO - ::group::Pre task execution logs
[2025-04-09T07:13:14.745+0000] {taskinstance.py:2612} INFO - Dependencies all met for dep_context=non-requeueable deps ti=<TaskInstance: extract_raw_data_pipeline.run_dbt_trusted scheduled__2025-04-09T07:12:00+00:00 [queued]>
[2025-04-09T07:13:14.757+0000] {taskinstance.py:2612} INFO - Dependencies all met for dep_context=requeueable deps ti=<TaskInstance: extract_raw_data_pipeline.run_dbt_trusted scheduled__2025-04-09T07:12:00+00:00 [queued]>
[2025-04-09T07:13:14.757+0000] {taskinstance.py:2865} INFO - Starting attempt 1 of 1
[2025-04-09T07:13:14.775+0000] {taskinstance.py:2888} INFO - Executing <Task(BashOperator): run_dbt_trusted> on 2025-04-09 07:12:00+00:00
[2025-04-09T07:13:14.783+0000] {warnings.py:112} WARNING - /home/***/.local/lib/python3.12/site-packages/***/task/task_runner/standard_task_runner.py:70: DeprecationWarning: This process (pid=1717) is multi-threaded, use of fork() may lead to deadlocks in the child.
  pid = os.fork()

[2025-04-09T07:13:14.785+0000] {standard_task_runner.py:72} INFO - Started process 1719 to run task
[2025-04-09T07:13:14.786+0000] {standard_task_runner.py:104} INFO - Running: ['***', 'tasks', 'run', 'extract_raw_data_pipeline', 'run_dbt_trusted', 'scheduled__2025-04-09T07:12:00+00:00', '--job-id', '148', '--raw', '--subdir', 'DAGS_FOLDER/driven_data_pipeline.py', '--cfg-path', '/tmp/tmpgvnmj755']
[2025-04-09T07:13:14.788+0000] {standard_task_runner.py:105} INFO - Job 148: Subtask run_dbt_trusted
[2025-04-09T07:13:14.858+0000] {task_command.py:467} INFO - Running <TaskInstance: extract_raw_data_pipeline.run_dbt_trusted scheduled__2025-04-09T07:12:00+00:00 [running]> on host c829a6b69367
[2025-04-09T07:13:14.996+0000] {taskinstance.py:3131} INFO - Exporting env vars: AIRFLOW_CTX_DAG_OWNER='***' AIRFLOW_CTX_DAG_ID='extract_raw_data_pipeline' AIRFLOW_CTX_TASK_ID='run_dbt_trusted' AIRFLOW_CTX_EXECUTION_DATE='2025-04-09T07:12:00+00:00' AIRFLOW_CTX_TRY_NUMBER='1' AIRFLOW_CTX_DAG_RUN_ID='scheduled__2025-04-09T07:12:00+00:00'
[2025-04-09T07:13:14.998+0000] {taskinstance.py:731} INFO - ::endgroup::
[2025-04-09T07:13:15.019+0000] {subprocess.py:63} INFO - Tmp dir root location: /tmp
[2025-04-09T07:13:15.021+0000] {subprocess.py:75} INFO - Running command: ['/usr/bin/bash', '-c', 'set -x; cd /opt/***/dbt && dbt run --select tag:trusted']
[2025-04-09T07:13:15.042+0000] {subprocess.py:86} INFO - Output:
[2025-04-09T07:13:15.045+0000] {subprocess.py:93} INFO - + cd /opt/***/dbt
[2025-04-09T07:13:15.047+0000] {subprocess.py:93} INFO - + dbt run --select tag:trusted
[2025-04-09T07:13:17.916+0000] {subprocess.py:93} INFO - [0m07:13:17  Running with dbt=1.8.0
[2025-04-09T07:13:18.324+0000] {subprocess.py:93} INFO - [0m07:13:18  Registered adapter: postgres=1.8.2
[2025-04-09T07:13:18.971+0000] {subprocess.py:93} INFO - [0m07:13:18  Found 9 models, 10 sources, 428 macros
[2025-04-09T07:13:18.975+0000] {subprocess.py:93} INFO - [0m07:13:18
[2025-04-09T07:13:19.169+0000] {subprocess.py:93} INFO - [0m07:13:19  Concurrency: 1 threads (target='dev')
[2025-04-09T07:13:19.170+0000] {subprocess.py:93} INFO - [0m07:13:19
[2025-04-09T07:13:19.183+0000] {subprocess.py:93} INFO - [0m07:13:19  1 of 4 START sql table model driven_trusted.non_pii_data ....................... [RUN]
[2025-04-09T07:13:20.637+0000] {subprocess.py:93} INFO - [0m07:13:20  1 of 4 OK created sql table model driven_trusted.non_pii_data .................. [[32mSELECT 45421[0m in 1.45s]
[2025-04-09T07:13:20.639+0000] {subprocess.py:93} INFO - [0m07:13:20  2 of 4 START sql table model driven_trusted.payment_data ....................... [RUN]
[2025-04-09T07:13:20.956+0000] {subprocess.py:93} INFO - [0m07:13:20  2 of 4 OK created sql table model driven_trusted.payment_data .................. [[32mSELECT 45421[0m in 0.32s]
[2025-04-09T07:13:20.959+0000] {subprocess.py:93} INFO - [0m07:13:20  3 of 4 START sql table model driven_trusted.pii_data ........................... [RUN]
[2025-04-09T07:13:22.283+0000] {subprocess.py:93} INFO - [0m07:13:22  3 of 4 OK created sql table model driven_trusted.pii_data ...................... [[32mSELECT 45421[0m in 1.32s]
[2025-04-09T07:13:22.286+0000] {subprocess.py:93} INFO - [0m07:13:22  4 of 4 START sql table model driven_trusted.technical_data ..................... [RUN]
[2025-04-09T07:13:22.658+0000] {subprocess.py:93} INFO - [0m07:13:22  4 of 4 OK created sql table model driven_trusted.technical_data ................ [[32mSELECT 45421[0m in 0.37s]
[2025-04-09T07:13:22.678+0000] {subprocess.py:93} INFO - [0m07:13:22
[2025-04-09T07:13:22.679+0000] {subprocess.py:93} INFO - [0m07:13:22  Finished running 4 table models in 0 hours 0 minutes and 3.70 seconds (3.70s).
[2025-04-09T07:13:22.750+0000] {subprocess.py:93} INFO - [0m07:13:22
[2025-04-09T07:13:22.750+0000] {subprocess.py:93} INFO - [0m07:13:22  [32mCompleted successfully[0m
[2025-04-09T07:13:22.751+0000] {subprocess.py:93} INFO - [0m07:13:22
[2025-04-09T07:13:22.752+0000] {subprocess.py:93} INFO - [0m07:13:22  Done. PASS=4 WARN=0 ERROR=0 SKIP=0 TOTAL=4
[2025-04-09T07:13:23.819+0000] {subprocess.py:97} INFO - Command exited with return code 0
[2025-04-09T07:13:23.855+0000] {taskinstance.py:340} INFO - ::group::Post task execution logs
[2025-04-09T07:13:23.856+0000] {taskinstance.py:352} INFO - Marking task as SUCCESS. dag_id=extract_raw_data_pipeline, task_id=run_dbt_trusted, run_id=scheduled__2025-04-09T07:12:00+00:00, execution_date=20250409T071200, start_date=20250409T071314, end_date=20250409T071323
[2025-04-09T07:13:23.916+0000] {local_task_job_runner.py:266} INFO - Task exited with return code 0
[2025-04-09T07:13:23.939+0000] {taskinstance.py:3900} INFO - 0 downstream tasks scheduled from follow-on schedule check
[2025-04-09T07:13:23.943+0000] {local_task_job_runner.py:245} INFO - ::endgroup::
