[2025-04-10T07:36:11.066+0000] {local_task_job_runner.py:123} INFO - ::group::Pre task execution logs
[2025-04-10T07:36:11.104+0000] {taskinstance.py:2612} INFO - Dependencies all met for dep_context=non-requeueable deps ti=<TaskInstance: extract_raw_data_pipeline.run_dbt_staging scheduled__2025-04-10T07:35:00+00:00 [queued]>
[2025-04-10T07:36:11.124+0000] {taskinstance.py:2612} INFO - Dependencies all met for dep_context=requeueable deps ti=<TaskInstance: extract_raw_data_pipeline.run_dbt_staging scheduled__2025-04-10T07:35:00+00:00 [queued]>
[2025-04-10T07:36:11.125+0000] {taskinstance.py:2865} INFO - Starting attempt 1 of 1
[2025-04-10T07:36:11.217+0000] {taskinstance.py:2888} INFO - Executing <Task(BashOperator): run_dbt_staging> on 2025-04-10 07:35:00+00:00
[2025-04-10T07:36:11.271+0000] {warnings.py:112} WARNING - /home/***/.local/lib/python3.12/site-packages/***/task/task_runner/standard_task_runner.py:70: DeprecationWarning: This process (pid=4340) is multi-threaded, use of fork() may lead to deadlocks in the child.
  pid = os.fork()

[2025-04-10T07:36:11.274+0000] {standard_task_runner.py:72} INFO - Started process 4344 to run task
[2025-04-10T07:36:11.275+0000] {standard_task_runner.py:104} INFO - Running: ['***', 'tasks', 'run', 'extract_raw_data_pipeline', 'run_dbt_staging', 'scheduled__2025-04-10T07:35:00+00:00', '--job-id', '649', '--raw', '--subdir', 'DAGS_FOLDER/driven_data_pipeline.py', '--cfg-path', '/tmp/tmpj31o72jo']
[2025-04-10T07:36:11.277+0000] {standard_task_runner.py:105} INFO - Job 649: Subtask run_dbt_staging
[2025-04-10T07:36:11.556+0000] {task_command.py:467} INFO - Running <TaskInstance: extract_raw_data_pipeline.run_dbt_staging scheduled__2025-04-10T07:35:00+00:00 [running]> on host c829a6b69367
[2025-04-10T07:36:12.500+0000] {taskinstance.py:3131} INFO - Exporting env vars: AIRFLOW_CTX_DAG_OWNER='***' AIRFLOW_CTX_DAG_ID='extract_raw_data_pipeline' AIRFLOW_CTX_TASK_ID='run_dbt_staging' AIRFLOW_CTX_EXECUTION_DATE='2025-04-10T07:35:00+00:00' AIRFLOW_CTX_TRY_NUMBER='1' AIRFLOW_CTX_DAG_RUN_ID='scheduled__2025-04-10T07:35:00+00:00'
[2025-04-10T07:36:12.503+0000] {taskinstance.py:731} INFO - ::endgroup::
[2025-04-10T07:36:12.532+0000] {subprocess.py:63} INFO - Tmp dir root location: /tmp
[2025-04-10T07:36:12.536+0000] {subprocess.py:75} INFO - Running command: ['/usr/bin/bash', '-c', 'set -x; cd /opt/***/dbt && dbt run --select tag:staging']
[2025-04-10T07:36:12.565+0000] {subprocess.py:86} INFO - Output:
[2025-04-10T07:36:12.570+0000] {subprocess.py:93} INFO - + cd /opt/***/dbt
[2025-04-10T07:36:12.571+0000] {subprocess.py:93} INFO - + dbt run --select tag:staging
[2025-04-10T07:36:18.991+0000] {subprocess.py:93} INFO - [0m07:36:18  Running with dbt=1.8.0
[2025-04-10T07:36:19.746+0000] {subprocess.py:93} INFO - [0m07:36:19  Registered adapter: postgres=1.8.2
[2025-04-10T07:36:21.153+0000] {subprocess.py:93} INFO - [0m07:36:21  Found 9 models, 10 sources, 428 macros
[2025-04-10T07:36:21.162+0000] {subprocess.py:93} INFO - [0m07:36:21
[2025-04-10T07:36:21.461+0000] {subprocess.py:93} INFO - [0m07:36:21  Concurrency: 1 threads (target='dev')
[2025-04-10T07:36:21.464+0000] {subprocess.py:93} INFO - [0m07:36:21
[2025-04-10T07:36:21.493+0000] {subprocess.py:93} INFO - [0m07:36:21  1 of 5 START sql table model driven_staging.dim_address ........................ [RUN]
[2025-04-10T07:36:32.936+0000] {subprocess.py:93} INFO - [0m07:36:32  1 of 5 OK created sql table model driven_staging.dim_address ................... [[32mSELECT 1489545[0m in 11.43s]
[2025-04-10T07:36:32.942+0000] {subprocess.py:93} INFO - [0m07:36:32  2 of 5 START sql table model driven_staging.dim_date ........................... [RUN]
[2025-04-10T07:36:35.904+0000] {subprocess.py:93} INFO - [0m07:36:35  2 of 5 OK created sql table model driven_staging.dim_date ...................... [[32mSELECT 1489545[0m in 2.96s]
[2025-04-10T07:36:35.907+0000] {subprocess.py:93} INFO - [0m07:36:35  3 of 5 START sql table model driven_staging.dim_finance ........................ [RUN]
[2025-04-10T07:37:10.736+0000] {subprocess.py:93} INFO - [0m07:37:10  3 of 5 OK created sql table model driven_staging.dim_finance ................... [[32mSELECT 1489545[0m in 34.83s]
[2025-04-10T07:37:10.741+0000] {subprocess.py:93} INFO - [0m07:37:10  4 of 5 START sql table model driven_staging.dim_person ......................... [RUN]
[2025-04-10T07:37:15.368+0000] {subprocess.py:93} INFO - [0m07:37:15  4 of 5 OK created sql table model driven_staging.dim_person .................... [[32mSELECT 1524856[0m in 4.62s]
[2025-04-10T07:37:15.372+0000] {subprocess.py:93} INFO - [0m07:37:15  5 of 5 START sql table model driven_staging.fact_network_usage ................. [RUN]
[2025-04-10T07:37:28.298+0000] {subprocess.py:93} INFO - [0m07:37:28  5 of 5 OK created sql table model driven_staging.fact_network_usage ............ [[32mSELECT 1524856[0m in 12.92s]
[2025-04-10T07:37:28.316+0000] {subprocess.py:93} INFO - [0m07:37:28
[2025-04-10T07:37:28.317+0000] {subprocess.py:93} INFO - [0m07:37:28  Finished running 5 table models in 0 hours 1 minutes and 7.15 seconds (67.15s).
[2025-04-10T07:37:28.381+0000] {subprocess.py:93} INFO - [0m07:37:28
[2025-04-10T07:37:28.382+0000] {subprocess.py:93} INFO - [0m07:37:28  [32mCompleted successfully[0m
[2025-04-10T07:37:28.383+0000] {subprocess.py:93} INFO - [0m07:37:28
[2025-04-10T07:37:28.384+0000] {subprocess.py:93} INFO - [0m07:37:28  Done. PASS=5 WARN=0 ERROR=0 SKIP=0 TOTAL=5
[2025-04-10T07:37:29.715+0000] {subprocess.py:97} INFO - Command exited with return code 0
[2025-04-10T07:37:29.779+0000] {taskinstance.py:340} INFO - ::group::Post task execution logs
[2025-04-10T07:37:29.781+0000] {taskinstance.py:352} INFO - Marking task as SUCCESS. dag_id=extract_raw_data_pipeline, task_id=run_dbt_staging, run_id=scheduled__2025-04-10T07:35:00+00:00, execution_date=20250410T073500, start_date=20250410T073611, end_date=20250410T073729
[2025-04-10T07:37:29.851+0000] {local_task_job_runner.py:266} INFO - Task exited with return code 0
[2025-04-10T07:37:29.885+0000] {taskinstance.py:3900} INFO - 1 downstream tasks scheduled from follow-on schedule check
[2025-04-10T07:37:29.908+0000] {local_task_job_runner.py:245} INFO - ::endgroup::
