[2025-04-09T07:20:14.479+0000] {local_task_job_runner.py:123} INFO - ::group::Pre task execution logs
[2025-04-09T07:20:14.501+0000] {taskinstance.py:2612} INFO - Dependencies all met for dep_context=non-requeueable deps ti=<TaskInstance: extract_raw_data_pipeline.run_dbt_trusted scheduled__2025-04-09T07:19:00+00:00 [queued]>
[2025-04-09T07:20:14.512+0000] {taskinstance.py:2612} INFO - Dependencies all met for dep_context=requeueable deps ti=<TaskInstance: extract_raw_data_pipeline.run_dbt_trusted scheduled__2025-04-09T07:19:00+00:00 [queued]>
[2025-04-09T07:20:14.513+0000] {taskinstance.py:2865} INFO - Starting attempt 1 of 1
[2025-04-09T07:20:14.531+0000] {taskinstance.py:2888} INFO - Executing <Task(BashOperator): run_dbt_trusted> on 2025-04-09 07:19:00+00:00
[2025-04-09T07:20:14.539+0000] {warnings.py:112} WARNING - /home/***/.local/lib/python3.12/site-packages/***/task/task_runner/standard_task_runner.py:70: DeprecationWarning: This process (pid=2140) is multi-threaded, use of fork() may lead to deadlocks in the child.
  pid = os.fork()

[2025-04-09T07:20:14.541+0000] {standard_task_runner.py:72} INFO - Started process 2142 to run task
[2025-04-09T07:20:14.541+0000] {standard_task_runner.py:104} INFO - Running: ['***', 'tasks', 'run', 'extract_raw_data_pipeline', 'run_dbt_trusted', 'scheduled__2025-04-09T07:19:00+00:00', '--job-id', '190', '--raw', '--subdir', 'DAGS_FOLDER/driven_data_pipeline.py', '--cfg-path', '/tmp/tmpbz4a2sr1']
[2025-04-09T07:20:14.542+0000] {standard_task_runner.py:105} INFO - Job 190: Subtask run_dbt_trusted
[2025-04-09T07:20:14.603+0000] {task_command.py:467} INFO - Running <TaskInstance: extract_raw_data_pipeline.run_dbt_trusted scheduled__2025-04-09T07:19:00+00:00 [running]> on host c829a6b69367
[2025-04-09T07:20:14.693+0000] {taskinstance.py:3131} INFO - Exporting env vars: AIRFLOW_CTX_DAG_OWNER='***' AIRFLOW_CTX_DAG_ID='extract_raw_data_pipeline' AIRFLOW_CTX_TASK_ID='run_dbt_trusted' AIRFLOW_CTX_EXECUTION_DATE='2025-04-09T07:19:00+00:00' AIRFLOW_CTX_TRY_NUMBER='1' AIRFLOW_CTX_DAG_RUN_ID='scheduled__2025-04-09T07:19:00+00:00'
[2025-04-09T07:20:14.694+0000] {taskinstance.py:731} INFO - ::endgroup::
[2025-04-09T07:20:14.709+0000] {subprocess.py:63} INFO - Tmp dir root location: /tmp
[2025-04-09T07:20:14.711+0000] {subprocess.py:75} INFO - Running command: ['/usr/bin/bash', '-c', 'set -x; cd /opt/***/dbt && dbt run --select tag:trusted']
[2025-04-09T07:20:14.725+0000] {subprocess.py:86} INFO - Output:
[2025-04-09T07:20:14.727+0000] {subprocess.py:93} INFO - + cd /opt/***/dbt
[2025-04-09T07:20:14.728+0000] {subprocess.py:93} INFO - + dbt run --select tag:trusted
[2025-04-09T07:20:17.419+0000] {subprocess.py:93} INFO - [0m07:20:17  Running with dbt=1.8.0
[2025-04-09T07:20:17.738+0000] {subprocess.py:93} INFO - [0m07:20:17  Registered adapter: postgres=1.8.2
[2025-04-09T07:20:18.328+0000] {subprocess.py:93} INFO - [0m07:20:18  Found 9 models, 10 sources, 428 macros
[2025-04-09T07:20:18.332+0000] {subprocess.py:93} INFO - [0m07:20:18
[2025-04-09T07:20:18.488+0000] {subprocess.py:93} INFO - [0m07:20:18  Concurrency: 1 threads (target='dev')
[2025-04-09T07:20:18.489+0000] {subprocess.py:93} INFO - [0m07:20:18
[2025-04-09T07:20:18.505+0000] {subprocess.py:93} INFO - [0m07:20:18  1 of 4 START sql table model driven_trusted.non_pii_data ....................... [RUN]
[2025-04-09T07:20:22.468+0000] {subprocess.py:93} INFO - [0m07:20:22  1 of 4 OK created sql table model driven_trusted.non_pii_data .................. [[32mSELECT 170763[0m in 3.96s]
[2025-04-09T07:20:22.471+0000] {subprocess.py:93} INFO - [0m07:20:22  2 of 4 START sql table model driven_trusted.payment_data ....................... [RUN]
[2025-04-09T07:20:23.456+0000] {subprocess.py:93} INFO - [0m07:20:23  2 of 4 OK created sql table model driven_trusted.payment_data .................. [[32mSELECT 170763[0m in 0.98s]
[2025-04-09T07:20:23.459+0000] {subprocess.py:93} INFO - [0m07:20:23  3 of 4 START sql table model driven_trusted.pii_data ........................... [RUN]
[2025-04-09T07:20:25.432+0000] {subprocess.py:93} INFO - [0m07:20:25  3 of 4 OK created sql table model driven_trusted.pii_data ...................... [[32mSELECT 170763[0m in 1.97s]
[2025-04-09T07:20:25.435+0000] {subprocess.py:93} INFO - [0m07:20:25  4 of 4 START sql table model driven_trusted.technical_data ..................... [RUN]
[2025-04-09T07:20:26.706+0000] {subprocess.py:93} INFO - [0m07:20:26  4 of 4 OK created sql table model driven_trusted.technical_data ................ [[32mSELECT 170763[0m in 1.27s]
[2025-04-09T07:20:26.724+0000] {subprocess.py:93} INFO - [0m07:20:26
[2025-04-09T07:20:26.725+0000] {subprocess.py:93} INFO - [0m07:20:26  Finished running 4 table models in 0 hours 0 minutes and 8.39 seconds (8.39s).
[2025-04-09T07:20:26.791+0000] {subprocess.py:93} INFO - [0m07:20:26
[2025-04-09T07:20:26.792+0000] {subprocess.py:93} INFO - [0m07:20:26  [32mCompleted successfully[0m
[2025-04-09T07:20:26.792+0000] {subprocess.py:93} INFO - [0m07:20:26
[2025-04-09T07:20:26.793+0000] {subprocess.py:93} INFO - [0m07:20:26  Done. PASS=4 WARN=0 ERROR=0 SKIP=0 TOTAL=4
[2025-04-09T07:20:27.910+0000] {subprocess.py:97} INFO - Command exited with return code 0
[2025-04-09T07:20:27.947+0000] {taskinstance.py:340} INFO - ::group::Post task execution logs
[2025-04-09T07:20:27.948+0000] {taskinstance.py:352} INFO - Marking task as SUCCESS. dag_id=extract_raw_data_pipeline, task_id=run_dbt_trusted, run_id=scheduled__2025-04-09T07:19:00+00:00, execution_date=20250409T071900, start_date=20250409T072014, end_date=20250409T072027
[2025-04-09T07:20:27.995+0000] {local_task_job_runner.py:266} INFO - Task exited with return code 0
[2025-04-09T07:20:28.013+0000] {taskinstance.py:3900} INFO - 0 downstream tasks scheduled from follow-on schedule check
[2025-04-09T07:20:28.016+0000] {local_task_job_runner.py:245} INFO - ::endgroup::
