[2025-04-10T07:44:09.361+0000] {local_task_job_runner.py:123} INFO - ::group::Pre task execution logs
[2025-04-10T07:44:09.383+0000] {taskinstance.py:2612} INFO - Dependencies all met for dep_context=non-requeueable deps ti=<TaskInstance: extract_raw_data_pipeline.run_dbt_staging scheduled__2025-04-10T07:43:00+00:00 [queued]>
[2025-04-10T07:44:09.397+0000] {taskinstance.py:2612} INFO - Dependencies all met for dep_context=requeueable deps ti=<TaskInstance: extract_raw_data_pipeline.run_dbt_staging scheduled__2025-04-10T07:43:00+00:00 [queued]>
[2025-04-10T07:44:09.398+0000] {taskinstance.py:2865} INFO - Starting attempt 1 of 1
[2025-04-10T07:44:09.417+0000] {taskinstance.py:2888} INFO - Executing <Task(BashOperator): run_dbt_staging> on 2025-04-10 07:43:00+00:00
[2025-04-10T07:44:09.427+0000] {warnings.py:112} WARNING - /home/***/.local/lib/python3.12/site-packages/***/task/task_runner/standard_task_runner.py:70: DeprecationWarning: This process (pid=4823) is multi-threaded, use of fork() may lead to deadlocks in the child.
  pid = os.fork()

[2025-04-10T07:44:09.429+0000] {standard_task_runner.py:72} INFO - Started process 4825 to run task
[2025-04-10T07:44:09.430+0000] {standard_task_runner.py:104} INFO - Running: ['***', 'tasks', 'run', 'extract_raw_data_pipeline', 'run_dbt_staging', 'scheduled__2025-04-10T07:43:00+00:00', '--job-id', '697', '--raw', '--subdir', 'DAGS_FOLDER/driven_data_pipeline.py', '--cfg-path', '/tmp/tmpnxq3ysv9']
[2025-04-10T07:44:09.431+0000] {standard_task_runner.py:105} INFO - Job 697: Subtask run_dbt_staging
[2025-04-10T07:44:09.500+0000] {task_command.py:467} INFO - Running <TaskInstance: extract_raw_data_pipeline.run_dbt_staging scheduled__2025-04-10T07:43:00+00:00 [running]> on host c829a6b69367
[2025-04-10T07:44:09.651+0000] {taskinstance.py:3131} INFO - Exporting env vars: AIRFLOW_CTX_DAG_OWNER='***' AIRFLOW_CTX_DAG_ID='extract_raw_data_pipeline' AIRFLOW_CTX_TASK_ID='run_dbt_staging' AIRFLOW_CTX_EXECUTION_DATE='2025-04-10T07:43:00+00:00' AIRFLOW_CTX_TRY_NUMBER='1' AIRFLOW_CTX_DAG_RUN_ID='scheduled__2025-04-10T07:43:00+00:00'
[2025-04-10T07:44:09.654+0000] {taskinstance.py:731} INFO - ::endgroup::
[2025-04-10T07:44:09.681+0000] {subprocess.py:63} INFO - Tmp dir root location: /tmp
[2025-04-10T07:44:09.683+0000] {subprocess.py:75} INFO - Running command: ['/usr/bin/bash', '-c', 'set -x; cd /opt/***/dbt && dbt run --select tag:staging']
[2025-04-10T07:44:09.702+0000] {subprocess.py:86} INFO - Output:
[2025-04-10T07:44:09.704+0000] {subprocess.py:93} INFO - + cd /opt/***/dbt
[2025-04-10T07:44:09.705+0000] {subprocess.py:93} INFO - + dbt run --select tag:staging
[2025-04-10T07:44:13.105+0000] {subprocess.py:93} INFO - [0m07:44:13  Running with dbt=1.8.0
[2025-04-10T07:44:13.472+0000] {subprocess.py:93} INFO - [0m07:44:13  Registered adapter: postgres=1.8.2
[2025-04-10T07:44:14.160+0000] {subprocess.py:93} INFO - [0m07:44:14  Found 9 models, 10 sources, 428 macros
[2025-04-10T07:44:14.169+0000] {subprocess.py:93} INFO - [0m07:44:14
[2025-04-10T07:44:14.362+0000] {subprocess.py:93} INFO - [0m07:44:14  Concurrency: 1 threads (target='dev')
[2025-04-10T07:44:14.363+0000] {subprocess.py:93} INFO - [0m07:44:14
[2025-04-10T07:44:14.377+0000] {subprocess.py:93} INFO - [0m07:44:14  1 of 5 START sql table model driven_staging.dim_address ........................ [RUN]
[2025-04-10T07:44:38.638+0000] {subprocess.py:93} INFO - [0m07:44:38  1 of 5 OK created sql table model driven_staging.dim_address ................... [[32mSELECT 1788865[0m in 24.26s]
[2025-04-10T07:44:38.643+0000] {subprocess.py:93} INFO - [0m07:44:38  2 of 5 START sql table model driven_staging.dim_date ........................... [RUN]
[2025-04-10T07:44:42.224+0000] {subprocess.py:93} INFO - [0m07:44:42  2 of 5 OK created sql table model driven_staging.dim_date ...................... [[32mSELECT 1788865[0m in 3.57s]
[2025-04-10T07:44:42.229+0000] {subprocess.py:93} INFO - [0m07:44:42  3 of 5 START sql table model driven_staging.dim_finance ........................ [RUN]
[2025-04-10T07:44:57.352+0000] {subprocess.py:93} INFO - [0m07:44:57  3 of 5 OK created sql table model driven_staging.dim_finance ................... [[32mSELECT 1788865[0m in 15.12s]
[2025-04-10T07:44:57.356+0000] {subprocess.py:93} INFO - [0m07:44:57  4 of 5 START sql table model driven_staging.dim_person ......................... [RUN]
[2025-04-10T07:45:53.247+0000] {subprocess.py:93} INFO - [0m07:45:53  4 of 5 OK created sql table model driven_staging.dim_person .................... [[32mSELECT 1788865[0m in 55.89s]
[2025-04-10T07:45:53.251+0000] {subprocess.py:93} INFO - [0m07:45:53  5 of 5 START sql table model driven_staging.fact_network_usage ................. [RUN]
[2025-04-10T07:47:04.758+0000] {subprocess.py:93} INFO - [0m07:47:04  5 of 5 OK created sql table model driven_staging.fact_network_usage ............ [[32mSELECT 1829408[0m in 71.50s]
[2025-04-10T07:47:04.787+0000] {subprocess.py:93} INFO - [0m07:47:04
[2025-04-10T07:47:04.789+0000] {subprocess.py:93} INFO - [0m07:47:04  Finished running 5 table models in 0 hours 2 minutes and 50.62 seconds (170.62s).
[2025-04-10T07:47:04.919+0000] {subprocess.py:93} INFO - [0m07:47:04
[2025-04-10T07:47:04.921+0000] {subprocess.py:93} INFO - [0m07:47:04  [32mCompleted successfully[0m
[2025-04-10T07:47:04.922+0000] {subprocess.py:93} INFO - [0m07:47:04
[2025-04-10T07:47:04.924+0000] {subprocess.py:93} INFO - [0m07:47:04  Done. PASS=5 WARN=0 ERROR=0 SKIP=0 TOTAL=5
[2025-04-10T07:47:06.438+0000] {subprocess.py:97} INFO - Command exited with return code 0
[2025-04-10T07:47:06.494+0000] {taskinstance.py:340} INFO - ::group::Post task execution logs
[2025-04-10T07:47:06.496+0000] {taskinstance.py:352} INFO - Marking task as SUCCESS. dag_id=extract_raw_data_pipeline, task_id=run_dbt_staging, run_id=scheduled__2025-04-10T07:43:00+00:00, execution_date=20250410T074300, start_date=20250410T074409, end_date=20250410T074706
[2025-04-10T07:47:06.577+0000] {local_task_job_runner.py:266} INFO - Task exited with return code 0
[2025-04-10T07:47:06.592+0000] {local_task_job_runner.py:245} INFO - ::endgroup::
