[2025-04-08T17:00:26.202+0000] {local_task_job_runner.py:123} INFO - ::group::Pre task execution logs
[2025-04-08T17:00:26.220+0000] {taskinstance.py:2612} INFO - Dependencies all met for dep_context=non-requeueable deps ti=<TaskInstance: extract_raw_data_pipeline.create_raw_table manual__2025-04-08T17:00:22.965944+00:00 [queued]>
[2025-04-08T17:00:26.232+0000] {taskinstance.py:2612} INFO - Dependencies all met for dep_context=requeueable deps ti=<TaskInstance: extract_raw_data_pipeline.create_raw_table manual__2025-04-08T17:00:22.965944+00:00 [queued]>
[2025-04-08T17:00:26.233+0000] {taskinstance.py:2865} INFO - Starting attempt 1 of 1
[2025-04-08T17:00:26.259+0000] {taskinstance.py:2888} INFO - Executing <Task(SQLExecuteQueryOperator): create_raw_table> on 2025-04-08 17:00:22.965944+00:00
[2025-04-08T17:00:26.272+0000] {warnings.py:112} WARNING - /home/***/.local/lib/python3.12/site-packages/***/task/task_runner/standard_task_runner.py:70: DeprecationWarning: This process (pid=212) is multi-threaded, use of fork() may lead to deadlocks in the child.
  pid = os.fork()

[2025-04-08T17:00:26.274+0000] {standard_task_runner.py:104} INFO - Running: ['***', 'tasks', 'run', 'extract_raw_data_pipeline', 'create_raw_table', 'manual__2025-04-08T17:00:22.965944+00:00', '--job-id', '15', '--raw', '--subdir', 'DAGS_FOLDER/driven_data_pipeline.py', '--cfg-path', '/tmp/tmps1t0sod_']
[2025-04-08T17:00:26.277+0000] {standard_task_runner.py:105} INFO - Job 15: Subtask create_raw_table
[2025-04-08T17:00:26.277+0000] {standard_task_runner.py:72} INFO - Started process 214 to run task
[2025-04-08T17:00:26.348+0000] {task_command.py:467} INFO - Running <TaskInstance: extract_raw_data_pipeline.create_raw_table manual__2025-04-08T17:00:22.965944+00:00 [running]> on host c829a6b69367
[2025-04-08T17:00:26.432+0000] {taskinstance.py:3131} INFO - Exporting env vars: AIRFLOW_CTX_DAG_OWNER='***' AIRFLOW_CTX_DAG_ID='extract_raw_data_pipeline' AIRFLOW_CTX_TASK_ID='create_raw_table' AIRFLOW_CTX_EXECUTION_DATE='2025-04-08T17:00:22.965944+00:00' AIRFLOW_CTX_TRY_NUMBER='1' AIRFLOW_CTX_DAG_RUN_ID='manual__2025-04-08T17:00:22.965944+00:00'
[2025-04-08T17:00:26.434+0000] {taskinstance.py:731} INFO - ::endgroup::
[2025-04-08T17:00:26.450+0000] {sql.py:266} INFO - Executing: 
        CREATE TABLE IF NOT EXISTS driven_raw.raw_batch_data (
            person_name VARCHAR(100),
            user_name VARCHAR(100),
            email VARCHAR(100),
            personal_number NUMERIC, 
            birth_date VARCHAR(100), 
            address VARCHAR(100),
            phone VARCHAR(100), 
            mac_address VARCHAR(100),
            ip_address VARCHAR(100),
            iban VARCHAR(100),
            accessed_at varchar(100),
            session_duration INT,
            download_speed INT,
            upload_speed INT,
            consumed_traffic INT,
            unique_id VARCHAR(100)
        );
    
[2025-04-08T17:00:26.462+0000] {base.py:84} INFO - Retrieving connection 'postgres_conn'
[2025-04-08T17:00:26.474+0000] {base.py:84} INFO - Retrieving connection 'postgres_conn'
[2025-04-08T17:00:26.479+0000] {sql.py:509} INFO - Running statement: 
        CREATE TABLE IF NOT EXISTS driven_raw.raw_batch_data (
            person_name VARCHAR(100),
            user_name VARCHAR(100),
            email VARCHAR(100),
            personal_number NUMERIC, 
            birth_date VARCHAR(100), 
            address VARCHAR(100),
            phone VARCHAR(100), 
            mac_address VARCHAR(100),
            ip_address VARCHAR(100),
            iban VARCHAR(100),
            accessed_at varchar(100),
            session_duration INT,
            download_speed INT,
            upload_speed INT,
            consumed_traffic INT,
            unique_id VARCHAR(100)
        );
    , parameters: None
[2025-04-08T17:00:26.494+0000] {taskinstance.py:340} INFO - ::group::Post task execution logs
[2025-04-08T17:00:26.495+0000] {taskinstance.py:352} INFO - Marking task as SUCCESS. dag_id=extract_raw_data_pipeline, task_id=create_raw_table, run_id=manual__2025-04-08T17:00:22.965944+00:00, execution_date=20250408T170022, start_date=20250408T170026, end_date=20250408T170026
[2025-04-08T17:00:26.543+0000] {local_task_job_runner.py:266} INFO - Task exited with return code 0
[2025-04-08T17:00:26.579+0000] {taskinstance.py:3900} INFO - 1 downstream tasks scheduled from follow-on schedule check
[2025-04-08T17:00:26.582+0000] {local_task_job_runner.py:245} INFO - ::endgroup::
