[2025-04-10T07:12:02.476+0000] {local_task_job_runner.py:123} INFO - ::group::Pre task execution logs
[2025-04-10T07:12:02.542+0000] {taskinstance.py:2612} INFO - Dependencies all met for dep_context=non-requeueable deps ti=<TaskInstance: extract_raw_data_pipeline.run_dbt_trusted scheduled__2025-04-10T07:10:00+00:00 [queued]>
[2025-04-10T07:12:02.573+0000] {taskinstance.py:2612} INFO - Dependencies all met for dep_context=requeueable deps ti=<TaskInstance: extract_raw_data_pipeline.run_dbt_trusted scheduled__2025-04-10T07:10:00+00:00 [queued]>
[2025-04-10T07:12:02.576+0000] {taskinstance.py:2865} INFO - Starting attempt 1 of 1
[2025-04-10T07:12:02.628+0000] {taskinstance.py:2888} INFO - Executing <Task(BashOperator): run_dbt_trusted> on 2025-04-10 07:10:00+00:00
[2025-04-10T07:12:02.646+0000] {warnings.py:112} WARNING - /home/***/.local/lib/python3.12/site-packages/***/task/task_runner/standard_task_runner.py:70: DeprecationWarning: This process (pid=2893) is multi-threaded, use of fork() may lead to deadlocks in the child.
  pid = os.fork()

[2025-04-10T07:12:02.653+0000] {standard_task_runner.py:72} INFO - Started process 2898 to run task
[2025-04-10T07:12:02.652+0000] {standard_task_runner.py:104} INFO - Running: ['***', 'tasks', 'run', 'extract_raw_data_pipeline', 'run_dbt_trusted', 'scheduled__2025-04-10T07:10:00+00:00', '--job-id', '502', '--raw', '--subdir', 'DAGS_FOLDER/driven_data_pipeline.py', '--cfg-path', '/tmp/tmpigg7achk']
[2025-04-10T07:12:02.656+0000] {standard_task_runner.py:105} INFO - Job 502: Subtask run_dbt_trusted
[2025-04-10T07:12:02.809+0000] {task_command.py:467} INFO - Running <TaskInstance: extract_raw_data_pipeline.run_dbt_trusted scheduled__2025-04-10T07:10:00+00:00 [running]> on host c829a6b69367
[2025-04-10T07:12:03.108+0000] {taskinstance.py:3131} INFO - Exporting env vars: AIRFLOW_CTX_DAG_OWNER='***' AIRFLOW_CTX_DAG_ID='extract_raw_data_pipeline' AIRFLOW_CTX_TASK_ID='run_dbt_trusted' AIRFLOW_CTX_EXECUTION_DATE='2025-04-10T07:10:00+00:00' AIRFLOW_CTX_TRY_NUMBER='1' AIRFLOW_CTX_DAG_RUN_ID='scheduled__2025-04-10T07:10:00+00:00'
[2025-04-10T07:12:03.112+0000] {taskinstance.py:731} INFO - ::endgroup::
[2025-04-10T07:12:03.151+0000] {subprocess.py:63} INFO - Tmp dir root location: /tmp
[2025-04-10T07:12:03.153+0000] {subprocess.py:75} INFO - Running command: ['/usr/bin/bash', '-c', 'set -x; cd /opt/***/dbt && dbt run --select tag:trusted']
[2025-04-10T07:12:03.190+0000] {subprocess.py:86} INFO - Output:
[2025-04-10T07:12:03.194+0000] {subprocess.py:93} INFO - + cd /opt/***/dbt
[2025-04-10T07:12:03.195+0000] {subprocess.py:93} INFO - + dbt run --select tag:trusted
[2025-04-10T07:12:10.131+0000] {subprocess.py:93} INFO - [0m07:12:10  Running with dbt=1.8.0
[2025-04-10T07:12:10.740+0000] {subprocess.py:93} INFO - [0m07:12:10  Registered adapter: postgres=1.8.2
[2025-04-10T07:12:12.079+0000] {subprocess.py:93} INFO - [0m07:12:12  Found 9 models, 10 sources, 428 macros
[2025-04-10T07:12:12.085+0000] {subprocess.py:93} INFO - [0m07:12:12
[2025-04-10T07:12:12.411+0000] {subprocess.py:93} INFO - [0m07:12:12  Concurrency: 1 threads (target='dev')
[2025-04-10T07:12:12.413+0000] {subprocess.py:93} INFO - [0m07:12:12
[2025-04-10T07:12:12.441+0000] {subprocess.py:93} INFO - [0m07:12:12  1 of 4 START sql table model driven_trusted.non_pii_data ....................... [RUN]
[2025-04-10T07:12:45.285+0000] {subprocess.py:93} INFO - [0m07:12:45  1 of 4 OK created sql table model driven_trusted.non_pii_data .................. [[32mSELECT 762239[0m in 32.84s]
[2025-04-10T07:12:45.295+0000] {subprocess.py:93} INFO - [0m07:12:45  2 of 4 START sql table model driven_trusted.payment_data ....................... [RUN]
[2025-04-10T07:12:54.703+0000] {subprocess.py:93} INFO - [0m07:12:54  2 of 4 OK created sql table model driven_trusted.payment_data .................. [[32mSELECT 762239[0m in 9.40s]
[2025-04-10T07:12:54.713+0000] {subprocess.py:93} INFO - [0m07:12:54  3 of 4 START sql table model driven_trusted.pii_data ........................... [RUN]
[2025-04-10T07:13:30.621+0000] {subprocess.py:93} INFO - [0m07:13:30  3 of 4 OK created sql table model driven_trusted.pii_data ...................... [[32mSELECT 762239[0m in 35.90s]
[2025-04-10T07:13:30.632+0000] {subprocess.py:93} INFO - [0m07:13:30  4 of 4 START sql table model driven_trusted.technical_data ..................... [RUN]
[2025-04-10T07:13:35.240+0000] {subprocess.py:93} INFO - [0m07:13:35  4 of 4 OK created sql table model driven_trusted.technical_data ................ [[32mSELECT 762239[0m in 4.60s]
[2025-04-10T07:13:35.295+0000] {subprocess.py:93} INFO - [0m07:13:35
[2025-04-10T07:13:35.299+0000] {subprocess.py:93} INFO - [0m07:13:35  Finished running 4 table models in 0 hours 1 minutes and 23.21 seconds (83.21s).
[2025-04-10T07:13:35.575+0000] {subprocess.py:93} INFO - [0m07:13:35
[2025-04-10T07:13:35.579+0000] {subprocess.py:93} INFO - [0m07:13:35  [32mCompleted successfully[0m
[2025-04-10T07:13:35.581+0000] {subprocess.py:93} INFO - [0m07:13:35
[2025-04-10T07:13:35.583+0000] {subprocess.py:93} INFO - [0m07:13:35  Done. PASS=4 WARN=0 ERROR=0 SKIP=0 TOTAL=4
[2025-04-10T07:13:37.520+0000] {subprocess.py:97} INFO - Command exited with return code 0
[2025-04-10T07:13:37.622+0000] {taskinstance.py:340} INFO - ::group::Post task execution logs
[2025-04-10T07:13:37.624+0000] {taskinstance.py:352} INFO - Marking task as SUCCESS. dag_id=extract_raw_data_pipeline, task_id=run_dbt_trusted, run_id=scheduled__2025-04-10T07:10:00+00:00, execution_date=20250410T071000, start_date=20250410T071202, end_date=20250410T071337
[2025-04-10T07:13:37.707+0000] {local_task_job_runner.py:266} INFO - Task exited with return code 0
[2025-04-10T07:13:37.750+0000] {taskinstance.py:3900} INFO - 0 downstream tasks scheduled from follow-on schedule check
[2025-04-10T07:13:37.766+0000] {local_task_job_runner.py:245} INFO - ::endgroup::
