[2025-04-10T07:29:17.075+0000] {local_task_job_runner.py:123} INFO - ::group::Pre task execution logs
[2025-04-10T07:29:17.101+0000] {taskinstance.py:2612} INFO - Dependencies all met for dep_context=non-requeueable deps ti=<TaskInstance: extract_raw_data_pipeline.run_dbt_trusted scheduled__2025-04-10T07:26:00+00:00 [queued]>
[2025-04-10T07:29:17.118+0000] {taskinstance.py:2612} INFO - Dependencies all met for dep_context=requeueable deps ti=<TaskInstance: extract_raw_data_pipeline.run_dbt_trusted scheduled__2025-04-10T07:26:00+00:00 [queued]>
[2025-04-10T07:29:17.119+0000] {taskinstance.py:2865} INFO - Starting attempt 1 of 1
[2025-04-10T07:29:17.152+0000] {taskinstance.py:2888} INFO - Executing <Task(BashOperator): run_dbt_trusted> on 2025-04-10 07:26:00+00:00
[2025-04-10T07:29:17.161+0000] {warnings.py:112} WARNING - /home/***/.local/lib/python3.12/site-packages/***/task/task_runner/standard_task_runner.py:70: DeprecationWarning: This process (pid=3935) is multi-threaded, use of fork() may lead to deadlocks in the child.
  pid = os.fork()

[2025-04-10T07:29:17.163+0000] {standard_task_runner.py:72} INFO - Started process 3937 to run task
[2025-04-10T07:29:17.165+0000] {standard_task_runner.py:104} INFO - Running: ['***', 'tasks', 'run', 'extract_raw_data_pipeline', 'run_dbt_trusted', 'scheduled__2025-04-10T07:26:00+00:00', '--job-id', '608', '--raw', '--subdir', 'DAGS_FOLDER/driven_data_pipeline.py', '--cfg-path', '/tmp/tmpxo4mmjzl']
[2025-04-10T07:29:17.167+0000] {standard_task_runner.py:105} INFO - Job 608: Subtask run_dbt_trusted
[2025-04-10T07:29:17.233+0000] {task_command.py:467} INFO - Running <TaskInstance: extract_raw_data_pipeline.run_dbt_trusted scheduled__2025-04-10T07:26:00+00:00 [running]> on host c829a6b69367
[2025-04-10T07:29:17.548+0000] {taskinstance.py:3131} INFO - Exporting env vars: AIRFLOW_CTX_DAG_OWNER='***' AIRFLOW_CTX_DAG_ID='extract_raw_data_pipeline' AIRFLOW_CTX_TASK_ID='run_dbt_trusted' AIRFLOW_CTX_EXECUTION_DATE='2025-04-10T07:26:00+00:00' AIRFLOW_CTX_TRY_NUMBER='1' AIRFLOW_CTX_DAG_RUN_ID='scheduled__2025-04-10T07:26:00+00:00'
[2025-04-10T07:29:17.551+0000] {taskinstance.py:731} INFO - ::endgroup::
[2025-04-10T07:29:17.658+0000] {subprocess.py:63} INFO - Tmp dir root location: /tmp
[2025-04-10T07:29:17.667+0000] {subprocess.py:75} INFO - Running command: ['/usr/bin/bash', '-c', 'set -x; cd /opt/***/dbt && dbt run --select tag:trusted']
[2025-04-10T07:29:17.763+0000] {subprocess.py:86} INFO - Output:
[2025-04-10T07:29:17.773+0000] {subprocess.py:93} INFO - + cd /opt/***/dbt
[2025-04-10T07:29:17.776+0000] {subprocess.py:93} INFO - + dbt run --select tag:trusted
[2025-04-10T07:29:21.191+0000] {subprocess.py:93} INFO - [0m07:29:21  Running with dbt=1.8.0
[2025-04-10T07:29:21.602+0000] {subprocess.py:93} INFO - [0m07:29:21  Registered adapter: postgres=1.8.2
[2025-04-10T07:29:22.263+0000] {subprocess.py:93} INFO - [0m07:29:22  Found 9 models, 10 sources, 428 macros
[2025-04-10T07:29:22.267+0000] {subprocess.py:93} INFO - [0m07:29:22
[2025-04-10T07:29:22.430+0000] {subprocess.py:93} INFO - [0m07:29:22  Concurrency: 1 threads (target='dev')
[2025-04-10T07:29:22.431+0000] {subprocess.py:93} INFO - [0m07:29:22
[2025-04-10T07:29:22.450+0000] {subprocess.py:93} INFO - [0m07:29:22  1 of 4 START sql table model driven_trusted.non_pii_data ....................... [RUN]
[2025-04-10T07:30:19.848+0000] {subprocess.py:93} INFO - [0m07:30:19  1 of 4 OK created sql table model driven_trusted.non_pii_data .................. [[32mSELECT 1220562[0m in 57.39s]
[2025-04-10T07:30:19.855+0000] {subprocess.py:93} INFO - [0m07:30:19  2 of 4 START sql table model driven_trusted.payment_data ....................... [RUN]
[2025-04-10T07:30:37.942+0000] {subprocess.py:93} INFO - [0m07:30:37  2 of 4 OK created sql table model driven_trusted.payment_data .................. [[32mSELECT 1220562[0m in 18.05s]
[2025-04-10T07:30:37.947+0000] {subprocess.py:93} INFO - [0m07:30:37  3 of 4 START sql table model driven_trusted.pii_data ........................... [RUN]
[2025-04-10T07:31:30.527+0000] {subprocess.py:93} INFO - [0m07:31:30  3 of 4 OK created sql table model driven_trusted.pii_data ...................... [[32mSELECT 1252271[0m in 52.58s]
[2025-04-10T07:31:30.531+0000] {subprocess.py:93} INFO - [0m07:31:30  4 of 4 START sql table model driven_trusted.technical_data ..................... [RUN]
[2025-04-10T07:31:47.139+0000] {subprocess.py:93} INFO - [0m07:31:47  4 of 4 OK created sql table model driven_trusted.technical_data ................ [[32mSELECT 1252271[0m in 16.60s]
[2025-04-10T07:31:47.168+0000] {subprocess.py:93} INFO - [0m07:31:47
[2025-04-10T07:31:47.170+0000] {subprocess.py:93} INFO - [0m07:31:47  Finished running 4 table models in 0 hours 2 minutes and 24.90 seconds (144.90s).
[2025-04-10T07:31:47.276+0000] {subprocess.py:93} INFO - [0m07:31:47
[2025-04-10T07:31:47.278+0000] {subprocess.py:93} INFO - [0m07:31:47  [32mCompleted successfully[0m
[2025-04-10T07:31:47.279+0000] {subprocess.py:93} INFO - [0m07:31:47
[2025-04-10T07:31:47.282+0000] {subprocess.py:93} INFO - [0m07:31:47  Done. PASS=4 WARN=0 ERROR=0 SKIP=0 TOTAL=4
[2025-04-10T07:31:48.706+0000] {subprocess.py:97} INFO - Command exited with return code 0
[2025-04-10T07:31:48.778+0000] {taskinstance.py:340} INFO - ::group::Post task execution logs
[2025-04-10T07:31:48.779+0000] {taskinstance.py:352} INFO - Marking task as SUCCESS. dag_id=extract_raw_data_pipeline, task_id=run_dbt_trusted, run_id=scheduled__2025-04-10T07:26:00+00:00, execution_date=20250410T072600, start_date=20250410T072917, end_date=20250410T073148
[2025-04-10T07:31:48.847+0000] {local_task_job_runner.py:266} INFO - Task exited with return code 0
[2025-04-10T07:31:48.874+0000] {taskinstance.py:3900} INFO - 0 downstream tasks scheduled from follow-on schedule check
[2025-04-10T07:31:48.885+0000] {local_task_job_runner.py:245} INFO - ::endgroup::
