[2025-04-10T07:37:08.913+0000] {local_task_job_runner.py:123} INFO - ::group::Pre task execution logs
[2025-04-10T07:37:08.934+0000] {taskinstance.py:2612} INFO - Dependencies all met for dep_context=non-requeueable deps ti=<TaskInstance: extract_raw_data_pipeline.run_dbt_staging scheduled__2025-04-10T07:36:00+00:00 [queued]>
[2025-04-10T07:37:08.946+0000] {taskinstance.py:2612} INFO - Dependencies all met for dep_context=requeueable deps ti=<TaskInstance: extract_raw_data_pipeline.run_dbt_staging scheduled__2025-04-10T07:36:00+00:00 [queued]>
[2025-04-10T07:37:08.947+0000] {taskinstance.py:2865} INFO - Starting attempt 1 of 1
[2025-04-10T07:37:08.972+0000] {taskinstance.py:2888} INFO - Executing <Task(BashOperator): run_dbt_staging> on 2025-04-10 07:36:00+00:00
[2025-04-10T07:37:08.981+0000] {warnings.py:112} WARNING - /home/***/.local/lib/python3.12/site-packages/***/task/task_runner/standard_task_runner.py:70: DeprecationWarning: This process (pid=4402) is multi-threaded, use of fork() may lead to deadlocks in the child.
  pid = os.fork()

[2025-04-10T07:37:08.984+0000] {standard_task_runner.py:72} INFO - Started process 4404 to run task
[2025-04-10T07:37:08.984+0000] {standard_task_runner.py:104} INFO - Running: ['***', 'tasks', 'run', 'extract_raw_data_pipeline', 'run_dbt_staging', 'scheduled__2025-04-10T07:36:00+00:00', '--job-id', '655', '--raw', '--subdir', 'DAGS_FOLDER/driven_data_pipeline.py', '--cfg-path', '/tmp/tmp_x8nrqk8']
[2025-04-10T07:37:08.986+0000] {standard_task_runner.py:105} INFO - Job 655: Subtask run_dbt_staging
[2025-04-10T07:37:09.053+0000] {task_command.py:467} INFO - Running <TaskInstance: extract_raw_data_pipeline.run_dbt_staging scheduled__2025-04-10T07:36:00+00:00 [running]> on host c829a6b69367
[2025-04-10T07:37:09.167+0000] {taskinstance.py:3131} INFO - Exporting env vars: AIRFLOW_CTX_DAG_OWNER='***' AIRFLOW_CTX_DAG_ID='extract_raw_data_pipeline' AIRFLOW_CTX_TASK_ID='run_dbt_staging' AIRFLOW_CTX_EXECUTION_DATE='2025-04-10T07:36:00+00:00' AIRFLOW_CTX_TRY_NUMBER='1' AIRFLOW_CTX_DAG_RUN_ID='scheduled__2025-04-10T07:36:00+00:00'
[2025-04-10T07:37:09.168+0000] {taskinstance.py:731} INFO - ::endgroup::
[2025-04-10T07:37:09.184+0000] {subprocess.py:63} INFO - Tmp dir root location: /tmp
[2025-04-10T07:37:09.186+0000] {subprocess.py:75} INFO - Running command: ['/usr/bin/bash', '-c', 'set -x; cd /opt/***/dbt && dbt run --select tag:staging']
[2025-04-10T07:37:09.200+0000] {subprocess.py:86} INFO - Output:
[2025-04-10T07:37:09.202+0000] {subprocess.py:93} INFO - + cd /opt/***/dbt
[2025-04-10T07:37:09.202+0000] {subprocess.py:93} INFO - + dbt run --select tag:staging
[2025-04-10T07:37:12.887+0000] {subprocess.py:93} INFO - [0m07:37:12  Running with dbt=1.8.0
[2025-04-10T07:37:13.354+0000] {subprocess.py:93} INFO - [0m07:37:13  Registered adapter: postgres=1.8.2
[2025-04-10T07:37:14.100+0000] {subprocess.py:93} INFO - [0m07:37:14  Found 9 models, 10 sources, 428 macros
[2025-04-10T07:37:14.106+0000] {subprocess.py:93} INFO - [0m07:37:14
[2025-04-10T07:37:14.278+0000] {subprocess.py:93} INFO - [0m07:37:14  Concurrency: 1 threads (target='dev')
[2025-04-10T07:37:14.279+0000] {subprocess.py:93} INFO - [0m07:37:14
[2025-04-10T07:37:14.299+0000] {subprocess.py:93} INFO - [0m07:37:14  1 of 5 START sql table model driven_staging.dim_address ........................ [RUN]
[2025-04-10T07:37:19.594+0000] {subprocess.py:93} INFO - [0m07:37:19  1 of 5 OK created sql table model driven_staging.dim_address ................... [[32mSELECT 1524856[0m in 5.29s]
[2025-04-10T07:37:19.598+0000] {subprocess.py:93} INFO - [0m07:37:19  2 of 5 START sql table model driven_staging.dim_date ........................... [RUN]
[2025-04-10T07:37:21.798+0000] {subprocess.py:93} INFO - [0m07:37:21  2 of 5 OK created sql table model driven_staging.dim_date ...................... [[32mSELECT 1524856[0m in 2.20s]
[2025-04-10T07:37:21.802+0000] {subprocess.py:93} INFO - [0m07:37:21  3 of 5 START sql table model driven_staging.dim_finance ........................ [RUN]
[2025-04-10T07:37:28.295+0000] {subprocess.py:93} INFO - [0m07:37:28  3 of 5 OK created sql table model driven_staging.dim_finance ................... [[32mSELECT 1524856[0m in 6.49s]
[2025-04-10T07:37:28.300+0000] {subprocess.py:93} INFO - [0m07:37:28  4 of 5 START sql table model driven_staging.dim_person ......................... [RUN]
[2025-04-10T07:38:18.870+0000] {subprocess.py:93} INFO - [0m07:38:18  4 of 5 OK created sql table model driven_staging.dim_person .................... [[32mSELECT 1524856[0m in 50.57s]
[2025-04-10T07:38:18.878+0000] {subprocess.py:93} INFO - [0m07:38:18  5 of 5 START sql table model driven_staging.fact_network_usage ................. [RUN]
[2025-04-10T07:39:02.419+0000] {subprocess.py:93} INFO - [0m07:39:02  5 of 5 OK created sql table model driven_staging.fact_network_usage ............ [[32mSELECT 1560889[0m in 43.53s]
[2025-04-10T07:39:02.449+0000] {subprocess.py:93} INFO - [0m07:39:02
[2025-04-10T07:39:02.451+0000] {subprocess.py:93} INFO - [0m07:39:02  Finished running 5 table models in 0 hours 1 minutes and 48.34 seconds (108.34s).
[2025-04-10T07:39:02.558+0000] {subprocess.py:93} INFO - [0m07:39:02
[2025-04-10T07:39:02.559+0000] {subprocess.py:93} INFO - [0m07:39:02  [32mCompleted successfully[0m
[2025-04-10T07:39:02.561+0000] {subprocess.py:93} INFO - [0m07:39:02
[2025-04-10T07:39:02.562+0000] {subprocess.py:93} INFO - [0m07:39:02  Done. PASS=5 WARN=0 ERROR=0 SKIP=0 TOTAL=5
[2025-04-10T07:39:04.028+0000] {subprocess.py:97} INFO - Command exited with return code 0
[2025-04-10T07:39:04.089+0000] {taskinstance.py:340} INFO - ::group::Post task execution logs
[2025-04-10T07:39:04.090+0000] {taskinstance.py:352} INFO - Marking task as SUCCESS. dag_id=extract_raw_data_pipeline, task_id=run_dbt_staging, run_id=scheduled__2025-04-10T07:36:00+00:00, execution_date=20250410T073600, start_date=20250410T073708, end_date=20250410T073904
[2025-04-10T07:39:04.167+0000] {local_task_job_runner.py:266} INFO - Task exited with return code 0
[2025-04-10T07:39:04.199+0000] {taskinstance.py:3900} INFO - 1 downstream tasks scheduled from follow-on schedule check
[2025-04-10T07:39:04.225+0000] {local_task_job_runner.py:245} INFO - ::endgroup::
