[2025-04-10T07:15:21.886+0000] {local_task_job_runner.py:123} INFO - ::group::Pre task execution logs
[2025-04-10T07:15:21.928+0000] {taskinstance.py:2612} INFO - Dependencies all met for dep_context=non-requeueable deps ti=<TaskInstance: extract_raw_data_pipeline.run_dbt_staging scheduled__2025-04-10T07:14:00+00:00 [queued]>
[2025-04-10T07:15:21.947+0000] {taskinstance.py:2612} INFO - Dependencies all met for dep_context=requeueable deps ti=<TaskInstance: extract_raw_data_pipeline.run_dbt_staging scheduled__2025-04-10T07:14:00+00:00 [queued]>
[2025-04-10T07:15:21.948+0000] {taskinstance.py:2865} INFO - Starting attempt 1 of 1
[2025-04-10T07:15:21.995+0000] {taskinstance.py:2888} INFO - Executing <Task(BashOperator): run_dbt_staging> on 2025-04-10 07:14:00+00:00
[2025-04-10T07:15:22.007+0000] {warnings.py:112} WARNING - /home/***/.local/lib/python3.12/site-packages/***/task/task_runner/standard_task_runner.py:70: DeprecationWarning: This process (pid=3100) is multi-threaded, use of fork() may lead to deadlocks in the child.
  pid = os.fork()

[2025-04-10T07:15:22.014+0000] {standard_task_runner.py:72} INFO - Started process 3104 to run task
[2025-04-10T07:15:22.014+0000] {standard_task_runner.py:104} INFO - Running: ['***', 'tasks', 'run', 'extract_raw_data_pipeline', 'run_dbt_staging', 'scheduled__2025-04-10T07:14:00+00:00', '--job-id', '524', '--raw', '--subdir', 'DAGS_FOLDER/driven_data_pipeline.py', '--cfg-path', '/tmp/tmpaameb7np']
[2025-04-10T07:15:22.020+0000] {standard_task_runner.py:105} INFO - Job 524: Subtask run_dbt_staging
[2025-04-10T07:15:22.144+0000] {task_command.py:467} INFO - Running <TaskInstance: extract_raw_data_pipeline.run_dbt_staging scheduled__2025-04-10T07:14:00+00:00 [running]> on host c829a6b69367
[2025-04-10T07:15:22.352+0000] {taskinstance.py:3131} INFO - Exporting env vars: AIRFLOW_CTX_DAG_OWNER='***' AIRFLOW_CTX_DAG_ID='extract_raw_data_pipeline' AIRFLOW_CTX_TASK_ID='run_dbt_staging' AIRFLOW_CTX_EXECUTION_DATE='2025-04-10T07:14:00+00:00' AIRFLOW_CTX_TRY_NUMBER='1' AIRFLOW_CTX_DAG_RUN_ID='scheduled__2025-04-10T07:14:00+00:00'
[2025-04-10T07:15:22.356+0000] {taskinstance.py:731} INFO - ::endgroup::
[2025-04-10T07:15:22.385+0000] {subprocess.py:63} INFO - Tmp dir root location: /tmp
[2025-04-10T07:15:22.389+0000] {subprocess.py:75} INFO - Running command: ['/usr/bin/bash', '-c', 'set -x; cd /opt/***/dbt && dbt run --select tag:staging']
[2025-04-10T07:15:22.417+0000] {subprocess.py:86} INFO - Output:
[2025-04-10T07:15:22.423+0000] {subprocess.py:93} INFO - + cd /opt/***/dbt
[2025-04-10T07:15:22.424+0000] {subprocess.py:93} INFO - + dbt run --select tag:staging
[2025-04-10T07:15:28.281+0000] {subprocess.py:93} INFO - [0m07:15:28  Running with dbt=1.8.0
[2025-04-10T07:15:29.067+0000] {subprocess.py:93} INFO - [0m07:15:29  Registered adapter: postgres=1.8.2
[2025-04-10T07:15:30.419+0000] {subprocess.py:93} INFO - [0m07:15:30  Found 9 models, 10 sources, 428 macros
[2025-04-10T07:15:30.429+0000] {subprocess.py:93} INFO - [0m07:15:30
[2025-04-10T07:15:30.782+0000] {subprocess.py:93} INFO - [0m07:15:30  Concurrency: 1 threads (target='dev')
[2025-04-10T07:15:30.786+0000] {subprocess.py:93} INFO - [0m07:15:30
[2025-04-10T07:15:30.809+0000] {subprocess.py:93} INFO - [0m07:15:30  1 of 5 START sql table model driven_staging.dim_address ........................ [RUN]
[2025-04-10T07:15:33.173+0000] {subprocess.py:93} INFO - [0m07:15:33  1 of 5 OK created sql table model driven_staging.dim_address ................... [[32mSELECT 855443[0m in 2.36s]
[2025-04-10T07:15:33.184+0000] {subprocess.py:93} INFO - [0m07:15:33  2 of 5 START sql table model driven_staging.dim_date ........................... [RUN]
[2025-04-10T07:15:35.338+0000] {subprocess.py:93} INFO - [0m07:15:35  2 of 5 OK created sql table model driven_staging.dim_date ...................... [[32mSELECT 855443[0m in 2.15s]
[2025-04-10T07:15:35.342+0000] {subprocess.py:93} INFO - [0m07:15:35  3 of 5 START sql table model driven_staging.dim_finance ........................ [RUN]
[2025-04-10T07:15:37.314+0000] {subprocess.py:93} INFO - [0m07:15:37  3 of 5 OK created sql table model driven_staging.dim_finance ................... [[32mSELECT 855443[0m in 1.97s]
[2025-04-10T07:15:37.323+0000] {subprocess.py:93} INFO - [0m07:15:37  4 of 5 START sql table model driven_staging.dim_person ......................... [RUN]
[2025-04-10T07:16:10.425+0000] {subprocess.py:93} INFO - [0m07:16:10  4 of 5 OK created sql table model driven_staging.dim_person .................... [[32mSELECT 855443[0m in 33.09s]
[2025-04-10T07:16:10.436+0000] {subprocess.py:93} INFO - [0m07:16:10  5 of 5 START sql table model driven_staging.fact_network_usage ................. [RUN]
[2025-04-10T07:16:26.837+0000] {subprocess.py:93} INFO - [0m07:16:26  5 of 5 OK created sql table model driven_staging.fact_network_usage ............ [[32mSELECT 855443[0m in 16.38s]
[2025-04-10T07:16:26.928+0000] {subprocess.py:93} INFO - [0m07:16:26
[2025-04-10T07:16:26.935+0000] {subprocess.py:93} INFO - [0m07:16:26  Finished running 5 table models in 0 hours 0 minutes and 56.50 seconds (56.50s).
[2025-04-10T07:16:27.151+0000] {subprocess.py:93} INFO - [0m07:16:27
[2025-04-10T07:16:27.152+0000] {subprocess.py:93} INFO - [0m07:16:27  [32mCompleted successfully[0m
[2025-04-10T07:16:27.153+0000] {subprocess.py:93} INFO - [0m07:16:27
[2025-04-10T07:16:27.155+0000] {subprocess.py:93} INFO - [0m07:16:27  Done. PASS=5 WARN=0 ERROR=0 SKIP=0 TOTAL=5
[2025-04-10T07:16:30.035+0000] {subprocess.py:97} INFO - Command exited with return code 0
[2025-04-10T07:16:30.130+0000] {taskinstance.py:340} INFO - ::group::Post task execution logs
[2025-04-10T07:16:30.132+0000] {taskinstance.py:352} INFO - Marking task as SUCCESS. dag_id=extract_raw_data_pipeline, task_id=run_dbt_staging, run_id=scheduled__2025-04-10T07:14:00+00:00, execution_date=20250410T071400, start_date=20250410T071521, end_date=20250410T071630
[2025-04-10T07:16:30.242+0000] {local_task_job_runner.py:266} INFO - Task exited with return code 0
[2025-04-10T07:16:30.323+0000] {taskinstance.py:3900} INFO - 1 downstream tasks scheduled from follow-on schedule check
[2025-04-10T07:16:30.331+0000] {local_task_job_runner.py:245} INFO - ::endgroup::
