[2025-04-09T07:42:08.628+0000] {local_task_job_runner.py:123} INFO - ::group::Pre task execution logs
[2025-04-09T07:42:08.651+0000] {taskinstance.py:2612} INFO - Dependencies all met for dep_context=non-requeueable deps ti=<TaskInstance: extract_raw_data_pipeline.run_dbt_staging scheduled__2025-04-09T07:41:00+00:00 [queued]>
[2025-04-09T07:42:08.663+0000] {taskinstance.py:2612} INFO - Dependencies all met for dep_context=requeueable deps ti=<TaskInstance: extract_raw_data_pipeline.run_dbt_staging scheduled__2025-04-09T07:41:00+00:00 [queued]>
[2025-04-09T07:42:08.664+0000] {taskinstance.py:2865} INFO - Starting attempt 1 of 1
[2025-04-09T07:42:08.686+0000] {taskinstance.py:2888} INFO - Executing <Task(BashOperator): run_dbt_staging> on 2025-04-09 07:41:00+00:00
[2025-04-09T07:42:08.695+0000] {warnings.py:112} WARNING - /home/***/.local/lib/python3.12/site-packages/***/task/task_runner/standard_task_runner.py:70: DeprecationWarning: This process (pid=3456) is multi-threaded, use of fork() may lead to deadlocks in the child.
  pid = os.fork()

[2025-04-09T07:42:08.698+0000] {standard_task_runner.py:72} INFO - Started process 3458 to run task
[2025-04-09T07:42:08.698+0000] {standard_task_runner.py:104} INFO - Running: ['***', 'tasks', 'run', 'extract_raw_data_pipeline', 'run_dbt_staging', 'scheduled__2025-04-09T07:41:00+00:00', '--job-id', '325', '--raw', '--subdir', 'DAGS_FOLDER/driven_data_pipeline.py', '--cfg-path', '/tmp/tmpecpoz68_']
[2025-04-09T07:42:08.700+0000] {standard_task_runner.py:105} INFO - Job 325: Subtask run_dbt_staging
[2025-04-09T07:42:08.765+0000] {task_command.py:467} INFO - Running <TaskInstance: extract_raw_data_pipeline.run_dbt_staging scheduled__2025-04-09T07:41:00+00:00 [running]> on host c829a6b69367
[2025-04-09T07:42:08.884+0000] {taskinstance.py:3131} INFO - Exporting env vars: AIRFLOW_CTX_DAG_OWNER='***' AIRFLOW_CTX_DAG_ID='extract_raw_data_pipeline' AIRFLOW_CTX_TASK_ID='run_dbt_staging' AIRFLOW_CTX_EXECUTION_DATE='2025-04-09T07:41:00+00:00' AIRFLOW_CTX_TRY_NUMBER='1' AIRFLOW_CTX_DAG_RUN_ID='scheduled__2025-04-09T07:41:00+00:00'
[2025-04-09T07:42:08.886+0000] {taskinstance.py:731} INFO - ::endgroup::
[2025-04-09T07:42:08.904+0000] {subprocess.py:63} INFO - Tmp dir root location: /tmp
[2025-04-09T07:42:08.906+0000] {subprocess.py:75} INFO - Running command: ['/usr/bin/bash', '-c', 'set -x; cd /opt/***/dbt && dbt run --select tag:staging']
[2025-04-09T07:42:08.924+0000] {subprocess.py:86} INFO - Output:
[2025-04-09T07:42:08.926+0000] {subprocess.py:93} INFO - + cd /opt/***/dbt
[2025-04-09T07:42:08.927+0000] {subprocess.py:93} INFO - + dbt run --select tag:staging
[2025-04-09T07:42:11.267+0000] {subprocess.py:93} INFO - [0m07:42:11  Running with dbt=1.8.0
[2025-04-09T07:42:11.544+0000] {subprocess.py:93} INFO - [0m07:42:11  Registered adapter: postgres=1.8.2
[2025-04-09T07:42:12.022+0000] {subprocess.py:93} INFO - [0m07:42:12  Found 9 models, 10 sources, 428 macros
[2025-04-09T07:42:12.025+0000] {subprocess.py:93} INFO - [0m07:42:12
[2025-04-09T07:42:12.163+0000] {subprocess.py:93} INFO - [0m07:42:12  Concurrency: 1 threads (target='dev')
[2025-04-09T07:42:12.164+0000] {subprocess.py:93} INFO - [0m07:42:12
[2025-04-09T07:42:12.177+0000] {subprocess.py:93} INFO - [0m07:42:12  1 of 5 START sql table model driven_staging.dim_address ........................ [RUN]
[2025-04-09T07:42:12.913+0000] {subprocess.py:93} INFO - [0m07:42:12  1 of 5 OK created sql table model driven_staging.dim_address ................... [[32mSELECT 373438[0m in 0.73s]
[2025-04-09T07:42:12.916+0000] {subprocess.py:93} INFO - [0m07:42:12  2 of 5 START sql table model driven_staging.dim_date ........................... [RUN]
[2025-04-09T07:42:13.301+0000] {subprocess.py:93} INFO - [0m07:42:13  2 of 5 OK created sql table model driven_staging.dim_date ...................... [[32mSELECT 373438[0m in 0.38s]
[2025-04-09T07:42:13.304+0000] {subprocess.py:93} INFO - [0m07:42:13  3 of 5 START sql table model driven_staging.dim_finance ........................ [RUN]
[2025-04-09T07:42:13.744+0000] {subprocess.py:93} INFO - [0m07:42:13  3 of 5 OK created sql table model driven_staging.dim_finance ................... [[32mSELECT 373438[0m in 0.43s]
[2025-04-09T07:42:13.748+0000] {subprocess.py:93} INFO - [0m07:42:13  4 of 5 START sql table model driven_staging.dim_person ......................... [RUN]
[2025-04-09T07:42:14.332+0000] {subprocess.py:93} INFO - [0m07:42:14  4 of 5 OK created sql table model driven_staging.dim_person .................... [[32mSELECT 373438[0m in 0.58s]
[2025-04-09T07:42:14.337+0000] {subprocess.py:93} INFO - [0m07:42:14  5 of 5 START sql table model driven_staging.fact_network_usage ................. [RUN]
[2025-04-09T07:42:14.851+0000] {subprocess.py:93} INFO - [0m07:42:14  5 of 5 OK created sql table model driven_staging.fact_network_usage ............ [[32mSELECT 373438[0m in 0.51s]
[2025-04-09T07:42:14.871+0000] {subprocess.py:93} INFO - [0m07:42:14
[2025-04-09T07:42:14.872+0000] {subprocess.py:93} INFO - [0m07:42:14  Finished running 5 table models in 0 hours 0 minutes and 2.85 seconds (2.85s).
[2025-04-09T07:42:14.943+0000] {subprocess.py:93} INFO - [0m07:42:14
[2025-04-09T07:42:14.945+0000] {subprocess.py:93} INFO - [0m07:42:14  [32mCompleted successfully[0m
[2025-04-09T07:42:14.945+0000] {subprocess.py:93} INFO - [0m07:42:14
[2025-04-09T07:42:14.946+0000] {subprocess.py:93} INFO - [0m07:42:14  Done. PASS=5 WARN=0 ERROR=0 SKIP=0 TOTAL=5
[2025-04-09T07:42:16.247+0000] {subprocess.py:97} INFO - Command exited with return code 0
[2025-04-09T07:42:16.286+0000] {taskinstance.py:340} INFO - ::group::Post task execution logs
[2025-04-09T07:42:16.287+0000] {taskinstance.py:352} INFO - Marking task as SUCCESS. dag_id=extract_raw_data_pipeline, task_id=run_dbt_staging, run_id=scheduled__2025-04-09T07:41:00+00:00, execution_date=20250409T074100, start_date=20250409T074208, end_date=20250409T074216
[2025-04-09T07:42:16.341+0000] {local_task_job_runner.py:266} INFO - Task exited with return code 0
[2025-04-09T07:42:16.369+0000] {taskinstance.py:3900} INFO - 1 downstream tasks scheduled from follow-on schedule check
[2025-04-09T07:42:16.372+0000] {local_task_job_runner.py:245} INFO - ::endgroup::
