[2025-04-10T07:16:33.566+0000] {local_task_job_runner.py:123} INFO - ::group::Pre task execution logs
[2025-04-10T07:16:33.611+0000] {taskinstance.py:2612} INFO - Dependencies all met for dep_context=non-requeueable deps ti=<TaskInstance: extract_raw_data_pipeline.run_dbt_trusted scheduled__2025-04-10T07:14:00+00:00 [queued]>
[2025-04-10T07:16:33.643+0000] {taskinstance.py:2612} INFO - Dependencies all met for dep_context=requeueable deps ti=<TaskInstance: extract_raw_data_pipeline.run_dbt_trusted scheduled__2025-04-10T07:14:00+00:00 [queued]>
[2025-04-10T07:16:33.644+0000] {taskinstance.py:2865} INFO - Starting attempt 1 of 1
[2025-04-10T07:16:33.690+0000] {taskinstance.py:2888} INFO - Executing <Task(BashOperator): run_dbt_trusted> on 2025-04-10 07:14:00+00:00
[2025-04-10T07:16:33.714+0000] {warnings.py:112} WARNING - /home/***/.local/lib/python3.12/site-packages/***/task/task_runner/standard_task_runner.py:70: DeprecationWarning: This process (pid=3176) is multi-threaded, use of fork() may lead to deadlocks in the child.
  pid = os.fork()

[2025-04-10T07:16:33.717+0000] {standard_task_runner.py:72} INFO - Started process 3178 to run task
[2025-04-10T07:16:33.718+0000] {standard_task_runner.py:104} INFO - Running: ['***', 'tasks', 'run', 'extract_raw_data_pipeline', 'run_dbt_trusted', 'scheduled__2025-04-10T07:14:00+00:00', '--job-id', '531', '--raw', '--subdir', 'DAGS_FOLDER/driven_data_pipeline.py', '--cfg-path', '/tmp/tmp46m77ab0']
[2025-04-10T07:16:33.721+0000] {standard_task_runner.py:105} INFO - Job 531: Subtask run_dbt_trusted
[2025-04-10T07:16:33.876+0000] {task_command.py:467} INFO - Running <TaskInstance: extract_raw_data_pipeline.run_dbt_trusted scheduled__2025-04-10T07:14:00+00:00 [running]> on host c829a6b69367
[2025-04-10T07:16:34.170+0000] {taskinstance.py:3131} INFO - Exporting env vars: AIRFLOW_CTX_DAG_OWNER='***' AIRFLOW_CTX_DAG_ID='extract_raw_data_pipeline' AIRFLOW_CTX_TASK_ID='run_dbt_trusted' AIRFLOW_CTX_EXECUTION_DATE='2025-04-10T07:14:00+00:00' AIRFLOW_CTX_TRY_NUMBER='1' AIRFLOW_CTX_DAG_RUN_ID='scheduled__2025-04-10T07:14:00+00:00'
[2025-04-10T07:16:34.173+0000] {taskinstance.py:731} INFO - ::endgroup::
[2025-04-10T07:16:34.224+0000] {subprocess.py:63} INFO - Tmp dir root location: /tmp
[2025-04-10T07:16:34.230+0000] {subprocess.py:75} INFO - Running command: ['/usr/bin/bash', '-c', 'set -x; cd /opt/***/dbt && dbt run --select tag:trusted']
[2025-04-10T07:16:34.278+0000] {subprocess.py:86} INFO - Output:
[2025-04-10T07:16:34.286+0000] {subprocess.py:93} INFO - + cd /opt/***/dbt
[2025-04-10T07:16:34.287+0000] {subprocess.py:93} INFO - + dbt run --select tag:trusted
[2025-04-10T07:16:38.441+0000] {subprocess.py:93} INFO - [0m07:16:38  Running with dbt=1.8.0
[2025-04-10T07:16:38.942+0000] {subprocess.py:93} INFO - [0m07:16:38  Registered adapter: postgres=1.8.2
[2025-04-10T07:16:39.842+0000] {subprocess.py:93} INFO - [0m07:16:39  Found 9 models, 10 sources, 428 macros
[2025-04-10T07:16:39.850+0000] {subprocess.py:93} INFO - [0m07:16:39
[2025-04-10T07:16:40.126+0000] {subprocess.py:93} INFO - [0m07:16:40  Concurrency: 1 threads (target='dev')
[2025-04-10T07:16:40.130+0000] {subprocess.py:93} INFO - [0m07:16:40
[2025-04-10T07:16:40.164+0000] {subprocess.py:93} INFO - [0m07:16:40  1 of 4 START sql table model driven_trusted.non_pii_data ....................... [RUN]
[2025-04-10T07:17:35.390+0000] {subprocess.py:93} INFO - [0m07:17:35  1 of 4 OK created sql table model driven_trusted.non_pii_data .................. [[32mSELECT 855443[0m in 55.22s]
[2025-04-10T07:17:35.394+0000] {subprocess.py:93} INFO - [0m07:17:35  2 of 4 START sql table model driven_trusted.payment_data ....................... [RUN]
[2025-04-10T07:17:39.512+0000] {subprocess.py:93} INFO - [0m07:17:39  2 of 4 OK created sql table model driven_trusted.payment_data .................. [[32mSELECT 855443[0m in 4.11s]
[2025-04-10T07:17:39.523+0000] {subprocess.py:93} INFO - [0m07:17:39  3 of 4 START sql table model driven_trusted.pii_data ........................... [RUN]
[2025-04-10T07:18:11.862+0000] {subprocess.py:93} INFO - [0m07:18:11  3 of 4 OK created sql table model driven_trusted.pii_data ...................... [[32mSELECT 855443[0m in 32.33s]
[2025-04-10T07:18:11.880+0000] {subprocess.py:93} INFO - [0m07:18:11  4 of 4 START sql table model driven_trusted.technical_data ..................... [RUN]
[2025-04-10T07:18:19.135+0000] {subprocess.py:93} INFO - [0m07:18:19  4 of 4 OK created sql table model driven_trusted.technical_data ................ [[32mSELECT 855443[0m in 7.24s]
[2025-04-10T07:18:19.197+0000] {subprocess.py:93} INFO - [0m07:18:19
[2025-04-10T07:18:19.199+0000] {subprocess.py:93} INFO - [0m07:18:19  Finished running 4 table models in 0 hours 1 minutes and 39.34 seconds (99.34s).
[2025-04-10T07:18:19.445+0000] {subprocess.py:93} INFO - [0m07:18:19
[2025-04-10T07:18:19.452+0000] {subprocess.py:93} INFO - [0m07:18:19  [32mCompleted successfully[0m
[2025-04-10T07:18:19.455+0000] {subprocess.py:93} INFO - [0m07:18:19
[2025-04-10T07:18:19.457+0000] {subprocess.py:93} INFO - [0m07:18:19  Done. PASS=4 WARN=0 ERROR=0 SKIP=0 TOTAL=4
[2025-04-10T07:18:22.170+0000] {subprocess.py:97} INFO - Command exited with return code 0
[2025-04-10T07:18:22.291+0000] {taskinstance.py:340} INFO - ::group::Post task execution logs
[2025-04-10T07:18:22.296+0000] {taskinstance.py:352} INFO - Marking task as SUCCESS. dag_id=extract_raw_data_pipeline, task_id=run_dbt_trusted, run_id=scheduled__2025-04-10T07:14:00+00:00, execution_date=20250410T071400, start_date=20250410T071633, end_date=20250410T071822
[2025-04-10T07:18:22.431+0000] {local_task_job_runner.py:266} INFO - Task exited with return code 0
[2025-04-10T07:18:22.484+0000] {taskinstance.py:3900} INFO - 0 downstream tasks scheduled from follow-on schedule check
[2025-04-10T07:18:22.506+0000] {local_task_job_runner.py:245} INFO - ::endgroup::
