[2025-04-10T07:05:03.476+0000] {local_task_job_runner.py:123} INFO - ::group::Pre task execution logs
[2025-04-10T07:05:03.550+0000] {taskinstance.py:2612} INFO - Dependencies all met for dep_context=non-requeueable deps ti=<TaskInstance: extract_raw_data_pipeline.run_dbt_trusted scheduled__2025-04-10T07:03:00+00:00 [queued]>
[2025-04-10T07:05:03.616+0000] {taskinstance.py:2612} INFO - Dependencies all met for dep_context=requeueable deps ti=<TaskInstance: extract_raw_data_pipeline.run_dbt_trusted scheduled__2025-04-10T07:03:00+00:00 [queued]>
[2025-04-10T07:05:03.623+0000] {taskinstance.py:2865} INFO - Starting attempt 1 of 1
[2025-04-10T07:05:03.672+0000] {taskinstance.py:2888} INFO - Executing <Task(BashOperator): run_dbt_trusted> on 2025-04-10 07:03:00+00:00
[2025-04-10T07:05:03.695+0000] {warnings.py:112} WARNING - /home/***/.local/lib/python3.12/site-packages/***/task/task_runner/standard_task_runner.py:70: DeprecationWarning: This process (pid=2478) is multi-threaded, use of fork() may lead to deadlocks in the child.
  pid = os.fork()

[2025-04-10T07:05:03.701+0000] {standard_task_runner.py:72} INFO - Started process 2486 to run task
[2025-04-10T07:05:03.703+0000] {standard_task_runner.py:104} INFO - Running: ['***', 'tasks', 'run', 'extract_raw_data_pipeline', 'run_dbt_trusted', 'scheduled__2025-04-10T07:03:00+00:00', '--job-id', '462', '--raw', '--subdir', 'DAGS_FOLDER/driven_data_pipeline.py', '--cfg-path', '/tmp/tmpzac0hpgb']
[2025-04-10T07:05:03.710+0000] {standard_task_runner.py:105} INFO - Job 462: Subtask run_dbt_trusted
[2025-04-10T07:05:03.843+0000] {task_command.py:467} INFO - Running <TaskInstance: extract_raw_data_pipeline.run_dbt_trusted scheduled__2025-04-10T07:03:00+00:00 [running]> on host c829a6b69367
[2025-04-10T07:05:04.121+0000] {taskinstance.py:3131} INFO - Exporting env vars: AIRFLOW_CTX_DAG_OWNER='***' AIRFLOW_CTX_DAG_ID='extract_raw_data_pipeline' AIRFLOW_CTX_TASK_ID='run_dbt_trusted' AIRFLOW_CTX_EXECUTION_DATE='2025-04-10T07:03:00+00:00' AIRFLOW_CTX_TRY_NUMBER='1' AIRFLOW_CTX_DAG_RUN_ID='scheduled__2025-04-10T07:03:00+00:00'
[2025-04-10T07:05:04.127+0000] {taskinstance.py:731} INFO - ::endgroup::
[2025-04-10T07:05:04.193+0000] {subprocess.py:63} INFO - Tmp dir root location: /tmp
[2025-04-10T07:05:04.196+0000] {subprocess.py:75} INFO - Running command: ['/usr/bin/bash', '-c', 'set -x; cd /opt/***/dbt && dbt run --select tag:trusted']
[2025-04-10T07:05:04.238+0000] {subprocess.py:86} INFO - Output:
[2025-04-10T07:05:04.245+0000] {subprocess.py:93} INFO - + cd /opt/***/dbt
[2025-04-10T07:05:04.246+0000] {subprocess.py:93} INFO - + dbt run --select tag:trusted
[2025-04-10T07:05:12.461+0000] {subprocess.py:93} INFO - [0m07:05:12  Running with dbt=1.8.0
[2025-04-10T07:05:13.134+0000] {subprocess.py:93} INFO - [0m07:05:13  Registered adapter: postgres=1.8.2
[2025-04-10T07:05:14.261+0000] {subprocess.py:93} INFO - [0m07:05:14  Found 9 models, 10 sources, 428 macros
[2025-04-10T07:05:14.275+0000] {subprocess.py:93} INFO - [0m07:05:14
[2025-04-10T07:05:14.623+0000] {subprocess.py:93} INFO - [0m07:05:14  Concurrency: 1 threads (target='dev')
[2025-04-10T07:05:14.625+0000] {subprocess.py:93} INFO - [0m07:05:14
[2025-04-10T07:05:14.654+0000] {subprocess.py:93} INFO - [0m07:05:14  1 of 4 START sql table model driven_trusted.non_pii_data ....................... [RUN]
[2025-04-10T07:05:40.543+0000] {subprocess.py:93} INFO - [0m07:05:40  1 of 4 OK created sql table model driven_trusted.non_pii_data .................. [[32mSELECT 626025[0m in 25.88s]
[2025-04-10T07:05:40.550+0000] {subprocess.py:93} INFO - [0m07:05:40  2 of 4 START sql table model driven_trusted.payment_data ....................... [RUN]
[2025-04-10T07:05:43.501+0000] {subprocess.py:93} INFO - [0m07:05:43  2 of 4 OK created sql table model driven_trusted.payment_data .................. [[32mSELECT 626025[0m in 2.95s]
[2025-04-10T07:05:43.509+0000] {subprocess.py:93} INFO - [0m07:05:43  3 of 4 START sql table model driven_trusted.pii_data ........................... [RUN]
[2025-04-10T07:06:04.702+0000] {subprocess.py:93} INFO - [0m07:06:04  3 of 4 OK created sql table model driven_trusted.pii_data ...................... [[32mSELECT 626025[0m in 21.17s]
[2025-04-10T07:06:04.717+0000] {subprocess.py:93} INFO - [0m07:06:04  4 of 4 START sql table model driven_trusted.technical_data ..................... [RUN]
[2025-04-10T07:06:08.217+0000] {subprocess.py:93} INFO - [0m07:06:08  4 of 4 OK created sql table model driven_trusted.technical_data ................ [[32mSELECT 626025[0m in 3.49s]
[2025-04-10T07:06:08.253+0000] {subprocess.py:93} INFO - [0m07:06:08
[2025-04-10T07:06:08.257+0000] {subprocess.py:93} INFO - [0m07:06:08  Finished running 4 table models in 0 hours 0 minutes and 53.98 seconds (53.98s).
[2025-04-10T07:06:08.384+0000] {subprocess.py:93} INFO - [0m07:06:08
[2025-04-10T07:06:08.385+0000] {subprocess.py:93} INFO - [0m07:06:08  [32mCompleted successfully[0m
[2025-04-10T07:06:08.387+0000] {subprocess.py:93} INFO - [0m07:06:08
[2025-04-10T07:06:08.389+0000] {subprocess.py:93} INFO - [0m07:06:08  Done. PASS=4 WARN=0 ERROR=0 SKIP=0 TOTAL=4
[2025-04-10T07:06:10.462+0000] {subprocess.py:97} INFO - Command exited with return code 0
[2025-04-10T07:06:10.526+0000] {taskinstance.py:340} INFO - ::group::Post task execution logs
[2025-04-10T07:06:10.528+0000] {taskinstance.py:352} INFO - Marking task as SUCCESS. dag_id=extract_raw_data_pipeline, task_id=run_dbt_trusted, run_id=scheduled__2025-04-10T07:03:00+00:00, execution_date=20250410T070300, start_date=20250410T070503, end_date=20250410T070610
[2025-04-10T07:06:10.606+0000] {local_task_job_runner.py:266} INFO - Task exited with return code 0
[2025-04-10T07:06:10.641+0000] {taskinstance.py:3900} INFO - 0 downstream tasks scheduled from follow-on schedule check
[2025-04-10T07:06:10.644+0000] {local_task_job_runner.py:245} INFO - ::endgroup::
