[2025-04-09T07:31:01.910+0000] {local_task_job_runner.py:123} INFO - ::group::Pre task execution logs
[2025-04-09T07:31:01.929+0000] {taskinstance.py:2612} INFO - Dependencies all met for dep_context=non-requeueable deps ti=<TaskInstance: extract_raw_data_pipeline.extract_raw_data scheduled__2025-04-09T07:30:00+00:00 [queued]>
[2025-04-09T07:31:01.939+0000] {taskinstance.py:2612} INFO - Dependencies all met for dep_context=requeueable deps ti=<TaskInstance: extract_raw_data_pipeline.extract_raw_data scheduled__2025-04-09T07:30:00+00:00 [queued]>
[2025-04-09T07:31:01.940+0000] {taskinstance.py:2865} INFO - Starting attempt 1 of 1
[2025-04-09T07:31:01.960+0000] {taskinstance.py:2888} INFO - Executing <Task(PythonOperator): extract_raw_data> on 2025-04-09 07:30:00+00:00
[2025-04-09T07:31:01.969+0000] {warnings.py:112} WARNING - /home/***/.local/lib/python3.12/site-packages/***/task/task_runner/standard_task_runner.py:70: DeprecationWarning: This process (pid=2818) is multi-threaded, use of fork() may lead to deadlocks in the child.
  pid = os.fork()

[2025-04-09T07:31:01.971+0000] {standard_task_runner.py:72} INFO - Started process 2823 to run task
[2025-04-09T07:31:01.971+0000] {standard_task_runner.py:104} INFO - Running: ['***', 'tasks', 'run', 'extract_raw_data_pipeline', 'extract_raw_data', 'scheduled__2025-04-09T07:30:00+00:00', '--job-id', '258', '--raw', '--subdir', 'DAGS_FOLDER/driven_data_pipeline.py', '--cfg-path', '/tmp/tmpwdjlj7ej']
[2025-04-09T07:31:01.973+0000] {standard_task_runner.py:105} INFO - Job 258: Subtask extract_raw_data
[2025-04-09T07:31:02.027+0000] {task_command.py:467} INFO - Running <TaskInstance: extract_raw_data_pipeline.extract_raw_data scheduled__2025-04-09T07:30:00+00:00 [running]> on host c829a6b69367
[2025-04-09T07:31:02.123+0000] {taskinstance.py:3131} INFO - Exporting env vars: AIRFLOW_CTX_DAG_OWNER='***' AIRFLOW_CTX_DAG_ID='extract_raw_data_pipeline' AIRFLOW_CTX_TASK_ID='extract_raw_data' AIRFLOW_CTX_EXECUTION_DATE='2025-04-09T07:30:00+00:00' AIRFLOW_CTX_TRY_NUMBER='1' AIRFLOW_CTX_DAG_RUN_ID='scheduled__2025-04-09T07:30:00+00:00'
[2025-04-09T07:31:02.125+0000] {taskinstance.py:731} INFO - ::endgroup::
[2025-04-09T07:31:02.139+0000] {driven_data_pipeline.py:143} INFO - Started batch processing for 2025-04-09.
[2025-04-09T07:31:02.140+0000] {driven_data_pipeline.py:34} INFO - Created synthetic data for RO country code.
[2025-04-09T07:31:02.515+0000] {driven_data_pipeline.py:100} INFO - Written 1076 records to the CSV file.
[2025-04-09T07:31:02.574+0000] {driven_data_pipeline.py:116} INFO - Added UUID to the dataset.
[2025-04-09T07:31:02.606+0000] {driven_data_pipeline.py:135} INFO - Updated accessed timestamp.
[2025-04-09T07:31:02.607+0000] {driven_data_pipeline.py:151} INFO - Finished batch processing 2025-04-09.
[2025-04-09T07:31:02.608+0000] {python.py:240} INFO - Done. Returned value was: None
[2025-04-09T07:31:02.622+0000] {taskinstance.py:340} INFO - ::group::Post task execution logs
[2025-04-09T07:31:02.623+0000] {taskinstance.py:352} INFO - Marking task as SUCCESS. dag_id=extract_raw_data_pipeline, task_id=extract_raw_data, run_id=scheduled__2025-04-09T07:30:00+00:00, execution_date=20250409T073000, start_date=20250409T073101, end_date=20250409T073102
[2025-04-09T07:31:02.673+0000] {local_task_job_runner.py:266} INFO - Task exited with return code 0
[2025-04-09T07:31:02.708+0000] {taskinstance.py:3900} INFO - 1 downstream tasks scheduled from follow-on schedule check
[2025-04-09T07:31:02.710+0000] {local_task_job_runner.py:245} INFO - ::endgroup::
