[2025-04-09T07:14:14.453+0000] {local_task_job_runner.py:123} INFO - ::group::Pre task execution logs
[2025-04-09T07:14:14.479+0000] {taskinstance.py:2612} INFO - Dependencies all met for dep_context=non-requeueable deps ti=<TaskInstance: extract_raw_data_pipeline.run_dbt_trusted scheduled__2025-04-09T07:13:00+00:00 [queued]>
[2025-04-09T07:14:14.490+0000] {taskinstance.py:2612} INFO - Dependencies all met for dep_context=requeueable deps ti=<TaskInstance: extract_raw_data_pipeline.run_dbt_trusted scheduled__2025-04-09T07:13:00+00:00 [queued]>
[2025-04-09T07:14:14.491+0000] {taskinstance.py:2865} INFO - Starting attempt 1 of 1
[2025-04-09T07:14:14.519+0000] {taskinstance.py:2888} INFO - Executing <Task(BashOperator): run_dbt_trusted> on 2025-04-09 07:13:00+00:00
[2025-04-09T07:14:14.530+0000] {warnings.py:112} WARNING - /home/***/.local/lib/python3.12/site-packages/***/task/task_runner/standard_task_runner.py:70: DeprecationWarning: This process (pid=1777) is multi-threaded, use of fork() may lead to deadlocks in the child.
  pid = os.fork()

[2025-04-09T07:14:14.533+0000] {standard_task_runner.py:72} INFO - Started process 1779 to run task
[2025-04-09T07:14:14.534+0000] {standard_task_runner.py:104} INFO - Running: ['***', 'tasks', 'run', 'extract_raw_data_pipeline', 'run_dbt_trusted', 'scheduled__2025-04-09T07:13:00+00:00', '--job-id', '154', '--raw', '--subdir', 'DAGS_FOLDER/driven_data_pipeline.py', '--cfg-path', '/tmp/tmplychmy34']
[2025-04-09T07:14:14.536+0000] {standard_task_runner.py:105} INFO - Job 154: Subtask run_dbt_trusted
[2025-04-09T07:14:14.615+0000] {task_command.py:467} INFO - Running <TaskInstance: extract_raw_data_pipeline.run_dbt_trusted scheduled__2025-04-09T07:13:00+00:00 [running]> on host c829a6b69367
[2025-04-09T07:14:14.780+0000] {taskinstance.py:3131} INFO - Exporting env vars: AIRFLOW_CTX_DAG_OWNER='***' AIRFLOW_CTX_DAG_ID='extract_raw_data_pipeline' AIRFLOW_CTX_TASK_ID='run_dbt_trusted' AIRFLOW_CTX_EXECUTION_DATE='2025-04-09T07:13:00+00:00' AIRFLOW_CTX_TRY_NUMBER='1' AIRFLOW_CTX_DAG_RUN_ID='scheduled__2025-04-09T07:13:00+00:00'
[2025-04-09T07:14:14.783+0000] {taskinstance.py:731} INFO - ::endgroup::
[2025-04-09T07:14:14.809+0000] {subprocess.py:63} INFO - Tmp dir root location: /tmp
[2025-04-09T07:14:14.819+0000] {subprocess.py:75} INFO - Running command: ['/usr/bin/bash', '-c', 'set -x; cd /opt/***/dbt && dbt run --select tag:trusted']
[2025-04-09T07:14:14.845+0000] {subprocess.py:86} INFO - Output:
[2025-04-09T07:14:14.848+0000] {subprocess.py:93} INFO - + cd /opt/***/dbt
[2025-04-09T07:14:14.849+0000] {subprocess.py:93} INFO - + dbt run --select tag:trusted
[2025-04-09T07:14:17.698+0000] {subprocess.py:93} INFO - [0m07:14:17  Running with dbt=1.8.0
[2025-04-09T07:14:17.989+0000] {subprocess.py:93} INFO - [0m07:14:17  Registered adapter: postgres=1.8.2
[2025-04-09T07:14:18.492+0000] {subprocess.py:93} INFO - [0m07:14:18  Found 9 models, 10 sources, 428 macros
[2025-04-09T07:14:18.495+0000] {subprocess.py:93} INFO - [0m07:14:18
[2025-04-09T07:14:18.641+0000] {subprocess.py:93} INFO - [0m07:14:18  Concurrency: 1 threads (target='dev')
[2025-04-09T07:14:18.642+0000] {subprocess.py:93} INFO - [0m07:14:18
[2025-04-09T07:14:18.657+0000] {subprocess.py:93} INFO - [0m07:14:18  1 of 4 START sql table model driven_trusted.non_pii_data ....................... [RUN]
[2025-04-09T07:14:20.114+0000] {subprocess.py:93} INFO - [0m07:14:20  1 of 4 OK created sql table model driven_trusted.non_pii_data .................. [[32mSELECT 61991[0m in 1.46s]
[2025-04-09T07:14:20.117+0000] {subprocess.py:93} INFO - [0m07:14:20  2 of 4 START sql table model driven_trusted.payment_data ....................... [RUN]
[2025-04-09T07:14:20.483+0000] {subprocess.py:93} INFO - [0m07:14:20  2 of 4 OK created sql table model driven_trusted.payment_data .................. [[32mSELECT 61991[0m in 0.36s]
[2025-04-09T07:14:20.485+0000] {subprocess.py:93} INFO - [0m07:14:20  3 of 4 START sql table model driven_trusted.pii_data ........................... [RUN]
[2025-04-09T07:14:22.024+0000] {subprocess.py:93} INFO - [0m07:14:22  3 of 4 OK created sql table model driven_trusted.pii_data ...................... [[32mSELECT 61991[0m in 1.54s]
[2025-04-09T07:14:22.027+0000] {subprocess.py:93} INFO - [0m07:14:22  4 of 4 START sql table model driven_trusted.technical_data ..................... [RUN]
[2025-04-09T07:14:22.448+0000] {subprocess.py:93} INFO - [0m07:14:22  4 of 4 OK created sql table model driven_trusted.technical_data ................ [[32mSELECT 61991[0m in 0.42s]
[2025-04-09T07:14:22.462+0000] {subprocess.py:93} INFO - [0m07:14:22
[2025-04-09T07:14:22.462+0000] {subprocess.py:93} INFO - [0m07:14:22  Finished running 4 table models in 0 hours 0 minutes and 3.97 seconds (3.97s).
[2025-04-09T07:14:22.520+0000] {subprocess.py:93} INFO - [0m07:14:22
[2025-04-09T07:14:22.520+0000] {subprocess.py:93} INFO - [0m07:14:22  [32mCompleted successfully[0m
[2025-04-09T07:14:22.521+0000] {subprocess.py:93} INFO - [0m07:14:22
[2025-04-09T07:14:22.522+0000] {subprocess.py:93} INFO - [0m07:14:22  Done. PASS=4 WARN=0 ERROR=0 SKIP=0 TOTAL=4
[2025-04-09T07:14:23.576+0000] {subprocess.py:97} INFO - Command exited with return code 0
[2025-04-09T07:14:23.610+0000] {taskinstance.py:340} INFO - ::group::Post task execution logs
[2025-04-09T07:14:23.611+0000] {taskinstance.py:352} INFO - Marking task as SUCCESS. dag_id=extract_raw_data_pipeline, task_id=run_dbt_trusted, run_id=scheduled__2025-04-09T07:13:00+00:00, execution_date=20250409T071300, start_date=20250409T071414, end_date=20250409T071423
[2025-04-09T07:14:23.636+0000] {local_task_job_runner.py:266} INFO - Task exited with return code 0
[2025-04-09T07:14:23.653+0000] {taskinstance.py:3900} INFO - 0 downstream tasks scheduled from follow-on schedule check
[2025-04-09T07:14:23.656+0000] {local_task_job_runner.py:245} INFO - ::endgroup::
