[2025-04-10T07:01:43.348+0000] {local_task_job_runner.py:123} INFO - ::group::Pre task execution logs
[2025-04-10T07:01:43.378+0000] {taskinstance.py:2612} INFO - Dependencies all met for dep_context=non-requeueable deps ti=<TaskInstance: extract_raw_data_pipeline.run_dbt_trusted scheduled__2025-04-10T07:00:00+00:00 [queued]>
[2025-04-10T07:01:43.394+0000] {taskinstance.py:2612} INFO - Dependencies all met for dep_context=requeueable deps ti=<TaskInstance: extract_raw_data_pipeline.run_dbt_trusted scheduled__2025-04-10T07:00:00+00:00 [queued]>
[2025-04-10T07:01:43.395+0000] {taskinstance.py:2865} INFO - Starting attempt 1 of 1
[2025-04-10T07:01:43.419+0000] {taskinstance.py:2888} INFO - Executing <Task(BashOperator): run_dbt_trusted> on 2025-04-10 07:00:00+00:00
[2025-04-10T07:01:43.433+0000] {warnings.py:112} WARNING - /home/***/.local/lib/python3.12/site-packages/***/task/task_runner/standard_task_runner.py:70: DeprecationWarning: This process (pid=2296) is multi-threaded, use of fork() may lead to deadlocks in the child.
  pid = os.fork()

[2025-04-10T07:01:43.437+0000] {standard_task_runner.py:72} INFO - Started process 2298 to run task
[2025-04-10T07:01:43.438+0000] {standard_task_runner.py:104} INFO - Running: ['***', 'tasks', 'run', 'extract_raw_data_pipeline', 'run_dbt_trusted', 'scheduled__2025-04-10T07:00:00+00:00', '--job-id', '442', '--raw', '--subdir', 'DAGS_FOLDER/driven_data_pipeline.py', '--cfg-path', '/tmp/tmpkic0suwh']
[2025-04-10T07:01:43.440+0000] {standard_task_runner.py:105} INFO - Job 442: Subtask run_dbt_trusted
[2025-04-10T07:01:43.521+0000] {task_command.py:467} INFO - Running <TaskInstance: extract_raw_data_pipeline.run_dbt_trusted scheduled__2025-04-10T07:00:00+00:00 [running]> on host c829a6b69367
[2025-04-10T07:01:43.666+0000] {taskinstance.py:3131} INFO - Exporting env vars: AIRFLOW_CTX_DAG_OWNER='***' AIRFLOW_CTX_DAG_ID='extract_raw_data_pipeline' AIRFLOW_CTX_TASK_ID='run_dbt_trusted' AIRFLOW_CTX_EXECUTION_DATE='2025-04-10T07:00:00+00:00' AIRFLOW_CTX_TRY_NUMBER='1' AIRFLOW_CTX_DAG_RUN_ID='scheduled__2025-04-10T07:00:00+00:00'
[2025-04-10T07:01:43.668+0000] {taskinstance.py:731} INFO - ::endgroup::
[2025-04-10T07:01:43.686+0000] {subprocess.py:63} INFO - Tmp dir root location: /tmp
[2025-04-10T07:01:43.688+0000] {subprocess.py:75} INFO - Running command: ['/usr/bin/bash', '-c', 'set -x; cd /opt/***/dbt && dbt run --select tag:trusted']
[2025-04-10T07:01:43.708+0000] {subprocess.py:86} INFO - Output:
[2025-04-10T07:01:43.710+0000] {subprocess.py:93} INFO - + cd /opt/***/dbt
[2025-04-10T07:01:43.711+0000] {subprocess.py:93} INFO - + dbt run --select tag:trusted
[2025-04-10T07:01:47.293+0000] {subprocess.py:93} INFO - [0m07:01:47  Running with dbt=1.8.0
[2025-04-10T07:01:47.858+0000] {subprocess.py:93} INFO - [0m07:01:47  Registered adapter: postgres=1.8.2
[2025-04-10T07:01:48.688+0000] {subprocess.py:93} INFO - [0m07:01:48  Found 9 models, 10 sources, 428 macros
[2025-04-10T07:01:48.694+0000] {subprocess.py:93} INFO - [0m07:01:48
[2025-04-10T07:01:48.962+0000] {subprocess.py:93} INFO - [0m07:01:48  Concurrency: 1 threads (target='dev')
[2025-04-10T07:01:48.964+0000] {subprocess.py:93} INFO - [0m07:01:48
[2025-04-10T07:01:48.992+0000] {subprocess.py:93} INFO - [0m07:01:48  1 of 4 START sql table model driven_trusted.non_pii_data ....................... [RUN]
[2025-04-10T07:02:07.468+0000] {subprocess.py:93} INFO - [0m07:02:07  1 of 4 OK created sql table model driven_trusted.non_pii_data .................. [[32mSELECT 577441[0m in 18.47s]
[2025-04-10T07:02:07.475+0000] {subprocess.py:93} INFO - [0m07:02:07  2 of 4 START sql table model driven_trusted.payment_data ....................... [RUN]
[2025-04-10T07:02:17.970+0000] {subprocess.py:93} INFO - [0m07:02:17  2 of 4 OK created sql table model driven_trusted.payment_data .................. [[32mSELECT 577441[0m in 10.49s]
[2025-04-10T07:02:17.980+0000] {subprocess.py:93} INFO - [0m07:02:17  3 of 4 START sql table model driven_trusted.pii_data ........................... [RUN]
[2025-04-10T07:02:36.401+0000] {subprocess.py:93} INFO - [0m07:02:36  3 of 4 OK created sql table model driven_trusted.pii_data ...................... [[32mSELECT 577441[0m in 18.42s]
[2025-04-10T07:02:36.406+0000] {subprocess.py:93} INFO - [0m07:02:36  4 of 4 START sql table model driven_trusted.technical_data ..................... [RUN]
[2025-04-10T07:02:44.738+0000] {subprocess.py:93} INFO - [0m07:02:44  4 of 4 OK created sql table model driven_trusted.technical_data ................ [[32mSELECT 577441[0m in 8.33s]
[2025-04-10T07:02:44.764+0000] {subprocess.py:93} INFO - [0m07:02:44
[2025-04-10T07:02:44.765+0000] {subprocess.py:93} INFO - [0m07:02:44  Finished running 4 table models in 0 hours 0 minutes and 56.07 seconds (56.07s).
[2025-04-10T07:02:44.853+0000] {subprocess.py:93} INFO - [0m07:02:44
[2025-04-10T07:02:44.855+0000] {subprocess.py:93} INFO - [0m07:02:44  [32mCompleted successfully[0m
[2025-04-10T07:02:44.856+0000] {subprocess.py:93} INFO - [0m07:02:44
[2025-04-10T07:02:44.858+0000] {subprocess.py:93} INFO - [0m07:02:44  Done. PASS=4 WARN=0 ERROR=0 SKIP=0 TOTAL=4
[2025-04-10T07:02:46.710+0000] {subprocess.py:97} INFO - Command exited with return code 0
[2025-04-10T07:02:46.781+0000] {taskinstance.py:340} INFO - ::group::Post task execution logs
[2025-04-10T07:02:46.784+0000] {taskinstance.py:352} INFO - Marking task as SUCCESS. dag_id=extract_raw_data_pipeline, task_id=run_dbt_trusted, run_id=scheduled__2025-04-10T07:00:00+00:00, execution_date=20250410T070000, start_date=20250410T070143, end_date=20250410T070246
[2025-04-10T07:02:46.850+0000] {local_task_job_runner.py:266} INFO - Task exited with return code 0
[2025-04-10T07:02:46.894+0000] {taskinstance.py:3900} INFO - 0 downstream tasks scheduled from follow-on schedule check
[2025-04-10T07:02:46.897+0000] {local_task_job_runner.py:245} INFO - ::endgroup::
