[2025-04-10T07:13:46.925+0000] {local_task_job_runner.py:123} INFO - ::group::Pre task execution logs
[2025-04-10T07:13:46.977+0000] {taskinstance.py:2612} INFO - Dependencies all met for dep_context=non-requeueable deps ti=<TaskInstance: extract_raw_data_pipeline.run_dbt_trusted scheduled__2025-04-10T07:12:00+00:00 [queued]>
[2025-04-10T07:13:47.007+0000] {taskinstance.py:2612} INFO - Dependencies all met for dep_context=requeueable deps ti=<TaskInstance: extract_raw_data_pipeline.run_dbt_trusted scheduled__2025-04-10T07:12:00+00:00 [queued]>
[2025-04-10T07:13:47.009+0000] {taskinstance.py:2865} INFO - Starting attempt 1 of 1
[2025-04-10T07:13:47.060+0000] {taskinstance.py:2888} INFO - Executing <Task(BashOperator): run_dbt_trusted> on 2025-04-10 07:12:00+00:00
[2025-04-10T07:13:47.076+0000] {warnings.py:112} WARNING - /home/***/.local/lib/python3.12/site-packages/***/task/task_runner/standard_task_runner.py:70: DeprecationWarning: This process (pid=3004) is multi-threaded, use of fork() may lead to deadlocks in the child.
  pid = os.fork()

[2025-04-10T07:13:47.080+0000] {standard_task_runner.py:72} INFO - Started process 3006 to run task
[2025-04-10T07:13:47.080+0000] {standard_task_runner.py:104} INFO - Running: ['***', 'tasks', 'run', 'extract_raw_data_pipeline', 'run_dbt_trusted', 'scheduled__2025-04-10T07:12:00+00:00', '--job-id', '514', '--raw', '--subdir', 'DAGS_FOLDER/driven_data_pipeline.py', '--cfg-path', '/tmp/tmpfgfeuco7']
[2025-04-10T07:13:47.083+0000] {standard_task_runner.py:105} INFO - Job 514: Subtask run_dbt_trusted
[2025-04-10T07:13:47.214+0000] {task_command.py:467} INFO - Running <TaskInstance: extract_raw_data_pipeline.run_dbt_trusted scheduled__2025-04-10T07:12:00+00:00 [running]> on host c829a6b69367
[2025-04-10T07:13:47.503+0000] {taskinstance.py:3131} INFO - Exporting env vars: AIRFLOW_CTX_DAG_OWNER='***' AIRFLOW_CTX_DAG_ID='extract_raw_data_pipeline' AIRFLOW_CTX_TASK_ID='run_dbt_trusted' AIRFLOW_CTX_EXECUTION_DATE='2025-04-10T07:12:00+00:00' AIRFLOW_CTX_TRY_NUMBER='1' AIRFLOW_CTX_DAG_RUN_ID='scheduled__2025-04-10T07:12:00+00:00'
[2025-04-10T07:13:47.507+0000] {taskinstance.py:731} INFO - ::endgroup::
[2025-04-10T07:13:47.549+0000] {subprocess.py:63} INFO - Tmp dir root location: /tmp
[2025-04-10T07:13:47.554+0000] {subprocess.py:75} INFO - Running command: ['/usr/bin/bash', '-c', 'set -x; cd /opt/***/dbt && dbt run --select tag:trusted']
[2025-04-10T07:13:47.594+0000] {subprocess.py:86} INFO - Output:
[2025-04-10T07:13:47.598+0000] {subprocess.py:93} INFO - + cd /opt/***/dbt
[2025-04-10T07:13:47.601+0000] {subprocess.py:93} INFO - + dbt run --select tag:trusted
[2025-04-10T07:13:54.285+0000] {subprocess.py:93} INFO - [0m07:13:54  Running with dbt=1.8.0
[2025-04-10T07:13:54.888+0000] {subprocess.py:93} INFO - [0m07:13:54  Registered adapter: postgres=1.8.2
[2025-04-10T07:13:55.923+0000] {subprocess.py:93} INFO - [0m07:13:55  Found 9 models, 10 sources, 428 macros
[2025-04-10T07:13:55.931+0000] {subprocess.py:93} INFO - [0m07:13:55
[2025-04-10T07:13:56.195+0000] {subprocess.py:93} INFO - [0m07:13:56  Concurrency: 1 threads (target='dev')
[2025-04-10T07:13:56.197+0000] {subprocess.py:93} INFO - [0m07:13:56
[2025-04-10T07:13:56.220+0000] {subprocess.py:93} INFO - [0m07:13:56  1 of 4 START sql table model driven_trusted.non_pii_data ....................... [RUN]
[2025-04-10T07:14:54.982+0000] {subprocess.py:93} INFO - [0m07:14:54  1 of 4 OK created sql table model driven_trusted.non_pii_data .................. [[32mSELECT 808216[0m in 58.76s]
[2025-04-10T07:14:54.996+0000] {subprocess.py:93} INFO - [0m07:14:54  2 of 4 START sql table model driven_trusted.payment_data ....................... [RUN]
[2025-04-10T07:15:00.886+0000] {subprocess.py:93} INFO - [0m07:15:00  2 of 4 OK created sql table model driven_trusted.payment_data .................. [[32mSELECT 808216[0m in 5.87s]
[2025-04-10T07:15:00.908+0000] {subprocess.py:93} INFO - [0m07:15:00  3 of 4 START sql table model driven_trusted.pii_data ........................... [RUN]
[2025-04-10T07:15:17.501+0000] {subprocess.py:93} INFO - [0m07:15:17  3 of 4 OK created sql table model driven_trusted.pii_data ...................... [[32mSELECT 808216[0m in 16.59s]
[2025-04-10T07:15:17.513+0000] {subprocess.py:93} INFO - [0m07:15:17  4 of 4 START sql table model driven_trusted.technical_data ..................... [RUN]
[2025-04-10T07:15:21.692+0000] {subprocess.py:93} INFO - [0m07:15:21  4 of 4 OK created sql table model driven_trusted.technical_data ................ [[32mSELECT 808216[0m in 4.17s]
[2025-04-10T07:15:21.754+0000] {subprocess.py:93} INFO - [0m07:15:21
[2025-04-10T07:15:21.758+0000] {subprocess.py:93} INFO - [0m07:15:21  Finished running 4 table models in 0 hours 1 minutes and 25.82 seconds (85.82s).
[2025-04-10T07:15:21.892+0000] {subprocess.py:93} INFO - [0m07:15:21
[2025-04-10T07:15:21.894+0000] {subprocess.py:93} INFO - [0m07:15:21  [32mCompleted successfully[0m
[2025-04-10T07:15:21.896+0000] {subprocess.py:93} INFO - [0m07:15:21
[2025-04-10T07:15:21.898+0000] {subprocess.py:93} INFO - [0m07:15:21  Done. PASS=4 WARN=0 ERROR=0 SKIP=0 TOTAL=4
[2025-04-10T07:15:23.844+0000] {subprocess.py:97} INFO - Command exited with return code 0
[2025-04-10T07:15:23.998+0000] {taskinstance.py:340} INFO - ::group::Post task execution logs
[2025-04-10T07:15:24.000+0000] {taskinstance.py:352} INFO - Marking task as SUCCESS. dag_id=extract_raw_data_pipeline, task_id=run_dbt_trusted, run_id=scheduled__2025-04-10T07:12:00+00:00, execution_date=20250410T071200, start_date=20250410T071346, end_date=20250410T071524
[2025-04-10T07:15:24.115+0000] {local_task_job_runner.py:266} INFO - Task exited with return code 0
[2025-04-10T07:15:24.169+0000] {taskinstance.py:3900} INFO - 0 downstream tasks scheduled from follow-on schedule check
[2025-04-10T07:15:24.176+0000] {local_task_job_runner.py:245} INFO - ::endgroup::
