[2025-04-09T07:58:06.731+0000] {local_task_job_runner.py:123} INFO - ::group::Pre task execution logs
[2025-04-09T07:58:06.751+0000] {taskinstance.py:2612} INFO - Dependencies all met for dep_context=non-requeueable deps ti=<TaskInstance: extract_raw_data_pipeline.run_dbt_staging scheduled__2025-04-09T07:57:00+00:00 [queued]>
[2025-04-09T07:58:06.762+0000] {taskinstance.py:2612} INFO - Dependencies all met for dep_context=requeueable deps ti=<TaskInstance: extract_raw_data_pipeline.run_dbt_staging scheduled__2025-04-09T07:57:00+00:00 [queued]>
[2025-04-09T07:58:06.763+0000] {taskinstance.py:2865} INFO - Starting attempt 1 of 1
[2025-04-09T07:58:06.783+0000] {taskinstance.py:2888} INFO - Executing <Task(BashOperator): run_dbt_staging> on 2025-04-09 07:57:00+00:00
[2025-04-09T07:58:06.792+0000] {warnings.py:112} WARNING - /home/***/.local/lib/python3.12/site-packages/***/task/task_runner/standard_task_runner.py:70: DeprecationWarning: This process (pid=4424) is multi-threaded, use of fork() may lead to deadlocks in the child.
  pid = os.fork()

[2025-04-09T07:58:06.794+0000] {standard_task_runner.py:72} INFO - Started process 4426 to run task
[2025-04-09T07:58:06.794+0000] {standard_task_runner.py:104} INFO - Running: ['***', 'tasks', 'run', 'extract_raw_data_pipeline', 'run_dbt_staging', 'scheduled__2025-04-09T07:57:00+00:00', '--job-id', '421', '--raw', '--subdir', 'DAGS_FOLDER/driven_data_pipeline.py', '--cfg-path', '/tmp/tmpv5eu4xo5']
[2025-04-09T07:58:06.796+0000] {standard_task_runner.py:105} INFO - Job 421: Subtask run_dbt_staging
[2025-04-09T07:58:06.855+0000] {task_command.py:467} INFO - Running <TaskInstance: extract_raw_data_pipeline.run_dbt_staging scheduled__2025-04-09T07:57:00+00:00 [running]> on host c829a6b69367
[2025-04-09T07:58:06.957+0000] {taskinstance.py:3131} INFO - Exporting env vars: AIRFLOW_CTX_DAG_OWNER='***' AIRFLOW_CTX_DAG_ID='extract_raw_data_pipeline' AIRFLOW_CTX_TASK_ID='run_dbt_staging' AIRFLOW_CTX_EXECUTION_DATE='2025-04-09T07:57:00+00:00' AIRFLOW_CTX_TRY_NUMBER='1' AIRFLOW_CTX_DAG_RUN_ID='scheduled__2025-04-09T07:57:00+00:00'
[2025-04-09T07:58:06.959+0000] {taskinstance.py:731} INFO - ::endgroup::
[2025-04-09T07:58:06.976+0000] {subprocess.py:63} INFO - Tmp dir root location: /tmp
[2025-04-09T07:58:06.977+0000] {subprocess.py:75} INFO - Running command: ['/usr/bin/bash', '-c', 'set -x; cd /opt/***/dbt && dbt run --select tag:staging']
[2025-04-09T07:58:06.993+0000] {subprocess.py:86} INFO - Output:
[2025-04-09T07:58:06.994+0000] {subprocess.py:93} INFO - + cd /opt/***/dbt
[2025-04-09T07:58:06.995+0000] {subprocess.py:93} INFO - + dbt run --select tag:staging
[2025-04-09T07:58:09.623+0000] {subprocess.py:93} INFO - [0m07:58:09  Running with dbt=1.8.0
[2025-04-09T07:58:09.984+0000] {subprocess.py:93} INFO - [0m07:58:09  Registered adapter: postgres=1.8.2
[2025-04-09T07:58:10.571+0000] {subprocess.py:93} INFO - [0m07:58:10  Found 9 models, 10 sources, 428 macros
[2025-04-09T07:58:10.576+0000] {subprocess.py:93} INFO - [0m07:58:10
[2025-04-09T07:58:10.738+0000] {subprocess.py:93} INFO - [0m07:58:10  Concurrency: 1 threads (target='dev')
[2025-04-09T07:58:10.739+0000] {subprocess.py:93} INFO - [0m07:58:10
[2025-04-09T07:58:10.752+0000] {subprocess.py:93} INFO - [0m07:58:10  1 of 5 START sql table model driven_staging.dim_address ........................ [RUN]
[2025-04-09T07:58:12.390+0000] {subprocess.py:93} INFO - [0m07:58:12  1 of 5 OK created sql table model driven_staging.dim_address ................... [[32mSELECT 533427[0m in 1.63s]
[2025-04-09T07:58:12.394+0000] {subprocess.py:93} INFO - [0m07:58:12  2 of 5 START sql table model driven_staging.dim_date ........................... [RUN]
[2025-04-09T07:58:13.034+0000] {subprocess.py:93} INFO - [0m07:58:13  2 of 5 OK created sql table model driven_staging.dim_date ...................... [[32mSELECT 533427[0m in 0.64s]
[2025-04-09T07:58:13.037+0000] {subprocess.py:93} INFO - [0m07:58:13  3 of 5 START sql table model driven_staging.dim_finance ........................ [RUN]
[2025-04-09T07:58:13.749+0000] {subprocess.py:93} INFO - [0m07:58:13  3 of 5 OK created sql table model driven_staging.dim_finance ................... [[32mSELECT 533427[0m in 0.71s]
[2025-04-09T07:58:13.752+0000] {subprocess.py:93} INFO - [0m07:58:13  4 of 5 START sql table model driven_staging.dim_person ......................... [RUN]
[2025-04-09T07:58:15.683+0000] {subprocess.py:93} INFO - [0m07:58:15  4 of 5 OK created sql table model driven_staging.dim_person .................... [[32mSELECT 533427[0m in 1.93s]
[2025-04-09T07:58:15.686+0000] {subprocess.py:93} INFO - [0m07:58:15  5 of 5 START sql table model driven_staging.fact_network_usage ................. [RUN]
[2025-04-09T07:58:17.341+0000] {subprocess.py:93} INFO - [0m07:58:17  5 of 5 OK created sql table model driven_staging.fact_network_usage ............ [[32mSELECT 533427[0m in 1.65s]
[2025-04-09T07:58:17.359+0000] {subprocess.py:93} INFO - [0m07:58:17
[2025-04-09T07:58:17.360+0000] {subprocess.py:93} INFO - [0m07:58:17  Finished running 5 table models in 0 hours 0 minutes and 6.78 seconds (6.78s).
[2025-04-09T07:58:17.421+0000] {subprocess.py:93} INFO - [0m07:58:17
[2025-04-09T07:58:17.422+0000] {subprocess.py:93} INFO - [0m07:58:17  [32mCompleted successfully[0m
[2025-04-09T07:58:17.423+0000] {subprocess.py:93} INFO - [0m07:58:17
[2025-04-09T07:58:17.423+0000] {subprocess.py:93} INFO - [0m07:58:17  Done. PASS=5 WARN=0 ERROR=0 SKIP=0 TOTAL=5
[2025-04-09T07:58:18.626+0000] {subprocess.py:97} INFO - Command exited with return code 0
[2025-04-09T07:58:18.663+0000] {taskinstance.py:340} INFO - ::group::Post task execution logs
[2025-04-09T07:58:18.665+0000] {taskinstance.py:352} INFO - Marking task as SUCCESS. dag_id=extract_raw_data_pipeline, task_id=run_dbt_staging, run_id=scheduled__2025-04-09T07:57:00+00:00, execution_date=20250409T075700, start_date=20250409T075806, end_date=20250409T075818
[2025-04-09T07:58:18.714+0000] {local_task_job_runner.py:266} INFO - Task exited with return code 0
[2025-04-09T07:58:18.738+0000] {taskinstance.py:3900} INFO - 1 downstream tasks scheduled from follow-on schedule check
[2025-04-09T07:58:18.742+0000] {local_task_job_runner.py:245} INFO - ::endgroup::
