[2025-04-09T07:54:28.192+0000] {local_task_job_runner.py:123} INFO - ::group::Pre task execution logs
[2025-04-09T07:54:28.234+0000] {taskinstance.py:2612} INFO - Dependencies all met for dep_context=non-requeueable deps ti=<TaskInstance: extract_raw_data_pipeline.run_dbt_staging scheduled__2025-04-09T07:53:00+00:00 [queued]>
[2025-04-09T07:54:28.257+0000] {taskinstance.py:2612} INFO - Dependencies all met for dep_context=requeueable deps ti=<TaskInstance: extract_raw_data_pipeline.run_dbt_staging scheduled__2025-04-09T07:53:00+00:00 [queued]>
[2025-04-09T07:54:28.258+0000] {taskinstance.py:2865} INFO - Starting attempt 1 of 1
[2025-04-09T07:54:28.288+0000] {taskinstance.py:2888} INFO - Executing <Task(BashOperator): run_dbt_staging> on 2025-04-09 07:53:00+00:00
[2025-04-09T07:54:28.299+0000] {warnings.py:112} WARNING - /home/***/.local/lib/python3.12/site-packages/***/task/task_runner/standard_task_runner.py:70: DeprecationWarning: This process (pid=4185) is multi-threaded, use of fork() may lead to deadlocks in the child.
  pid = os.fork()

[2025-04-09T07:54:28.302+0000] {standard_task_runner.py:72} INFO - Started process 4187 to run task
[2025-04-09T07:54:28.303+0000] {standard_task_runner.py:104} INFO - Running: ['***', 'tasks', 'run', 'extract_raw_data_pipeline', 'run_dbt_staging', 'scheduled__2025-04-09T07:53:00+00:00', '--job-id', '397', '--raw', '--subdir', 'DAGS_FOLDER/driven_data_pipeline.py', '--cfg-path', '/tmp/tmpcavimxxu']
[2025-04-09T07:54:28.305+0000] {standard_task_runner.py:105} INFO - Job 397: Subtask run_dbt_staging
[2025-04-09T07:54:28.397+0000] {task_command.py:467} INFO - Running <TaskInstance: extract_raw_data_pipeline.run_dbt_staging scheduled__2025-04-09T07:53:00+00:00 [running]> on host c829a6b69367
[2025-04-09T07:54:28.547+0000] {taskinstance.py:3131} INFO - Exporting env vars: AIRFLOW_CTX_DAG_OWNER='***' AIRFLOW_CTX_DAG_ID='extract_raw_data_pipeline' AIRFLOW_CTX_TASK_ID='run_dbt_staging' AIRFLOW_CTX_EXECUTION_DATE='2025-04-09T07:53:00+00:00' AIRFLOW_CTX_TRY_NUMBER='1' AIRFLOW_CTX_DAG_RUN_ID='scheduled__2025-04-09T07:53:00+00:00'
[2025-04-09T07:54:28.549+0000] {taskinstance.py:731} INFO - ::endgroup::
[2025-04-09T07:54:28.568+0000] {subprocess.py:63} INFO - Tmp dir root location: /tmp
[2025-04-09T07:54:28.570+0000] {subprocess.py:75} INFO - Running command: ['/usr/bin/bash', '-c', 'set -x; cd /opt/***/dbt && dbt run --select tag:staging']
[2025-04-09T07:54:28.592+0000] {subprocess.py:86} INFO - Output:
[2025-04-09T07:54:28.594+0000] {subprocess.py:93} INFO - + cd /opt/***/dbt
[2025-04-09T07:54:28.595+0000] {subprocess.py:93} INFO - + dbt run --select tag:staging
[2025-04-09T07:54:31.353+0000] {subprocess.py:93} INFO - [0m07:54:31  Running with dbt=1.8.0
[2025-04-09T07:54:31.631+0000] {subprocess.py:93} INFO - [0m07:54:31  Registered adapter: postgres=1.8.2
[2025-04-09T07:54:32.133+0000] {subprocess.py:93} INFO - [0m07:54:32  Found 9 models, 10 sources, 428 macros
[2025-04-09T07:54:32.136+0000] {subprocess.py:93} INFO - [0m07:54:32
[2025-04-09T07:54:32.265+0000] {subprocess.py:93} INFO - [0m07:54:32  Concurrency: 1 threads (target='dev')
[2025-04-09T07:54:32.265+0000] {subprocess.py:93} INFO - [0m07:54:32
[2025-04-09T07:54:32.278+0000] {subprocess.py:93} INFO - [0m07:54:32  1 of 5 START sql table model driven_staging.dim_address ........................ [RUN]
[2025-04-09T07:54:33.239+0000] {subprocess.py:93} INFO - [0m07:54:33  1 of 5 OK created sql table model driven_staging.dim_address ................... [[32mSELECT 480180[0m in 0.96s]
[2025-04-09T07:54:33.243+0000] {subprocess.py:93} INFO - [0m07:54:33  2 of 5 START sql table model driven_staging.dim_date ........................... [RUN]
[2025-04-09T07:54:33.861+0000] {subprocess.py:93} INFO - [0m07:54:33  2 of 5 OK created sql table model driven_staging.dim_date ...................... [[32mSELECT 480180[0m in 0.61s]
[2025-04-09T07:54:33.866+0000] {subprocess.py:93} INFO - [0m07:54:33  3 of 5 START sql table model driven_staging.dim_finance ........................ [RUN]
[2025-04-09T07:54:34.791+0000] {subprocess.py:93} INFO - [0m07:54:34  3 of 5 OK created sql table model driven_staging.dim_finance ................... [[32mSELECT 480180[0m in 0.92s]
[2025-04-09T07:54:34.802+0000] {subprocess.py:93} INFO - [0m07:54:34  4 of 5 START sql table model driven_staging.dim_person ......................... [RUN]
[2025-04-09T07:54:35.804+0000] {subprocess.py:93} INFO - [0m07:54:35  4 of 5 OK created sql table model driven_staging.dim_person .................... [[32mSELECT 480180[0m in 1.00s]
[2025-04-09T07:54:35.807+0000] {subprocess.py:93} INFO - [0m07:54:35  5 of 5 START sql table model driven_staging.fact_network_usage ................. [RUN]
[2025-04-09T07:54:36.482+0000] {subprocess.py:93} INFO - [0m07:54:36  5 of 5 OK created sql table model driven_staging.fact_network_usage ............ [[32mSELECT 480180[0m in 0.67s]
[2025-04-09T07:54:36.501+0000] {subprocess.py:93} INFO - [0m07:54:36
[2025-04-09T07:54:36.502+0000] {subprocess.py:93} INFO - [0m07:54:36  Finished running 5 table models in 0 hours 0 minutes and 4.36 seconds (4.36s).
[2025-04-09T07:54:36.579+0000] {subprocess.py:93} INFO - [0m07:54:36
[2025-04-09T07:54:36.580+0000] {subprocess.py:93} INFO - [0m07:54:36  [32mCompleted successfully[0m
[2025-04-09T07:54:36.581+0000] {subprocess.py:93} INFO - [0m07:54:36
[2025-04-09T07:54:36.582+0000] {subprocess.py:93} INFO - [0m07:54:36  Done. PASS=5 WARN=0 ERROR=0 SKIP=0 TOTAL=5
[2025-04-09T07:54:37.822+0000] {subprocess.py:97} INFO - Command exited with return code 0
[2025-04-09T07:54:37.864+0000] {taskinstance.py:340} INFO - ::group::Post task execution logs
[2025-04-09T07:54:37.865+0000] {taskinstance.py:352} INFO - Marking task as SUCCESS. dag_id=extract_raw_data_pipeline, task_id=run_dbt_staging, run_id=scheduled__2025-04-09T07:53:00+00:00, execution_date=20250409T075300, start_date=20250409T075428, end_date=20250409T075437
[2025-04-09T07:54:37.929+0000] {local_task_job_runner.py:266} INFO - Task exited with return code 0
[2025-04-09T07:54:37.962+0000] {taskinstance.py:3900} INFO - 0 downstream tasks scheduled from follow-on schedule check
[2025-04-09T07:54:37.966+0000] {local_task_job_runner.py:245} INFO - ::endgroup::
