[2025-04-10T07:26:16.689+0000] {local_task_job_runner.py:123} INFO - ::group::Pre task execution logs
[2025-04-10T07:26:16.724+0000] {taskinstance.py:2612} INFO - Dependencies all met for dep_context=non-requeueable deps ti=<TaskInstance: extract_raw_data_pipeline.run_dbt_staging scheduled__2025-04-10T07:25:00+00:00 [queued]>
[2025-04-10T07:26:16.784+0000] {taskinstance.py:2612} INFO - Dependencies all met for dep_context=requeueable deps ti=<TaskInstance: extract_raw_data_pipeline.run_dbt_staging scheduled__2025-04-10T07:25:00+00:00 [queued]>
[2025-04-10T07:26:16.787+0000] {taskinstance.py:2865} INFO - Starting attempt 1 of 1
[2025-04-10T07:26:16.829+0000] {taskinstance.py:2888} INFO - Executing <Task(BashOperator): run_dbt_staging> on 2025-04-10 07:25:00+00:00
[2025-04-10T07:26:16.851+0000] {warnings.py:112} WARNING - /home/***/.local/lib/python3.12/site-packages/***/task/task_runner/standard_task_runner.py:70: DeprecationWarning: This process (pid=3747) is multi-threaded, use of fork() may lead to deadlocks in the child.
  pid = os.fork()

[2025-04-10T07:26:16.856+0000] {standard_task_runner.py:72} INFO - Started process 3749 to run task
[2025-04-10T07:26:16.857+0000] {standard_task_runner.py:104} INFO - Running: ['***', 'tasks', 'run', 'extract_raw_data_pipeline', 'run_dbt_staging', 'scheduled__2025-04-10T07:25:00+00:00', '--job-id', '590', '--raw', '--subdir', 'DAGS_FOLDER/driven_data_pipeline.py', '--cfg-path', '/tmp/tmpop2_20gz']
[2025-04-10T07:26:16.862+0000] {standard_task_runner.py:105} INFO - Job 590: Subtask run_dbt_staging
[2025-04-10T07:26:16.983+0000] {task_command.py:467} INFO - Running <TaskInstance: extract_raw_data_pipeline.run_dbt_staging scheduled__2025-04-10T07:25:00+00:00 [running]> on host c829a6b69367
[2025-04-10T07:26:17.177+0000] {taskinstance.py:3131} INFO - Exporting env vars: AIRFLOW_CTX_DAG_OWNER='***' AIRFLOW_CTX_DAG_ID='extract_raw_data_pipeline' AIRFLOW_CTX_TASK_ID='run_dbt_staging' AIRFLOW_CTX_EXECUTION_DATE='2025-04-10T07:25:00+00:00' AIRFLOW_CTX_TRY_NUMBER='1' AIRFLOW_CTX_DAG_RUN_ID='scheduled__2025-04-10T07:25:00+00:00'
[2025-04-10T07:26:17.179+0000] {taskinstance.py:731} INFO - ::endgroup::
[2025-04-10T07:26:17.212+0000] {subprocess.py:63} INFO - Tmp dir root location: /tmp
[2025-04-10T07:26:17.214+0000] {subprocess.py:75} INFO - Running command: ['/usr/bin/bash', '-c', 'set -x; cd /opt/***/dbt && dbt run --select tag:staging']
[2025-04-10T07:26:17.250+0000] {subprocess.py:86} INFO - Output:
[2025-04-10T07:26:17.256+0000] {subprocess.py:93} INFO - + cd /opt/***/dbt
[2025-04-10T07:26:17.259+0000] {subprocess.py:93} INFO - + dbt run --select tag:staging
[2025-04-10T07:26:22.844+0000] {subprocess.py:93} INFO - [0m07:26:22  Running with dbt=1.8.0
[2025-04-10T07:26:23.491+0000] {subprocess.py:93} INFO - [0m07:26:23  Registered adapter: postgres=1.8.2
[2025-04-10T07:26:24.741+0000] {subprocess.py:93} INFO - [0m07:26:24  Found 9 models, 10 sources, 428 macros
[2025-04-10T07:26:24.747+0000] {subprocess.py:93} INFO - [0m07:26:24
[2025-04-10T07:26:25.122+0000] {subprocess.py:93} INFO - [0m07:26:25  Concurrency: 1 threads (target='dev')
[2025-04-10T07:26:25.126+0000] {subprocess.py:93} INFO - [0m07:26:25
[2025-04-10T07:26:25.160+0000] {subprocess.py:93} INFO - [0m07:26:25  1 of 5 START sql table model driven_staging.dim_address ........................ [RUN]
[2025-04-10T07:27:44.080+0000] {subprocess.py:93} INFO - [0m07:27:44  1 of 5 OK created sql table model driven_staging.dim_address ................... [[32mSELECT 1158390[0m in 78.90s]
[2025-04-10T07:27:44.110+0000] {subprocess.py:93} INFO - [0m07:27:44  2 of 5 START sql table model driven_staging.dim_date ........................... [RUN]
[2025-04-10T07:28:22.983+0000] {subprocess.py:93} INFO - [0m07:28:22  2 of 5 OK created sql table model driven_staging.dim_date ...................... [[32mSELECT 1189079[0m in 38.85s]
[2025-04-10T07:28:22.989+0000] {subprocess.py:93} INFO - [0m07:28:22  3 of 5 START sql table model driven_staging.dim_finance ........................ [RUN]
[2025-04-10T07:28:30.820+0000] {subprocess.py:93} INFO - [0m07:28:30  3 of 5 OK created sql table model driven_staging.dim_finance ................... [[32mSELECT 1220562[0m in 7.83s]
[2025-04-10T07:28:30.831+0000] {subprocess.py:93} INFO - [0m07:28:30  4 of 5 START sql table model driven_staging.dim_person ......................... [RUN]
[2025-04-10T07:28:38.154+0000] {subprocess.py:93} INFO - [0m07:28:38  4 of 5 OK created sql table model driven_staging.dim_person .................... [[32mSELECT 1220562[0m in 7.32s]
[2025-04-10T07:28:38.159+0000] {subprocess.py:93} INFO - [0m07:28:38  5 of 5 START sql table model driven_staging.fact_network_usage ................. [RUN]
[2025-04-10T07:28:42.346+0000] {subprocess.py:93} INFO - [0m07:28:42  5 of 5 OK created sql table model driven_staging.fact_network_usage ............ [[32mSELECT 1220562[0m in 4.18s]
[2025-04-10T07:28:42.376+0000] {subprocess.py:93} INFO - [0m07:28:42
[2025-04-10T07:28:42.378+0000] {subprocess.py:93} INFO - [0m07:28:42  Finished running 5 table models in 0 hours 2 minutes and 17.63 seconds (137.63s).
[2025-04-10T07:28:42.463+0000] {subprocess.py:93} INFO - [0m07:28:42
[2025-04-10T07:28:42.465+0000] {subprocess.py:93} INFO - [0m07:28:42  [32mCompleted successfully[0m
[2025-04-10T07:28:42.466+0000] {subprocess.py:93} INFO - [0m07:28:42
[2025-04-10T07:28:42.467+0000] {subprocess.py:93} INFO - [0m07:28:42  Done. PASS=5 WARN=0 ERROR=0 SKIP=0 TOTAL=5
[2025-04-10T07:28:43.808+0000] {subprocess.py:97} INFO - Command exited with return code 0
[2025-04-10T07:28:43.953+0000] {taskinstance.py:340} INFO - ::group::Post task execution logs
[2025-04-10T07:28:43.954+0000] {taskinstance.py:352} INFO - Marking task as SUCCESS. dag_id=extract_raw_data_pipeline, task_id=run_dbt_staging, run_id=scheduled__2025-04-10T07:25:00+00:00, execution_date=20250410T072500, start_date=20250410T072616, end_date=20250410T072843
[2025-04-10T07:28:44.004+0000] {local_task_job_runner.py:266} INFO - Task exited with return code 0
[2025-04-10T07:28:44.043+0000] {taskinstance.py:3900} INFO - 1 downstream tasks scheduled from follow-on schedule check
[2025-04-10T07:28:44.051+0000] {local_task_job_runner.py:245} INFO - ::endgroup::
