[2025-04-10T07:58:10.059+0000] {local_task_job_runner.py:123} INFO - ::group::Pre task execution logs
[2025-04-10T07:58:10.099+0000] {taskinstance.py:2612} INFO - Dependencies all met for dep_context=non-requeueable deps ti=<TaskInstance: extract_raw_data_pipeline.run_dbt_staging scheduled__2025-04-10T07:57:00+00:00 [queued]>
[2025-04-10T07:58:10.118+0000] {taskinstance.py:2612} INFO - Dependencies all met for dep_context=requeueable deps ti=<TaskInstance: extract_raw_data_pipeline.run_dbt_staging scheduled__2025-04-10T07:57:00+00:00 [queued]>
[2025-04-10T07:58:10.119+0000] {taskinstance.py:2865} INFO - Starting attempt 1 of 1
[2025-04-10T07:58:10.157+0000] {taskinstance.py:2888} INFO - Executing <Task(BashOperator): run_dbt_staging> on 2025-04-10 07:57:00+00:00
[2025-04-10T07:58:10.170+0000] {warnings.py:112} WARNING - /home/***/.local/lib/python3.12/site-packages/***/task/task_runner/standard_task_runner.py:70: DeprecationWarning: This process (pid=5609) is multi-threaded, use of fork() may lead to deadlocks in the child.
  pid = os.fork()

[2025-04-10T07:58:10.173+0000] {standard_task_runner.py:72} INFO - Started process 5611 to run task
[2025-04-10T07:58:10.174+0000] {standard_task_runner.py:104} INFO - Running: ['***', 'tasks', 'run', 'extract_raw_data_pipeline', 'run_dbt_staging', 'scheduled__2025-04-10T07:57:00+00:00', '--job-id', '777', '--raw', '--subdir', 'DAGS_FOLDER/driven_data_pipeline.py', '--cfg-path', '/tmp/tmpjs097vh2']
[2025-04-10T07:58:10.175+0000] {standard_task_runner.py:105} INFO - Job 777: Subtask run_dbt_staging
[2025-04-10T07:58:10.273+0000] {task_command.py:467} INFO - Running <TaskInstance: extract_raw_data_pipeline.run_dbt_staging scheduled__2025-04-10T07:57:00+00:00 [running]> on host c829a6b69367
[2025-04-10T07:58:10.481+0000] {taskinstance.py:3131} INFO - Exporting env vars: AIRFLOW_CTX_DAG_OWNER='***' AIRFLOW_CTX_DAG_ID='extract_raw_data_pipeline' AIRFLOW_CTX_TASK_ID='run_dbt_staging' AIRFLOW_CTX_EXECUTION_DATE='2025-04-10T07:57:00+00:00' AIRFLOW_CTX_TRY_NUMBER='1' AIRFLOW_CTX_DAG_RUN_ID='scheduled__2025-04-10T07:57:00+00:00'
[2025-04-10T07:58:10.484+0000] {taskinstance.py:731} INFO - ::endgroup::
[2025-04-10T07:58:10.510+0000] {subprocess.py:63} INFO - Tmp dir root location: /tmp
[2025-04-10T07:58:10.512+0000] {subprocess.py:75} INFO - Running command: ['/usr/bin/bash', '-c', 'set -x; cd /opt/***/dbt && dbt run --select tag:staging']
[2025-04-10T07:58:10.536+0000] {subprocess.py:86} INFO - Output:
[2025-04-10T07:58:10.540+0000] {subprocess.py:93} INFO - + cd /opt/***/dbt
[2025-04-10T07:58:10.541+0000] {subprocess.py:93} INFO - + dbt run --select tag:staging
[2025-04-10T07:58:15.623+0000] {subprocess.py:93} INFO - [0m07:58:15  Running with dbt=1.8.0
[2025-04-10T07:58:16.363+0000] {subprocess.py:93} INFO - [0m07:58:16  Registered adapter: postgres=1.8.2
[2025-04-10T07:58:17.726+0000] {subprocess.py:93} INFO - [0m07:58:17  Found 9 models, 10 sources, 428 macros
[2025-04-10T07:58:17.740+0000] {subprocess.py:93} INFO - [0m07:58:17
[2025-04-10T07:58:18.133+0000] {subprocess.py:93} INFO - [0m07:58:18  Concurrency: 1 threads (target='dev')
[2025-04-10T07:58:18.135+0000] {subprocess.py:93} INFO - [0m07:58:18
[2025-04-10T07:58:18.161+0000] {subprocess.py:93} INFO - [0m07:58:18  1 of 5 START sql table model driven_staging.dim_address ........................ [RUN]
[2025-04-10T08:02:02.143+0000] {subprocess.py:93} INFO - [0m08:02:02  1 of 5 OK created sql table model driven_staging.dim_address ................... [[32mSELECT 2400551[0m in 223.96s]
[2025-04-10T08:02:02.157+0000] {subprocess.py:93} INFO - [0m08:02:02  2 of 5 START sql table model driven_staging.dim_date ........................... [RUN]
[2025-04-10T08:05:17.060+0000] {subprocess.py:93} INFO - [0m08:05:17  2 of 5 OK created sql table model driven_staging.dim_date ...................... [[32mSELECT 2447509[0m in 194.89s]
[2025-04-10T08:05:17.080+0000] {subprocess.py:93} INFO - [0m08:05:17  3 of 5 START sql table model driven_staging.dim_finance ........................ [RUN]
[2025-04-10T08:07:44.780+0000] {subprocess.py:93} INFO - [0m08:07:44  3 of 5 OK created sql table model driven_staging.dim_finance ................... [[32mSELECT 2447509[0m in 147.69s]
[2025-04-10T08:07:44.805+0000] {subprocess.py:93} INFO - [0m08:07:44  4 of 5 START sql table model driven_staging.dim_person ......................... [RUN]
[2025-04-10T08:09:42.191+0000] {subprocess.py:93} INFO - [0m08:09:42  4 of 5 OK created sql table model driven_staging.dim_person .................... [[32mSELECT 2447509[0m in 117.38s]
[2025-04-10T08:09:42.206+0000] {subprocess.py:93} INFO - [0m08:09:42  5 of 5 START sql table model driven_staging.fact_network_usage ................. [RUN]
[2025-04-10T08:11:14.089+0000] {subprocess.py:93} INFO - [0m08:11:14  5 of 5 OK created sql table model driven_staging.fact_network_usage ............ [[32mSELECT 2447509[0m in 91.88s]
[2025-04-10T08:11:14.131+0000] {subprocess.py:93} INFO - [0m08:11:14
[2025-04-10T08:11:14.133+0000] {subprocess.py:93} INFO - [0m08:11:14  Finished running 5 table models in 0 hours 12 minutes and 56.38 seconds (776.38s).
[2025-04-10T08:11:14.286+0000] {subprocess.py:93} INFO - [0m08:11:14
[2025-04-10T08:11:14.289+0000] {subprocess.py:93} INFO - [0m08:11:14  [32mCompleted successfully[0m
[2025-04-10T08:11:14.296+0000] {subprocess.py:93} INFO - [0m08:11:14
[2025-04-10T08:11:14.299+0000] {subprocess.py:93} INFO - [0m08:11:14  Done. PASS=5 WARN=0 ERROR=0 SKIP=0 TOTAL=5
[2025-04-10T08:11:19.235+0000] {subprocess.py:97} INFO - Command exited with return code 0
[2025-04-10T08:11:19.920+0000] {taskinstance.py:340} INFO - ::group::Post task execution logs
[2025-04-10T08:11:19.925+0000] {taskinstance.py:352} INFO - Marking task as SUCCESS. dag_id=extract_raw_data_pipeline, task_id=run_dbt_staging, run_id=scheduled__2025-04-10T07:57:00+00:00, execution_date=20250410T075700, start_date=20250410T075810, end_date=20250410T081119
[2025-04-10T08:11:20.097+0000] {local_task_job_runner.py:266} INFO - Task exited with return code 0
[2025-04-10T08:11:20.463+0000] {standard_task_runner.py:217} INFO - Process not found (most likely exited), stop collecting metrics
[2025-04-10T08:11:20.982+0000] {taskinstance.py:3900} INFO - 1 downstream tasks scheduled from follow-on schedule check
[2025-04-10T08:11:21.079+0000] {local_task_job_runner.py:245} INFO - ::endgroup::
