[2025-04-09T07:50:06.686+0000] {local_task_job_runner.py:123} INFO - ::group::Pre task execution logs
[2025-04-09T07:50:06.708+0000] {taskinstance.py:2612} INFO - Dependencies all met for dep_context=non-requeueable deps ti=<TaskInstance: extract_raw_data_pipeline.run_dbt_staging scheduled__2025-04-09T07:49:00+00:00 [queued]>
[2025-04-09T07:50:06.719+0000] {taskinstance.py:2612} INFO - Dependencies all met for dep_context=requeueable deps ti=<TaskInstance: extract_raw_data_pipeline.run_dbt_staging scheduled__2025-04-09T07:49:00+00:00 [queued]>
[2025-04-09T07:50:06.720+0000] {taskinstance.py:2865} INFO - Starting attempt 1 of 1
[2025-04-09T07:50:06.738+0000] {taskinstance.py:2888} INFO - Executing <Task(BashOperator): run_dbt_staging> on 2025-04-09 07:49:00+00:00
[2025-04-09T07:50:06.747+0000] {warnings.py:112} WARNING - /home/***/.local/lib/python3.12/site-packages/***/task/task_runner/standard_task_runner.py:70: DeprecationWarning: This process (pid=3942) is multi-threaded, use of fork() may lead to deadlocks in the child.
  pid = os.fork()

[2025-04-09T07:50:06.749+0000] {standard_task_runner.py:72} INFO - Started process 3944 to run task
[2025-04-09T07:50:06.750+0000] {standard_task_runner.py:104} INFO - Running: ['***', 'tasks', 'run', 'extract_raw_data_pipeline', 'run_dbt_staging', 'scheduled__2025-04-09T07:49:00+00:00', '--job-id', '373', '--raw', '--subdir', 'DAGS_FOLDER/driven_data_pipeline.py', '--cfg-path', '/tmp/tmpjrlkvr0l']
[2025-04-09T07:50:06.751+0000] {standard_task_runner.py:105} INFO - Job 373: Subtask run_dbt_staging
[2025-04-09T07:50:06.807+0000] {task_command.py:467} INFO - Running <TaskInstance: extract_raw_data_pipeline.run_dbt_staging scheduled__2025-04-09T07:49:00+00:00 [running]> on host c829a6b69367
[2025-04-09T07:50:06.895+0000] {taskinstance.py:3131} INFO - Exporting env vars: AIRFLOW_CTX_DAG_OWNER='***' AIRFLOW_CTX_DAG_ID='extract_raw_data_pipeline' AIRFLOW_CTX_TASK_ID='run_dbt_staging' AIRFLOW_CTX_EXECUTION_DATE='2025-04-09T07:49:00+00:00' AIRFLOW_CTX_TRY_NUMBER='1' AIRFLOW_CTX_DAG_RUN_ID='scheduled__2025-04-09T07:49:00+00:00'
[2025-04-09T07:50:06.896+0000] {taskinstance.py:731} INFO - ::endgroup::
[2025-04-09T07:50:06.910+0000] {subprocess.py:63} INFO - Tmp dir root location: /tmp
[2025-04-09T07:50:06.912+0000] {subprocess.py:75} INFO - Running command: ['/usr/bin/bash', '-c', 'set -x; cd /opt/***/dbt && dbt run --select tag:staging']
[2025-04-09T07:50:06.924+0000] {subprocess.py:86} INFO - Output:
[2025-04-09T07:50:06.926+0000] {subprocess.py:93} INFO - + cd /opt/***/dbt
[2025-04-09T07:50:06.926+0000] {subprocess.py:93} INFO - + dbt run --select tag:staging
[2025-04-09T07:50:09.161+0000] {subprocess.py:93} INFO - [0m07:50:09  Running with dbt=1.8.0
[2025-04-09T07:50:09.455+0000] {subprocess.py:93} INFO - [0m07:50:09  Registered adapter: postgres=1.8.2
[2025-04-09T07:50:09.933+0000] {subprocess.py:93} INFO - [0m07:50:09  Found 9 models, 10 sources, 428 macros
[2025-04-09T07:50:09.937+0000] {subprocess.py:93} INFO - [0m07:50:09
[2025-04-09T07:50:10.082+0000] {subprocess.py:93} INFO - [0m07:50:10  Concurrency: 1 threads (target='dev')
[2025-04-09T07:50:10.083+0000] {subprocess.py:93} INFO - [0m07:50:10
[2025-04-09T07:50:10.095+0000] {subprocess.py:93} INFO - [0m07:50:10  1 of 5 START sql table model driven_staging.dim_address ........................ [RUN]
[2025-04-09T07:50:09.764+0000] {subprocess.py:93} INFO - [0m07:50:09  1 of 5 OK created sql table model driven_staging.dim_address ................... [[32mSELECT 436104[0m in -0.33s]
[2025-04-09T07:50:09.768+0000] {subprocess.py:93} INFO - [0m07:50:09  2 of 5 START sql table model driven_staging.dim_date ........................... [RUN]
[2025-04-09T07:50:10.229+0000] {subprocess.py:93} INFO - [0m07:50:10  2 of 5 OK created sql table model driven_staging.dim_date ...................... [[32mSELECT 436104[0m in 0.46s]
[2025-04-09T07:50:10.234+0000] {subprocess.py:93} INFO - [0m07:50:10  3 of 5 START sql table model driven_staging.dim_finance ........................ [RUN]
[2025-04-09T07:50:10.734+0000] {subprocess.py:93} INFO - [0m07:50:10  3 of 5 OK created sql table model driven_staging.dim_finance ................... [[32mSELECT 436104[0m in 0.50s]
[2025-04-09T07:50:10.737+0000] {subprocess.py:93} INFO - [0m07:50:10  4 of 5 START sql table model driven_staging.dim_person ......................... [RUN]
[2025-04-09T07:50:11.464+0000] {subprocess.py:93} INFO - [0m07:50:11  4 of 5 OK created sql table model driven_staging.dim_person .................... [[32mSELECT 436104[0m in 0.72s]
[2025-04-09T07:50:11.467+0000] {subprocess.py:93} INFO - [0m07:50:11  5 of 5 START sql table model driven_staging.fact_network_usage ................. [RUN]
[2025-04-09T07:50:12.022+0000] {subprocess.py:93} INFO - [0m07:50:12  5 of 5 OK created sql table model driven_staging.fact_network_usage ............ [[32mSELECT 436104[0m in 0.55s]
[2025-04-09T07:50:12.041+0000] {subprocess.py:93} INFO - [0m07:50:12
[2025-04-09T07:50:12.042+0000] {subprocess.py:93} INFO - [0m07:50:12  Finished running 5 table models in 0 hours 0 minutes and 2.10 seconds (2.10s).
[2025-04-09T07:50:12.102+0000] {subprocess.py:93} INFO - [0m07:50:12
[2025-04-09T07:50:12.103+0000] {subprocess.py:93} INFO - [0m07:50:12  [32mCompleted successfully[0m
[2025-04-09T07:50:12.103+0000] {subprocess.py:93} INFO - [0m07:50:12
[2025-04-09T07:50:12.104+0000] {subprocess.py:93} INFO - [0m07:50:12  Done. PASS=5 WARN=0 ERROR=0 SKIP=0 TOTAL=5
[2025-04-09T07:50:13.344+0000] {subprocess.py:97} INFO - Command exited with return code 0
[2025-04-09T07:50:13.373+0000] {taskinstance.py:340} INFO - ::group::Post task execution logs
[2025-04-09T07:50:13.374+0000] {taskinstance.py:352} INFO - Marking task as SUCCESS. dag_id=extract_raw_data_pipeline, task_id=run_dbt_staging, run_id=scheduled__2025-04-09T07:49:00+00:00, execution_date=20250409T074900, start_date=20250409T075006, end_date=20250409T075013
[2025-04-09T07:50:13.423+0000] {local_task_job_runner.py:266} INFO - Task exited with return code 0
[2025-04-09T07:50:13.446+0000] {taskinstance.py:3900} INFO - 1 downstream tasks scheduled from follow-on schedule check
[2025-04-09T07:50:13.451+0000] {local_task_job_runner.py:245} INFO - ::endgroup::
