[2025-04-09T07:45:02.108+0000] {local_task_job_runner.py:123} INFO - ::group::Pre task execution logs
[2025-04-09T07:45:02.146+0000] {taskinstance.py:2612} INFO - Dependencies all met for dep_context=non-requeueable deps ti=<TaskInstance: extract_raw_data_pipeline.create_raw_schema scheduled__2025-04-09T07:44:00+00:00 [queued]>
[2025-04-09T07:45:02.164+0000] {taskinstance.py:2612} INFO - Dependencies all met for dep_context=requeueable deps ti=<TaskInstance: extract_raw_data_pipeline.create_raw_schema scheduled__2025-04-09T07:44:00+00:00 [queued]>
[2025-04-09T07:45:02.165+0000] {taskinstance.py:2865} INFO - Starting attempt 1 of 1
[2025-04-09T07:45:02.204+0000] {taskinstance.py:2888} INFO - Executing <Task(SQLExecuteQueryOperator): create_raw_schema> on 2025-04-09 07:44:00+00:00
[2025-04-09T07:45:02.217+0000] {warnings.py:112} WARNING - /home/***/.local/lib/python3.12/site-packages/***/task/task_runner/standard_task_runner.py:70: DeprecationWarning: This process (pid=3612) is multi-threaded, use of fork() may lead to deadlocks in the child.
  pid = os.fork()

[2025-04-09T07:45:02.221+0000] {standard_task_runner.py:72} INFO - Started process 3615 to run task
[2025-04-09T07:45:02.221+0000] {standard_task_runner.py:104} INFO - Running: ['***', 'tasks', 'run', 'extract_raw_data_pipeline', 'create_raw_schema', 'scheduled__2025-04-09T07:44:00+00:00', '--job-id', '339', '--raw', '--subdir', 'DAGS_FOLDER/driven_data_pipeline.py', '--cfg-path', '/tmp/tmpyayk_5ud']
[2025-04-09T07:45:02.224+0000] {standard_task_runner.py:105} INFO - Job 339: Subtask create_raw_schema
[2025-04-09T07:45:02.319+0000] {task_command.py:467} INFO - Running <TaskInstance: extract_raw_data_pipeline.create_raw_schema scheduled__2025-04-09T07:44:00+00:00 [running]> on host c829a6b69367
[2025-04-09T07:45:02.497+0000] {taskinstance.py:3131} INFO - Exporting env vars: AIRFLOW_CTX_DAG_OWNER='***' AIRFLOW_CTX_DAG_ID='extract_raw_data_pipeline' AIRFLOW_CTX_TASK_ID='create_raw_schema' AIRFLOW_CTX_EXECUTION_DATE='2025-04-09T07:44:00+00:00' AIRFLOW_CTX_TRY_NUMBER='1' AIRFLOW_CTX_DAG_RUN_ID='scheduled__2025-04-09T07:44:00+00:00'
[2025-04-09T07:45:02.499+0000] {taskinstance.py:731} INFO - ::endgroup::
[2025-04-09T07:45:02.543+0000] {sql.py:266} INFO - Executing: CREATE SCHEMA IF NOT EXISTS driven_raw;
[2025-04-09T07:45:02.576+0000] {base.py:84} INFO - Retrieving connection 'postgres_conn'
[2025-04-09T07:45:02.607+0000] {base.py:84} INFO - Retrieving connection 'postgres_conn'
[2025-04-09T07:45:02.619+0000] {sql.py:509} INFO - Running statement: CREATE SCHEMA IF NOT EXISTS driven_raw;, parameters: None
[2025-04-09T07:45:02.651+0000] {taskinstance.py:340} INFO - ::group::Post task execution logs
[2025-04-09T07:45:02.653+0000] {taskinstance.py:352} INFO - Marking task as SUCCESS. dag_id=extract_raw_data_pipeline, task_id=create_raw_schema, run_id=scheduled__2025-04-09T07:44:00+00:00, execution_date=20250409T074400, start_date=20250409T074502, end_date=20250409T074502
[2025-04-09T07:45:02.763+0000] {local_task_job_runner.py:266} INFO - Task exited with return code 0
[2025-04-09T07:45:02.844+0000] {taskinstance.py:3900} INFO - 0 downstream tasks scheduled from follow-on schedule check
[2025-04-09T07:45:02.848+0000] {local_task_job_runner.py:245} INFO - ::endgroup::
