[2025-04-10T07:22:12.598+0000] {local_task_job_runner.py:123} INFO - ::group::Pre task execution logs
[2025-04-10T07:22:12.632+0000] {taskinstance.py:2612} INFO - Dependencies all met for dep_context=non-requeueable deps ti=<TaskInstance: extract_raw_data_pipeline.run_dbt_staging scheduled__2025-04-10T07:21:00+00:00 [queued]>
[2025-04-10T07:22:12.652+0000] {taskinstance.py:2612} INFO - Dependencies all met for dep_context=requeueable deps ti=<TaskInstance: extract_raw_data_pipeline.run_dbt_staging scheduled__2025-04-10T07:21:00+00:00 [queued]>
[2025-04-10T07:22:12.653+0000] {taskinstance.py:2865} INFO - Starting attempt 1 of 1
[2025-04-10T07:22:12.686+0000] {taskinstance.py:2888} INFO - Executing <Task(BashOperator): run_dbt_staging> on 2025-04-10 07:21:00+00:00
[2025-04-10T07:22:12.696+0000] {warnings.py:112} WARNING - /home/***/.local/lib/python3.12/site-packages/***/task/task_runner/standard_task_runner.py:70: DeprecationWarning: This process (pid=3516) is multi-threaded, use of fork() may lead to deadlocks in the child.
  pid = os.fork()

[2025-04-10T07:22:12.700+0000] {standard_task_runner.py:72} INFO - Started process 3518 to run task
[2025-04-10T07:22:12.700+0000] {standard_task_runner.py:104} INFO - Running: ['***', 'tasks', 'run', 'extract_raw_data_pipeline', 'run_dbt_staging', 'scheduled__2025-04-10T07:21:00+00:00', '--job-id', '566', '--raw', '--subdir', 'DAGS_FOLDER/driven_data_pipeline.py', '--cfg-path', '/tmp/tmp1zx8fdlw']
[2025-04-10T07:22:12.702+0000] {standard_task_runner.py:105} INFO - Job 566: Subtask run_dbt_staging
[2025-04-10T07:22:12.806+0000] {task_command.py:467} INFO - Running <TaskInstance: extract_raw_data_pipeline.run_dbt_staging scheduled__2025-04-10T07:21:00+00:00 [running]> on host c829a6b69367
[2025-04-10T07:22:12.979+0000] {taskinstance.py:3131} INFO - Exporting env vars: AIRFLOW_CTX_DAG_OWNER='***' AIRFLOW_CTX_DAG_ID='extract_raw_data_pipeline' AIRFLOW_CTX_TASK_ID='run_dbt_staging' AIRFLOW_CTX_EXECUTION_DATE='2025-04-10T07:21:00+00:00' AIRFLOW_CTX_TRY_NUMBER='1' AIRFLOW_CTX_DAG_RUN_ID='scheduled__2025-04-10T07:21:00+00:00'
[2025-04-10T07:22:12.982+0000] {taskinstance.py:731} INFO - ::endgroup::
[2025-04-10T07:22:13.018+0000] {subprocess.py:63} INFO - Tmp dir root location: /tmp
[2025-04-10T07:22:13.020+0000] {subprocess.py:75} INFO - Running command: ['/usr/bin/bash', '-c', 'set -x; cd /opt/***/dbt && dbt run --select tag:staging']
[2025-04-10T07:22:13.050+0000] {subprocess.py:86} INFO - Output:
[2025-04-10T07:22:13.053+0000] {subprocess.py:93} INFO - + cd /opt/***/dbt
[2025-04-10T07:22:13.054+0000] {subprocess.py:93} INFO - + dbt run --select tag:staging
[2025-04-10T07:22:19.234+0000] {subprocess.py:93} INFO - [0m07:22:19  Running with dbt=1.8.0
[2025-04-10T07:22:20.171+0000] {subprocess.py:93} INFO - [0m07:22:20  Registered adapter: postgres=1.8.2
[2025-04-10T07:22:21.605+0000] {subprocess.py:93} INFO - [0m07:22:21  Found 9 models, 10 sources, 428 macros
[2025-04-10T07:22:21.619+0000] {subprocess.py:93} INFO - [0m07:22:21
[2025-04-10T07:22:22.057+0000] {subprocess.py:93} INFO - [0m07:22:22  Concurrency: 1 threads (target='dev')
[2025-04-10T07:22:22.060+0000] {subprocess.py:93} INFO - [0m07:22:22
[2025-04-10T07:22:22.104+0000] {subprocess.py:93} INFO - [0m07:22:22  1 of 5 START sql table model driven_staging.dim_address ........................ [RUN]
[2025-04-10T07:22:57.725+0000] {subprocess.py:93} INFO - [0m07:22:57  1 of 5 OK created sql table model driven_staging.dim_address ................... [[32mSELECT 1040259[0m in 35.61s]
[2025-04-10T07:22:57.733+0000] {subprocess.py:93} INFO - [0m07:22:57  2 of 5 START sql table model driven_staging.dim_date ........................... [RUN]
[2025-04-10T07:23:15.072+0000] {subprocess.py:93} INFO - [0m07:23:15  2 of 5 OK created sql table model driven_staging.dim_date ...................... [[32mSELECT 1040259[0m in 17.32s]
[2025-04-10T07:23:15.107+0000] {subprocess.py:93} INFO - [0m07:23:15  3 of 5 START sql table model driven_staging.dim_finance ........................ [RUN]
[2025-04-10T07:23:29.220+0000] {subprocess.py:93} INFO - [0m07:23:29  3 of 5 OK created sql table model driven_staging.dim_finance ................... [[32mSELECT 1040259[0m in 14.10s]
[2025-04-10T07:23:29.231+0000] {subprocess.py:93} INFO - [0m07:23:29  4 of 5 START sql table model driven_staging.dim_person ......................... [RUN]
[2025-04-10T07:23:33.449+0000] {subprocess.py:93} INFO - [0m07:23:33  4 of 5 OK created sql table model driven_staging.dim_person .................... [[32mSELECT 1068854[0m in 4.21s]
[2025-04-10T07:23:33.456+0000] {subprocess.py:93} INFO - [0m07:23:33  5 of 5 START sql table model driven_staging.fact_network_usage ................. [RUN]
[2025-04-10T07:23:48.884+0000] {subprocess.py:93} INFO - [0m07:23:48  5 of 5 OK created sql table model driven_staging.fact_network_usage ............ [[32mSELECT 1068854[0m in 15.42s]
[2025-04-10T07:23:48.919+0000] {subprocess.py:93} INFO - [0m07:23:48
[2025-04-10T07:23:48.921+0000] {subprocess.py:93} INFO - [0m07:23:48  Finished running 5 table models in 0 hours 1 minutes and 27.30 seconds (87.30s).
[2025-04-10T07:23:49.024+0000] {subprocess.py:93} INFO - [0m07:23:49
[2025-04-10T07:23:49.025+0000] {subprocess.py:93} INFO - [0m07:23:49  [32mCompleted successfully[0m
[2025-04-10T07:23:49.027+0000] {subprocess.py:93} INFO - [0m07:23:49
[2025-04-10T07:23:49.030+0000] {subprocess.py:93} INFO - [0m07:23:49  Done. PASS=5 WARN=0 ERROR=0 SKIP=0 TOTAL=5
[2025-04-10T07:23:50.836+0000] {subprocess.py:97} INFO - Command exited with return code 0
[2025-04-10T07:23:50.886+0000] {taskinstance.py:340} INFO - ::group::Post task execution logs
[2025-04-10T07:23:50.888+0000] {taskinstance.py:352} INFO - Marking task as SUCCESS. dag_id=extract_raw_data_pipeline, task_id=run_dbt_staging, run_id=scheduled__2025-04-10T07:21:00+00:00, execution_date=20250410T072100, start_date=20250410T072212, end_date=20250410T072350
[2025-04-10T07:23:50.962+0000] {local_task_job_runner.py:266} INFO - Task exited with return code 0
[2025-04-10T07:23:50.996+0000] {taskinstance.py:3900} INFO - 1 downstream tasks scheduled from follow-on schedule check
[2025-04-10T07:23:50.999+0000] {local_task_job_runner.py:245} INFO - ::endgroup::
