[2025-04-09T07:43:09.617+0000] {local_task_job_runner.py:123} INFO - ::group::Pre task execution logs
[2025-04-09T07:43:09.635+0000] {taskinstance.py:2612} INFO - Dependencies all met for dep_context=non-requeueable deps ti=<TaskInstance: extract_raw_data_pipeline.run_dbt_staging scheduled__2025-04-09T07:42:00+00:00 [queued]>
[2025-04-09T07:43:09.647+0000] {taskinstance.py:2612} INFO - Dependencies all met for dep_context=requeueable deps ti=<TaskInstance: extract_raw_data_pipeline.run_dbt_staging scheduled__2025-04-09T07:42:00+00:00 [queued]>
[2025-04-09T07:43:09.647+0000] {taskinstance.py:2865} INFO - Starting attempt 1 of 1
[2025-04-09T07:43:09.664+0000] {taskinstance.py:2888} INFO - Executing <Task(BashOperator): run_dbt_staging> on 2025-04-09 07:42:00+00:00
[2025-04-09T07:43:09.673+0000] {warnings.py:112} WARNING - /home/***/.local/lib/python3.12/site-packages/***/task/task_runner/standard_task_runner.py:70: DeprecationWarning: This process (pid=3518) is multi-threaded, use of fork() may lead to deadlocks in the child.
  pid = os.fork()

[2025-04-09T07:43:09.674+0000] {standard_task_runner.py:104} INFO - Running: ['***', 'tasks', 'run', 'extract_raw_data_pipeline', 'run_dbt_staging', 'scheduled__2025-04-09T07:42:00+00:00', '--job-id', '331', '--raw', '--subdir', 'DAGS_FOLDER/driven_data_pipeline.py', '--cfg-path', '/tmp/tmpfzbv93ci']
[2025-04-09T07:43:09.675+0000] {standard_task_runner.py:72} INFO - Started process 3520 to run task
[2025-04-09T07:43:09.676+0000] {standard_task_runner.py:105} INFO - Job 331: Subtask run_dbt_staging
[2025-04-09T07:43:09.727+0000] {task_command.py:467} INFO - Running <TaskInstance: extract_raw_data_pipeline.run_dbt_staging scheduled__2025-04-09T07:42:00+00:00 [running]> on host c829a6b69367
[2025-04-09T07:43:09.815+0000] {taskinstance.py:3131} INFO - Exporting env vars: AIRFLOW_CTX_DAG_OWNER='***' AIRFLOW_CTX_DAG_ID='extract_raw_data_pipeline' AIRFLOW_CTX_TASK_ID='run_dbt_staging' AIRFLOW_CTX_EXECUTION_DATE='2025-04-09T07:42:00+00:00' AIRFLOW_CTX_TRY_NUMBER='1' AIRFLOW_CTX_DAG_RUN_ID='scheduled__2025-04-09T07:42:00+00:00'
[2025-04-09T07:43:09.816+0000] {taskinstance.py:731} INFO - ::endgroup::
[2025-04-09T07:43:09.830+0000] {subprocess.py:63} INFO - Tmp dir root location: /tmp
[2025-04-09T07:43:09.831+0000] {subprocess.py:75} INFO - Running command: ['/usr/bin/bash', '-c', 'set -x; cd /opt/***/dbt && dbt run --select tag:staging']
[2025-04-09T07:43:09.845+0000] {subprocess.py:86} INFO - Output:
[2025-04-09T07:43:09.846+0000] {subprocess.py:93} INFO - + cd /opt/***/dbt
[2025-04-09T07:43:09.847+0000] {subprocess.py:93} INFO - + dbt run --select tag:staging
[2025-04-09T07:43:12.260+0000] {subprocess.py:93} INFO - [0m07:43:12  Running with dbt=1.8.0
[2025-04-09T07:43:12.561+0000] {subprocess.py:93} INFO - [0m07:43:12  Registered adapter: postgres=1.8.2
[2025-04-09T07:43:13.094+0000] {subprocess.py:93} INFO - [0m07:43:13  Found 9 models, 10 sources, 428 macros
[2025-04-09T07:43:13.099+0000] {subprocess.py:93} INFO - [0m07:43:13
[2025-04-09T07:43:13.238+0000] {subprocess.py:93} INFO - [0m07:43:13  Concurrency: 1 threads (target='dev')
[2025-04-09T07:43:13.239+0000] {subprocess.py:93} INFO - [0m07:43:13
[2025-04-09T07:43:13.252+0000] {subprocess.py:93} INFO - [0m07:43:13  1 of 5 START sql table model driven_staging.dim_address ........................ [RUN]
[2025-04-09T07:43:13.932+0000] {subprocess.py:93} INFO - [0m07:43:13  1 of 5 OK created sql table model driven_staging.dim_address ................... [[32mSELECT 379319[0m in 0.68s]
[2025-04-09T07:43:13.936+0000] {subprocess.py:93} INFO - [0m07:43:13  2 of 5 START sql table model driven_staging.dim_date ........................... [RUN]
[2025-04-09T07:43:14.450+0000] {subprocess.py:93} INFO - [0m07:43:14  2 of 5 OK created sql table model driven_staging.dim_date ...................... [[32mSELECT 379319[0m in 0.51s]
[2025-04-09T07:43:14.453+0000] {subprocess.py:93} INFO - [0m07:43:14  3 of 5 START sql table model driven_staging.dim_finance ........................ [RUN]
[2025-04-09T07:43:15.131+0000] {subprocess.py:93} INFO - [0m07:43:15  3 of 5 OK created sql table model driven_staging.dim_finance ................... [[32mSELECT 379319[0m in 0.68s]
[2025-04-09T07:43:15.135+0000] {subprocess.py:93} INFO - [0m07:43:15  4 of 5 START sql table model driven_staging.dim_person ......................... [RUN]
[2025-04-09T07:43:15.731+0000] {subprocess.py:93} INFO - [0m07:43:15  4 of 5 OK created sql table model driven_staging.dim_person .................... [[32mSELECT 379319[0m in 0.59s]
[2025-04-09T07:43:15.733+0000] {subprocess.py:93} INFO - [0m07:43:15  5 of 5 START sql table model driven_staging.fact_network_usage ................. [RUN]
[2025-04-09T07:43:16.172+0000] {subprocess.py:93} INFO - [0m07:43:16  5 of 5 OK created sql table model driven_staging.fact_network_usage ............ [[32mSELECT 379319[0m in 0.44s]
[2025-04-09T07:43:16.189+0000] {subprocess.py:93} INFO - [0m07:43:16
[2025-04-09T07:43:16.190+0000] {subprocess.py:93} INFO - [0m07:43:16  Finished running 5 table models in 0 hours 0 minutes and 3.09 seconds (3.09s).
[2025-04-09T07:43:16.244+0000] {subprocess.py:93} INFO - [0m07:43:16
[2025-04-09T07:43:16.245+0000] {subprocess.py:93} INFO - [0m07:43:16  [32mCompleted successfully[0m
[2025-04-09T07:43:16.246+0000] {subprocess.py:93} INFO - [0m07:43:16
[2025-04-09T07:43:16.246+0000] {subprocess.py:93} INFO - [0m07:43:16  Done. PASS=5 WARN=0 ERROR=0 SKIP=0 TOTAL=5
[2025-04-09T07:43:17.401+0000] {subprocess.py:97} INFO - Command exited with return code 0
[2025-04-09T07:43:17.433+0000] {taskinstance.py:340} INFO - ::group::Post task execution logs
[2025-04-09T07:43:17.434+0000] {taskinstance.py:352} INFO - Marking task as SUCCESS. dag_id=extract_raw_data_pipeline, task_id=run_dbt_staging, run_id=scheduled__2025-04-09T07:42:00+00:00, execution_date=20250409T074200, start_date=20250409T074309, end_date=20250409T074317
[2025-04-09T07:43:17.466+0000] {local_task_job_runner.py:266} INFO - Task exited with return code 0
[2025-04-09T07:43:17.487+0000] {taskinstance.py:3900} INFO - 1 downstream tasks scheduled from follow-on schedule check
[2025-04-09T07:43:17.490+0000] {local_task_job_runner.py:245} INFO - ::endgroup::
