[2025-04-10T07:15:27.829+0000] {local_task_job_runner.py:123} INFO - ::group::Pre task execution logs
[2025-04-10T07:15:27.872+0000] {taskinstance.py:2612} INFO - Dependencies all met for dep_context=non-requeueable deps ti=<TaskInstance: extract_raw_data_pipeline.run_dbt_trusted scheduled__2025-04-10T07:13:00+00:00 [queued]>
[2025-04-10T07:15:27.893+0000] {taskinstance.py:2612} INFO - Dependencies all met for dep_context=requeueable deps ti=<TaskInstance: extract_raw_data_pipeline.run_dbt_trusted scheduled__2025-04-10T07:13:00+00:00 [queued]>
[2025-04-10T07:15:27.896+0000] {taskinstance.py:2865} INFO - Starting attempt 1 of 1
[2025-04-10T07:15:27.932+0000] {taskinstance.py:2888} INFO - Executing <Task(BashOperator): run_dbt_trusted> on 2025-04-10 07:13:00+00:00
[2025-04-10T07:15:27.945+0000] {warnings.py:112} WARNING - /home/***/.local/lib/python3.12/site-packages/***/task/task_runner/standard_task_runner.py:70: DeprecationWarning: This process (pid=3108) is multi-threaded, use of fork() may lead to deadlocks in the child.
  pid = os.fork()

[2025-04-10T07:15:27.948+0000] {standard_task_runner.py:104} INFO - Running: ['***', 'tasks', 'run', 'extract_raw_data_pipeline', 'run_dbt_trusted', 'scheduled__2025-04-10T07:13:00+00:00', '--job-id', '525', '--raw', '--subdir', 'DAGS_FOLDER/driven_data_pipeline.py', '--cfg-path', '/tmp/tmp9hk_kq46']
[2025-04-10T07:15:27.951+0000] {standard_task_runner.py:72} INFO - Started process 3110 to run task
[2025-04-10T07:15:27.951+0000] {standard_task_runner.py:105} INFO - Job 525: Subtask run_dbt_trusted
[2025-04-10T07:15:28.050+0000] {task_command.py:467} INFO - Running <TaskInstance: extract_raw_data_pipeline.run_dbt_trusted scheduled__2025-04-10T07:13:00+00:00 [running]> on host c829a6b69367
[2025-04-10T07:15:28.228+0000] {taskinstance.py:3131} INFO - Exporting env vars: AIRFLOW_CTX_DAG_OWNER='***' AIRFLOW_CTX_DAG_ID='extract_raw_data_pipeline' AIRFLOW_CTX_TASK_ID='run_dbt_trusted' AIRFLOW_CTX_EXECUTION_DATE='2025-04-10T07:13:00+00:00' AIRFLOW_CTX_TRY_NUMBER='1' AIRFLOW_CTX_DAG_RUN_ID='scheduled__2025-04-10T07:13:00+00:00'
[2025-04-10T07:15:28.231+0000] {taskinstance.py:731} INFO - ::endgroup::
[2025-04-10T07:15:28.264+0000] {subprocess.py:63} INFO - Tmp dir root location: /tmp
[2025-04-10T07:15:28.267+0000] {subprocess.py:75} INFO - Running command: ['/usr/bin/bash', '-c', 'set -x; cd /opt/***/dbt && dbt run --select tag:trusted']
[2025-04-10T07:15:28.310+0000] {subprocess.py:86} INFO - Output:
[2025-04-10T07:15:28.315+0000] {subprocess.py:93} INFO - + cd /opt/***/dbt
[2025-04-10T07:15:28.317+0000] {subprocess.py:93} INFO - + dbt run --select tag:trusted
[2025-04-10T07:15:35.025+0000] {subprocess.py:93} INFO - [0m07:15:35  Running with dbt=1.8.0
[2025-04-10T07:15:35.759+0000] {subprocess.py:93} INFO - [0m07:15:35  Registered adapter: postgres=1.8.2
[2025-04-10T07:15:37.335+0000] {subprocess.py:93} INFO - [0m07:15:37  Found 9 models, 10 sources, 428 macros
[2025-04-10T07:15:37.340+0000] {subprocess.py:93} INFO - [0m07:15:37
[2025-04-10T07:15:37.573+0000] {subprocess.py:93} INFO - [0m07:15:37  Concurrency: 1 threads (target='dev')
[2025-04-10T07:15:37.575+0000] {subprocess.py:93} INFO - [0m07:15:37
[2025-04-10T07:15:37.600+0000] {subprocess.py:93} INFO - [0m07:15:37  1 of 4 START sql table model driven_trusted.non_pii_data ....................... [RUN]
[2025-04-10T07:16:10.407+0000] {subprocess.py:93} INFO - [0m07:16:10  1 of 4 OK created sql table model driven_trusted.non_pii_data .................. [[32mSELECT 831796[0m in 32.79s]
[2025-04-10T07:16:10.429+0000] {subprocess.py:93} INFO - [0m07:16:10  2 of 4 START sql table model driven_trusted.payment_data ....................... [RUN]
[2025-04-10T07:16:26.781+0000] {subprocess.py:93} INFO - [0m07:16:26  2 of 4 OK created sql table model driven_trusted.payment_data .................. [[32mSELECT 855443[0m in 16.34s]
[2025-04-10T07:16:26.802+0000] {subprocess.py:93} INFO - [0m07:16:26  3 of 4 START sql table model driven_trusted.pii_data ........................... [RUN]
[2025-04-10T07:17:00.843+0000] {subprocess.py:93} INFO - [0m07:17:00  3 of 4 OK created sql table model driven_trusted.pii_data ...................... [[32mSELECT 855443[0m in 34.03s]
[2025-04-10T07:17:00.857+0000] {subprocess.py:93} INFO - [0m07:17:00  4 of 4 START sql table model driven_trusted.technical_data ..................... [RUN]
[2025-04-10T07:17:22.865+0000] {subprocess.py:93} INFO - [0m07:17:22  4 of 4 OK created sql table model driven_trusted.technical_data ................ [[32mSELECT 855443[0m in 22.00s]
[2025-04-10T07:17:22.922+0000] {subprocess.py:93} INFO - [0m07:17:22
[2025-04-10T07:17:22.926+0000] {subprocess.py:93} INFO - [0m07:17:22  Finished running 4 table models in 0 hours 1 minutes and 45.58 seconds (105.58s).
[2025-04-10T07:17:23.091+0000] {subprocess.py:93} INFO - [0m07:17:23
[2025-04-10T07:17:23.093+0000] {subprocess.py:93} INFO - [0m07:17:23  [32mCompleted successfully[0m
[2025-04-10T07:17:23.095+0000] {subprocess.py:93} INFO - [0m07:17:23
[2025-04-10T07:17:23.097+0000] {subprocess.py:93} INFO - [0m07:17:23  Done. PASS=4 WARN=0 ERROR=0 SKIP=0 TOTAL=4
[2025-04-10T07:17:25.427+0000] {subprocess.py:97} INFO - Command exited with return code 0
[2025-04-10T07:17:25.543+0000] {taskinstance.py:340} INFO - ::group::Post task execution logs
[2025-04-10T07:17:25.546+0000] {taskinstance.py:352} INFO - Marking task as SUCCESS. dag_id=extract_raw_data_pipeline, task_id=run_dbt_trusted, run_id=scheduled__2025-04-10T07:13:00+00:00, execution_date=20250410T071300, start_date=20250410T071527, end_date=20250410T071725
[2025-04-10T07:17:25.633+0000] {local_task_job_runner.py:266} INFO - Task exited with return code 0
[2025-04-10T07:17:25.685+0000] {taskinstance.py:3900} INFO - 0 downstream tasks scheduled from follow-on schedule check
[2025-04-10T07:17:25.700+0000] {local_task_job_runner.py:245} INFO - ::endgroup::
