[2025-04-09T07:53:06.948+0000] {local_task_job_runner.py:123} INFO - ::group::Pre task execution logs
[2025-04-09T07:53:06.979+0000] {taskinstance.py:2612} INFO - Dependencies all met for dep_context=non-requeueable deps ti=<TaskInstance: extract_raw_data_pipeline.run_dbt_staging scheduled__2025-04-09T07:52:00+00:00 [queued]>
[2025-04-09T07:53:06.997+0000] {taskinstance.py:2612} INFO - Dependencies all met for dep_context=requeueable deps ti=<TaskInstance: extract_raw_data_pipeline.run_dbt_staging scheduled__2025-04-09T07:52:00+00:00 [queued]>
[2025-04-09T07:53:06.998+0000] {taskinstance.py:2865} INFO - Starting attempt 1 of 1
[2025-04-09T07:53:07.029+0000] {taskinstance.py:2888} INFO - Executing <Task(BashOperator): run_dbt_staging> on 2025-04-09 07:52:00+00:00
[2025-04-09T07:53:07.045+0000] {warnings.py:112} WARNING - /home/***/.local/lib/python3.12/site-packages/***/task/task_runner/standard_task_runner.py:70: DeprecationWarning: This process (pid=4123) is multi-threaded, use of fork() may lead to deadlocks in the child.
  pid = os.fork()

[2025-04-09T07:53:07.049+0000] {standard_task_runner.py:72} INFO - Started process 4125 to run task
[2025-04-09T07:53:07.051+0000] {standard_task_runner.py:104} INFO - Running: ['***', 'tasks', 'run', 'extract_raw_data_pipeline', 'run_dbt_staging', 'scheduled__2025-04-09T07:52:00+00:00', '--job-id', '391', '--raw', '--subdir', 'DAGS_FOLDER/driven_data_pipeline.py', '--cfg-path', '/tmp/tmp75t5abye']
[2025-04-09T07:53:07.054+0000] {standard_task_runner.py:105} INFO - Job 391: Subtask run_dbt_staging
[2025-04-09T07:53:07.184+0000] {task_command.py:467} INFO - Running <TaskInstance: extract_raw_data_pipeline.run_dbt_staging scheduled__2025-04-09T07:52:00+00:00 [running]> on host c829a6b69367
[2025-04-09T07:53:07.350+0000] {taskinstance.py:3131} INFO - Exporting env vars: AIRFLOW_CTX_DAG_OWNER='***' AIRFLOW_CTX_DAG_ID='extract_raw_data_pipeline' AIRFLOW_CTX_TASK_ID='run_dbt_staging' AIRFLOW_CTX_EXECUTION_DATE='2025-04-09T07:52:00+00:00' AIRFLOW_CTX_TRY_NUMBER='1' AIRFLOW_CTX_DAG_RUN_ID='scheduled__2025-04-09T07:52:00+00:00'
[2025-04-09T07:53:07.352+0000] {taskinstance.py:731} INFO - ::endgroup::
[2025-04-09T07:53:07.373+0000] {subprocess.py:63} INFO - Tmp dir root location: /tmp
[2025-04-09T07:53:07.375+0000] {subprocess.py:75} INFO - Running command: ['/usr/bin/bash', '-c', 'set -x; cd /opt/***/dbt && dbt run --select tag:staging']
[2025-04-09T07:53:07.394+0000] {subprocess.py:86} INFO - Output:
[2025-04-09T07:53:07.396+0000] {subprocess.py:93} INFO - + cd /opt/***/dbt
[2025-04-09T07:53:07.397+0000] {subprocess.py:93} INFO - + dbt run --select tag:staging
[2025-04-09T07:53:10.865+0000] {subprocess.py:93} INFO - [0m07:53:10  Running with dbt=1.8.0
[2025-04-09T07:53:11.182+0000] {subprocess.py:93} INFO - [0m07:53:11  Registered adapter: postgres=1.8.2
[2025-04-09T07:53:11.769+0000] {subprocess.py:93} INFO - [0m07:53:11  Found 9 models, 10 sources, 428 macros
[2025-04-09T07:53:11.774+0000] {subprocess.py:93} INFO - [0m07:53:11
[2025-04-09T07:53:11.906+0000] {subprocess.py:93} INFO - [0m07:53:11  Concurrency: 1 threads (target='dev')
[2025-04-09T07:53:11.907+0000] {subprocess.py:93} INFO - [0m07:53:11
[2025-04-09T07:53:11.920+0000] {subprocess.py:93} INFO - [0m07:53:11  1 of 5 START sql table model driven_staging.dim_address ........................ [RUN]
[2025-04-09T07:53:12.645+0000] {subprocess.py:93} INFO - [0m07:53:12  1 of 5 OK created sql table model driven_staging.dim_address ................... [[32mSELECT 468462[0m in 0.72s]
[2025-04-09T07:53:12.648+0000] {subprocess.py:93} INFO - [0m07:53:12  2 of 5 START sql table model driven_staging.dim_date ........................... [RUN]
[2025-04-09T07:53:13.155+0000] {subprocess.py:93} INFO - [0m07:53:13  2 of 5 OK created sql table model driven_staging.dim_date ...................... [[32mSELECT 468462[0m in 0.50s]
[2025-04-09T07:53:13.158+0000] {subprocess.py:93} INFO - [0m07:53:13  3 of 5 START sql table model driven_staging.dim_finance ........................ [RUN]
[2025-04-09T07:53:13.662+0000] {subprocess.py:93} INFO - [0m07:53:13  3 of 5 OK created sql table model driven_staging.dim_finance ................... [[32mSELECT 468462[0m in 0.50s]
[2025-04-09T07:53:13.666+0000] {subprocess.py:93} INFO - [0m07:53:13  4 of 5 START sql table model driven_staging.dim_person ......................... [RUN]
[2025-04-09T07:53:14.797+0000] {subprocess.py:93} INFO - [0m07:53:14  4 of 5 OK created sql table model driven_staging.dim_person .................... [[32mSELECT 468462[0m in 1.13s]
[2025-04-09T07:53:14.801+0000] {subprocess.py:93} INFO - [0m07:53:14  5 of 5 START sql table model driven_staging.fact_network_usage ................. [RUN]
[2025-04-09T07:53:16.420+0000] {subprocess.py:93} INFO - [0m07:53:16  5 of 5 OK created sql table model driven_staging.fact_network_usage ............ [[32mSELECT 468462[0m in 1.62s]
[2025-04-09T07:53:16.442+0000] {subprocess.py:93} INFO - [0m07:53:16
[2025-04-09T07:53:16.443+0000] {subprocess.py:93} INFO - [0m07:53:16  Finished running 5 table models in 0 hours 0 minutes and 4.67 seconds (4.67s).
[2025-04-09T07:53:16.518+0000] {subprocess.py:93} INFO - [0m07:53:16
[2025-04-09T07:53:16.519+0000] {subprocess.py:93} INFO - [0m07:53:16  [32mCompleted successfully[0m
[2025-04-09T07:53:16.520+0000] {subprocess.py:93} INFO - [0m07:53:16
[2025-04-09T07:53:16.521+0000] {subprocess.py:93} INFO - [0m07:53:16  Done. PASS=5 WARN=0 ERROR=0 SKIP=0 TOTAL=5
[2025-04-09T07:53:17.789+0000] {subprocess.py:97} INFO - Command exited with return code 0
[2025-04-09T07:53:17.827+0000] {taskinstance.py:340} INFO - ::group::Post task execution logs
[2025-04-09T07:53:17.828+0000] {taskinstance.py:352} INFO - Marking task as SUCCESS. dag_id=extract_raw_data_pipeline, task_id=run_dbt_staging, run_id=scheduled__2025-04-09T07:52:00+00:00, execution_date=20250409T075200, start_date=20250409T075306, end_date=20250409T075317
[2025-04-09T07:53:17.896+0000] {local_task_job_runner.py:266} INFO - Task exited with return code 0
[2025-04-09T07:53:17.921+0000] {taskinstance.py:3900} INFO - 1 downstream tasks scheduled from follow-on schedule check
[2025-04-09T07:53:17.924+0000] {local_task_job_runner.py:245} INFO - ::endgroup::
