[2025-04-10T07:39:09.956+0000] {local_task_job_runner.py:123} INFO - ::group::Pre task execution logs
[2025-04-10T07:39:09.995+0000] {taskinstance.py:2612} INFO - Dependencies all met for dep_context=non-requeueable deps ti=<TaskInstance: extract_raw_data_pipeline.run_dbt_staging scheduled__2025-04-10T07:38:00+00:00 [queued]>
[2025-04-10T07:39:10.023+0000] {taskinstance.py:2612} INFO - Dependencies all met for dep_context=requeueable deps ti=<TaskInstance: extract_raw_data_pipeline.run_dbt_staging scheduled__2025-04-10T07:38:00+00:00 [queued]>
[2025-04-10T07:39:10.024+0000] {taskinstance.py:2865} INFO - Starting attempt 1 of 1
[2025-04-10T07:39:10.069+0000] {taskinstance.py:2888} INFO - Executing <Task(BashOperator): run_dbt_staging> on 2025-04-10 07:38:00+00:00
[2025-04-10T07:39:10.085+0000] {warnings.py:112} WARNING - /home/***/.local/lib/python3.12/site-packages/***/task/task_runner/standard_task_runner.py:70: DeprecationWarning: This process (pid=4529) is multi-threaded, use of fork() may lead to deadlocks in the child.
  pid = os.fork()

[2025-04-10T07:39:10.093+0000] {standard_task_runner.py:72} INFO - Started process 4531 to run task
[2025-04-10T07:39:10.089+0000] {standard_task_runner.py:104} INFO - Running: ['***', 'tasks', 'run', 'extract_raw_data_pipeline', 'run_dbt_staging', 'scheduled__2025-04-10T07:38:00+00:00', '--job-id', '668', '--raw', '--subdir', 'DAGS_FOLDER/driven_data_pipeline.py', '--cfg-path', '/tmp/tmp25g_igrl']
[2025-04-10T07:39:10.096+0000] {standard_task_runner.py:105} INFO - Job 668: Subtask run_dbt_staging
[2025-04-10T07:39:10.194+0000] {task_command.py:467} INFO - Running <TaskInstance: extract_raw_data_pipeline.run_dbt_staging scheduled__2025-04-10T07:38:00+00:00 [running]> on host c829a6b69367
[2025-04-10T07:39:10.350+0000] {taskinstance.py:3131} INFO - Exporting env vars: AIRFLOW_CTX_DAG_OWNER='***' AIRFLOW_CTX_DAG_ID='extract_raw_data_pipeline' AIRFLOW_CTX_TASK_ID='run_dbt_staging' AIRFLOW_CTX_EXECUTION_DATE='2025-04-10T07:38:00+00:00' AIRFLOW_CTX_TRY_NUMBER='1' AIRFLOW_CTX_DAG_RUN_ID='scheduled__2025-04-10T07:38:00+00:00'
[2025-04-10T07:39:10.353+0000] {taskinstance.py:731} INFO - ::endgroup::
[2025-04-10T07:39:10.374+0000] {subprocess.py:63} INFO - Tmp dir root location: /tmp
[2025-04-10T07:39:10.375+0000] {subprocess.py:75} INFO - Running command: ['/usr/bin/bash', '-c', 'set -x; cd /opt/***/dbt && dbt run --select tag:staging']
[2025-04-10T07:39:10.396+0000] {subprocess.py:86} INFO - Output:
[2025-04-10T07:39:10.398+0000] {subprocess.py:93} INFO - + cd /opt/***/dbt
[2025-04-10T07:39:10.399+0000] {subprocess.py:93} INFO - + dbt run --select tag:staging
[2025-04-10T07:39:14.293+0000] {subprocess.py:93} INFO - [0m07:39:14  Running with dbt=1.8.0
[2025-04-10T07:39:14.828+0000] {subprocess.py:93} INFO - [0m07:39:14  Registered adapter: postgres=1.8.2
[2025-04-10T07:39:15.561+0000] {subprocess.py:93} INFO - [0m07:39:15  Found 9 models, 10 sources, 428 macros
[2025-04-10T07:39:15.568+0000] {subprocess.py:93} INFO - [0m07:39:15
[2025-04-10T07:39:15.773+0000] {subprocess.py:93} INFO - [0m07:39:15  Concurrency: 1 threads (target='dev')
[2025-04-10T07:39:15.775+0000] {subprocess.py:93} INFO - [0m07:39:15
[2025-04-10T07:39:15.798+0000] {subprocess.py:93} INFO - [0m07:39:15  1 of 5 START sql table model driven_staging.dim_address ........................ [RUN]
[2025-04-10T07:40:14.818+0000] {subprocess.py:93} INFO - [0m07:40:14  1 of 5 OK created sql table model driven_staging.dim_address ................... [[32mSELECT 1596930[0m in 59.01s]
[2025-04-10T07:40:14.829+0000] {subprocess.py:93} INFO - [0m07:40:14  2 of 5 START sql table model driven_staging.dim_date ........................... [RUN]
[2025-04-10T07:40:40.016+0000] {subprocess.py:93} INFO - [0m07:40:40  2 of 5 OK created sql table model driven_staging.dim_date ...................... [[32mSELECT 1634028[0m in 25.18s]
[2025-04-10T07:40:40.020+0000] {subprocess.py:93} INFO - [0m07:40:40  3 of 5 START sql table model driven_staging.dim_finance ........................ [RUN]
[2025-04-10T07:40:48.184+0000] {subprocess.py:93} INFO - [0m07:40:48  3 of 5 OK created sql table model driven_staging.dim_finance ................... [[32mSELECT 1634028[0m in 8.16s]
[2025-04-10T07:40:48.188+0000] {subprocess.py:93} INFO - [0m07:40:48  4 of 5 START sql table model driven_staging.dim_person ......................... [RUN]
[2025-04-10T07:40:53.823+0000] {subprocess.py:93} INFO - [0m07:40:53  4 of 5 OK created sql table model driven_staging.dim_person .................... [[32mSELECT 1634028[0m in 5.63s]
[2025-04-10T07:40:53.831+0000] {subprocess.py:93} INFO - [0m07:40:53  5 of 5 START sql table model driven_staging.fact_network_usage ................. [RUN]
[2025-04-10T07:40:57.688+0000] {subprocess.py:93} INFO - [0m07:40:57  5 of 5 OK created sql table model driven_staging.fact_network_usage ............ [[32mSELECT 1634028[0m in 3.85s]
[2025-04-10T07:40:57.706+0000] {subprocess.py:93} INFO - [0m07:40:57
[2025-04-10T07:40:57.707+0000] {subprocess.py:93} INFO - [0m07:40:57  Finished running 5 table models in 0 hours 1 minutes and 42.14 seconds (102.14s).
[2025-04-10T07:40:57.771+0000] {subprocess.py:93} INFO - [0m07:40:57
[2025-04-10T07:40:57.772+0000] {subprocess.py:93} INFO - [0m07:40:57  [32mCompleted successfully[0m
[2025-04-10T07:40:57.773+0000] {subprocess.py:93} INFO - [0m07:40:57
[2025-04-10T07:40:57.774+0000] {subprocess.py:93} INFO - [0m07:40:57  Done. PASS=5 WARN=0 ERROR=0 SKIP=0 TOTAL=5
[2025-04-10T07:40:59.176+0000] {subprocess.py:97} INFO - Command exited with return code 0
[2025-04-10T07:40:59.246+0000] {taskinstance.py:340} INFO - ::group::Post task execution logs
[2025-04-10T07:40:59.247+0000] {taskinstance.py:352} INFO - Marking task as SUCCESS. dag_id=extract_raw_data_pipeline, task_id=run_dbt_staging, run_id=scheduled__2025-04-10T07:38:00+00:00, execution_date=20250410T073800, start_date=20250410T073909, end_date=20250410T074059
[2025-04-10T07:40:59.316+0000] {local_task_job_runner.py:266} INFO - Task exited with return code 0
[2025-04-10T07:40:59.344+0000] {taskinstance.py:3900} INFO - 1 downstream tasks scheduled from follow-on schedule check
[2025-04-10T07:40:59.361+0000] {local_task_job_runner.py:245} INFO - ::endgroup::
