[2025-04-10T07:05:15.569+0000] {local_task_job_runner.py:123} INFO - ::group::Pre task execution logs
[2025-04-10T07:05:15.627+0000] {taskinstance.py:2612} INFO - Dependencies all met for dep_context=non-requeueable deps ti=<TaskInstance: extract_raw_data_pipeline.run_dbt_staging scheduled__2025-04-10T07:04:00+00:00 [queued]>
[2025-04-10T07:05:15.671+0000] {taskinstance.py:2612} INFO - Dependencies all met for dep_context=requeueable deps ti=<TaskInstance: extract_raw_data_pipeline.run_dbt_staging scheduled__2025-04-10T07:04:00+00:00 [queued]>
[2025-04-10T07:05:15.672+0000] {taskinstance.py:2865} INFO - Starting attempt 1 of 1
[2025-04-10T07:05:15.715+0000] {taskinstance.py:2888} INFO - Executing <Task(BashOperator): run_dbt_staging> on 2025-04-10 07:04:00+00:00
[2025-04-10T07:05:15.732+0000] {warnings.py:112} WARNING - /home/***/.local/lib/python3.12/site-packages/***/task/task_runner/standard_task_runner.py:70: DeprecationWarning: This process (pid=2514) is multi-threaded, use of fork() may lead to deadlocks in the child.
  pid = os.fork()

[2025-04-10T07:05:15.738+0000] {standard_task_runner.py:72} INFO - Started process 2522 to run task
[2025-04-10T07:05:15.743+0000] {standard_task_runner.py:104} INFO - Running: ['***', 'tasks', 'run', 'extract_raw_data_pipeline', 'run_dbt_staging', 'scheduled__2025-04-10T07:04:00+00:00', '--job-id', '465', '--raw', '--subdir', 'DAGS_FOLDER/driven_data_pipeline.py', '--cfg-path', '/tmp/tmpa6wrz273']
[2025-04-10T07:05:15.746+0000] {standard_task_runner.py:105} INFO - Job 465: Subtask run_dbt_staging
[2025-04-10T07:05:15.866+0000] {task_command.py:467} INFO - Running <TaskInstance: extract_raw_data_pipeline.run_dbt_staging scheduled__2025-04-10T07:04:00+00:00 [running]> on host c829a6b69367
[2025-04-10T07:05:16.061+0000] {taskinstance.py:3131} INFO - Exporting env vars: AIRFLOW_CTX_DAG_OWNER='***' AIRFLOW_CTX_DAG_ID='extract_raw_data_pipeline' AIRFLOW_CTX_TASK_ID='run_dbt_staging' AIRFLOW_CTX_EXECUTION_DATE='2025-04-10T07:04:00+00:00' AIRFLOW_CTX_TRY_NUMBER='1' AIRFLOW_CTX_DAG_RUN_ID='scheduled__2025-04-10T07:04:00+00:00'
[2025-04-10T07:05:16.063+0000] {taskinstance.py:731} INFO - ::endgroup::
[2025-04-10T07:05:16.091+0000] {subprocess.py:63} INFO - Tmp dir root location: /tmp
[2025-04-10T07:05:16.096+0000] {subprocess.py:75} INFO - Running command: ['/usr/bin/bash', '-c', 'set -x; cd /opt/***/dbt && dbt run --select tag:staging']
[2025-04-10T07:05:16.129+0000] {subprocess.py:86} INFO - Output:
[2025-04-10T07:05:16.132+0000] {subprocess.py:93} INFO - + cd /opt/***/dbt
[2025-04-10T07:05:16.133+0000] {subprocess.py:93} INFO - + dbt run --select tag:staging
[2025-04-10T07:05:22.441+0000] {subprocess.py:93} INFO - [0m07:05:22  Running with dbt=1.8.0
[2025-04-10T07:05:23.352+0000] {subprocess.py:93} INFO - [0m07:05:23  Registered adapter: postgres=1.8.2
[2025-04-10T07:05:24.663+0000] {subprocess.py:93} INFO - [0m07:05:24  Found 9 models, 10 sources, 428 macros
[2025-04-10T07:05:24.672+0000] {subprocess.py:93} INFO - [0m07:05:24
[2025-04-10T07:05:25.019+0000] {subprocess.py:93} INFO - [0m07:05:25  Concurrency: 1 threads (target='dev')
[2025-04-10T07:05:25.020+0000] {subprocess.py:93} INFO - [0m07:05:25
[2025-04-10T07:05:25.048+0000] {subprocess.py:93} INFO - [0m07:05:25  1 of 5 START sql table model driven_staging.dim_address ........................ [RUN]
[2025-04-10T07:05:40.628+0000] {subprocess.py:93} INFO - [0m07:05:40  1 of 5 OK created sql table model driven_staging.dim_address ................... [[32mSELECT 643574[0m in 15.57s]
[2025-04-10T07:05:40.644+0000] {subprocess.py:93} INFO - [0m07:05:40  2 of 5 START sql table model driven_staging.dim_date ........................... [RUN]
[2025-04-10T07:05:43.424+0000] {subprocess.py:93} INFO - [0m07:05:43  2 of 5 OK created sql table model driven_staging.dim_date ...................... [[32mSELECT 643574[0m in 2.78s]
[2025-04-10T07:05:43.430+0000] {subprocess.py:93} INFO - [0m07:05:43  3 of 5 START sql table model driven_staging.dim_finance ........................ [RUN]
[2025-04-10T07:06:04.717+0000] {subprocess.py:93} INFO - [0m07:06:04  3 of 5 OK created sql table model driven_staging.dim_finance ................... [[32mSELECT 643574[0m in 21.28s]
[2025-04-10T07:06:04.730+0000] {subprocess.py:93} INFO - [0m07:06:04  4 of 5 START sql table model driven_staging.dim_person ......................... [RUN]
[2025-04-10T07:06:08.363+0000] {subprocess.py:93} INFO - [0m07:06:08  4 of 5 OK created sql table model driven_staging.dim_person .................... [[32mSELECT 643574[0m in 3.62s]
[2025-04-10T07:06:08.372+0000] {subprocess.py:93} INFO - [0m07:06:08  5 of 5 START sql table model driven_staging.fact_network_usage ................. [RUN]
[2025-04-10T07:06:09.970+0000] {subprocess.py:93} INFO - [0m07:06:09  5 of 5 OK created sql table model driven_staging.fact_network_usage ............ [[32mSELECT 643574[0m in 1.59s]
[2025-04-10T07:06:10.019+0000] {subprocess.py:93} INFO - [0m07:06:10
[2025-04-10T07:06:10.023+0000] {subprocess.py:93} INFO - [0m07:06:10  Finished running 5 table models in 0 hours 0 minutes and 45.34 seconds (45.34s).
[2025-04-10T07:06:10.173+0000] {subprocess.py:93} INFO - [0m07:06:10
[2025-04-10T07:06:10.174+0000] {subprocess.py:93} INFO - [0m07:06:10  [32mCompleted successfully[0m
[2025-04-10T07:06:10.176+0000] {subprocess.py:93} INFO - [0m07:06:10
[2025-04-10T07:06:10.180+0000] {subprocess.py:93} INFO - [0m07:06:10  Done. PASS=5 WARN=0 ERROR=0 SKIP=0 TOTAL=5
[2025-04-10T07:06:12.486+0000] {subprocess.py:97} INFO - Command exited with return code 0
[2025-04-10T07:06:12.569+0000] {taskinstance.py:340} INFO - ::group::Post task execution logs
[2025-04-10T07:06:12.573+0000] {taskinstance.py:352} INFO - Marking task as SUCCESS. dag_id=extract_raw_data_pipeline, task_id=run_dbt_staging, run_id=scheduled__2025-04-10T07:04:00+00:00, execution_date=20250410T070400, start_date=20250410T070515, end_date=20250410T070612
[2025-04-10T07:06:12.691+0000] {local_task_job_runner.py:266} INFO - Task exited with return code 0
[2025-04-10T07:06:12.721+0000] {local_task_job_runner.py:245} INFO - ::endgroup::
