[2025-04-09T07:55:01.863+0000] {local_task_job_runner.py:123} INFO - ::group::Pre task execution logs
[2025-04-09T07:55:01.903+0000] {taskinstance.py:2612} INFO - Dependencies all met for dep_context=non-requeueable deps ti=<TaskInstance: extract_raw_data_pipeline.extract_raw_data scheduled__2025-04-09T07:54:00+00:00 [queued]>
[2025-04-09T07:55:01.930+0000] {taskinstance.py:2612} INFO - Dependencies all met for dep_context=requeueable deps ti=<TaskInstance: extract_raw_data_pipeline.extract_raw_data scheduled__2025-04-09T07:54:00+00:00 [queued]>
[2025-04-09T07:55:01.932+0000] {taskinstance.py:2865} INFO - Starting attempt 1 of 1
[2025-04-09T07:55:01.962+0000] {taskinstance.py:2888} INFO - Executing <Task(PythonOperator): extract_raw_data> on 2025-04-09 07:54:00+00:00
[2025-04-09T07:55:01.981+0000] {warnings.py:112} WARNING - /home/***/.local/lib/python3.12/site-packages/***/task/task_runner/standard_task_runner.py:70: DeprecationWarning: This process (pid=4216) is multi-threaded, use of fork() may lead to deadlocks in the child.
  pid = os.fork()

[2025-04-09T07:55:01.984+0000] {standard_task_runner.py:72} INFO - Started process 4221 to run task
[2025-04-09T07:55:01.983+0000] {standard_task_runner.py:104} INFO - Running: ['***', 'tasks', 'run', 'extract_raw_data_pipeline', 'extract_raw_data', 'scheduled__2025-04-09T07:54:00+00:00', '--job-id', '400', '--raw', '--subdir', 'DAGS_FOLDER/driven_data_pipeline.py', '--cfg-path', '/tmp/tmpggpmtatb']
[2025-04-09T07:55:01.987+0000] {standard_task_runner.py:105} INFO - Job 400: Subtask extract_raw_data
[2025-04-09T07:55:02.100+0000] {task_command.py:467} INFO - Running <TaskInstance: extract_raw_data_pipeline.extract_raw_data scheduled__2025-04-09T07:54:00+00:00 [running]> on host c829a6b69367
[2025-04-09T07:55:02.312+0000] {taskinstance.py:3131} INFO - Exporting env vars: AIRFLOW_CTX_DAG_OWNER='***' AIRFLOW_CTX_DAG_ID='extract_raw_data_pipeline' AIRFLOW_CTX_TASK_ID='extract_raw_data' AIRFLOW_CTX_EXECUTION_DATE='2025-04-09T07:54:00+00:00' AIRFLOW_CTX_TRY_NUMBER='1' AIRFLOW_CTX_DAG_RUN_ID='scheduled__2025-04-09T07:54:00+00:00'
[2025-04-09T07:55:02.317+0000] {taskinstance.py:731} INFO - ::endgroup::
[2025-04-09T07:55:02.357+0000] {driven_data_pipeline.py:148} INFO - Started batch processing for 2025-04-09.
[2025-04-09T07:55:02.358+0000] {driven_data_pipeline.py:35} INFO - Created synthetic data for RO country code.
[2025-04-09T07:55:03.022+0000] {driven_data_pipeline.py:105} INFO - Written 990 records to the CSV file.
[2025-04-09T07:55:03.456+0000] {driven_data_pipeline.py:121} INFO - Added UUID to the dataset.
[2025-04-09T07:55:03.735+0000] {driven_data_pipeline.py:140} INFO - Updated accessed timestamp.
[2025-04-09T07:55:03.736+0000] {driven_data_pipeline.py:156} INFO - Finished batch processing 2025-04-09.
[2025-04-09T07:55:03.737+0000] {python.py:240} INFO - Done. Returned value was: None
[2025-04-09T07:55:03.757+0000] {taskinstance.py:340} INFO - ::group::Post task execution logs
[2025-04-09T07:55:03.758+0000] {taskinstance.py:352} INFO - Marking task as SUCCESS. dag_id=extract_raw_data_pipeline, task_id=extract_raw_data, run_id=scheduled__2025-04-09T07:54:00+00:00, execution_date=20250409T075400, start_date=20250409T075501, end_date=20250409T075503
[2025-04-09T07:55:03.821+0000] {local_task_job_runner.py:266} INFO - Task exited with return code 0
[2025-04-09T07:55:03.864+0000] {taskinstance.py:3900} INFO - 1 downstream tasks scheduled from follow-on schedule check
[2025-04-09T07:55:03.868+0000] {local_task_job_runner.py:245} INFO - ::endgroup::
