[2025-04-10T07:49:01.425+0000] {local_task_job_runner.py:123} INFO - ::group::Pre task execution logs
[2025-04-10T07:49:01.455+0000] {taskinstance.py:2612} INFO - Dependencies all met for dep_context=non-requeueable deps ti=<TaskInstance: extract_raw_data_pipeline.extract_raw_data scheduled__2025-04-10T07:48:00+00:00 [queued]>
[2025-04-10T07:49:01.475+0000] {taskinstance.py:2612} INFO - Dependencies all met for dep_context=requeueable deps ti=<TaskInstance: extract_raw_data_pipeline.extract_raw_data scheduled__2025-04-10T07:48:00+00:00 [queued]>
[2025-04-10T07:49:01.476+0000] {taskinstance.py:2865} INFO - Starting attempt 1 of 1
[2025-04-10T07:49:01.501+0000] {taskinstance.py:2888} INFO - Executing <Task(PythonOperator): extract_raw_data> on 2025-04-10 07:48:00+00:00
[2025-04-10T07:49:01.512+0000] {warnings.py:112} WARNING - /home/***/.local/lib/python3.12/site-packages/***/task/task_runner/standard_task_runner.py:70: DeprecationWarning: This process (pid=5088) is multi-threaded, use of fork() may lead to deadlocks in the child.
  pid = os.fork()

[2025-04-10T07:49:01.514+0000] {standard_task_runner.py:72} INFO - Started process 5094 to run task
[2025-04-10T07:49:01.515+0000] {standard_task_runner.py:104} INFO - Running: ['***', 'tasks', 'run', 'extract_raw_data_pipeline', 'extract_raw_data', 'scheduled__2025-04-10T07:48:00+00:00', '--job-id', '724', '--raw', '--subdir', 'DAGS_FOLDER/driven_data_pipeline.py', '--cfg-path', '/tmp/tmpuy_e15m2']
[2025-04-10T07:49:01.516+0000] {standard_task_runner.py:105} INFO - Job 724: Subtask extract_raw_data
[2025-04-10T07:49:01.590+0000] {task_command.py:467} INFO - Running <TaskInstance: extract_raw_data_pipeline.extract_raw_data scheduled__2025-04-10T07:48:00+00:00 [running]> on host c829a6b69367
[2025-04-10T07:49:01.761+0000] {taskinstance.py:3131} INFO - Exporting env vars: AIRFLOW_CTX_DAG_OWNER='***' AIRFLOW_CTX_DAG_ID='extract_raw_data_pipeline' AIRFLOW_CTX_TASK_ID='extract_raw_data' AIRFLOW_CTX_EXECUTION_DATE='2025-04-10T07:48:00+00:00' AIRFLOW_CTX_TRY_NUMBER='1' AIRFLOW_CTX_DAG_RUN_ID='scheduled__2025-04-10T07:48:00+00:00'
[2025-04-10T07:49:01.764+0000] {taskinstance.py:731} INFO - ::endgroup::
[2025-04-10T07:49:01.794+0000] {driven_data_pipeline.py:148} INFO - Started batch processing for 2025-04-10.
[2025-04-10T07:49:01.795+0000] {driven_data_pipeline.py:35} INFO - Created synthetic data for RO country code.
[2025-04-10T07:49:02.454+0000] {driven_data_pipeline.py:105} INFO - Written 944 records to the CSV file.
[2025-04-10T07:49:03.302+0000] {driven_data_pipeline.py:121} INFO - Added UUID to the dataset.
[2025-04-10T07:49:03.826+0000] {driven_data_pipeline.py:140} INFO - Updated accessed timestamp.
[2025-04-10T07:49:03.828+0000] {driven_data_pipeline.py:156} INFO - Finished batch processing 2025-04-10.
[2025-04-10T07:49:03.829+0000] {python.py:240} INFO - Done. Returned value was: None
[2025-04-10T07:49:03.847+0000] {taskinstance.py:340} INFO - ::group::Post task execution logs
[2025-04-10T07:49:03.849+0000] {taskinstance.py:352} INFO - Marking task as SUCCESS. dag_id=extract_raw_data_pipeline, task_id=extract_raw_data, run_id=scheduled__2025-04-10T07:48:00+00:00, execution_date=20250410T074800, start_date=20250410T074901, end_date=20250410T074903
[2025-04-10T07:49:03.901+0000] {local_task_job_runner.py:266} INFO - Task exited with return code 0
[2025-04-10T07:49:03.951+0000] {taskinstance.py:3900} INFO - 1 downstream tasks scheduled from follow-on schedule check
[2025-04-10T07:49:03.956+0000] {local_task_job_runner.py:245} INFO - ::endgroup::
