[2025-04-09T07:38:07.840+0000] {local_task_job_runner.py:123} INFO - ::group::Pre task execution logs
[2025-04-09T07:38:07.881+0000] {taskinstance.py:2612} INFO - Dependencies all met for dep_context=non-requeueable deps ti=<TaskInstance: extract_raw_data_pipeline.run_dbt_staging scheduled__2025-04-09T07:37:00+00:00 [queued]>
[2025-04-09T07:38:07.904+0000] {taskinstance.py:2612} INFO - Dependencies all met for dep_context=requeueable deps ti=<TaskInstance: extract_raw_data_pipeline.run_dbt_staging scheduled__2025-04-09T07:37:00+00:00 [queued]>
[2025-04-09T07:38:07.905+0000] {taskinstance.py:2865} INFO - Starting attempt 1 of 1
[2025-04-09T07:38:07.947+0000] {taskinstance.py:2888} INFO - Executing <Task(BashOperator): run_dbt_staging> on 2025-04-09 07:37:00+00:00
[2025-04-09T07:38:07.966+0000] {warnings.py:112} WARNING - /home/***/.local/lib/python3.12/site-packages/***/task/task_runner/standard_task_runner.py:70: DeprecationWarning: This process (pid=3214) is multi-threaded, use of fork() may lead to deadlocks in the child.
  pid = os.fork()

[2025-04-09T07:38:07.969+0000] {standard_task_runner.py:104} INFO - Running: ['***', 'tasks', 'run', 'extract_raw_data_pipeline', 'run_dbt_staging', 'scheduled__2025-04-09T07:37:00+00:00', '--job-id', '301', '--raw', '--subdir', 'DAGS_FOLDER/driven_data_pipeline.py', '--cfg-path', '/tmp/tmp2v2oxuh8']
[2025-04-09T07:38:07.970+0000] {standard_task_runner.py:72} INFO - Started process 3216 to run task
[2025-04-09T07:38:07.971+0000] {standard_task_runner.py:105} INFO - Job 301: Subtask run_dbt_staging
[2025-04-09T07:38:08.100+0000] {task_command.py:467} INFO - Running <TaskInstance: extract_raw_data_pipeline.run_dbt_staging scheduled__2025-04-09T07:37:00+00:00 [running]> on host c829a6b69367
[2025-04-09T07:38:08.272+0000] {taskinstance.py:3131} INFO - Exporting env vars: AIRFLOW_CTX_DAG_OWNER='***' AIRFLOW_CTX_DAG_ID='extract_raw_data_pipeline' AIRFLOW_CTX_TASK_ID='run_dbt_staging' AIRFLOW_CTX_EXECUTION_DATE='2025-04-09T07:37:00+00:00' AIRFLOW_CTX_TRY_NUMBER='1' AIRFLOW_CTX_DAG_RUN_ID='scheduled__2025-04-09T07:37:00+00:00'
[2025-04-09T07:38:08.275+0000] {taskinstance.py:731} INFO - ::endgroup::
[2025-04-09T07:38:08.315+0000] {subprocess.py:63} INFO - Tmp dir root location: /tmp
[2025-04-09T07:38:08.317+0000] {subprocess.py:75} INFO - Running command: ['/usr/bin/bash', '-c', 'set -x; cd /opt/***/dbt && dbt run --select tag:staging']
[2025-04-09T07:38:08.338+0000] {subprocess.py:86} INFO - Output:
[2025-04-09T07:38:08.342+0000] {subprocess.py:93} INFO - + cd /opt/***/dbt
[2025-04-09T07:38:08.343+0000] {subprocess.py:93} INFO - + dbt run --select tag:staging
[2025-04-09T07:38:12.672+0000] {subprocess.py:93} INFO - [0m07:38:12  Running with dbt=1.8.0
[2025-04-09T07:38:13.141+0000] {subprocess.py:93} INFO - [0m07:38:13  Registered adapter: postgres=1.8.2
[2025-04-09T07:38:13.871+0000] {subprocess.py:93} INFO - [0m07:38:13  Found 9 models, 10 sources, 428 macros
[2025-04-09T07:38:13.874+0000] {subprocess.py:93} INFO - [0m07:38:13
[2025-04-09T07:38:14.030+0000] {subprocess.py:93} INFO - [0m07:38:14  Concurrency: 1 threads (target='dev')
[2025-04-09T07:38:14.031+0000] {subprocess.py:93} INFO - [0m07:38:14
[2025-04-09T07:38:14.047+0000] {subprocess.py:93} INFO - [0m07:38:14  1 of 5 START sql table model driven_staging.dim_address ........................ [RUN]
[2025-04-09T07:38:14.663+0000] {subprocess.py:93} INFO - [0m07:38:14  1 of 5 OK created sql table model driven_staging.dim_address ................... [[32mSELECT 356391[0m in 0.61s]
[2025-04-09T07:38:14.667+0000] {subprocess.py:93} INFO - [0m07:38:14  2 of 5 START sql table model driven_staging.dim_date ........................... [RUN]
[2025-04-09T07:38:15.067+0000] {subprocess.py:93} INFO - [0m07:38:15  2 of 5 OK created sql table model driven_staging.dim_date ...................... [[32mSELECT 356391[0m in 0.40s]
[2025-04-09T07:38:15.069+0000] {subprocess.py:93} INFO - [0m07:38:15  3 of 5 START sql table model driven_staging.dim_finance ........................ [RUN]
[2025-04-09T07:38:15.474+0000] {subprocess.py:93} INFO - [0m07:38:15  3 of 5 OK created sql table model driven_staging.dim_finance ................... [[32mSELECT 356391[0m in 0.40s]
[2025-04-09T07:38:15.477+0000] {subprocess.py:93} INFO - [0m07:38:15  4 of 5 START sql table model driven_staging.dim_person ......................... [RUN]
[2025-04-09T07:38:16.046+0000] {subprocess.py:93} INFO - [0m07:38:16  4 of 5 OK created sql table model driven_staging.dim_person .................... [[32mSELECT 356391[0m in 0.57s]
[2025-04-09T07:38:16.049+0000] {subprocess.py:93} INFO - [0m07:38:16  5 of 5 START sql table model driven_staging.fact_network_usage ................. [RUN]
[2025-04-09T07:38:16.607+0000] {subprocess.py:93} INFO - [0m07:38:16  5 of 5 OK created sql table model driven_staging.fact_network_usage ............ [[32mSELECT 356391[0m in 0.56s]
[2025-04-09T07:38:16.623+0000] {subprocess.py:93} INFO - [0m07:38:16
[2025-04-09T07:38:16.624+0000] {subprocess.py:93} INFO - [0m07:38:16  Finished running 5 table models in 0 hours 0 minutes and 2.75 seconds (2.75s).
[2025-04-09T07:38:16.682+0000] {subprocess.py:93} INFO - [0m07:38:16
[2025-04-09T07:38:16.683+0000] {subprocess.py:93} INFO - [0m07:38:16  [32mCompleted successfully[0m
[2025-04-09T07:38:16.684+0000] {subprocess.py:93} INFO - [0m07:38:16
[2025-04-09T07:38:16.685+0000] {subprocess.py:93} INFO - [0m07:38:16  Done. PASS=5 WARN=0 ERROR=0 SKIP=0 TOTAL=5
[2025-04-09T07:38:17.954+0000] {subprocess.py:97} INFO - Command exited with return code 0
[2025-04-09T07:38:17.994+0000] {taskinstance.py:340} INFO - ::group::Post task execution logs
[2025-04-09T07:38:17.995+0000] {taskinstance.py:352} INFO - Marking task as SUCCESS. dag_id=extract_raw_data_pipeline, task_id=run_dbt_staging, run_id=scheduled__2025-04-09T07:37:00+00:00, execution_date=20250409T073700, start_date=20250409T073807, end_date=20250409T073817
[2025-04-09T07:38:18.049+0000] {local_task_job_runner.py:266} INFO - Task exited with return code 0
[2025-04-09T07:38:18.079+0000] {taskinstance.py:3900} INFO - 1 downstream tasks scheduled from follow-on schedule check
[2025-04-09T07:38:18.082+0000] {local_task_job_runner.py:245} INFO - ::endgroup::
