[2025-04-10T07:49:46.398+0000] {local_task_job_runner.py:123} INFO - ::group::Pre task execution logs
[2025-04-10T07:49:46.429+0000] {taskinstance.py:2612} INFO - Dependencies all met for dep_context=non-requeueable deps ti=<TaskInstance: extract_raw_data_pipeline.run_dbt_trusted scheduled__2025-04-10T07:46:00+00:00 [queued]>
[2025-04-10T07:49:46.448+0000] {taskinstance.py:2612} INFO - Dependencies all met for dep_context=requeueable deps ti=<TaskInstance: extract_raw_data_pipeline.run_dbt_trusted scheduled__2025-04-10T07:46:00+00:00 [queued]>
[2025-04-10T07:49:46.449+0000] {taskinstance.py:2865} INFO - Starting attempt 1 of 1
[2025-04-10T07:49:46.480+0000] {taskinstance.py:2888} INFO - Executing <Task(BashOperator): run_dbt_trusted> on 2025-04-10 07:46:00+00:00
[2025-04-10T07:49:46.491+0000] {warnings.py:112} WARNING - /home/***/.local/lib/python3.12/site-packages/***/task/task_runner/standard_task_runner.py:70: DeprecationWarning: This process (pid=5142) is multi-threaded, use of fork() may lead to deadlocks in the child.
  pid = os.fork()

[2025-04-10T07:49:46.494+0000] {standard_task_runner.py:72} INFO - Started process 5144 to run task
[2025-04-10T07:49:46.495+0000] {standard_task_runner.py:104} INFO - Running: ['***', 'tasks', 'run', 'extract_raw_data_pipeline', 'run_dbt_trusted', 'scheduled__2025-04-10T07:46:00+00:00', '--job-id', '728', '--raw', '--subdir', 'DAGS_FOLDER/driven_data_pipeline.py', '--cfg-path', '/tmp/tmp404b5tjy']
[2025-04-10T07:49:46.498+0000] {standard_task_runner.py:105} INFO - Job 728: Subtask run_dbt_trusted
[2025-04-10T07:49:46.589+0000] {task_command.py:467} INFO - Running <TaskInstance: extract_raw_data_pipeline.run_dbt_trusted scheduled__2025-04-10T07:46:00+00:00 [running]> on host c829a6b69367
[2025-04-10T07:49:46.742+0000] {taskinstance.py:3131} INFO - Exporting env vars: AIRFLOW_CTX_DAG_OWNER='***' AIRFLOW_CTX_DAG_ID='extract_raw_data_pipeline' AIRFLOW_CTX_TASK_ID='run_dbt_trusted' AIRFLOW_CTX_EXECUTION_DATE='2025-04-10T07:46:00+00:00' AIRFLOW_CTX_TRY_NUMBER='1' AIRFLOW_CTX_DAG_RUN_ID='scheduled__2025-04-10T07:46:00+00:00'
[2025-04-10T07:49:46.744+0000] {taskinstance.py:731} INFO - ::endgroup::
[2025-04-10T07:49:46.771+0000] {subprocess.py:63} INFO - Tmp dir root location: /tmp
[2025-04-10T07:49:46.772+0000] {subprocess.py:75} INFO - Running command: ['/usr/bin/bash', '-c', 'set -x; cd /opt/***/dbt && dbt run --select tag:trusted']
[2025-04-10T07:49:46.794+0000] {subprocess.py:86} INFO - Output:
[2025-04-10T07:49:46.797+0000] {subprocess.py:93} INFO - + cd /opt/***/dbt
[2025-04-10T07:49:46.798+0000] {subprocess.py:93} INFO - + dbt run --select tag:trusted
[2025-04-10T07:49:49.860+0000] {subprocess.py:93} INFO - [0m07:49:49  Running with dbt=1.8.0
[2025-04-10T07:49:50.318+0000] {subprocess.py:93} INFO - [0m07:49:50  Registered adapter: postgres=1.8.2
[2025-04-10T07:49:51.015+0000] {subprocess.py:93} INFO - [0m07:49:51  Found 9 models, 10 sources, 428 macros
[2025-04-10T07:49:51.018+0000] {subprocess.py:93} INFO - [0m07:49:51
[2025-04-10T07:49:51.176+0000] {subprocess.py:93} INFO - [0m07:49:51  Concurrency: 1 threads (target='dev')
[2025-04-10T07:49:51.177+0000] {subprocess.py:93} INFO - [0m07:49:51
[2025-04-10T07:49:51.191+0000] {subprocess.py:93} INFO - [0m07:49:51  1 of 4 START sql table model driven_trusted.non_pii_data ....................... [RUN]
[2025-04-10T07:51:13.543+0000] {subprocess.py:93} INFO - [0m07:51:13  1 of 4 OK created sql table model driven_trusted.non_pii_data .................. [[32mSELECT 1953382[0m in 82.35s]
[2025-04-10T07:51:13.548+0000] {subprocess.py:93} INFO - [0m07:51:13  2 of 4 START sql table model driven_trusted.payment_data ....................... [RUN]
[2025-04-10T07:51:50.699+0000] {subprocess.py:93} INFO - [0m07:51:50  2 of 4 OK created sql table model driven_trusted.payment_data .................. [[32mSELECT 1953382[0m in 37.15s]
[2025-04-10T07:51:50.705+0000] {subprocess.py:93} INFO - [0m07:51:50  3 of 4 START sql table model driven_trusted.pii_data ........................... [RUN]
[2025-04-10T07:53:00.079+0000] {subprocess.py:93} INFO - [0m07:53:00  3 of 4 OK created sql table model driven_trusted.pii_data ...................... [[32mSELECT 1953382[0m in 69.37s]
[2025-04-10T07:53:00.087+0000] {subprocess.py:93} INFO - [0m07:53:00  4 of 4 START sql table model driven_trusted.technical_data ..................... [RUN]
[2025-04-10T07:53:54.996+0000] {subprocess.py:93} INFO - [0m07:53:54  4 of 4 OK created sql table model driven_trusted.technical_data ................ [[32mSELECT 2127594[0m in 54.91s]
[2025-04-10T07:53:55.017+0000] {subprocess.py:93} INFO - [0m07:53:55
[2025-04-10T07:53:55.018+0000] {subprocess.py:93} INFO - [0m07:53:55  Finished running 4 table models in 0 hours 4 minutes and 4.00 seconds (244.00s).
[2025-04-10T07:53:55.094+0000] {subprocess.py:93} INFO - [0m07:53:55
[2025-04-10T07:53:55.095+0000] {subprocess.py:93} INFO - [0m07:53:55  [32mCompleted successfully[0m
[2025-04-10T07:53:55.095+0000] {subprocess.py:93} INFO - [0m07:53:55
[2025-04-10T07:53:55.096+0000] {subprocess.py:93} INFO - [0m07:53:55  Done. PASS=4 WARN=0 ERROR=0 SKIP=0 TOTAL=4
[2025-04-10T07:53:56.181+0000] {subprocess.py:97} INFO - Command exited with return code 0
[2025-04-10T07:53:56.217+0000] {taskinstance.py:340} INFO - ::group::Post task execution logs
[2025-04-10T07:53:56.218+0000] {taskinstance.py:352} INFO - Marking task as SUCCESS. dag_id=extract_raw_data_pipeline, task_id=run_dbt_trusted, run_id=scheduled__2025-04-10T07:46:00+00:00, execution_date=20250410T074600, start_date=20250410T074946, end_date=20250410T075356
[2025-04-10T07:53:56.252+0000] {local_task_job_runner.py:266} INFO - Task exited with return code 0
[2025-04-10T07:53:56.270+0000] {taskinstance.py:3900} INFO - 0 downstream tasks scheduled from follow-on schedule check
[2025-04-10T07:53:56.275+0000] {local_task_job_runner.py:245} INFO - ::endgroup::
