[2025-04-10T07:45:07.608+0000] {local_task_job_runner.py:123} INFO - ::group::Pre task execution logs
[2025-04-10T07:45:07.627+0000] {taskinstance.py:2612} INFO - Dependencies all met for dep_context=non-requeueable deps ti=<TaskInstance: extract_raw_data_pipeline.load_raw_data scheduled__2025-04-10T07:44:00+00:00 [queued]>
[2025-04-10T07:45:07.636+0000] {taskinstance.py:2612} INFO - Dependencies all met for dep_context=requeueable deps ti=<TaskInstance: extract_raw_data_pipeline.load_raw_data scheduled__2025-04-10T07:44:00+00:00 [queued]>
[2025-04-10T07:45:07.637+0000] {taskinstance.py:2865} INFO - Starting attempt 1 of 1
[2025-04-10T07:45:07.654+0000] {taskinstance.py:2888} INFO - Executing <Task(SQLExecuteQueryOperator): load_raw_data> on 2025-04-10 07:44:00+00:00
[2025-04-10T07:45:07.661+0000] {warnings.py:112} WARNING - /home/***/.local/lib/python3.12/site-packages/***/task/task_runner/standard_task_runner.py:70: DeprecationWarning: This process (pid=4893) is multi-threaded, use of fork() may lead to deadlocks in the child.
  pid = os.fork()

[2025-04-10T07:45:07.663+0000] {standard_task_runner.py:72} INFO - Started process 4895 to run task
[2025-04-10T07:45:07.664+0000] {standard_task_runner.py:104} INFO - Running: ['***', 'tasks', 'run', 'extract_raw_data_pipeline', 'load_raw_data', 'scheduled__2025-04-10T07:44:00+00:00', '--job-id', '703', '--raw', '--subdir', 'DAGS_FOLDER/driven_data_pipeline.py', '--cfg-path', '/tmp/tmpcwy1m395']
[2025-04-10T07:45:07.666+0000] {standard_task_runner.py:105} INFO - Job 703: Subtask load_raw_data
[2025-04-10T07:45:07.717+0000] {task_command.py:467} INFO - Running <TaskInstance: extract_raw_data_pipeline.load_raw_data scheduled__2025-04-10T07:44:00+00:00 [running]> on host c829a6b69367
[2025-04-10T07:45:07.812+0000] {taskinstance.py:3131} INFO - Exporting env vars: AIRFLOW_CTX_DAG_OWNER='***' AIRFLOW_CTX_DAG_ID='extract_raw_data_pipeline' AIRFLOW_CTX_TASK_ID='load_raw_data' AIRFLOW_CTX_EXECUTION_DATE='2025-04-10T07:44:00+00:00' AIRFLOW_CTX_TRY_NUMBER='1' AIRFLOW_CTX_DAG_RUN_ID='scheduled__2025-04-10T07:44:00+00:00'
[2025-04-10T07:45:07.814+0000] {taskinstance.py:731} INFO - ::endgroup::
[2025-04-10T07:45:07.829+0000] {sql.py:266} INFO - Executing: 
    COPY driven_raw.raw_batch_data(
    person_name, user_name, email, personal_number, birth_date,
    address, phone, mac_address, ip_address, iban, accessed_at,
    session_duration, download_speed, upload_speed, consumed_traffic, unique_id
    ) 
    FROM '/opt/***/data/raw_data.csv' 
    DELIMITER ',' 
    CSV HEADER;
    
[2025-04-10T07:45:07.841+0000] {base.py:84} INFO - Retrieving connection 'postgres_conn'
[2025-04-10T07:45:07.854+0000] {base.py:84} INFO - Retrieving connection 'postgres_conn'
[2025-04-10T07:45:07.859+0000] {sql.py:509} INFO - Running statement: 
    COPY driven_raw.raw_batch_data(
    person_name, user_name, email, personal_number, birth_date,
    address, phone, mac_address, ip_address, iban, accessed_at,
    session_duration, download_speed, upload_speed, consumed_traffic, unique_id
    ) 
    FROM '/opt/***/data/raw_data.csv' 
    DELIMITER ',' 
    CSV HEADER;
    , parameters: None
[2025-04-10T07:45:08.101+0000] {sql.py:518} INFO - Rows affected: 40543
[2025-04-10T07:45:08.119+0000] {taskinstance.py:340} INFO - ::group::Post task execution logs
[2025-04-10T07:45:08.120+0000] {taskinstance.py:352} INFO - Marking task as SUCCESS. dag_id=extract_raw_data_pipeline, task_id=load_raw_data, run_id=scheduled__2025-04-10T07:44:00+00:00, execution_date=20250410T074400, start_date=20250410T074507, end_date=20250410T074508
[2025-04-10T07:45:08.160+0000] {local_task_job_runner.py:266} INFO - Task exited with return code 0
[2025-04-10T07:45:08.266+0000] {taskinstance.py:3900} INFO - 1 downstream tasks scheduled from follow-on schedule check
[2025-04-10T07:45:08.321+0000] {local_task_job_runner.py:245} INFO - ::endgroup::
