[2025-04-09T07:15:08.038+0000] {local_task_job_runner.py:123} INFO - ::group::Pre task execution logs
[2025-04-09T07:15:08.061+0000] {taskinstance.py:2612} INFO - Dependencies all met for dep_context=non-requeueable deps ti=<TaskInstance: extract_raw_data_pipeline.run_dbt_staging scheduled__2025-04-09T07:14:00+00:00 [queued]>
[2025-04-09T07:15:08.077+0000] {taskinstance.py:2612} INFO - Dependencies all met for dep_context=requeueable deps ti=<TaskInstance: extract_raw_data_pipeline.run_dbt_staging scheduled__2025-04-09T07:14:00+00:00 [queued]>
[2025-04-09T07:15:08.078+0000] {taskinstance.py:2865} INFO - Starting attempt 1 of 1
[2025-04-09T07:15:08.106+0000] {taskinstance.py:2888} INFO - Executing <Task(BashOperator): run_dbt_staging> on 2025-04-09 07:14:00+00:00
[2025-04-09T07:15:08.126+0000] {warnings.py:112} WARNING - /home/***/.local/lib/python3.12/site-packages/***/task/task_runner/standard_task_runner.py:70: DeprecationWarning: This process (pid=1822) is multi-threaded, use of fork() may lead to deadlocks in the child.
  pid = os.fork()

[2025-04-09T07:15:08.129+0000] {standard_task_runner.py:72} INFO - Started process 1824 to run task
[2025-04-09T07:15:08.129+0000] {standard_task_runner.py:104} INFO - Running: ['***', 'tasks', 'run', 'extract_raw_data_pipeline', 'run_dbt_staging', 'scheduled__2025-04-09T07:14:00+00:00', '--job-id', '159', '--raw', '--subdir', 'DAGS_FOLDER/driven_data_pipeline.py', '--cfg-path', '/tmp/tmppnvw6xat']
[2025-04-09T07:15:08.132+0000] {standard_task_runner.py:105} INFO - Job 159: Subtask run_dbt_staging
[2025-04-09T07:15:08.206+0000] {task_command.py:467} INFO - Running <TaskInstance: extract_raw_data_pipeline.run_dbt_staging scheduled__2025-04-09T07:14:00+00:00 [running]> on host c829a6b69367
[2025-04-09T07:15:08.318+0000] {taskinstance.py:3131} INFO - Exporting env vars: AIRFLOW_CTX_DAG_OWNER='***' AIRFLOW_CTX_DAG_ID='extract_raw_data_pipeline' AIRFLOW_CTX_TASK_ID='run_dbt_staging' AIRFLOW_CTX_EXECUTION_DATE='2025-04-09T07:14:00+00:00' AIRFLOW_CTX_TRY_NUMBER='1' AIRFLOW_CTX_DAG_RUN_ID='scheduled__2025-04-09T07:14:00+00:00'
[2025-04-09T07:15:08.320+0000] {taskinstance.py:731} INFO - ::endgroup::
[2025-04-09T07:15:08.338+0000] {subprocess.py:63} INFO - Tmp dir root location: /tmp
[2025-04-09T07:15:08.340+0000] {subprocess.py:75} INFO - Running command: ['/usr/bin/bash', '-c', 'set -x; cd /opt/***/dbt && dbt run --select tag:staging']
[2025-04-09T07:15:08.356+0000] {subprocess.py:86} INFO - Output:
[2025-04-09T07:15:08.359+0000] {subprocess.py:93} INFO - + cd /opt/***/dbt
[2025-04-09T07:15:08.360+0000] {subprocess.py:93} INFO - + dbt run --select tag:staging
[2025-04-09T07:15:10.780+0000] {subprocess.py:93} INFO - [0m07:15:10  Running with dbt=1.8.0
[2025-04-09T07:15:11.075+0000] {subprocess.py:93} INFO - [0m07:15:11  Registered adapter: postgres=1.8.2
[2025-04-09T07:15:11.630+0000] {subprocess.py:93} INFO - [0m07:15:11  Found 9 models, 10 sources, 428 macros
[2025-04-09T07:15:11.633+0000] {subprocess.py:93} INFO - [0m07:15:11
[2025-04-09T07:15:11.777+0000] {subprocess.py:93} INFO - [0m07:15:11  Concurrency: 1 threads (target='dev')
[2025-04-09T07:15:11.778+0000] {subprocess.py:93} INFO - [0m07:15:11
[2025-04-09T07:15:11.791+0000] {subprocess.py:93} INFO - [0m07:15:11  1 of 5 START sql table model driven_staging.dim_address ........................ [RUN]
[2025-04-09T07:15:12.064+0000] {subprocess.py:93} INFO - [0m07:15:12  1 of 5 OK created sql table model driven_staging.dim_address ................... [[32mSELECT 79201[0m in 0.27s]
[2025-04-09T07:15:12.067+0000] {subprocess.py:93} INFO - [0m07:15:12  2 of 5 START sql table model driven_staging.dim_date ........................... [RUN]
[2025-04-09T07:15:12.267+0000] {subprocess.py:93} INFO - [0m07:15:12  2 of 5 OK created sql table model driven_staging.dim_date ...................... [[32mSELECT 79201[0m in 0.20s]
[2025-04-09T07:15:12.270+0000] {subprocess.py:93} INFO - [0m07:15:12  3 of 5 START sql table model driven_staging.dim_finance ........................ [RUN]
[2025-04-09T07:15:12.483+0000] {subprocess.py:93} INFO - [0m07:15:12  3 of 5 OK created sql table model driven_staging.dim_finance ................... [[32mSELECT 79201[0m in 0.21s]
[2025-04-09T07:15:12.486+0000] {subprocess.py:93} INFO - [0m07:15:12  4 of 5 START sql table model driven_staging.dim_person ......................... [RUN]
[2025-04-09T07:15:12.708+0000] {subprocess.py:93} INFO - [0m07:15:12  4 of 5 OK created sql table model driven_staging.dim_person .................... [[32mSELECT 79201[0m in 0.22s]
[2025-04-09T07:15:12.711+0000] {subprocess.py:93} INFO - [0m07:15:12  5 of 5 START sql table model driven_staging.fact_network_usage ................. [RUN]
[2025-04-09T07:15:12.887+0000] {subprocess.py:93} INFO - [0m07:15:12  5 of 5 OK created sql table model driven_staging.fact_network_usage ............ [[32mSELECT 79201[0m in 0.17s]
[2025-04-09T07:15:12.905+0000] {subprocess.py:93} INFO - [0m07:15:12
[2025-04-09T07:15:12.906+0000] {subprocess.py:93} INFO - [0m07:15:12  Finished running 5 table models in 0 hours 0 minutes and 1.27 seconds (1.27s).
[2025-04-09T07:15:12.973+0000] {subprocess.py:93} INFO - [0m07:15:12
[2025-04-09T07:15:12.974+0000] {subprocess.py:93} INFO - [0m07:15:12  [32mCompleted successfully[0m
[2025-04-09T07:15:12.975+0000] {subprocess.py:93} INFO - [0m07:15:12
[2025-04-09T07:15:12.976+0000] {subprocess.py:93} INFO - [0m07:15:12  Done. PASS=5 WARN=0 ERROR=0 SKIP=0 TOTAL=5
[2025-04-09T07:15:13.089+0000] {subprocess.py:97} INFO - Command exited with return code 0
[2025-04-09T07:15:13.126+0000] {taskinstance.py:340} INFO - ::group::Post task execution logs
[2025-04-09T07:15:13.127+0000] {taskinstance.py:352} INFO - Marking task as SUCCESS. dag_id=extract_raw_data_pipeline, task_id=run_dbt_staging, run_id=scheduled__2025-04-09T07:14:00+00:00, execution_date=20250409T071400, start_date=20250409T071508, end_date=20250409T071513
[2025-04-09T07:15:13.163+0000] {local_task_job_runner.py:266} INFO - Task exited with return code 0
[2025-04-09T07:15:13.184+0000] {taskinstance.py:3900} INFO - 0 downstream tasks scheduled from follow-on schedule check
[2025-04-09T07:15:13.187+0000] {local_task_job_runner.py:245} INFO - ::endgroup::
