[2025-04-09T07:41:17.611+0000] {local_task_job_runner.py:123} INFO - ::group::Pre task execution logs
[2025-04-09T07:41:17.647+0000] {taskinstance.py:2612} INFO - Dependencies all met for dep_context=non-requeueable deps ti=<TaskInstance: extract_raw_data_pipeline.run_dbt_trusted scheduled__2025-04-09T07:40:00+00:00 [queued]>
[2025-04-09T07:41:17.666+0000] {taskinstance.py:2612} INFO - Dependencies all met for dep_context=requeueable deps ti=<TaskInstance: extract_raw_data_pipeline.run_dbt_trusted scheduled__2025-04-09T07:40:00+00:00 [queued]>
[2025-04-09T07:41:17.667+0000] {taskinstance.py:2865} INFO - Starting attempt 1 of 1
[2025-04-09T07:41:17.692+0000] {taskinstance.py:2888} INFO - Executing <Task(BashOperator): run_dbt_trusted> on 2025-04-09 07:40:00+00:00
[2025-04-09T07:41:17.706+0000] {warnings.py:112} WARNING - /home/***/.local/lib/python3.12/site-packages/***/task/task_runner/standard_task_runner.py:70: DeprecationWarning: This process (pid=3411) is multi-threaded, use of fork() may lead to deadlocks in the child.
  pid = os.fork()

[2025-04-09T07:41:17.709+0000] {standard_task_runner.py:104} INFO - Running: ['***', 'tasks', 'run', 'extract_raw_data_pipeline', 'run_dbt_trusted', 'scheduled__2025-04-09T07:40:00+00:00', '--job-id', '320', '--raw', '--subdir', 'DAGS_FOLDER/driven_data_pipeline.py', '--cfg-path', '/tmp/tmpoh0ga4gr']
[2025-04-09T07:41:17.711+0000] {standard_task_runner.py:72} INFO - Started process 3413 to run task
[2025-04-09T07:41:17.711+0000] {standard_task_runner.py:105} INFO - Job 320: Subtask run_dbt_trusted
[2025-04-09T07:41:17.794+0000] {task_command.py:467} INFO - Running <TaskInstance: extract_raw_data_pipeline.run_dbt_trusted scheduled__2025-04-09T07:40:00+00:00 [running]> on host c829a6b69367
[2025-04-09T07:41:17.927+0000] {taskinstance.py:3131} INFO - Exporting env vars: AIRFLOW_CTX_DAG_OWNER='***' AIRFLOW_CTX_DAG_ID='extract_raw_data_pipeline' AIRFLOW_CTX_TASK_ID='run_dbt_trusted' AIRFLOW_CTX_EXECUTION_DATE='2025-04-09T07:40:00+00:00' AIRFLOW_CTX_TRY_NUMBER='1' AIRFLOW_CTX_DAG_RUN_ID='scheduled__2025-04-09T07:40:00+00:00'
[2025-04-09T07:41:17.929+0000] {taskinstance.py:731} INFO - ::endgroup::
[2025-04-09T07:41:17.945+0000] {subprocess.py:63} INFO - Tmp dir root location: /tmp
[2025-04-09T07:41:17.947+0000] {subprocess.py:75} INFO - Running command: ['/usr/bin/bash', '-c', 'set -x; cd /opt/***/dbt && dbt run --select tag:trusted']
[2025-04-09T07:41:17.961+0000] {subprocess.py:86} INFO - Output:
[2025-04-09T07:41:17.963+0000] {subprocess.py:93} INFO - + cd /opt/***/dbt
[2025-04-09T07:41:17.963+0000] {subprocess.py:93} INFO - + dbt run --select tag:trusted
[2025-04-09T07:41:20.998+0000] {subprocess.py:93} INFO - [0m07:41:20  Running with dbt=1.8.0
[2025-04-09T07:41:21.359+0000] {subprocess.py:93} INFO - [0m07:41:21  Registered adapter: postgres=1.8.2
[2025-04-09T07:41:21.943+0000] {subprocess.py:93} INFO - [0m07:41:21  Found 9 models, 10 sources, 428 macros
[2025-04-09T07:41:21.947+0000] {subprocess.py:93} INFO - [0m07:41:21
[2025-04-09T07:41:22.117+0000] {subprocess.py:93} INFO - [0m07:41:22  Concurrency: 1 threads (target='dev')
[2025-04-09T07:41:22.119+0000] {subprocess.py:93} INFO - [0m07:41:22
[2025-04-09T07:41:22.133+0000] {subprocess.py:93} INFO - [0m07:41:22  1 of 4 START sql table model driven_trusted.non_pii_data ....................... [RUN]
[2025-04-09T07:41:29.512+0000] {subprocess.py:93} INFO - [0m07:41:29  1 of 4 OK created sql table model driven_trusted.non_pii_data .................. [[32mSELECT 368292[0m in 7.38s]
[2025-04-09T07:41:29.515+0000] {subprocess.py:93} INFO - [0m07:41:29  2 of 4 START sql table model driven_trusted.payment_data ....................... [RUN]
[2025-04-09T07:41:31.730+0000] {subprocess.py:93} INFO - [0m07:41:31  2 of 4 OK created sql table model driven_trusted.payment_data .................. [[32mSELECT 368292[0m in 2.21s]
[2025-04-09T07:41:31.734+0000] {subprocess.py:93} INFO - [0m07:41:31  3 of 4 START sql table model driven_trusted.pii_data ........................... [RUN]
[2025-04-09T07:41:40.226+0000] {subprocess.py:93} INFO - [0m07:41:40  3 of 4 OK created sql table model driven_trusted.pii_data ...................... [[32mSELECT 368292[0m in 8.49s]
[2025-04-09T07:41:40.230+0000] {subprocess.py:93} INFO - [0m07:41:40  4 of 4 START sql table model driven_trusted.technical_data ..................... [RUN]
[2025-04-09T07:41:43.119+0000] {subprocess.py:93} INFO - [0m07:41:43  4 of 4 OK created sql table model driven_trusted.technical_data ................ [[32mSELECT 368292[0m in 2.89s]
[2025-04-09T07:41:43.147+0000] {subprocess.py:93} INFO - [0m07:41:43
[2025-04-09T07:41:43.148+0000] {subprocess.py:93} INFO - [0m07:41:43  Finished running 4 table models in 0 hours 0 minutes and 21.20 seconds (21.20s).
[2025-04-09T07:41:43.227+0000] {subprocess.py:93} INFO - [0m07:41:43
[2025-04-09T07:41:43.228+0000] {subprocess.py:93} INFO - [0m07:41:43  [32mCompleted successfully[0m
[2025-04-09T07:41:43.229+0000] {subprocess.py:93} INFO - [0m07:41:43
[2025-04-09T07:41:43.230+0000] {subprocess.py:93} INFO - [0m07:41:43  Done. PASS=4 WARN=0 ERROR=0 SKIP=0 TOTAL=4
[2025-04-09T07:41:44.436+0000] {subprocess.py:97} INFO - Command exited with return code 0
[2025-04-09T07:41:44.476+0000] {taskinstance.py:340} INFO - ::group::Post task execution logs
[2025-04-09T07:41:44.477+0000] {taskinstance.py:352} INFO - Marking task as SUCCESS. dag_id=extract_raw_data_pipeline, task_id=run_dbt_trusted, run_id=scheduled__2025-04-09T07:40:00+00:00, execution_date=20250409T074000, start_date=20250409T074117, end_date=20250409T074144
[2025-04-09T07:41:44.525+0000] {local_task_job_runner.py:266} INFO - Task exited with return code 0
[2025-04-09T07:41:44.543+0000] {taskinstance.py:3900} INFO - 0 downstream tasks scheduled from follow-on schedule check
[2025-04-09T07:41:44.546+0000] {local_task_job_runner.py:245} INFO - ::endgroup::
