[2025-04-09T07:28:01.339+0000] {local_task_job_runner.py:123} INFO - ::group::Pre task execution logs
[2025-04-09T07:28:01.361+0000] {taskinstance.py:2612} INFO - Dependencies all met for dep_context=non-requeueable deps ti=<TaskInstance: extract_raw_data_pipeline.extract_raw_data scheduled__2025-04-09T07:27:00+00:00 [queued]>
[2025-04-09T07:28:01.374+0000] {taskinstance.py:2612} INFO - Dependencies all met for dep_context=requeueable deps ti=<TaskInstance: extract_raw_data_pipeline.extract_raw_data scheduled__2025-04-09T07:27:00+00:00 [queued]>
[2025-04-09T07:28:01.375+0000] {taskinstance.py:2865} INFO - Starting attempt 1 of 1
[2025-04-09T07:28:01.399+0000] {taskinstance.py:2888} INFO - Executing <Task(PythonOperator): extract_raw_data> on 2025-04-09 07:27:00+00:00
[2025-04-09T07:28:01.410+0000] {warnings.py:112} WARNING - /home/***/.local/lib/python3.12/site-packages/***/task/task_runner/standard_task_runner.py:70: DeprecationWarning: This process (pid=2585) is multi-threaded, use of fork() may lead to deadlocks in the child.
  pid = os.fork()

[2025-04-09T07:28:01.412+0000] {standard_task_runner.py:104} INFO - Running: ['***', 'tasks', 'run', 'extract_raw_data_pipeline', 'extract_raw_data', 'scheduled__2025-04-09T07:27:00+00:00', '--job-id', '233', '--raw', '--subdir', 'DAGS_FOLDER/driven_data_pipeline.py', '--cfg-path', '/tmp/tmpueiv3wp_']
[2025-04-09T07:28:01.413+0000] {standard_task_runner.py:72} INFO - Started process 2589 to run task
[2025-04-09T07:28:01.414+0000] {standard_task_runner.py:105} INFO - Job 233: Subtask extract_raw_data
[2025-04-09T07:28:01.476+0000] {task_command.py:467} INFO - Running <TaskInstance: extract_raw_data_pipeline.extract_raw_data scheduled__2025-04-09T07:27:00+00:00 [running]> on host c829a6b69367
[2025-04-09T07:28:01.593+0000] {taskinstance.py:3131} INFO - Exporting env vars: AIRFLOW_CTX_DAG_OWNER='***' AIRFLOW_CTX_DAG_ID='extract_raw_data_pipeline' AIRFLOW_CTX_TASK_ID='extract_raw_data' AIRFLOW_CTX_EXECUTION_DATE='2025-04-09T07:27:00+00:00' AIRFLOW_CTX_TRY_NUMBER='1' AIRFLOW_CTX_DAG_RUN_ID='scheduled__2025-04-09T07:27:00+00:00'
[2025-04-09T07:28:01.595+0000] {taskinstance.py:731} INFO - ::endgroup::
[2025-04-09T07:28:01.613+0000] {driven_data_pipeline.py:143} INFO - Started batch processing for 2025-04-09.
[2025-04-09T07:28:01.614+0000] {driven_data_pipeline.py:34} INFO - Created synthetic data for RO country code.
[2025-04-09T07:28:02.006+0000] {driven_data_pipeline.py:100} INFO - Written 1017 records to the CSV file.
[2025-04-09T07:28:02.444+0000] {driven_data_pipeline.py:116} INFO - Added UUID to the dataset.
[2025-04-09T07:28:02.715+0000] {driven_data_pipeline.py:135} INFO - Updated accessed timestamp.
[2025-04-09T07:28:02.716+0000] {driven_data_pipeline.py:151} INFO - Finished batch processing 2025-04-09.
[2025-04-09T07:28:02.716+0000] {python.py:240} INFO - Done. Returned value was: None
[2025-04-09T07:28:02.731+0000] {taskinstance.py:340} INFO - ::group::Post task execution logs
[2025-04-09T07:28:02.733+0000] {taskinstance.py:352} INFO - Marking task as SUCCESS. dag_id=extract_raw_data_pipeline, task_id=extract_raw_data, run_id=scheduled__2025-04-09T07:27:00+00:00, execution_date=20250409T072700, start_date=20250409T072801, end_date=20250409T072802
[2025-04-09T07:28:02.800+0000] {local_task_job_runner.py:266} INFO - Task exited with return code 0
[2025-04-09T07:28:02.827+0000] {taskinstance.py:3900} INFO - 1 downstream tasks scheduled from follow-on schedule check
[2025-04-09T07:28:02.829+0000] {local_task_job_runner.py:245} INFO - ::endgroup::
