[2025-04-09T07:12:17.518+0000] {local_task_job_runner.py:123} INFO - ::group::Pre task execution logs
[2025-04-09T07:12:17.541+0000] {taskinstance.py:2612} INFO - Dependencies all met for dep_context=non-requeueable deps ti=<TaskInstance: extract_raw_data_pipeline.run_dbt_trusted scheduled__2025-04-09T07:11:00+00:00 [queued]>
[2025-04-09T07:12:17.555+0000] {taskinstance.py:2612} INFO - Dependencies all met for dep_context=requeueable deps ti=<TaskInstance: extract_raw_data_pipeline.run_dbt_trusted scheduled__2025-04-09T07:11:00+00:00 [queued]>
[2025-04-09T07:12:17.555+0000] {taskinstance.py:2865} INFO - Starting attempt 1 of 1
[2025-04-09T07:12:17.579+0000] {taskinstance.py:2888} INFO - Executing <Task(BashOperator): run_dbt_trusted> on 2025-04-09 07:11:00+00:00
[2025-04-09T07:12:17.588+0000] {warnings.py:112} WARNING - /home/***/.local/lib/python3.12/site-packages/***/task/task_runner/standard_task_runner.py:70: DeprecationWarning: This process (pid=1656) is multi-threaded, use of fork() may lead to deadlocks in the child.
  pid = os.fork()

[2025-04-09T07:12:17.590+0000] {standard_task_runner.py:72} INFO - Started process 1658 to run task
[2025-04-09T07:12:17.590+0000] {standard_task_runner.py:104} INFO - Running: ['***', 'tasks', 'run', 'extract_raw_data_pipeline', 'run_dbt_trusted', 'scheduled__2025-04-09T07:11:00+00:00', '--job-id', '142', '--raw', '--subdir', 'DAGS_FOLDER/driven_data_pipeline.py', '--cfg-path', '/tmp/tmpgv4dd66l']
[2025-04-09T07:12:17.592+0000] {standard_task_runner.py:105} INFO - Job 142: Subtask run_dbt_trusted
[2025-04-09T07:12:17.661+0000] {task_command.py:467} INFO - Running <TaskInstance: extract_raw_data_pipeline.run_dbt_trusted scheduled__2025-04-09T07:11:00+00:00 [running]> on host c829a6b69367
[2025-04-09T07:12:17.752+0000] {taskinstance.py:3131} INFO - Exporting env vars: AIRFLOW_CTX_DAG_OWNER='***' AIRFLOW_CTX_DAG_ID='extract_raw_data_pipeline' AIRFLOW_CTX_TASK_ID='run_dbt_trusted' AIRFLOW_CTX_EXECUTION_DATE='2025-04-09T07:11:00+00:00' AIRFLOW_CTX_TRY_NUMBER='1' AIRFLOW_CTX_DAG_RUN_ID='scheduled__2025-04-09T07:11:00+00:00'
[2025-04-09T07:12:17.754+0000] {taskinstance.py:731} INFO - ::endgroup::
[2025-04-09T07:12:17.769+0000] {subprocess.py:63} INFO - Tmp dir root location: /tmp
[2025-04-09T07:12:17.771+0000] {subprocess.py:75} INFO - Running command: ['/usr/bin/bash', '-c', 'set -x; cd /opt/***/dbt && dbt run --select tag:trusted']
[2025-04-09T07:12:17.784+0000] {subprocess.py:86} INFO - Output:
[2025-04-09T07:12:17.785+0000] {subprocess.py:93} INFO - + cd /opt/***/dbt
[2025-04-09T07:12:17.786+0000] {subprocess.py:93} INFO - + dbt run --select tag:trusted
[2025-04-09T07:12:20.025+0000] {subprocess.py:93} INFO - [0m07:12:20  Running with dbt=1.8.0
[2025-04-09T07:12:20.304+0000] {subprocess.py:93} INFO - [0m07:12:20  Registered adapter: postgres=1.8.2
[2025-04-09T07:12:20.871+0000] {subprocess.py:93} INFO - [0m07:12:20  Found 9 models, 10 sources, 428 macros
[2025-04-09T07:12:20.874+0000] {subprocess.py:93} INFO - [0m07:12:20
[2025-04-09T07:12:21.005+0000] {subprocess.py:93} INFO - [0m07:12:21  Concurrency: 1 threads (target='dev')
[2025-04-09T07:12:21.006+0000] {subprocess.py:93} INFO - [0m07:12:21
[2025-04-09T07:12:21.020+0000] {subprocess.py:93} INFO - [0m07:12:21  1 of 4 START sql table model driven_trusted.non_pii_data ....................... [RUN]
[2025-04-09T07:12:22.009+0000] {subprocess.py:93} INFO - [0m07:12:22  1 of 4 OK created sql table model driven_trusted.non_pii_data .................. [[32mSELECT 29444[0m in 0.99s]
[2025-04-09T07:12:22.012+0000] {subprocess.py:93} INFO - [0m07:12:22  2 of 4 START sql table model driven_trusted.payment_data ....................... [RUN]
[2025-04-09T07:12:22.217+0000] {subprocess.py:93} INFO - [0m07:12:22  2 of 4 OK created sql table model driven_trusted.payment_data .................. [[32mSELECT 29444[0m in 0.20s]
[2025-04-09T07:12:22.219+0000] {subprocess.py:93} INFO - [0m07:12:22  3 of 4 START sql table model driven_trusted.pii_data ........................... [RUN]
[2025-04-09T07:12:23.230+0000] {subprocess.py:93} INFO - [0m07:12:23  3 of 4 OK created sql table model driven_trusted.pii_data ...................... [[32mSELECT 29444[0m in 1.01s]
[2025-04-09T07:12:23.233+0000] {subprocess.py:93} INFO - [0m07:12:23  4 of 4 START sql table model driven_trusted.technical_data ..................... [RUN]
[2025-04-09T07:12:23.452+0000] {subprocess.py:93} INFO - [0m07:12:23  4 of 4 OK created sql table model driven_trusted.technical_data ................ [[32mSELECT 29444[0m in 0.22s]
[2025-04-09T07:12:23.470+0000] {subprocess.py:93} INFO - [0m07:12:23
[2025-04-09T07:12:23.471+0000] {subprocess.py:93} INFO - [0m07:12:23  Finished running 4 table models in 0 hours 0 minutes and 2.60 seconds (2.60s).
[2025-04-09T07:12:23.528+0000] {subprocess.py:93} INFO - [0m07:12:23
[2025-04-09T07:12:23.529+0000] {subprocess.py:93} INFO - [0m07:12:23  [32mCompleted successfully[0m
[2025-04-09T07:12:23.530+0000] {subprocess.py:93} INFO - [0m07:12:23
[2025-04-09T07:12:23.531+0000] {subprocess.py:93} INFO - [0m07:12:23  Done. PASS=4 WARN=0 ERROR=0 SKIP=0 TOTAL=4
[2025-04-09T07:12:24.818+0000] {subprocess.py:97} INFO - Command exited with return code 0
[2025-04-09T07:12:24.863+0000] {taskinstance.py:340} INFO - ::group::Post task execution logs
[2025-04-09T07:12:24.864+0000] {taskinstance.py:352} INFO - Marking task as SUCCESS. dag_id=extract_raw_data_pipeline, task_id=run_dbt_trusted, run_id=scheduled__2025-04-09T07:11:00+00:00, execution_date=20250409T071100, start_date=20250409T071217, end_date=20250409T071224
[2025-04-09T07:12:24.925+0000] {local_task_job_runner.py:266} INFO - Task exited with return code 0
[2025-04-09T07:12:24.945+0000] {taskinstance.py:3900} INFO - 0 downstream tasks scheduled from follow-on schedule check
[2025-04-09T07:12:24.948+0000] {local_task_job_runner.py:245} INFO - ::endgroup::
