[2025-04-10T07:31:10.965+0000] {local_task_job_runner.py:123} INFO - ::group::Pre task execution logs
[2025-04-10T07:31:10.990+0000] {taskinstance.py:2612} INFO - Dependencies all met for dep_context=non-requeueable deps ti=<TaskInstance: extract_raw_data_pipeline.run_dbt_staging scheduled__2025-04-10T07:30:00+00:00 [queued]>
[2025-04-10T07:31:11.005+0000] {taskinstance.py:2612} INFO - Dependencies all met for dep_context=requeueable deps ti=<TaskInstance: extract_raw_data_pipeline.run_dbt_staging scheduled__2025-04-10T07:30:00+00:00 [queued]>
[2025-04-10T07:31:11.006+0000] {taskinstance.py:2865} INFO - Starting attempt 1 of 1
[2025-04-10T07:31:11.038+0000] {taskinstance.py:2888} INFO - Executing <Task(BashOperator): run_dbt_staging> on 2025-04-10 07:30:00+00:00
[2025-04-10T07:31:11.047+0000] {warnings.py:112} WARNING - /home/***/.local/lib/python3.12/site-packages/***/task/task_runner/standard_task_runner.py:70: DeprecationWarning: This process (pid=4039) is multi-threaded, use of fork() may lead to deadlocks in the child.
  pid = os.fork()

[2025-04-10T07:31:11.050+0000] {standard_task_runner.py:72} INFO - Started process 4041 to run task
[2025-04-10T07:31:11.051+0000] {standard_task_runner.py:104} INFO - Running: ['***', 'tasks', 'run', 'extract_raw_data_pipeline', 'run_dbt_staging', 'scheduled__2025-04-10T07:30:00+00:00', '--job-id', '619', '--raw', '--subdir', 'DAGS_FOLDER/driven_data_pipeline.py', '--cfg-path', '/tmp/tmpwgnngi1e']
[2025-04-10T07:31:11.052+0000] {standard_task_runner.py:105} INFO - Job 619: Subtask run_dbt_staging
[2025-04-10T07:31:11.131+0000] {task_command.py:467} INFO - Running <TaskInstance: extract_raw_data_pipeline.run_dbt_staging scheduled__2025-04-10T07:30:00+00:00 [running]> on host c829a6b69367
[2025-04-10T07:31:11.254+0000] {taskinstance.py:3131} INFO - Exporting env vars: AIRFLOW_CTX_DAG_OWNER='***' AIRFLOW_CTX_DAG_ID='extract_raw_data_pipeline' AIRFLOW_CTX_TASK_ID='run_dbt_staging' AIRFLOW_CTX_EXECUTION_DATE='2025-04-10T07:30:00+00:00' AIRFLOW_CTX_TRY_NUMBER='1' AIRFLOW_CTX_DAG_RUN_ID='scheduled__2025-04-10T07:30:00+00:00'
[2025-04-10T07:31:11.256+0000] {taskinstance.py:731} INFO - ::endgroup::
[2025-04-10T07:31:11.276+0000] {subprocess.py:63} INFO - Tmp dir root location: /tmp
[2025-04-10T07:31:11.278+0000] {subprocess.py:75} INFO - Running command: ['/usr/bin/bash', '-c', 'set -x; cd /opt/***/dbt && dbt run --select tag:staging']
[2025-04-10T07:31:11.296+0000] {subprocess.py:86} INFO - Output:
[2025-04-10T07:31:11.299+0000] {subprocess.py:93} INFO - + cd /opt/***/dbt
[2025-04-10T07:31:11.300+0000] {subprocess.py:93} INFO - + dbt run --select tag:staging
[2025-04-10T07:31:14.773+0000] {subprocess.py:93} INFO - [0m07:31:14  Running with dbt=1.8.0
[2025-04-10T07:31:15.261+0000] {subprocess.py:93} INFO - [0m07:31:15  Registered adapter: postgres=1.8.2
[2025-04-10T07:31:16.019+0000] {subprocess.py:93} INFO - [0m07:31:16  Found 9 models, 10 sources, 428 macros
[2025-04-10T07:31:16.026+0000] {subprocess.py:93} INFO - [0m07:31:16
[2025-04-10T07:31:16.219+0000] {subprocess.py:93} INFO - [0m07:31:16  Concurrency: 1 threads (target='dev')
[2025-04-10T07:31:16.221+0000] {subprocess.py:93} INFO - [0m07:31:16
[2025-04-10T07:31:16.238+0000] {subprocess.py:93} INFO - [0m07:31:16  1 of 5 START sql table model driven_staging.dim_address ........................ [RUN]
[2025-04-10T07:31:30.556+0000] {subprocess.py:93} INFO - [0m07:31:30  1 of 5 OK created sql table model driven_staging.dim_address ................... [[32mSELECT 1318176[0m in 14.31s]
[2025-04-10T07:31:30.560+0000] {subprocess.py:93} INFO - [0m07:31:30  2 of 5 START sql table model driven_staging.dim_date ........................... [RUN]
[2025-04-10T07:31:36.261+0000] {subprocess.py:93} INFO - [0m07:31:36  2 of 5 OK created sql table model driven_staging.dim_date ...................... [[32mSELECT 1318176[0m in 5.70s]
[2025-04-10T07:31:36.265+0000] {subprocess.py:93} INFO - [0m07:31:36  3 of 5 START sql table model driven_staging.dim_finance ........................ [RUN]
[2025-04-10T07:31:45.168+0000] {subprocess.py:93} INFO - [0m07:31:45  3 of 5 OK created sql table model driven_staging.dim_finance ................... [[32mSELECT 1318176[0m in 8.90s]
[2025-04-10T07:31:45.172+0000] {subprocess.py:93} INFO - [0m07:31:45  4 of 5 START sql table model driven_staging.dim_person ......................... [RUN]
[2025-04-10T07:32:30.290+0000] {subprocess.py:93} INFO - [0m07:32:30  4 of 5 OK created sql table model driven_staging.dim_person .................... [[32mSELECT 1318176[0m in 45.11s]
[2025-04-10T07:32:30.296+0000] {subprocess.py:93} INFO - [0m07:32:30  5 of 5 START sql table model driven_staging.fact_network_usage ................. [RUN]
[2025-04-10T07:32:56.654+0000] {subprocess.py:93} INFO - [0m07:32:56  5 of 5 OK created sql table model driven_staging.fact_network_usage ............ [[32mSELECT 1351939[0m in 26.35s]
[2025-04-10T07:32:56.677+0000] {subprocess.py:93} INFO - [0m07:32:56
[2025-04-10T07:32:56.678+0000] {subprocess.py:93} INFO - [0m07:32:56  Finished running 5 table models in 0 hours 1 minutes and 40.65 seconds (100.65s).
[2025-04-10T07:32:56.754+0000] {subprocess.py:93} INFO - [0m07:32:56
[2025-04-10T07:32:56.756+0000] {subprocess.py:93} INFO - [0m07:32:56  [32mCompleted successfully[0m
[2025-04-10T07:32:56.758+0000] {subprocess.py:93} INFO - [0m07:32:56
[2025-04-10T07:32:56.759+0000] {subprocess.py:93} INFO - [0m07:32:56  Done. PASS=5 WARN=0 ERROR=0 SKIP=0 TOTAL=5
[2025-04-10T07:32:58.098+0000] {subprocess.py:97} INFO - Command exited with return code 0
[2025-04-10T07:32:58.210+0000] {taskinstance.py:340} INFO - ::group::Post task execution logs
[2025-04-10T07:32:58.219+0000] {taskinstance.py:352} INFO - Marking task as SUCCESS. dag_id=extract_raw_data_pipeline, task_id=run_dbt_staging, run_id=scheduled__2025-04-10T07:30:00+00:00, execution_date=20250410T073000, start_date=20250410T073110, end_date=20250410T073258
[2025-04-10T07:32:58.316+0000] {local_task_job_runner.py:266} INFO - Task exited with return code 0
[2025-04-10T07:32:58.354+0000] {taskinstance.py:3900} INFO - 1 downstream tasks scheduled from follow-on schedule check
[2025-04-10T07:32:58.376+0000] {local_task_job_runner.py:245} INFO - ::endgroup::
