[2025-04-10T07:44:01.809+0000] {local_task_job_runner.py:123} INFO - ::group::Pre task execution logs
[2025-04-10T07:44:01.840+0000] {taskinstance.py:2612} INFO - Dependencies all met for dep_context=non-requeueable deps ti=<TaskInstance: extract_raw_data_pipeline.extract_raw_data scheduled__2025-04-10T07:43:00+00:00 [queued]>
[2025-04-10T07:44:01.863+0000] {taskinstance.py:2612} INFO - Dependencies all met for dep_context=requeueable deps ti=<TaskInstance: extract_raw_data_pipeline.extract_raw_data scheduled__2025-04-10T07:43:00+00:00 [queued]>
[2025-04-10T07:44:01.864+0000] {taskinstance.py:2865} INFO - Starting attempt 1 of 1
[2025-04-10T07:44:01.910+0000] {taskinstance.py:2888} INFO - Executing <Task(PythonOperator): extract_raw_data> on 2025-04-10 07:43:00+00:00
[2025-04-10T07:44:01.921+0000] {warnings.py:112} WARNING - /home/***/.local/lib/python3.12/site-packages/***/task/task_runner/standard_task_runner.py:70: DeprecationWarning: This process (pid=4793) is multi-threaded, use of fork() may lead to deadlocks in the child.
  pid = os.fork()

[2025-04-10T07:44:01.927+0000] {standard_task_runner.py:104} INFO - Running: ['***', 'tasks', 'run', 'extract_raw_data_pipeline', 'extract_raw_data', 'scheduled__2025-04-10T07:43:00+00:00', '--job-id', '693', '--raw', '--subdir', 'DAGS_FOLDER/driven_data_pipeline.py', '--cfg-path', '/tmp/tmp91nllm3m']
[2025-04-10T07:44:01.930+0000] {standard_task_runner.py:72} INFO - Started process 4799 to run task
[2025-04-10T07:44:01.930+0000] {standard_task_runner.py:105} INFO - Job 693: Subtask extract_raw_data
[2025-04-10T07:44:02.010+0000] {task_command.py:467} INFO - Running <TaskInstance: extract_raw_data_pipeline.extract_raw_data scheduled__2025-04-10T07:43:00+00:00 [running]> on host c829a6b69367
[2025-04-10T07:44:02.132+0000] {taskinstance.py:3131} INFO - Exporting env vars: AIRFLOW_CTX_DAG_OWNER='***' AIRFLOW_CTX_DAG_ID='extract_raw_data_pipeline' AIRFLOW_CTX_TASK_ID='extract_raw_data' AIRFLOW_CTX_EXECUTION_DATE='2025-04-10T07:43:00+00:00' AIRFLOW_CTX_TRY_NUMBER='1' AIRFLOW_CTX_DAG_RUN_ID='scheduled__2025-04-10T07:43:00+00:00'
[2025-04-10T07:44:02.134+0000] {taskinstance.py:731} INFO - ::endgroup::
[2025-04-10T07:44:02.155+0000] {driven_data_pipeline.py:148} INFO - Started batch processing for 2025-04-10.
[2025-04-10T07:44:02.156+0000] {driven_data_pipeline.py:35} INFO - Created synthetic data for RO country code.
[2025-04-10T07:44:02.460+0000] {driven_data_pipeline.py:105} INFO - Written 450 records to the CSV file.
[2025-04-10T07:44:03.310+0000] {driven_data_pipeline.py:121} INFO - Added UUID to the dataset.
[2025-04-10T07:44:03.967+0000] {driven_data_pipeline.py:140} INFO - Updated accessed timestamp.
[2025-04-10T07:44:03.969+0000] {driven_data_pipeline.py:156} INFO - Finished batch processing 2025-04-10.
[2025-04-10T07:44:03.970+0000] {python.py:240} INFO - Done. Returned value was: None
[2025-04-10T07:44:03.988+0000] {taskinstance.py:340} INFO - ::group::Post task execution logs
[2025-04-10T07:44:03.989+0000] {taskinstance.py:352} INFO - Marking task as SUCCESS. dag_id=extract_raw_data_pipeline, task_id=extract_raw_data, run_id=scheduled__2025-04-10T07:43:00+00:00, execution_date=20250410T074300, start_date=20250410T074401, end_date=20250410T074403
[2025-04-10T07:44:04.078+0000] {local_task_job_runner.py:266} INFO - Task exited with return code 0
[2025-04-10T07:44:04.119+0000] {taskinstance.py:3900} INFO - 1 downstream tasks scheduled from follow-on schedule check
[2025-04-10T07:44:04.124+0000] {local_task_job_runner.py:245} INFO - ::endgroup::
