[2025-04-10T07:53:13.981+0000] {local_task_job_runner.py:123} INFO - ::group::Pre task execution logs
[2025-04-10T07:53:14.051+0000] {taskinstance.py:2612} INFO - Dependencies all met for dep_context=non-requeueable deps ti=<TaskInstance: extract_raw_data_pipeline.run_dbt_staging scheduled__2025-04-10T07:52:00+00:00 [queued]>
[2025-04-10T07:53:14.103+0000] {taskinstance.py:2612} INFO - Dependencies all met for dep_context=requeueable deps ti=<TaskInstance: extract_raw_data_pipeline.run_dbt_staging scheduled__2025-04-10T07:52:00+00:00 [queued]>
[2025-04-10T07:53:14.114+0000] {taskinstance.py:2865} INFO - Starting attempt 1 of 1
[2025-04-10T07:53:14.254+0000] {taskinstance.py:2888} INFO - Executing <Task(BashOperator): run_dbt_staging> on 2025-04-10 07:52:00+00:00
[2025-04-10T07:53:14.303+0000] {warnings.py:112} WARNING - /home/***/.local/lib/python3.12/site-packages/***/task/task_runner/standard_task_runner.py:70: DeprecationWarning: This process (pid=5336) is multi-threaded, use of fork() may lead to deadlocks in the child.
  pid = os.fork()

[2025-04-10T07:53:14.320+0000] {standard_task_runner.py:104} INFO - Running: ['***', 'tasks', 'run', 'extract_raw_data_pipeline', 'run_dbt_staging', 'scheduled__2025-04-10T07:52:00+00:00', '--job-id', '749', '--raw', '--subdir', 'DAGS_FOLDER/driven_data_pipeline.py', '--cfg-path', '/tmp/tmp5m24klq0']
[2025-04-10T07:53:14.336+0000] {standard_task_runner.py:72} INFO - Started process 5338 to run task
[2025-04-10T07:53:14.351+0000] {standard_task_runner.py:105} INFO - Job 749: Subtask run_dbt_staging
[2025-04-10T07:53:14.730+0000] {task_command.py:467} INFO - Running <TaskInstance: extract_raw_data_pipeline.run_dbt_staging scheduled__2025-04-10T07:52:00+00:00 [running]> on host c829a6b69367
[2025-04-10T07:53:15.288+0000] {taskinstance.py:3131} INFO - Exporting env vars: AIRFLOW_CTX_DAG_OWNER='***' AIRFLOW_CTX_DAG_ID='extract_raw_data_pipeline' AIRFLOW_CTX_TASK_ID='run_dbt_staging' AIRFLOW_CTX_EXECUTION_DATE='2025-04-10T07:52:00+00:00' AIRFLOW_CTX_TRY_NUMBER='1' AIRFLOW_CTX_DAG_RUN_ID='scheduled__2025-04-10T07:52:00+00:00'
[2025-04-10T07:53:15.291+0000] {taskinstance.py:731} INFO - ::endgroup::
[2025-04-10T07:53:15.317+0000] {subprocess.py:63} INFO - Tmp dir root location: /tmp
[2025-04-10T07:53:15.320+0000] {subprocess.py:75} INFO - Running command: ['/usr/bin/bash', '-c', 'set -x; cd /opt/***/dbt && dbt run --select tag:staging']
[2025-04-10T07:53:15.352+0000] {subprocess.py:86} INFO - Output:
[2025-04-10T07:53:15.355+0000] {subprocess.py:93} INFO - + cd /opt/***/dbt
[2025-04-10T07:53:15.357+0000] {subprocess.py:93} INFO - + dbt run --select tag:staging
[2025-04-10T07:53:20.996+0000] {subprocess.py:93} INFO - [0m07:53:20  Running with dbt=1.8.0
[2025-04-10T07:53:21.470+0000] {subprocess.py:93} INFO - [0m07:53:21  Registered adapter: postgres=1.8.2
[2025-04-10T07:53:22.243+0000] {subprocess.py:93} INFO - [0m07:53:22  Found 9 models, 10 sources, 428 macros
[2025-04-10T07:53:22.249+0000] {subprocess.py:93} INFO - [0m07:53:22
[2025-04-10T07:53:22.445+0000] {subprocess.py:93} INFO - [0m07:53:22  Concurrency: 1 threads (target='dev')
[2025-04-10T07:53:22.446+0000] {subprocess.py:93} INFO - [0m07:53:22
[2025-04-10T07:53:22.463+0000] {subprocess.py:93} INFO - [0m07:53:22  1 of 5 START sql table model driven_staging.dim_address ........................ [RUN]
[2025-04-10T07:54:33.982+0000] {subprocess.py:93} INFO - [0m07:54:33  1 of 5 OK created sql table model driven_staging.dim_address ................... [[32mSELECT 2171926[0m in 71.51s]
[2025-04-10T07:54:33.988+0000] {subprocess.py:93} INFO - [0m07:54:33  2 of 5 START sql table model driven_staging.dim_date ........................... [RUN]
[2025-04-10T07:55:37.723+0000] {subprocess.py:93} INFO - [0m07:55:37  2 of 5 OK created sql table model driven_staging.dim_date ...................... [[32mSELECT 2216402[0m in 63.73s]
[2025-04-10T07:55:37.728+0000] {subprocess.py:93} INFO - [0m07:55:37  3 of 5 START sql table model driven_staging.dim_finance ........................ [RUN]
[2025-04-10T07:56:43.699+0000] {subprocess.py:93} INFO - [0m07:56:43  3 of 5 OK created sql table model driven_staging.dim_finance ................... [[32mSELECT 2261444[0m in 65.96s]
[2025-04-10T07:56:43.709+0000] {subprocess.py:93} INFO - [0m07:56:43  4 of 5 START sql table model driven_staging.dim_person ......................... [RUN]
[2025-04-10T07:58:09.291+0000] {subprocess.py:93} INFO - [0m07:58:09  4 of 5 OK created sql table model driven_staging.dim_person .................... [[32mSELECT 2307515[0m in 85.58s]
[2025-04-10T07:58:09.299+0000] {subprocess.py:93} INFO - [0m07:58:09  5 of 5 START sql table model driven_staging.fact_network_usage ................. [RUN]
[2025-04-10T07:59:43.658+0000] {subprocess.py:93} INFO - [0m07:59:43  5 of 5 OK created sql table model driven_staging.fact_network_usage ............ [[32mSELECT 2400551[0m in 94.35s]
[2025-04-10T07:59:43.709+0000] {subprocess.py:93} INFO - [0m07:59:43
[2025-04-10T07:59:43.710+0000] {subprocess.py:93} INFO - [0m07:59:43  Finished running 5 table models in 0 hours 6 minutes and 21.46 seconds (381.46s).
[2025-04-10T07:59:43.929+0000] {subprocess.py:93} INFO - [0m07:59:43
[2025-04-10T07:59:43.932+0000] {subprocess.py:93} INFO - [0m07:59:43  [32mCompleted successfully[0m
[2025-04-10T07:59:43.936+0000] {subprocess.py:93} INFO - [0m07:59:43
[2025-04-10T07:59:43.943+0000] {subprocess.py:93} INFO - [0m07:59:43  Done. PASS=5 WARN=0 ERROR=0 SKIP=0 TOTAL=5
[2025-04-10T07:59:45.867+0000] {subprocess.py:97} INFO - Command exited with return code 0
[2025-04-10T07:59:45.950+0000] {taskinstance.py:340} INFO - ::group::Post task execution logs
[2025-04-10T07:59:45.952+0000] {taskinstance.py:352} INFO - Marking task as SUCCESS. dag_id=extract_raw_data_pipeline, task_id=run_dbt_staging, run_id=scheduled__2025-04-10T07:52:00+00:00, execution_date=20250410T075200, start_date=20250410T075314, end_date=20250410T075945
[2025-04-10T07:59:46.017+0000] {local_task_job_runner.py:266} INFO - Task exited with return code 0
[2025-04-10T07:59:46.070+0000] {taskinstance.py:3900} INFO - 1 downstream tasks scheduled from follow-on schedule check
[2025-04-10T07:59:46.087+0000] {local_task_job_runner.py:245} INFO - ::endgroup::
