[2025-04-10T07:51:11.778+0000] {local_task_job_runner.py:123} INFO - ::group::Pre task execution logs
[2025-04-10T07:51:11.803+0000] {taskinstance.py:2612} INFO - Dependencies all met for dep_context=non-requeueable deps ti=<TaskInstance: extract_raw_data_pipeline.run_dbt_staging scheduled__2025-04-10T07:50:00+00:00 [queued]>
[2025-04-10T07:51:11.814+0000] {taskinstance.py:2612} INFO - Dependencies all met for dep_context=requeueable deps ti=<TaskInstance: extract_raw_data_pipeline.run_dbt_staging scheduled__2025-04-10T07:50:00+00:00 [queued]>
[2025-04-10T07:51:11.815+0000] {taskinstance.py:2865} INFO - Starting attempt 1 of 1
[2025-04-10T07:51:11.849+0000] {taskinstance.py:2888} INFO - Executing <Task(BashOperator): run_dbt_staging> on 2025-04-10 07:50:00+00:00
[2025-04-10T07:51:11.855+0000] {warnings.py:112} WARNING - /home/***/.local/lib/python3.12/site-packages/***/task/task_runner/standard_task_runner.py:70: DeprecationWarning: This process (pid=5246) is multi-threaded, use of fork() may lead to deadlocks in the child.
  pid = os.fork()

[2025-04-10T07:51:11.858+0000] {standard_task_runner.py:72} INFO - Started process 5248 to run task
[2025-04-10T07:51:11.859+0000] {standard_task_runner.py:104} INFO - Running: ['***', 'tasks', 'run', 'extract_raw_data_pipeline', 'run_dbt_staging', 'scheduled__2025-04-10T07:50:00+00:00', '--job-id', '739', '--raw', '--subdir', 'DAGS_FOLDER/driven_data_pipeline.py', '--cfg-path', '/tmp/tmpet75c1a4']
[2025-04-10T07:51:11.861+0000] {standard_task_runner.py:105} INFO - Job 739: Subtask run_dbt_staging
[2025-04-10T07:51:11.927+0000] {task_command.py:467} INFO - Running <TaskInstance: extract_raw_data_pipeline.run_dbt_staging scheduled__2025-04-10T07:50:00+00:00 [running]> on host c829a6b69367
[2025-04-10T07:51:12.065+0000] {taskinstance.py:3131} INFO - Exporting env vars: AIRFLOW_CTX_DAG_OWNER='***' AIRFLOW_CTX_DAG_ID='extract_raw_data_pipeline' AIRFLOW_CTX_TASK_ID='run_dbt_staging' AIRFLOW_CTX_EXECUTION_DATE='2025-04-10T07:50:00+00:00' AIRFLOW_CTX_TRY_NUMBER='1' AIRFLOW_CTX_DAG_RUN_ID='scheduled__2025-04-10T07:50:00+00:00'
[2025-04-10T07:51:12.066+0000] {taskinstance.py:731} INFO - ::endgroup::
[2025-04-10T07:51:12.083+0000] {subprocess.py:63} INFO - Tmp dir root location: /tmp
[2025-04-10T07:51:12.085+0000] {subprocess.py:75} INFO - Running command: ['/usr/bin/bash', '-c', 'set -x; cd /opt/***/dbt && dbt run --select tag:staging']
[2025-04-10T07:51:12.097+0000] {subprocess.py:86} INFO - Output:
[2025-04-10T07:51:12.099+0000] {subprocess.py:93} INFO - + cd /opt/***/dbt
[2025-04-10T07:51:12.100+0000] {subprocess.py:93} INFO - + dbt run --select tag:staging
[2025-04-10T07:51:14.999+0000] {subprocess.py:93} INFO - [0m07:51:14  Running with dbt=1.8.0
[2025-04-10T07:51:15.397+0000] {subprocess.py:93} INFO - [0m07:51:15  Registered adapter: postgres=1.8.2
[2025-04-10T07:51:16.099+0000] {subprocess.py:93} INFO - [0m07:51:16  Found 9 models, 10 sources, 428 macros
[2025-04-10T07:51:16.103+0000] {subprocess.py:93} INFO - [0m07:51:16
[2025-04-10T07:51:16.253+0000] {subprocess.py:93} INFO - [0m07:51:16  Concurrency: 1 threads (target='dev')
[2025-04-10T07:51:16.253+0000] {subprocess.py:93} INFO - [0m07:51:16
[2025-04-10T07:51:16.274+0000] {subprocess.py:93} INFO - [0m07:51:16  1 of 5 START sql table model driven_staging.dim_address ........................ [RUN]
[2025-04-10T07:52:23.058+0000] {subprocess.py:93} INFO - [0m07:52:23  1 of 5 OK created sql table model driven_staging.dim_address ................... [[32mSELECT 2083512[0m in 66.78s]
[2025-04-10T07:52:23.087+0000] {subprocess.py:93} INFO - [0m07:52:23  2 of 5 START sql table model driven_staging.dim_date ........................... [RUN]
[2025-04-10T07:53:23.945+0000] {subprocess.py:93} INFO - [0m07:53:23  2 of 5 OK created sql table model driven_staging.dim_date ...................... [[32mSELECT 2127594[0m in 60.85s]
[2025-04-10T07:53:23.953+0000] {subprocess.py:93} INFO - [0m07:53:23  3 of 5 START sql table model driven_staging.dim_finance ........................ [RUN]
[2025-04-10T07:54:33.830+0000] {subprocess.py:93} INFO - [0m07:54:33  3 of 5 OK created sql table model driven_staging.dim_finance ................... [[32mSELECT 2171926[0m in 69.87s]
[2025-04-10T07:54:33.836+0000] {subprocess.py:93} INFO - [0m07:54:33  4 of 5 START sql table model driven_staging.dim_person ......................... [RUN]
[2025-04-10T07:55:37.755+0000] {subprocess.py:93} INFO - [0m07:55:37  4 of 5 OK created sql table model driven_staging.dim_person .................... [[32mSELECT 2216402[0m in 63.92s]
[2025-04-10T07:55:37.759+0000] {subprocess.py:93} INFO - [0m07:55:37  5 of 5 START sql table model driven_staging.fact_network_usage ................. [RUN]
[2025-04-10T07:56:43.657+0000] {subprocess.py:93} INFO - [0m07:56:43  5 of 5 OK created sql table model driven_staging.fact_network_usage ............ [[32mSELECT 2261444[0m in 65.89s]
[2025-04-10T07:56:43.699+0000] {subprocess.py:93} INFO - [0m07:56:43
[2025-04-10T07:56:43.702+0000] {subprocess.py:93} INFO - [0m07:56:43  Finished running 5 table models in 0 hours 5 minutes and 27.59 seconds (327.59s).
[2025-04-10T07:56:43.853+0000] {subprocess.py:93} INFO - [0m07:56:43
[2025-04-10T07:56:43.855+0000] {subprocess.py:93} INFO - [0m07:56:43  [32mCompleted successfully[0m
[2025-04-10T07:56:43.857+0000] {subprocess.py:93} INFO - [0m07:56:43
[2025-04-10T07:56:43.860+0000] {subprocess.py:93} INFO - [0m07:56:43  Done. PASS=5 WARN=0 ERROR=0 SKIP=0 TOTAL=5
[2025-04-10T07:56:47.918+0000] {subprocess.py:97} INFO - Command exited with return code 0
[2025-04-10T07:56:48.018+0000] {taskinstance.py:340} INFO - ::group::Post task execution logs
[2025-04-10T07:56:48.019+0000] {taskinstance.py:352} INFO - Marking task as SUCCESS. dag_id=extract_raw_data_pipeline, task_id=run_dbt_staging, run_id=scheduled__2025-04-10T07:50:00+00:00, execution_date=20250410T075000, start_date=20250410T075111, end_date=20250410T075648
[2025-04-10T07:56:48.114+0000] {local_task_job_runner.py:266} INFO - Task exited with return code 0
[2025-04-10T07:56:48.179+0000] {taskinstance.py:3900} INFO - 1 downstream tasks scheduled from follow-on schedule check
[2025-04-10T07:56:48.206+0000] {local_task_job_runner.py:245} INFO - ::endgroup::
