[2025-04-10T07:03:11.515+0000] {local_task_job_runner.py:123} INFO - ::group::Pre task execution logs
[2025-04-10T07:03:11.544+0000] {taskinstance.py:2612} INFO - Dependencies all met for dep_context=non-requeueable deps ti=<TaskInstance: extract_raw_data_pipeline.run_dbt_staging scheduled__2025-04-10T07:02:00+00:00 [queued]>
[2025-04-10T07:03:11.566+0000] {taskinstance.py:2612} INFO - Dependencies all met for dep_context=requeueable deps ti=<TaskInstance: extract_raw_data_pipeline.run_dbt_staging scheduled__2025-04-10T07:02:00+00:00 [queued]>
[2025-04-10T07:03:11.566+0000] {taskinstance.py:2865} INFO - Starting attempt 1 of 1
[2025-04-10T07:03:11.593+0000] {taskinstance.py:2888} INFO - Executing <Task(BashOperator): run_dbt_staging> on 2025-04-10 07:02:00+00:00
[2025-04-10T07:03:11.603+0000] {warnings.py:112} WARNING - /home/***/.local/lib/python3.12/site-packages/***/task/task_runner/standard_task_runner.py:70: DeprecationWarning: This process (pid=2400) is multi-threaded, use of fork() may lead to deadlocks in the child.
  pid = os.fork()

[2025-04-10T07:03:11.605+0000] {standard_task_runner.py:72} INFO - Started process 2402 to run task
[2025-04-10T07:03:11.605+0000] {standard_task_runner.py:104} INFO - Running: ['***', 'tasks', 'run', 'extract_raw_data_pipeline', 'run_dbt_staging', 'scheduled__2025-04-10T07:02:00+00:00', '--job-id', '453', '--raw', '--subdir', 'DAGS_FOLDER/driven_data_pipeline.py', '--cfg-path', '/tmp/tmp1eilbfcd']
[2025-04-10T07:03:11.607+0000] {standard_task_runner.py:105} INFO - Job 453: Subtask run_dbt_staging
[2025-04-10T07:03:11.684+0000] {task_command.py:467} INFO - Running <TaskInstance: extract_raw_data_pipeline.run_dbt_staging scheduled__2025-04-10T07:02:00+00:00 [running]> on host c829a6b69367
[2025-04-10T07:03:11.823+0000] {taskinstance.py:3131} INFO - Exporting env vars: AIRFLOW_CTX_DAG_OWNER='***' AIRFLOW_CTX_DAG_ID='extract_raw_data_pipeline' AIRFLOW_CTX_TASK_ID='run_dbt_staging' AIRFLOW_CTX_EXECUTION_DATE='2025-04-10T07:02:00+00:00' AIRFLOW_CTX_TRY_NUMBER='1' AIRFLOW_CTX_DAG_RUN_ID='scheduled__2025-04-10T07:02:00+00:00'
[2025-04-10T07:03:11.826+0000] {taskinstance.py:731} INFO - ::endgroup::
[2025-04-10T07:03:11.846+0000] {subprocess.py:63} INFO - Tmp dir root location: /tmp
[2025-04-10T07:03:11.848+0000] {subprocess.py:75} INFO - Running command: ['/usr/bin/bash', '-c', 'set -x; cd /opt/***/dbt && dbt run --select tag:staging']
[2025-04-10T07:03:11.873+0000] {subprocess.py:86} INFO - Output:
[2025-04-10T07:03:11.875+0000] {subprocess.py:93} INFO - + cd /opt/***/dbt
[2025-04-10T07:03:11.876+0000] {subprocess.py:93} INFO - + dbt run --select tag:staging
[2025-04-10T07:03:15.747+0000] {subprocess.py:93} INFO - [0m07:03:15  Running with dbt=1.8.0
[2025-04-10T07:03:16.333+0000] {subprocess.py:93} INFO - [0m07:03:16  Registered adapter: postgres=1.8.2
[2025-04-10T07:03:17.306+0000] {subprocess.py:93} INFO - [0m07:03:17  Found 9 models, 10 sources, 428 macros
[2025-04-10T07:03:17.313+0000] {subprocess.py:93} INFO - [0m07:03:17
[2025-04-10T07:03:17.606+0000] {subprocess.py:93} INFO - [0m07:03:17  Concurrency: 1 threads (target='dev')
[2025-04-10T07:03:17.607+0000] {subprocess.py:93} INFO - [0m07:03:17
[2025-04-10T07:03:17.643+0000] {subprocess.py:93} INFO - [0m07:03:17  1 of 5 START sql table model driven_staging.dim_address ........................ [RUN]
[2025-04-10T07:03:20.773+0000] {subprocess.py:93} INFO - [0m07:03:20  1 of 5 OK created sql table model driven_staging.dim_address ................... [[32mSELECT 609436[0m in 3.12s]
[2025-04-10T07:03:20.785+0000] {subprocess.py:93} INFO - [0m07:03:20  2 of 5 START sql table model driven_staging.dim_date ........................... [RUN]
[2025-04-10T07:03:21.944+0000] {subprocess.py:93} INFO - [0m07:03:21  2 of 5 OK created sql table model driven_staging.dim_date ...................... [[32mSELECT 609436[0m in 1.15s]
[2025-04-10T07:03:21.950+0000] {subprocess.py:93} INFO - [0m07:03:21  3 of 5 START sql table model driven_staging.dim_finance ........................ [RUN]
[2025-04-10T07:03:26.604+0000] {subprocess.py:93} INFO - [0m07:03:26  3 of 5 OK created sql table model driven_staging.dim_finance ................... [[32mSELECT 609436[0m in 4.65s]
[2025-04-10T07:03:26.610+0000] {subprocess.py:93} INFO - [0m07:03:26  4 of 5 START sql table model driven_staging.dim_person ......................... [RUN]
[2025-04-10T07:03:34.887+0000] {subprocess.py:93} INFO - [0m07:03:34  4 of 5 OK created sql table model driven_staging.dim_person .................... [[32mSELECT 609436[0m in 8.27s]
[2025-04-10T07:03:34.898+0000] {subprocess.py:93} INFO - [0m07:03:34  5 of 5 START sql table model driven_staging.fact_network_usage ................. [RUN]
[2025-04-10T07:03:39.444+0000] {subprocess.py:93} INFO - [0m07:03:39  5 of 5 OK created sql table model driven_staging.fact_network_usage ............ [[32mSELECT 609436[0m in 4.53s]
[2025-04-10T07:03:39.500+0000] {subprocess.py:93} INFO - [0m07:03:39
[2025-04-10T07:03:39.503+0000] {subprocess.py:93} INFO - [0m07:03:39  Finished running 5 table models in 0 hours 0 minutes and 22.18 seconds (22.18s).
[2025-04-10T07:03:39.685+0000] {subprocess.py:93} INFO - [0m07:03:39
[2025-04-10T07:03:39.688+0000] {subprocess.py:93} INFO - [0m07:03:39  [32mCompleted successfully[0m
[2025-04-10T07:03:39.691+0000] {subprocess.py:93} INFO - [0m07:03:39
[2025-04-10T07:03:39.693+0000] {subprocess.py:93} INFO - [0m07:03:39  Done. PASS=5 WARN=0 ERROR=0 SKIP=0 TOTAL=5
[2025-04-10T07:03:41.459+0000] {subprocess.py:97} INFO - Command exited with return code 0
[2025-04-10T07:03:41.525+0000] {taskinstance.py:340} INFO - ::group::Post task execution logs
[2025-04-10T07:03:41.527+0000] {taskinstance.py:352} INFO - Marking task as SUCCESS. dag_id=extract_raw_data_pipeline, task_id=run_dbt_staging, run_id=scheduled__2025-04-10T07:02:00+00:00, execution_date=20250410T070200, start_date=20250410T070311, end_date=20250410T070341
[2025-04-10T07:03:41.592+0000] {local_task_job_runner.py:266} INFO - Task exited with return code 0
[2025-04-10T07:03:41.626+0000] {taskinstance.py:3900} INFO - 1 downstream tasks scheduled from follow-on schedule check
[2025-04-10T07:03:41.629+0000] {local_task_job_runner.py:245} INFO - ::endgroup::
