[2025-04-10T07:40:52.061+0000] {local_task_job_runner.py:123} INFO - ::group::Pre task execution logs
[2025-04-10T07:40:52.093+0000] {taskinstance.py:2612} INFO - Dependencies all met for dep_context=non-requeueable deps ti=<TaskInstance: extract_raw_data_pipeline.run_dbt_trusted scheduled__2025-04-10T07:37:00+00:00 [queued]>
[2025-04-10T07:40:52.110+0000] {taskinstance.py:2612} INFO - Dependencies all met for dep_context=requeueable deps ti=<TaskInstance: extract_raw_data_pipeline.run_dbt_trusted scheduled__2025-04-10T07:37:00+00:00 [queued]>
[2025-04-10T07:40:52.111+0000] {taskinstance.py:2865} INFO - Starting attempt 1 of 1
[2025-04-10T07:40:52.605+0000] {taskinstance.py:2888} INFO - Executing <Task(BashOperator): run_dbt_trusted> on 2025-04-10 07:37:00+00:00
[2025-04-10T07:40:52.618+0000] {warnings.py:112} WARNING - /home/***/.local/lib/python3.12/site-packages/***/task/task_runner/standard_task_runner.py:70: DeprecationWarning: This process (pid=4599) is multi-threaded, use of fork() may lead to deadlocks in the child.
  pid = os.fork()

[2025-04-10T07:40:52.621+0000] {standard_task_runner.py:72} INFO - Started process 4601 to run task
[2025-04-10T07:40:52.621+0000] {standard_task_runner.py:104} INFO - Running: ['***', 'tasks', 'run', 'extract_raw_data_pipeline', 'run_dbt_trusted', 'scheduled__2025-04-10T07:37:00+00:00', '--job-id', '674', '--raw', '--subdir', 'DAGS_FOLDER/driven_data_pipeline.py', '--cfg-path', '/tmp/tmpr9uz2s2a']
[2025-04-10T07:40:52.623+0000] {standard_task_runner.py:105} INFO - Job 674: Subtask run_dbt_trusted
[2025-04-10T07:40:52.800+0000] {task_command.py:467} INFO - Running <TaskInstance: extract_raw_data_pipeline.run_dbt_trusted scheduled__2025-04-10T07:37:00+00:00 [running]> on host c829a6b69367
[2025-04-10T07:40:53.253+0000] {taskinstance.py:3131} INFO - Exporting env vars: AIRFLOW_CTX_DAG_OWNER='***' AIRFLOW_CTX_DAG_ID='extract_raw_data_pipeline' AIRFLOW_CTX_TASK_ID='run_dbt_trusted' AIRFLOW_CTX_EXECUTION_DATE='2025-04-10T07:37:00+00:00' AIRFLOW_CTX_TRY_NUMBER='1' AIRFLOW_CTX_DAG_RUN_ID='scheduled__2025-04-10T07:37:00+00:00'
[2025-04-10T07:40:53.255+0000] {taskinstance.py:731} INFO - ::endgroup::
[2025-04-10T07:40:53.277+0000] {subprocess.py:63} INFO - Tmp dir root location: /tmp
[2025-04-10T07:40:53.279+0000] {subprocess.py:75} INFO - Running command: ['/usr/bin/bash', '-c', 'set -x; cd /opt/***/dbt && dbt run --select tag:trusted']
[2025-04-10T07:40:53.298+0000] {subprocess.py:86} INFO - Output:
[2025-04-10T07:40:53.300+0000] {subprocess.py:93} INFO - + cd /opt/***/dbt
[2025-04-10T07:40:53.301+0000] {subprocess.py:93} INFO - + dbt run --select tag:trusted
[2025-04-10T07:40:57.045+0000] {subprocess.py:93} INFO - [0m07:40:57  Running with dbt=1.8.0
[2025-04-10T07:40:57.400+0000] {subprocess.py:93} INFO - [0m07:40:57  Registered adapter: postgres=1.8.2
[2025-04-10T07:40:57.995+0000] {subprocess.py:93} INFO - [0m07:40:57  Found 9 models, 10 sources, 428 macros
[2025-04-10T07:40:57.999+0000] {subprocess.py:93} INFO - [0m07:40:57
[2025-04-10T07:40:58.156+0000] {subprocess.py:93} INFO - [0m07:40:58  Concurrency: 1 threads (target='dev')
[2025-04-10T07:40:58.157+0000] {subprocess.py:93} INFO - [0m07:40:58
[2025-04-10T07:40:58.169+0000] {subprocess.py:93} INFO - [0m07:40:58  1 of 4 START sql table model driven_trusted.non_pii_data ....................... [RUN]
[2025-04-10T07:41:39.693+0000] {subprocess.py:93} INFO - [0m07:41:39  1 of 4 OK created sql table model driven_trusted.non_pii_data .................. [[32mSELECT 1634028[0m in 41.52s]
[2025-04-10T07:41:39.699+0000] {subprocess.py:93} INFO - [0m07:41:39  2 of 4 START sql table model driven_trusted.payment_data ....................... [RUN]
[2025-04-10T07:41:43.307+0000] {subprocess.py:93} INFO - [0m07:41:43  2 of 4 OK created sql table model driven_trusted.payment_data .................. [[32mSELECT 1634028[0m in 3.61s]
[2025-04-10T07:41:43.312+0000] {subprocess.py:93} INFO - [0m07:41:43  3 of 4 START sql table model driven_trusted.pii_data ........................... [RUN]
[2025-04-10T07:42:59.628+0000] {subprocess.py:93} INFO - [0m07:42:59  3 of 4 OK created sql table model driven_trusted.pii_data ...................... [[32mSELECT 1634028[0m in 76.31s]
[2025-04-10T07:42:59.635+0000] {subprocess.py:93} INFO - [0m07:42:59  4 of 4 START sql table model driven_trusted.technical_data ..................... [RUN]
[2025-04-10T07:43:29.733+0000] {subprocess.py:93} INFO - [0m07:43:29  4 of 4 OK created sql table model driven_trusted.technical_data ................ [[32mSELECT 1634028[0m in 30.09s]
[2025-04-10T07:43:29.769+0000] {subprocess.py:93} INFO - [0m07:43:29
[2025-04-10T07:43:29.770+0000] {subprocess.py:93} INFO - [0m07:43:29  Finished running 4 table models in 0 hours 2 minutes and 31.77 seconds (151.77s).
[2025-04-10T07:43:29.921+0000] {subprocess.py:93} INFO - [0m07:43:29
[2025-04-10T07:43:29.924+0000] {subprocess.py:93} INFO - [0m07:43:29  [32mCompleted successfully[0m
[2025-04-10T07:43:29.931+0000] {subprocess.py:93} INFO - [0m07:43:29
[2025-04-10T07:43:29.932+0000] {subprocess.py:93} INFO - [0m07:43:29  Done. PASS=4 WARN=0 ERROR=0 SKIP=0 TOTAL=4
[2025-04-10T07:43:31.445+0000] {subprocess.py:97} INFO - Command exited with return code 0
[2025-04-10T07:43:31.542+0000] {taskinstance.py:340} INFO - ::group::Post task execution logs
[2025-04-10T07:43:31.546+0000] {taskinstance.py:352} INFO - Marking task as SUCCESS. dag_id=extract_raw_data_pipeline, task_id=run_dbt_trusted, run_id=scheduled__2025-04-10T07:37:00+00:00, execution_date=20250410T073700, start_date=20250410T074052, end_date=20250410T074331
[2025-04-10T07:43:31.668+0000] {local_task_job_runner.py:266} INFO - Task exited with return code 0
[2025-04-10T07:43:31.714+0000] {taskinstance.py:3900} INFO - 0 downstream tasks scheduled from follow-on schedule check
[2025-04-10T07:43:31.747+0000] {local_task_job_runner.py:245} INFO - ::endgroup::
