[2025-04-10T07:00:14.952+0000] {local_task_job_runner.py:123} INFO - ::group::Pre task execution logs
[2025-04-10T07:00:14.994+0000] {taskinstance.py:2612} INFO - Dependencies all met for dep_context=non-requeueable deps ti=<TaskInstance: extract_raw_data_pipeline.run_dbt_staging scheduled__2025-04-09T07:59:00+00:00 [queued]>
[2025-04-10T07:00:15.027+0000] {taskinstance.py:2612} INFO - Dependencies all met for dep_context=requeueable deps ti=<TaskInstance: extract_raw_data_pipeline.run_dbt_staging scheduled__2025-04-09T07:59:00+00:00 [queued]>
[2025-04-10T07:00:15.029+0000] {taskinstance.py:2865} INFO - Starting attempt 1 of 1
[2025-04-10T07:00:15.070+0000] {taskinstance.py:2888} INFO - Executing <Task(BashOperator): run_dbt_staging> on 2025-04-09 07:59:00+00:00
[2025-04-10T07:00:15.084+0000] {warnings.py:112} WARNING - /home/***/.local/lib/python3.12/site-packages/***/task/task_runner/standard_task_runner.py:70: DeprecationWarning: This process (pid=2220) is multi-threaded, use of fork() may lead to deadlocks in the child.
  pid = os.fork()

[2025-04-10T07:00:15.087+0000] {standard_task_runner.py:104} INFO - Running: ['***', 'tasks', 'run', 'extract_raw_data_pipeline', 'run_dbt_staging', 'scheduled__2025-04-09T07:59:00+00:00', '--job-id', '435', '--raw', '--subdir', 'DAGS_FOLDER/driven_data_pipeline.py', '--cfg-path', '/tmp/tmp9ajmh2ek']
[2025-04-10T07:00:15.090+0000] {standard_task_runner.py:72} INFO - Started process 2222 to run task
[2025-04-10T07:00:15.091+0000] {standard_task_runner.py:105} INFO - Job 435: Subtask run_dbt_staging
[2025-04-10T07:00:15.218+0000] {task_command.py:467} INFO - Running <TaskInstance: extract_raw_data_pipeline.run_dbt_staging scheduled__2025-04-09T07:59:00+00:00 [running]> on host c829a6b69367
[2025-04-10T07:00:15.425+0000] {taskinstance.py:3131} INFO - Exporting env vars: AIRFLOW_CTX_DAG_OWNER='***' AIRFLOW_CTX_DAG_ID='extract_raw_data_pipeline' AIRFLOW_CTX_TASK_ID='run_dbt_staging' AIRFLOW_CTX_EXECUTION_DATE='2025-04-09T07:59:00+00:00' AIRFLOW_CTX_TRY_NUMBER='1' AIRFLOW_CTX_DAG_RUN_ID='scheduled__2025-04-09T07:59:00+00:00'
[2025-04-10T07:00:15.428+0000] {taskinstance.py:731} INFO - ::endgroup::
[2025-04-10T07:00:15.474+0000] {subprocess.py:63} INFO - Tmp dir root location: /tmp
[2025-04-10T07:00:15.477+0000] {subprocess.py:75} INFO - Running command: ['/usr/bin/bash', '-c', 'set -x; cd /opt/***/dbt && dbt run --select tag:staging']
[2025-04-10T07:00:15.507+0000] {subprocess.py:86} INFO - Output:
[2025-04-10T07:00:15.521+0000] {subprocess.py:93} INFO - + cd /opt/***/dbt
[2025-04-10T07:00:15.523+0000] {subprocess.py:93} INFO - + dbt run --select tag:staging
[2025-04-10T07:00:20.471+0000] {subprocess.py:93} INFO - [0m07:00:20  Running with dbt=1.8.0
[2025-04-10T07:00:21.116+0000] {subprocess.py:93} INFO - [0m07:00:21  Registered adapter: postgres=1.8.2
[2025-04-10T07:00:22.533+0000] {subprocess.py:93} INFO - [0m07:00:22  Found 9 models, 10 sources, 428 macros
[2025-04-10T07:00:22.543+0000] {subprocess.py:93} INFO - [0m07:00:22
[2025-04-10T07:00:22.876+0000] {subprocess.py:93} INFO - [0m07:00:22  Concurrency: 1 threads (target='dev')
[2025-04-10T07:00:22.880+0000] {subprocess.py:93} INFO - [0m07:00:22
[2025-04-10T07:00:22.923+0000] {subprocess.py:93} INFO - [0m07:00:22  1 of 5 START sql table model driven_staging.dim_address ........................ [RUN]
[2025-04-10T07:00:25.501+0000] {subprocess.py:93} INFO - [0m07:00:25  1 of 5 OK created sql table model driven_staging.dim_address ................... [[32mSELECT 562321[0m in 2.57s]
[2025-04-10T07:00:25.505+0000] {subprocess.py:93} INFO - [0m07:00:25  2 of 5 START sql table model driven_staging.dim_date ........................... [RUN]
[2025-04-10T07:00:26.653+0000] {subprocess.py:93} INFO - [0m07:00:26  2 of 5 OK created sql table model driven_staging.dim_date ...................... [[32mSELECT 562321[0m in 1.14s]
[2025-04-10T07:00:26.660+0000] {subprocess.py:93} INFO - [0m07:00:26  3 of 5 START sql table model driven_staging.dim_finance ........................ [RUN]
[2025-04-10T07:00:28.230+0000] {subprocess.py:93} INFO - [0m07:00:28  3 of 5 OK created sql table model driven_staging.dim_finance ................... [[32mSELECT 562321[0m in 1.56s]
[2025-04-10T07:00:28.246+0000] {subprocess.py:93} INFO - [0m07:00:28  4 of 5 START sql table model driven_staging.dim_person ......................... [RUN]
[2025-04-10T07:00:29.970+0000] {subprocess.py:93} INFO - [0m07:00:29  4 of 5 OK created sql table model driven_staging.dim_person .................... [[32mSELECT 562321[0m in 1.72s]
[2025-04-10T07:00:29.979+0000] {subprocess.py:93} INFO - [0m07:00:29  5 of 5 START sql table model driven_staging.fact_network_usage ................. [RUN]
[2025-04-10T07:00:31.003+0000] {subprocess.py:93} INFO - [0m07:00:31  5 of 5 OK created sql table model driven_staging.fact_network_usage ............ [[32mSELECT 562321[0m in 1.02s]
[2025-04-10T07:00:31.029+0000] {subprocess.py:93} INFO - [0m07:00:31
[2025-04-10T07:00:31.031+0000] {subprocess.py:93} INFO - [0m07:00:31  Finished running 5 table models in 0 hours 0 minutes and 8.48 seconds (8.48s).
[2025-04-10T07:00:31.118+0000] {subprocess.py:93} INFO - [0m07:00:31
[2025-04-10T07:00:31.120+0000] {subprocess.py:93} INFO - [0m07:00:31  [32mCompleted successfully[0m
[2025-04-10T07:00:31.122+0000] {subprocess.py:93} INFO - [0m07:00:31
[2025-04-10T07:00:31.125+0000] {subprocess.py:93} INFO - [0m07:00:31  Done. PASS=5 WARN=0 ERROR=0 SKIP=0 TOTAL=5
[2025-04-10T07:00:32.974+0000] {subprocess.py:97} INFO - Command exited with return code 0
[2025-04-10T07:00:33.059+0000] {taskinstance.py:340} INFO - ::group::Post task execution logs
[2025-04-10T07:00:33.061+0000] {taskinstance.py:352} INFO - Marking task as SUCCESS. dag_id=extract_raw_data_pipeline, task_id=run_dbt_staging, run_id=scheduled__2025-04-09T07:59:00+00:00, execution_date=20250409T075900, start_date=20250410T070014, end_date=20250410T070033
[2025-04-10T07:00:33.138+0000] {local_task_job_runner.py:266} INFO - Task exited with return code 0
[2025-04-10T07:00:33.191+0000] {taskinstance.py:3900} INFO - 1 downstream tasks scheduled from follow-on schedule check
[2025-04-10T07:00:33.197+0000] {local_task_job_runner.py:245} INFO - ::endgroup::
