[2025-04-10T07:53:28.263+0000] {local_task_job_runner.py:123} INFO - ::group::Pre task execution logs
[2025-04-10T07:53:28.304+0000] {taskinstance.py:2612} INFO - Dependencies all met for dep_context=non-requeueable deps ti=<TaskInstance: extract_raw_data_pipeline.run_dbt_trusted scheduled__2025-04-10T07:48:00+00:00 [queued]>
[2025-04-10T07:53:28.328+0000] {taskinstance.py:2612} INFO - Dependencies all met for dep_context=requeueable deps ti=<TaskInstance: extract_raw_data_pipeline.run_dbt_trusted scheduled__2025-04-10T07:48:00+00:00 [queued]>
[2025-04-10T07:53:28.330+0000] {taskinstance.py:2865} INFO - Starting attempt 1 of 1
[2025-04-10T07:53:28.384+0000] {taskinstance.py:2888} INFO - Executing <Task(BashOperator): run_dbt_trusted> on 2025-04-10 07:48:00+00:00
[2025-04-10T07:53:28.401+0000] {warnings.py:112} WARNING - /home/***/.local/lib/python3.12/site-packages/***/task/task_runner/standard_task_runner.py:70: DeprecationWarning: This process (pid=5353) is multi-threaded, use of fork() may lead to deadlocks in the child.
  pid = os.fork()

[2025-04-10T07:53:28.409+0000] {standard_task_runner.py:72} INFO - Started process 5355 to run task
[2025-04-10T07:53:28.411+0000] {standard_task_runner.py:104} INFO - Running: ['***', 'tasks', 'run', 'extract_raw_data_pipeline', 'run_dbt_trusted', 'scheduled__2025-04-10T07:48:00+00:00', '--job-id', '750', '--raw', '--subdir', 'DAGS_FOLDER/driven_data_pipeline.py', '--cfg-path', '/tmp/tmpg5i571m1']
[2025-04-10T07:53:28.414+0000] {standard_task_runner.py:105} INFO - Job 750: Subtask run_dbt_trusted
[2025-04-10T07:53:28.544+0000] {task_command.py:467} INFO - Running <TaskInstance: extract_raw_data_pipeline.run_dbt_trusted scheduled__2025-04-10T07:48:00+00:00 [running]> on host c829a6b69367
[2025-04-10T07:53:28.784+0000] {taskinstance.py:3131} INFO - Exporting env vars: AIRFLOW_CTX_DAG_OWNER='***' AIRFLOW_CTX_DAG_ID='extract_raw_data_pipeline' AIRFLOW_CTX_TASK_ID='run_dbt_trusted' AIRFLOW_CTX_EXECUTION_DATE='2025-04-10T07:48:00+00:00' AIRFLOW_CTX_TRY_NUMBER='1' AIRFLOW_CTX_DAG_RUN_ID='scheduled__2025-04-10T07:48:00+00:00'
[2025-04-10T07:53:28.786+0000] {taskinstance.py:731} INFO - ::endgroup::
[2025-04-10T07:53:28.812+0000] {subprocess.py:63} INFO - Tmp dir root location: /tmp
[2025-04-10T07:53:28.815+0000] {subprocess.py:75} INFO - Running command: ['/usr/bin/bash', '-c', 'set -x; cd /opt/***/dbt && dbt run --select tag:trusted']
[2025-04-10T07:53:28.838+0000] {subprocess.py:86} INFO - Output:
[2025-04-10T07:53:28.841+0000] {subprocess.py:93} INFO - + cd /opt/***/dbt
[2025-04-10T07:53:28.842+0000] {subprocess.py:93} INFO - + dbt run --select tag:trusted
[2025-04-10T07:53:34.024+0000] {subprocess.py:93} INFO - [0m07:53:34  Running with dbt=1.8.0
[2025-04-10T07:53:34.560+0000] {subprocess.py:93} INFO - [0m07:53:34  Registered adapter: postgres=1.8.2
[2025-04-10T07:53:35.506+0000] {subprocess.py:93} INFO - [0m07:53:35  Found 9 models, 10 sources, 428 macros
[2025-04-10T07:53:35.511+0000] {subprocess.py:93} INFO - [0m07:53:35
[2025-04-10T07:53:35.728+0000] {subprocess.py:93} INFO - [0m07:53:35  Concurrency: 1 threads (target='dev')
[2025-04-10T07:53:35.730+0000] {subprocess.py:93} INFO - [0m07:53:35
[2025-04-10T07:53:35.779+0000] {subprocess.py:93} INFO - [0m07:53:35  1 of 4 START sql table model driven_trusted.non_pii_data ....................... [RUN]
[2025-04-10T07:54:33.892+0000] {subprocess.py:93} INFO - [0m07:54:33  1 of 4 OK created sql table model driven_trusted.non_pii_data .................. [[32mSELECT 2083512[0m in 58.10s]
[2025-04-10T07:54:33.901+0000] {subprocess.py:93} INFO - [0m07:54:33  2 of 4 START sql table model driven_trusted.payment_data ....................... [RUN]
[2025-04-10T07:54:58.169+0000] {subprocess.py:93} INFO - [0m07:54:58  2 of 4 OK created sql table model driven_trusted.payment_data .................. [[32mSELECT 2171926[0m in 24.27s]
[2025-04-10T07:54:58.173+0000] {subprocess.py:93} INFO - [0m07:54:58  3 of 4 START sql table model driven_trusted.pii_data ........................... [RUN]
[2025-04-10T07:56:43.778+0000] {subprocess.py:93} INFO - [0m07:56:43  3 of 4 OK created sql table model driven_trusted.pii_data ...................... [[32mSELECT 2171926[0m in 105.60s]
[2025-04-10T07:56:43.785+0000] {subprocess.py:93} INFO - [0m07:56:43  4 of 4 START sql table model driven_trusted.technical_data ..................... [RUN]
[2025-04-10T07:57:21.701+0000] {subprocess.py:93} INFO - [0m07:57:21  4 of 4 OK created sql table model driven_trusted.technical_data ................ [[32mSELECT 2261444[0m in 37.91s]
[2025-04-10T07:57:21.721+0000] {subprocess.py:93} INFO - [0m07:57:21
[2025-04-10T07:57:21.722+0000] {subprocess.py:93} INFO - [0m07:57:21  Finished running 4 table models in 0 hours 3 minutes and 46.21 seconds (226.21s).
[2025-04-10T07:57:21.805+0000] {subprocess.py:93} INFO - [0m07:57:21
[2025-04-10T07:57:21.806+0000] {subprocess.py:93} INFO - [0m07:57:21  [32mCompleted successfully[0m
[2025-04-10T07:57:21.806+0000] {subprocess.py:93} INFO - [0m07:57:21
[2025-04-10T07:57:21.807+0000] {subprocess.py:93} INFO - [0m07:57:21  Done. PASS=4 WARN=0 ERROR=0 SKIP=0 TOTAL=4
[2025-04-10T07:57:23.158+0000] {subprocess.py:97} INFO - Command exited with return code 0
[2025-04-10T07:57:23.198+0000] {taskinstance.py:340} INFO - ::group::Post task execution logs
[2025-04-10T07:57:23.199+0000] {taskinstance.py:352} INFO - Marking task as SUCCESS. dag_id=extract_raw_data_pipeline, task_id=run_dbt_trusted, run_id=scheduled__2025-04-10T07:48:00+00:00, execution_date=20250410T074800, start_date=20250410T075328, end_date=20250410T075723
[2025-04-10T07:57:23.266+0000] {local_task_job_runner.py:266} INFO - Task exited with return code 0
[2025-04-10T07:57:23.277+0000] {local_task_job_runner.py:245} INFO - ::endgroup::
