[2025-04-10T07:11:15.165+0000] {local_task_job_runner.py:123} INFO - ::group::Pre task execution logs
[2025-04-10T07:11:15.208+0000] {taskinstance.py:2612} INFO - Dependencies all met for dep_context=non-requeueable deps ti=<TaskInstance: extract_raw_data_pipeline.run_dbt_staging scheduled__2025-04-10T07:10:00+00:00 [queued]>
[2025-04-10T07:11:15.232+0000] {taskinstance.py:2612} INFO - Dependencies all met for dep_context=requeueable deps ti=<TaskInstance: extract_raw_data_pipeline.run_dbt_staging scheduled__2025-04-10T07:10:00+00:00 [queued]>
[2025-04-10T07:11:15.233+0000] {taskinstance.py:2865} INFO - Starting attempt 1 of 1
[2025-04-10T07:11:15.281+0000] {taskinstance.py:2888} INFO - Executing <Task(BashOperator): run_dbt_staging> on 2025-04-10 07:10:00+00:00
[2025-04-10T07:11:15.303+0000] {warnings.py:112} WARNING - /home/***/.local/lib/python3.12/site-packages/***/task/task_runner/standard_task_runner.py:70: DeprecationWarning: This process (pid=2875) is multi-threaded, use of fork() may lead to deadlocks in the child.
  pid = os.fork()

[2025-04-10T07:11:15.308+0000] {standard_task_runner.py:72} INFO - Started process 2879 to run task
[2025-04-10T07:11:15.308+0000] {standard_task_runner.py:104} INFO - Running: ['***', 'tasks', 'run', 'extract_raw_data_pipeline', 'run_dbt_staging', 'scheduled__2025-04-10T07:10:00+00:00', '--job-id', '501', '--raw', '--subdir', 'DAGS_FOLDER/driven_data_pipeline.py', '--cfg-path', '/tmp/tmp3iekbm8g']
[2025-04-10T07:11:15.311+0000] {standard_task_runner.py:105} INFO - Job 501: Subtask run_dbt_staging
[2025-04-10T07:11:15.466+0000] {task_command.py:467} INFO - Running <TaskInstance: extract_raw_data_pipeline.run_dbt_staging scheduled__2025-04-10T07:10:00+00:00 [running]> on host c829a6b69367
[2025-04-10T07:11:15.678+0000] {taskinstance.py:3131} INFO - Exporting env vars: AIRFLOW_CTX_DAG_OWNER='***' AIRFLOW_CTX_DAG_ID='extract_raw_data_pipeline' AIRFLOW_CTX_TASK_ID='run_dbt_staging' AIRFLOW_CTX_EXECUTION_DATE='2025-04-10T07:10:00+00:00' AIRFLOW_CTX_TRY_NUMBER='1' AIRFLOW_CTX_DAG_RUN_ID='scheduled__2025-04-10T07:10:00+00:00'
[2025-04-10T07:11:15.680+0000] {taskinstance.py:731} INFO - ::endgroup::
[2025-04-10T07:11:15.716+0000] {subprocess.py:63} INFO - Tmp dir root location: /tmp
[2025-04-10T07:11:15.719+0000] {subprocess.py:75} INFO - Running command: ['/usr/bin/bash', '-c', 'set -x; cd /opt/***/dbt && dbt run --select tag:staging']
[2025-04-10T07:11:15.760+0000] {subprocess.py:86} INFO - Output:
[2025-04-10T07:11:15.762+0000] {subprocess.py:93} INFO - + cd /opt/***/dbt
[2025-04-10T07:11:15.763+0000] {subprocess.py:93} INFO - + dbt run --select tag:staging
[2025-04-10T07:11:22.866+0000] {subprocess.py:93} INFO - [0m07:11:22  Running with dbt=1.8.0
[2025-04-10T07:11:23.453+0000] {subprocess.py:93} INFO - [0m07:11:23  Registered adapter: postgres=1.8.2
[2025-04-10T07:11:24.590+0000] {subprocess.py:93} INFO - [0m07:11:24  Found 9 models, 10 sources, 428 macros
[2025-04-10T07:11:24.599+0000] {subprocess.py:93} INFO - [0m07:11:24
[2025-04-10T07:11:24.849+0000] {subprocess.py:93} INFO - [0m07:11:24  Concurrency: 1 threads (target='dev')
[2025-04-10T07:11:24.852+0000] {subprocess.py:93} INFO - [0m07:11:24
[2025-04-10T07:11:24.886+0000] {subprocess.py:93} INFO - [0m07:11:24  1 of 5 START sql table model driven_staging.dim_address ........................ [RUN]
[2025-04-10T07:11:39.608+0000] {subprocess.py:93} INFO - [0m07:11:39  1 of 5 OK created sql table model driven_staging.dim_address ................... [[32mSELECT 762239[0m in 14.69s]
[2025-04-10T07:11:39.623+0000] {subprocess.py:93} INFO - [0m07:11:39  2 of 5 START sql table model driven_staging.dim_date ........................... [RUN]
[2025-04-10T07:11:42.346+0000] {subprocess.py:93} INFO - [0m07:11:42  2 of 5 OK created sql table model driven_staging.dim_date ...................... [[32mSELECT 762239[0m in 2.71s]
[2025-04-10T07:11:42.360+0000] {subprocess.py:93} INFO - [0m07:11:42  3 of 5 START sql table model driven_staging.dim_finance ........................ [RUN]
[2025-04-10T07:11:53.404+0000] {subprocess.py:93} INFO - [0m07:11:53  3 of 5 OK created sql table model driven_staging.dim_finance ................... [[32mSELECT 762239[0m in 11.04s]
[2025-04-10T07:11:53.421+0000] {subprocess.py:93} INFO - [0m07:11:53  4 of 5 START sql table model driven_staging.dim_person ......................... [RUN]
[2025-04-10T07:11:56.575+0000] {subprocess.py:93} INFO - [0m07:11:56  4 of 5 OK created sql table model driven_staging.dim_person .................... [[32mSELECT 762239[0m in 3.15s]
[2025-04-10T07:11:56.585+0000] {subprocess.py:93} INFO - [0m07:11:56  5 of 5 START sql table model driven_staging.fact_network_usage ................. [RUN]
[2025-04-10T07:11:57.794+0000] {subprocess.py:93} INFO - [0m07:11:57  5 of 5 OK created sql table model driven_staging.fact_network_usage ............ [[32mSELECT 762239[0m in 1.20s]
[2025-04-10T07:11:57.828+0000] {subprocess.py:93} INFO - [0m07:11:57
[2025-04-10T07:11:57.830+0000] {subprocess.py:93} INFO - [0m07:11:57  Finished running 5 table models in 0 hours 0 minutes and 33.23 seconds (33.23s).
[2025-04-10T07:11:57.935+0000] {subprocess.py:93} INFO - [0m07:11:57
[2025-04-10T07:11:57.938+0000] {subprocess.py:93} INFO - [0m07:11:57  [32mCompleted successfully[0m
[2025-04-10T07:11:57.940+0000] {subprocess.py:93} INFO - [0m07:11:57
[2025-04-10T07:11:57.941+0000] {subprocess.py:93} INFO - [0m07:11:57  Done. PASS=5 WARN=0 ERROR=0 SKIP=0 TOTAL=5
[2025-04-10T07:12:00.125+0000] {subprocess.py:97} INFO - Command exited with return code 0
[2025-04-10T07:12:00.192+0000] {taskinstance.py:340} INFO - ::group::Post task execution logs
[2025-04-10T07:12:00.193+0000] {taskinstance.py:352} INFO - Marking task as SUCCESS. dag_id=extract_raw_data_pipeline, task_id=run_dbt_staging, run_id=scheduled__2025-04-10T07:10:00+00:00, execution_date=20250410T071000, start_date=20250410T071115, end_date=20250410T071200
[2025-04-10T07:12:00.270+0000] {local_task_job_runner.py:266} INFO - Task exited with return code 0
[2025-04-10T07:12:00.295+0000] {local_task_job_runner.py:245} INFO - ::endgroup::
[2025-04-10T07:12:00.325+0000] {standard_task_runner.py:217} INFO - Process not found (most likely exited), stop collecting metrics
