[2025-04-09T07:23:08.115+0000] {local_task_job_runner.py:123} INFO - ::group::Pre task execution logs
[2025-04-09T07:23:08.140+0000] {taskinstance.py:2612} INFO - Dependencies all met for dep_context=non-requeueable deps ti=<TaskInstance: extract_raw_data_pipeline.run_dbt_staging scheduled__2025-04-09T07:22:00+00:00 [queued]>
[2025-04-09T07:23:08.150+0000] {taskinstance.py:2612} INFO - Dependencies all met for dep_context=requeueable deps ti=<TaskInstance: extract_raw_data_pipeline.run_dbt_staging scheduled__2025-04-09T07:22:00+00:00 [queued]>
[2025-04-09T07:23:08.151+0000] {taskinstance.py:2865} INFO - Starting attempt 1 of 1
[2025-04-09T07:23:08.167+0000] {taskinstance.py:2888} INFO - Executing <Task(BashOperator): run_dbt_staging> on 2025-04-09 07:22:00+00:00
[2025-04-09T07:23:08.175+0000] {warnings.py:112} WARNING - /home/***/.local/lib/python3.12/site-packages/***/task/task_runner/standard_task_runner.py:70: DeprecationWarning: This process (pid=2309) is multi-threaded, use of fork() may lead to deadlocks in the child.
  pid = os.fork()

[2025-04-09T07:23:08.177+0000] {standard_task_runner.py:72} INFO - Started process 2311 to run task
[2025-04-09T07:23:08.177+0000] {standard_task_runner.py:104} INFO - Running: ['***', 'tasks', 'run', 'extract_raw_data_pipeline', 'run_dbt_staging', 'scheduled__2025-04-09T07:22:00+00:00', '--job-id', '207', '--raw', '--subdir', 'DAGS_FOLDER/driven_data_pipeline.py', '--cfg-path', '/tmp/tmpu3b7tt1i']
[2025-04-09T07:23:08.178+0000] {standard_task_runner.py:105} INFO - Job 207: Subtask run_dbt_staging
[2025-04-09T07:23:08.260+0000] {task_command.py:467} INFO - Running <TaskInstance: extract_raw_data_pipeline.run_dbt_staging scheduled__2025-04-09T07:22:00+00:00 [running]> on host c829a6b69367
[2025-04-09T07:23:08.384+0000] {taskinstance.py:3131} INFO - Exporting env vars: AIRFLOW_CTX_DAG_OWNER='***' AIRFLOW_CTX_DAG_ID='extract_raw_data_pipeline' AIRFLOW_CTX_TASK_ID='run_dbt_staging' AIRFLOW_CTX_EXECUTION_DATE='2025-04-09T07:22:00+00:00' AIRFLOW_CTX_TRY_NUMBER='1' AIRFLOW_CTX_DAG_RUN_ID='scheduled__2025-04-09T07:22:00+00:00'
[2025-04-09T07:23:08.386+0000] {taskinstance.py:731} INFO - ::endgroup::
[2025-04-09T07:23:08.404+0000] {subprocess.py:63} INFO - Tmp dir root location: /tmp
[2025-04-09T07:23:08.406+0000] {subprocess.py:75} INFO - Running command: ['/usr/bin/bash', '-c', 'set -x; cd /opt/***/dbt && dbt run --select tag:staging']
[2025-04-09T07:23:08.424+0000] {subprocess.py:86} INFO - Output:
[2025-04-09T07:23:08.427+0000] {subprocess.py:93} INFO - + cd /opt/***/dbt
[2025-04-09T07:23:08.429+0000] {subprocess.py:93} INFO - + dbt run --select tag:staging
[2025-04-09T07:23:10.592+0000] {subprocess.py:93} INFO - [0m07:23:10  Running with dbt=1.8.0
[2025-04-09T07:23:10.873+0000] {subprocess.py:93} INFO - [0m07:23:10  Registered adapter: postgres=1.8.2
[2025-04-09T07:23:11.332+0000] {subprocess.py:93} INFO - [0m07:23:11  Found 9 models, 10 sources, 428 macros
[2025-04-09T07:23:11.335+0000] {subprocess.py:93} INFO - [0m07:23:11
[2025-04-09T07:23:11.493+0000] {subprocess.py:93} INFO - [0m07:23:11  Concurrency: 1 threads (target='dev')
[2025-04-09T07:23:11.494+0000] {subprocess.py:93} INFO - [0m07:23:11
[2025-04-09T07:23:11.509+0000] {subprocess.py:93} INFO - [0m07:23:11  1 of 5 START sql table model driven_staging.dim_address ........................ [RUN]
[2025-04-09T07:23:12.046+0000] {subprocess.py:93} INFO - [0m07:23:12  1 of 5 OK created sql table model driven_staging.dim_address ................... [[32mSELECT 231552[0m in 0.53s]
[2025-04-09T07:23:12.050+0000] {subprocess.py:93} INFO - [0m07:23:12  2 of 5 START sql table model driven_staging.dim_date ........................... [RUN]
[2025-04-09T07:23:12.459+0000] {subprocess.py:93} INFO - [0m07:23:12  2 of 5 OK created sql table model driven_staging.dim_date ...................... [[32mSELECT 231552[0m in 0.41s]
[2025-04-09T07:23:12.463+0000] {subprocess.py:93} INFO - [0m07:23:12  3 of 5 START sql table model driven_staging.dim_finance ........................ [RUN]
[2025-04-09T07:23:12.878+0000] {subprocess.py:93} INFO - [0m07:23:12  3 of 5 OK created sql table model driven_staging.dim_finance ................... [[32mSELECT 231552[0m in 0.41s]
[2025-04-09T07:23:12.883+0000] {subprocess.py:93} INFO - [0m07:23:12  4 of 5 START sql table model driven_staging.dim_person ......................... [RUN]
[2025-04-09T07:23:13.672+0000] {subprocess.py:93} INFO - [0m07:23:13  4 of 5 OK created sql table model driven_staging.dim_person .................... [[32mSELECT 231552[0m in 0.78s]
[2025-04-09T07:23:13.676+0000] {subprocess.py:93} INFO - [0m07:23:13  5 of 5 START sql table model driven_staging.fact_network_usage ................. [RUN]
[2025-04-09T07:23:14.345+0000] {subprocess.py:93} INFO - [0m07:23:14  5 of 5 OK created sql table model driven_staging.fact_network_usage ............ [[32mSELECT 231552[0m in 0.66s]
[2025-04-09T07:23:14.430+0000] {subprocess.py:93} INFO - [0m07:23:14
[2025-04-09T07:23:14.434+0000] {subprocess.py:93} INFO - [0m07:23:14  Finished running 5 table models in 0 hours 0 minutes and 3.09 seconds (3.09s).
[2025-04-09T07:23:14.591+0000] {subprocess.py:93} INFO - [0m07:23:14
[2025-04-09T07:23:14.592+0000] {subprocess.py:93} INFO - [0m07:23:14  [32mCompleted successfully[0m
[2025-04-09T07:23:14.593+0000] {subprocess.py:93} INFO - [0m07:23:14
[2025-04-09T07:23:14.594+0000] {subprocess.py:93} INFO - [0m07:23:14  Done. PASS=5 WARN=0 ERROR=0 SKIP=0 TOTAL=5
[2025-04-09T07:23:15.925+0000] {subprocess.py:97} INFO - Command exited with return code 0
[2025-04-09T07:23:15.969+0000] {taskinstance.py:340} INFO - ::group::Post task execution logs
[2025-04-09T07:23:15.970+0000] {taskinstance.py:352} INFO - Marking task as SUCCESS. dag_id=extract_raw_data_pipeline, task_id=run_dbt_staging, run_id=scheduled__2025-04-09T07:22:00+00:00, execution_date=20250409T072200, start_date=20250409T072308, end_date=20250409T072315
[2025-04-09T07:23:16.016+0000] {local_task_job_runner.py:266} INFO - Task exited with return code 0
[2025-04-09T07:23:16.046+0000] {taskinstance.py:3900} INFO - 1 downstream tasks scheduled from follow-on schedule check
[2025-04-09T07:23:16.049+0000] {local_task_job_runner.py:245} INFO - ::endgroup::
