[2025-04-09T07:59:18.104+0000] {local_task_job_runner.py:123} INFO - ::group::Pre task execution logs
[2025-04-09T07:59:18.130+0000] {taskinstance.py:2612} INFO - Dependencies all met for dep_context=non-requeueable deps ti=<TaskInstance: extract_raw_data_pipeline.run_dbt_trusted scheduled__2025-04-09T07:58:00+00:00 [queued]>
[2025-04-09T07:59:18.144+0000] {taskinstance.py:2612} INFO - Dependencies all met for dep_context=requeueable deps ti=<TaskInstance: extract_raw_data_pipeline.run_dbt_trusted scheduled__2025-04-09T07:58:00+00:00 [queued]>
[2025-04-09T07:59:18.145+0000] {taskinstance.py:2865} INFO - Starting attempt 1 of 1
[2025-04-09T07:59:18.171+0000] {taskinstance.py:2888} INFO - Executing <Task(BashOperator): run_dbt_trusted> on 2025-04-09 07:58:00+00:00
[2025-04-09T07:59:18.181+0000] {warnings.py:112} WARNING - /home/***/.local/lib/python3.12/site-packages/***/task/task_runner/standard_task_runner.py:70: DeprecationWarning: This process (pid=4500) is multi-threaded, use of fork() may lead to deadlocks in the child.
  pid = os.fork()

[2025-04-09T07:59:18.183+0000] {standard_task_runner.py:72} INFO - Started process 4502 to run task
[2025-04-09T07:59:18.183+0000] {standard_task_runner.py:104} INFO - Running: ['***', 'tasks', 'run', 'extract_raw_data_pipeline', 'run_dbt_trusted', 'scheduled__2025-04-09T07:58:00+00:00', '--job-id', '428', '--raw', '--subdir', 'DAGS_FOLDER/driven_data_pipeline.py', '--cfg-path', '/tmp/tmpm7r7nh30']
[2025-04-09T07:59:18.185+0000] {standard_task_runner.py:105} INFO - Job 428: Subtask run_dbt_trusted
[2025-04-09T07:59:18.260+0000] {task_command.py:467} INFO - Running <TaskInstance: extract_raw_data_pipeline.run_dbt_trusted scheduled__2025-04-09T07:58:00+00:00 [running]> on host c829a6b69367
[2025-04-09T07:59:18.390+0000] {taskinstance.py:3131} INFO - Exporting env vars: AIRFLOW_CTX_DAG_OWNER='***' AIRFLOW_CTX_DAG_ID='extract_raw_data_pipeline' AIRFLOW_CTX_TASK_ID='run_dbt_trusted' AIRFLOW_CTX_EXECUTION_DATE='2025-04-09T07:58:00+00:00' AIRFLOW_CTX_TRY_NUMBER='1' AIRFLOW_CTX_DAG_RUN_ID='scheduled__2025-04-09T07:58:00+00:00'
[2025-04-09T07:59:18.392+0000] {taskinstance.py:731} INFO - ::endgroup::
[2025-04-09T07:59:18.410+0000] {subprocess.py:63} INFO - Tmp dir root location: /tmp
[2025-04-09T07:59:18.412+0000] {subprocess.py:75} INFO - Running command: ['/usr/bin/bash', '-c', 'set -x; cd /opt/***/dbt && dbt run --select tag:trusted']
[2025-04-09T07:59:18.433+0000] {subprocess.py:86} INFO - Output:
[2025-04-09T07:59:18.435+0000] {subprocess.py:93} INFO - + cd /opt/***/dbt
[2025-04-09T07:59:18.435+0000] {subprocess.py:93} INFO - + dbt run --select tag:trusted
[2025-04-09T07:59:21.670+0000] {subprocess.py:93} INFO - [0m07:59:21  Running with dbt=1.8.0
[2025-04-09T07:59:21.974+0000] {subprocess.py:93} INFO - [0m07:59:21  Registered adapter: postgres=1.8.2
[2025-04-09T07:59:22.485+0000] {subprocess.py:93} INFO - [0m07:59:22  Found 9 models, 10 sources, 428 macros
[2025-04-09T07:59:22.488+0000] {subprocess.py:93} INFO - [0m07:59:22
[2025-04-09T07:59:22.627+0000] {subprocess.py:93} INFO - [0m07:59:22  Concurrency: 1 threads (target='dev')
[2025-04-09T07:59:22.628+0000] {subprocess.py:93} INFO - [0m07:59:22
[2025-04-09T07:59:22.642+0000] {subprocess.py:93} INFO - [0m07:59:22  1 of 4 START sql table model driven_trusted.non_pii_data ....................... [RUN]
[2025-04-09T07:59:33.107+0000] {subprocess.py:93} INFO - [0m07:59:33  1 of 4 OK created sql table model driven_trusted.non_pii_data .................. [[32mSELECT 547405[0m in 10.46s]
[2025-04-09T07:59:33.110+0000] {subprocess.py:93} INFO - [0m07:59:33  2 of 4 START sql table model driven_trusted.payment_data ....................... [RUN]
[2025-04-09T07:59:37.669+0000] {subprocess.py:93} INFO - [0m07:59:37  2 of 4 OK created sql table model driven_trusted.payment_data .................. [[32mSELECT 547405[0m in 4.56s]
[2025-04-09T07:59:37.675+0000] {subprocess.py:93} INFO - [0m07:59:37  3 of 4 START sql table model driven_trusted.pii_data ........................... [RUN]
[2025-04-09T07:59:50.179+0000] {subprocess.py:93} INFO - [0m07:59:50  3 of 4 OK created sql table model driven_trusted.pii_data ...................... [[32mSELECT 547405[0m in 12.50s]
[2025-04-09T07:59:50.183+0000] {subprocess.py:93} INFO - [0m07:59:50  4 of 4 START sql table model driven_trusted.technical_data ..................... [RUN]
[2025-04-09T07:59:54.865+0000] {subprocess.py:93} INFO - [0m07:59:54  4 of 4 OK created sql table model driven_trusted.technical_data ................ [[32mSELECT 547405[0m in 4.68s]
[2025-04-09T07:59:54.883+0000] {subprocess.py:93} INFO - [0m07:59:54
[2025-04-09T07:59:54.884+0000] {subprocess.py:93} INFO - [0m07:59:54  Finished running 4 table models in 0 hours 0 minutes and 32.39 seconds (32.39s).
[2025-04-09T07:59:54.942+0000] {subprocess.py:93} INFO - [0m07:59:54
[2025-04-09T07:59:54.943+0000] {subprocess.py:93} INFO - [0m07:59:54  [32mCompleted successfully[0m
[2025-04-09T07:59:54.944+0000] {subprocess.py:93} INFO - [0m07:59:54
[2025-04-09T07:59:54.945+0000] {subprocess.py:93} INFO - [0m07:59:54  Done. PASS=4 WARN=0 ERROR=0 SKIP=0 TOTAL=4
[2025-04-09T07:59:55.971+0000] {subprocess.py:97} INFO - Command exited with return code 0
[2025-04-09T07:59:56.003+0000] {taskinstance.py:340} INFO - ::group::Post task execution logs
[2025-04-09T07:59:56.004+0000] {taskinstance.py:352} INFO - Marking task as SUCCESS. dag_id=extract_raw_data_pipeline, task_id=run_dbt_trusted, run_id=scheduled__2025-04-09T07:58:00+00:00, execution_date=20250409T075800, start_date=20250409T075918, end_date=20250409T075956
[2025-04-09T07:59:56.052+0000] {local_task_job_runner.py:266} INFO - Task exited with return code 0
[2025-04-09T07:59:56.068+0000] {taskinstance.py:3900} INFO - 0 downstream tasks scheduled from follow-on schedule check
[2025-04-09T07:59:56.071+0000] {local_task_job_runner.py:245} INFO - ::endgroup::
