[2025-04-09T07:38:19.606+0000] {local_task_job_runner.py:123} INFO - ::group::Pre task execution logs
[2025-04-09T07:38:19.633+0000] {taskinstance.py:2612} INFO - Dependencies all met for dep_context=non-requeueable deps ti=<TaskInstance: extract_raw_data_pipeline.run_dbt_trusted scheduled__2025-04-09T07:37:00+00:00 [queued]>
[2025-04-09T07:38:19.648+0000] {taskinstance.py:2612} INFO - Dependencies all met for dep_context=requeueable deps ti=<TaskInstance: extract_raw_data_pipeline.run_dbt_trusted scheduled__2025-04-09T07:37:00+00:00 [queued]>
[2025-04-09T07:38:19.649+0000] {taskinstance.py:2865} INFO - Starting attempt 1 of 1
[2025-04-09T07:38:19.676+0000] {taskinstance.py:2888} INFO - Executing <Task(BashOperator): run_dbt_trusted> on 2025-04-09 07:37:00+00:00
[2025-04-09T07:38:19.687+0000] {warnings.py:112} WARNING - /home/***/.local/lib/python3.12/site-packages/***/task/task_runner/standard_task_runner.py:70: DeprecationWarning: This process (pid=3228) is multi-threaded, use of fork() may lead to deadlocks in the child.
  pid = os.fork()

[2025-04-09T07:38:19.690+0000] {standard_task_runner.py:72} INFO - Started process 3230 to run task
[2025-04-09T07:38:19.690+0000] {standard_task_runner.py:104} INFO - Running: ['***', 'tasks', 'run', 'extract_raw_data_pipeline', 'run_dbt_trusted', 'scheduled__2025-04-09T07:37:00+00:00', '--job-id', '302', '--raw', '--subdir', 'DAGS_FOLDER/driven_data_pipeline.py', '--cfg-path', '/tmp/tmpbh_insu9']
[2025-04-09T07:38:19.692+0000] {standard_task_runner.py:105} INFO - Job 302: Subtask run_dbt_trusted
[2025-04-09T07:38:19.776+0000] {task_command.py:467} INFO - Running <TaskInstance: extract_raw_data_pipeline.run_dbt_trusted scheduled__2025-04-09T07:37:00+00:00 [running]> on host c829a6b69367
[2025-04-09T07:38:19.921+0000] {taskinstance.py:3131} INFO - Exporting env vars: AIRFLOW_CTX_DAG_OWNER='***' AIRFLOW_CTX_DAG_ID='extract_raw_data_pipeline' AIRFLOW_CTX_TASK_ID='run_dbt_trusted' AIRFLOW_CTX_EXECUTION_DATE='2025-04-09T07:37:00+00:00' AIRFLOW_CTX_TRY_NUMBER='1' AIRFLOW_CTX_DAG_RUN_ID='scheduled__2025-04-09T07:37:00+00:00'
[2025-04-09T07:38:19.923+0000] {taskinstance.py:731} INFO - ::endgroup::
[2025-04-09T07:38:19.953+0000] {subprocess.py:63} INFO - Tmp dir root location: /tmp
[2025-04-09T07:38:19.955+0000] {subprocess.py:75} INFO - Running command: ['/usr/bin/bash', '-c', 'set -x; cd /opt/***/dbt && dbt run --select tag:trusted']
[2025-04-09T07:38:19.978+0000] {subprocess.py:86} INFO - Output:
[2025-04-09T07:38:19.980+0000] {subprocess.py:93} INFO - + cd /opt/***/dbt
[2025-04-09T07:38:19.981+0000] {subprocess.py:93} INFO - + dbt run --select tag:trusted
[2025-04-09T07:38:22.895+0000] {subprocess.py:93} INFO - [0m07:38:22  Running with dbt=1.8.0
[2025-04-09T07:38:23.251+0000] {subprocess.py:93} INFO - [0m07:38:23  Registered adapter: postgres=1.8.2
[2025-04-09T07:38:23.924+0000] {subprocess.py:93} INFO - [0m07:38:23  Found 9 models, 10 sources, 428 macros
[2025-04-09T07:38:23.928+0000] {subprocess.py:93} INFO - [0m07:38:23
[2025-04-09T07:38:24.070+0000] {subprocess.py:93} INFO - [0m07:38:24  Concurrency: 1 threads (target='dev')
[2025-04-09T07:38:24.071+0000] {subprocess.py:93} INFO - [0m07:38:24
[2025-04-09T07:38:24.089+0000] {subprocess.py:93} INFO - [0m07:38:24  1 of 4 START sql table model driven_trusted.non_pii_data ....................... [RUN]
[2025-04-09T07:38:31.579+0000] {subprocess.py:93} INFO - [0m07:38:31  1 of 4 OK created sql table model driven_trusted.non_pii_data .................. [[32mSELECT 356391[0m in 7.49s]
[2025-04-09T07:38:31.585+0000] {subprocess.py:93} INFO - [0m07:38:31  2 of 4 START sql table model driven_trusted.payment_data ....................... [RUN]
[2025-04-09T07:38:34.563+0000] {subprocess.py:93} INFO - [0m07:38:34  2 of 4 OK created sql table model driven_trusted.payment_data .................. [[32mSELECT 356391[0m in 2.97s]
[2025-04-09T07:38:34.568+0000] {subprocess.py:93} INFO - [0m07:38:34  3 of 4 START sql table model driven_trusted.pii_data ........................... [RUN]
[2025-04-09T07:38:41.210+0000] {subprocess.py:93} INFO - [0m07:38:41  3 of 4 OK created sql table model driven_trusted.pii_data ...................... [[32mSELECT 356391[0m in 6.64s]
[2025-04-09T07:38:41.213+0000] {subprocess.py:93} INFO - [0m07:38:41  4 of 4 START sql table model driven_trusted.technical_data ..................... [RUN]
[2025-04-09T07:38:44.277+0000] {subprocess.py:93} INFO - [0m07:38:44  4 of 4 OK created sql table model driven_trusted.technical_data ................ [[32mSELECT 356391[0m in 3.06s]
[2025-04-09T07:38:44.295+0000] {subprocess.py:93} INFO - [0m07:38:44
[2025-04-09T07:38:44.296+0000] {subprocess.py:93} INFO - [0m07:38:44  Finished running 4 table models in 0 hours 0 minutes and 20.37 seconds (20.37s).
[2025-04-09T07:38:44.368+0000] {subprocess.py:93} INFO - [0m07:38:44
[2025-04-09T07:38:44.369+0000] {subprocess.py:93} INFO - [0m07:38:44  [32mCompleted successfully[0m
[2025-04-09T07:38:44.370+0000] {subprocess.py:93} INFO - [0m07:38:44
[2025-04-09T07:38:44.370+0000] {subprocess.py:93} INFO - [0m07:38:44  Done. PASS=4 WARN=0 ERROR=0 SKIP=0 TOTAL=4
[2025-04-09T07:38:45.488+0000] {subprocess.py:97} INFO - Command exited with return code 0
[2025-04-09T07:38:45.524+0000] {taskinstance.py:340} INFO - ::group::Post task execution logs
[2025-04-09T07:38:45.525+0000] {taskinstance.py:352} INFO - Marking task as SUCCESS. dag_id=extract_raw_data_pipeline, task_id=run_dbt_trusted, run_id=scheduled__2025-04-09T07:37:00+00:00, execution_date=20250409T073700, start_date=20250409T073819, end_date=20250409T073845
[2025-04-09T07:38:45.559+0000] {local_task_job_runner.py:266} INFO - Task exited with return code 0
[2025-04-09T07:38:45.577+0000] {taskinstance.py:3900} INFO - 0 downstream tasks scheduled from follow-on schedule check
[2025-04-09T07:38:45.580+0000] {local_task_job_runner.py:245} INFO - ::endgroup::
