[2025-04-10T07:17:18.195+0000] {local_task_job_runner.py:123} INFO - ::group::Pre task execution logs
[2025-04-10T07:17:18.251+0000] {taskinstance.py:2612} INFO - Dependencies all met for dep_context=non-requeueable deps ti=<TaskInstance: extract_raw_data_pipeline.run_dbt_staging scheduled__2025-04-10T07:16:00+00:00 [queued]>
[2025-04-10T07:17:18.280+0000] {taskinstance.py:2612} INFO - Dependencies all met for dep_context=requeueable deps ti=<TaskInstance: extract_raw_data_pipeline.run_dbt_staging scheduled__2025-04-10T07:16:00+00:00 [queued]>
[2025-04-10T07:17:18.283+0000] {taskinstance.py:2865} INFO - Starting attempt 1 of 1
[2025-04-10T07:17:18.338+0000] {taskinstance.py:2888} INFO - Executing <Task(BashOperator): run_dbt_staging> on 2025-04-10 07:16:00+00:00
[2025-04-10T07:17:18.360+0000] {warnings.py:112} WARNING - /home/***/.local/lib/python3.12/site-packages/***/task/task_runner/standard_task_runner.py:70: DeprecationWarning: This process (pid=3221) is multi-threaded, use of fork() may lead to deadlocks in the child.
  pid = os.fork()

[2025-04-10T07:17:18.364+0000] {standard_task_runner.py:72} INFO - Started process 3223 to run task
[2025-04-10T07:17:18.367+0000] {standard_task_runner.py:104} INFO - Running: ['***', 'tasks', 'run', 'extract_raw_data_pipeline', 'run_dbt_staging', 'scheduled__2025-04-10T07:16:00+00:00', '--job-id', '536', '--raw', '--subdir', 'DAGS_FOLDER/driven_data_pipeline.py', '--cfg-path', '/tmp/tmp6kty6ujj']
[2025-04-10T07:17:18.370+0000] {standard_task_runner.py:105} INFO - Job 536: Subtask run_dbt_staging
[2025-04-10T07:17:18.512+0000] {task_command.py:467} INFO - Running <TaskInstance: extract_raw_data_pipeline.run_dbt_staging scheduled__2025-04-10T07:16:00+00:00 [running]> on host c829a6b69367
[2025-04-10T07:17:18.780+0000] {taskinstance.py:3131} INFO - Exporting env vars: AIRFLOW_CTX_DAG_OWNER='***' AIRFLOW_CTX_DAG_ID='extract_raw_data_pipeline' AIRFLOW_CTX_TASK_ID='run_dbt_staging' AIRFLOW_CTX_EXECUTION_DATE='2025-04-10T07:16:00+00:00' AIRFLOW_CTX_TRY_NUMBER='1' AIRFLOW_CTX_DAG_RUN_ID='scheduled__2025-04-10T07:16:00+00:00'
[2025-04-10T07:17:18.783+0000] {taskinstance.py:731} INFO - ::endgroup::
[2025-04-10T07:17:18.823+0000] {subprocess.py:63} INFO - Tmp dir root location: /tmp
[2025-04-10T07:17:18.826+0000] {subprocess.py:75} INFO - Running command: ['/usr/bin/bash', '-c', 'set -x; cd /opt/***/dbt && dbt run --select tag:staging']
[2025-04-10T07:17:18.861+0000] {subprocess.py:86} INFO - Output:
[2025-04-10T07:17:18.865+0000] {subprocess.py:93} INFO - + cd /opt/***/dbt
[2025-04-10T07:17:18.866+0000] {subprocess.py:93} INFO - + dbt run --select tag:staging
[2025-04-10T07:17:27.079+0000] {subprocess.py:93} INFO - [0m07:17:27  Running with dbt=1.8.0
[2025-04-10T07:17:28.583+0000] {subprocess.py:93} INFO - [0m07:17:28  Registered adapter: postgres=1.8.2
[2025-04-10T07:17:30.061+0000] {subprocess.py:93} INFO - [0m07:17:30  Found 9 models, 10 sources, 428 macros
[2025-04-10T07:17:30.083+0000] {subprocess.py:93} INFO - [0m07:17:30
[2025-04-10T07:17:30.513+0000] {subprocess.py:93} INFO - [0m07:17:30  Concurrency: 1 threads (target='dev')
[2025-04-10T07:17:30.516+0000] {subprocess.py:93} INFO - [0m07:17:30
[2025-04-10T07:17:30.568+0000] {subprocess.py:93} INFO - [0m07:17:30  1 of 5 START sql table model driven_staging.dim_address ........................ [RUN]
[2025-04-10T07:17:35.457+0000] {subprocess.py:93} INFO - [0m07:17:35  1 of 5 OK created sql table model driven_staging.dim_address ................... [[32mSELECT 905132[0m in 4.88s]
[2025-04-10T07:17:35.468+0000] {subprocess.py:93} INFO - [0m07:17:35  2 of 5 START sql table model driven_staging.dim_date ........................... [RUN]
[2025-04-10T07:18:11.868+0000] {subprocess.py:93} INFO - [0m07:18:11  2 of 5 OK created sql table model driven_staging.dim_date ...................... [[32mSELECT 905132[0m in 36.39s]
[2025-04-10T07:18:11.887+0000] {subprocess.py:93} INFO - [0m07:18:11  3 of 5 START sql table model driven_staging.dim_finance ........................ [RUN]
[2025-04-10T07:18:18.905+0000] {subprocess.py:93} INFO - [0m07:18:18  3 of 5 OK created sql table model driven_staging.dim_finance ................... [[32mSELECT 905132[0m in 7.01s]
[2025-04-10T07:18:18.921+0000] {subprocess.py:93} INFO - [0m07:18:18  4 of 5 START sql table model driven_staging.dim_person ......................... [RUN]
[2025-04-10T07:18:24.091+0000] {subprocess.py:93} INFO - [0m07:18:24  4 of 5 OK created sql table model driven_staging.dim_person .................... [[32mSELECT 931245[0m in 5.16s]
[2025-04-10T07:18:24.102+0000] {subprocess.py:93} INFO - [0m07:18:24  5 of 5 START sql table model driven_staging.fact_network_usage ................. [RUN]
[2025-04-10T07:18:25.953+0000] {subprocess.py:93} INFO - [0m07:18:25  5 of 5 OK created sql table model driven_staging.fact_network_usage ............ [[32mSELECT 931245[0m in 1.84s]
[2025-04-10T07:18:25.988+0000] {subprocess.py:93} INFO - [0m07:18:25
[2025-04-10T07:18:25.989+0000] {subprocess.py:93} INFO - [0m07:18:25  Finished running 5 table models in 0 hours 0 minutes and 55.90 seconds (55.90s).
[2025-04-10T07:18:26.083+0000] {subprocess.py:93} INFO - [0m07:18:26
[2025-04-10T07:18:26.084+0000] {subprocess.py:93} INFO - [0m07:18:26  [32mCompleted successfully[0m
[2025-04-10T07:18:26.086+0000] {subprocess.py:93} INFO - [0m07:18:26
[2025-04-10T07:18:26.087+0000] {subprocess.py:93} INFO - [0m07:18:26  Done. PASS=5 WARN=0 ERROR=0 SKIP=0 TOTAL=5
[2025-04-10T07:18:28.066+0000] {subprocess.py:97} INFO - Command exited with return code 0
[2025-04-10T07:18:28.144+0000] {taskinstance.py:340} INFO - ::group::Post task execution logs
[2025-04-10T07:18:28.147+0000] {taskinstance.py:352} INFO - Marking task as SUCCESS. dag_id=extract_raw_data_pipeline, task_id=run_dbt_staging, run_id=scheduled__2025-04-10T07:16:00+00:00, execution_date=20250410T071600, start_date=20250410T071718, end_date=20250410T071828
[2025-04-10T07:18:28.235+0000] {local_task_job_runner.py:266} INFO - Task exited with return code 0
[2025-04-10T07:18:28.288+0000] {taskinstance.py:3900} INFO - 1 downstream tasks scheduled from follow-on schedule check
[2025-04-10T07:18:28.295+0000] {local_task_job_runner.py:245} INFO - ::endgroup::
