[2025-04-09T07:53:18.153+0000] {local_task_job_runner.py:123} INFO - ::group::Pre task execution logs
[2025-04-09T07:53:18.182+0000] {taskinstance.py:2612} INFO - Dependencies all met for dep_context=non-requeueable deps ti=<TaskInstance: extract_raw_data_pipeline.run_dbt_trusted scheduled__2025-04-09T07:52:00+00:00 [queued]>
[2025-04-09T07:53:18.200+0000] {taskinstance.py:2612} INFO - Dependencies all met for dep_context=requeueable deps ti=<TaskInstance: extract_raw_data_pipeline.run_dbt_trusted scheduled__2025-04-09T07:52:00+00:00 [queued]>
[2025-04-09T07:53:18.201+0000] {taskinstance.py:2865} INFO - Starting attempt 1 of 1
[2025-04-09T07:53:18.226+0000] {taskinstance.py:2888} INFO - Executing <Task(BashOperator): run_dbt_trusted> on 2025-04-09 07:52:00+00:00
[2025-04-09T07:53:18.238+0000] {warnings.py:112} WARNING - /home/***/.local/lib/python3.12/site-packages/***/task/task_runner/standard_task_runner.py:70: DeprecationWarning: This process (pid=4139) is multi-threaded, use of fork() may lead to deadlocks in the child.
  pid = os.fork()

[2025-04-09T07:53:18.240+0000] {standard_task_runner.py:72} INFO - Started process 4141 to run task
[2025-04-09T07:53:18.241+0000] {standard_task_runner.py:104} INFO - Running: ['***', 'tasks', 'run', 'extract_raw_data_pipeline', 'run_dbt_trusted', 'scheduled__2025-04-09T07:52:00+00:00', '--job-id', '392', '--raw', '--subdir', 'DAGS_FOLDER/driven_data_pipeline.py', '--cfg-path', '/tmp/tmpsv01x21k']
[2025-04-09T07:53:18.243+0000] {standard_task_runner.py:105} INFO - Job 392: Subtask run_dbt_trusted
[2025-04-09T07:53:18.335+0000] {task_command.py:467} INFO - Running <TaskInstance: extract_raw_data_pipeline.run_dbt_trusted scheduled__2025-04-09T07:52:00+00:00 [running]> on host c829a6b69367
[2025-04-09T07:53:18.492+0000] {taskinstance.py:3131} INFO - Exporting env vars: AIRFLOW_CTX_DAG_OWNER='***' AIRFLOW_CTX_DAG_ID='extract_raw_data_pipeline' AIRFLOW_CTX_TASK_ID='run_dbt_trusted' AIRFLOW_CTX_EXECUTION_DATE='2025-04-09T07:52:00+00:00' AIRFLOW_CTX_TRY_NUMBER='1' AIRFLOW_CTX_DAG_RUN_ID='scheduled__2025-04-09T07:52:00+00:00'
[2025-04-09T07:53:18.494+0000] {taskinstance.py:731} INFO - ::endgroup::
[2025-04-09T07:53:18.517+0000] {subprocess.py:63} INFO - Tmp dir root location: /tmp
[2025-04-09T07:53:18.520+0000] {subprocess.py:75} INFO - Running command: ['/usr/bin/bash', '-c', 'set -x; cd /opt/***/dbt && dbt run --select tag:trusted']
[2025-04-09T07:53:18.542+0000] {subprocess.py:86} INFO - Output:
[2025-04-09T07:53:18.546+0000] {subprocess.py:93} INFO - + cd /opt/***/dbt
[2025-04-09T07:53:18.547+0000] {subprocess.py:93} INFO - + dbt run --select tag:trusted
[2025-04-09T07:53:21.379+0000] {subprocess.py:93} INFO - [0m07:53:21  Running with dbt=1.8.0
[2025-04-09T07:53:21.737+0000] {subprocess.py:93} INFO - [0m07:53:21  Registered adapter: postgres=1.8.2
[2025-04-09T07:53:22.279+0000] {subprocess.py:93} INFO - [0m07:53:22  Found 9 models, 10 sources, 428 macros
[2025-04-09T07:53:22.283+0000] {subprocess.py:93} INFO - [0m07:53:22
[2025-04-09T07:53:22.433+0000] {subprocess.py:93} INFO - [0m07:53:22  Concurrency: 1 threads (target='dev')
[2025-04-09T07:53:22.434+0000] {subprocess.py:93} INFO - [0m07:53:22
[2025-04-09T07:53:22.447+0000] {subprocess.py:93} INFO - [0m07:53:22  1 of 4 START sql table model driven_trusted.non_pii_data ....................... [RUN]
[2025-04-09T07:53:32.414+0000] {subprocess.py:93} INFO - [0m07:53:32  1 of 4 OK created sql table model driven_trusted.non_pii_data .................. [[32mSELECT 468462[0m in 9.96s]
[2025-04-09T07:53:32.417+0000] {subprocess.py:93} INFO - [0m07:53:32  2 of 4 START sql table model driven_trusted.payment_data ....................... [RUN]
[2025-04-09T07:53:35.754+0000] {subprocess.py:93} INFO - [0m07:53:35  2 of 4 OK created sql table model driven_trusted.payment_data .................. [[32mSELECT 468462[0m in 3.33s]
[2025-04-09T07:53:35.758+0000] {subprocess.py:93} INFO - [0m07:53:35  3 of 4 START sql table model driven_trusted.pii_data ........................... [RUN]
[2025-04-09T07:53:54.300+0000] {subprocess.py:93} INFO - [0m07:53:54  3 of 4 OK created sql table model driven_trusted.pii_data ...................... [[32mSELECT 468462[0m in 18.53s]
[2025-04-09T07:53:54.323+0000] {subprocess.py:93} INFO - [0m07:53:54  4 of 4 START sql table model driven_trusted.technical_data ..................... [RUN]
[2025-04-09T07:54:20.521+0000] {subprocess.py:93} INFO - [0m07:54:20  4 of 4 OK created sql table model driven_trusted.technical_data ................ [[32mSELECT 468462[0m in 26.19s]
[2025-04-09T07:54:20.616+0000] {subprocess.py:93} INFO - [0m07:54:20
[2025-04-09T07:54:20.622+0000] {subprocess.py:93} INFO - [0m07:54:20  Finished running 4 table models in 0 hours 0 minutes and 58.33 seconds (58.33s).
[2025-04-09T07:54:20.962+0000] {subprocess.py:93} INFO - [0m07:54:20
[2025-04-09T07:54:20.966+0000] {subprocess.py:93} INFO - [0m07:54:20  [32mCompleted successfully[0m
[2025-04-09T07:54:20.973+0000] {subprocess.py:93} INFO - [0m07:54:20
[2025-04-09T07:54:20.975+0000] {subprocess.py:93} INFO - [0m07:54:20  Done. PASS=4 WARN=0 ERROR=0 SKIP=0 TOTAL=4
[2025-04-09T07:54:24.639+0000] {subprocess.py:97} INFO - Command exited with return code 0
[2025-04-09T07:54:24.743+0000] {taskinstance.py:340} INFO - ::group::Post task execution logs
[2025-04-09T07:54:24.746+0000] {taskinstance.py:352} INFO - Marking task as SUCCESS. dag_id=extract_raw_data_pipeline, task_id=run_dbt_trusted, run_id=scheduled__2025-04-09T07:52:00+00:00, execution_date=20250409T075200, start_date=20250409T075318, end_date=20250409T075424
[2025-04-09T07:54:24.901+0000] {local_task_job_runner.py:266} INFO - Task exited with return code 0
[2025-04-09T07:54:24.963+0000] {taskinstance.py:3900} INFO - 0 downstream tasks scheduled from follow-on schedule check
[2025-04-09T07:54:24.976+0000] {local_task_job_runner.py:245} INFO - ::endgroup::
