[2025-04-09T07:56:08.357+0000] {local_task_job_runner.py:123} INFO - ::group::Pre task execution logs
[2025-04-09T07:56:08.383+0000] {taskinstance.py:2612} INFO - Dependencies all met for dep_context=non-requeueable deps ti=<TaskInstance: extract_raw_data_pipeline.run_dbt_staging scheduled__2025-04-09T07:55:00+00:00 [queued]>
[2025-04-09T07:56:08.398+0000] {taskinstance.py:2612} INFO - Dependencies all met for dep_context=requeueable deps ti=<TaskInstance: extract_raw_data_pipeline.run_dbt_staging scheduled__2025-04-09T07:55:00+00:00 [queued]>
[2025-04-09T07:56:08.399+0000] {taskinstance.py:2865} INFO - Starting attempt 1 of 1
[2025-04-09T07:56:08.425+0000] {taskinstance.py:2888} INFO - Executing <Task(BashOperator): run_dbt_staging> on 2025-04-09 07:55:00+00:00
[2025-04-09T07:56:08.438+0000] {warnings.py:112} WARNING - /home/***/.local/lib/python3.12/site-packages/***/task/task_runner/standard_task_runner.py:70: DeprecationWarning: This process (pid=4303) is multi-threaded, use of fork() may lead to deadlocks in the child.
  pid = os.fork()

[2025-04-09T07:56:08.442+0000] {standard_task_runner.py:72} INFO - Started process 4305 to run task
[2025-04-09T07:56:08.442+0000] {standard_task_runner.py:104} INFO - Running: ['***', 'tasks', 'run', 'extract_raw_data_pipeline', 'run_dbt_staging', 'scheduled__2025-04-09T07:55:00+00:00', '--job-id', '409', '--raw', '--subdir', 'DAGS_FOLDER/driven_data_pipeline.py', '--cfg-path', '/tmp/tmpvdtz9dp4']
[2025-04-09T07:56:08.444+0000] {standard_task_runner.py:105} INFO - Job 409: Subtask run_dbt_staging
[2025-04-09T07:56:08.532+0000] {task_command.py:467} INFO - Running <TaskInstance: extract_raw_data_pipeline.run_dbt_staging scheduled__2025-04-09T07:55:00+00:00 [running]> on host c829a6b69367
[2025-04-09T07:56:08.684+0000] {taskinstance.py:3131} INFO - Exporting env vars: AIRFLOW_CTX_DAG_OWNER='***' AIRFLOW_CTX_DAG_ID='extract_raw_data_pipeline' AIRFLOW_CTX_TASK_ID='run_dbt_staging' AIRFLOW_CTX_EXECUTION_DATE='2025-04-09T07:55:00+00:00' AIRFLOW_CTX_TRY_NUMBER='1' AIRFLOW_CTX_DAG_RUN_ID='scheduled__2025-04-09T07:55:00+00:00'
[2025-04-09T07:56:08.686+0000] {taskinstance.py:731} INFO - ::endgroup::
[2025-04-09T07:56:08.713+0000] {subprocess.py:63} INFO - Tmp dir root location: /tmp
[2025-04-09T07:56:08.715+0000] {subprocess.py:75} INFO - Running command: ['/usr/bin/bash', '-c', 'set -x; cd /opt/***/dbt && dbt run --select tag:staging']
[2025-04-09T07:56:08.737+0000] {subprocess.py:86} INFO - Output:
[2025-04-09T07:56:08.739+0000] {subprocess.py:93} INFO - + cd /opt/***/dbt
[2025-04-09T07:56:08.741+0000] {subprocess.py:93} INFO - + dbt run --select tag:staging
[2025-04-09T07:56:12.584+0000] {subprocess.py:93} INFO - [0m07:56:12  Running with dbt=1.8.0
[2025-04-09T07:56:12.967+0000] {subprocess.py:93} INFO - [0m07:56:12  Registered adapter: postgres=1.8.2
[2025-04-09T07:56:13.539+0000] {subprocess.py:93} INFO - [0m07:56:13  Found 9 models, 10 sources, 428 macros
[2025-04-09T07:56:13.543+0000] {subprocess.py:93} INFO - [0m07:56:13
[2025-04-09T07:56:13.712+0000] {subprocess.py:93} INFO - [0m07:56:13  Concurrency: 1 threads (target='dev')
[2025-04-09T07:56:13.713+0000] {subprocess.py:93} INFO - [0m07:56:13
[2025-04-09T07:56:13.729+0000] {subprocess.py:93} INFO - [0m07:56:13  1 of 5 START sql table model driven_staging.dim_address ........................ [RUN]
[2025-04-09T07:56:14.807+0000] {subprocess.py:93} INFO - [0m07:56:14  1 of 5 OK created sql table model driven_staging.dim_address ................... [[32mSELECT 506035[0m in 1.07s]
[2025-04-09T07:56:14.812+0000] {subprocess.py:93} INFO - [0m07:56:14  2 of 5 START sql table model driven_staging.dim_date ........................... [RUN]
[2025-04-09T07:56:15.678+0000] {subprocess.py:93} INFO - [0m07:56:15  2 of 5 OK created sql table model driven_staging.dim_date ...................... [[32mSELECT 506035[0m in 0.86s]
[2025-04-09T07:56:15.683+0000] {subprocess.py:93} INFO - [0m07:56:15  3 of 5 START sql table model driven_staging.dim_finance ........................ [RUN]
[2025-04-09T07:56:16.415+0000] {subprocess.py:93} INFO - [0m07:56:16  3 of 5 OK created sql table model driven_staging.dim_finance ................... [[32mSELECT 506035[0m in 0.73s]
[2025-04-09T07:56:16.418+0000] {subprocess.py:93} INFO - [0m07:56:16  4 of 5 START sql table model driven_staging.dim_person ......................... [RUN]
[2025-04-09T07:56:17.567+0000] {subprocess.py:93} INFO - [0m07:56:17  4 of 5 OK created sql table model driven_staging.dim_person .................... [[32mSELECT 506035[0m in 1.14s]
[2025-04-09T07:56:17.571+0000] {subprocess.py:93} INFO - [0m07:56:17  5 of 5 START sql table model driven_staging.fact_network_usage ................. [RUN]
[2025-04-09T07:56:18.501+0000] {subprocess.py:93} INFO - [0m07:56:18  5 of 5 OK created sql table model driven_staging.fact_network_usage ............ [[32mSELECT 506035[0m in 0.93s]
[2025-04-09T07:56:18.532+0000] {subprocess.py:93} INFO - [0m07:56:18
[2025-04-09T07:56:18.533+0000] {subprocess.py:93} INFO - [0m07:56:18  Finished running 5 table models in 0 hours 0 minutes and 4.99 seconds (4.99s).
[2025-04-09T07:56:18.641+0000] {subprocess.py:93} INFO - [0m07:56:18
[2025-04-09T07:56:18.643+0000] {subprocess.py:93} INFO - [0m07:56:18  [32mCompleted successfully[0m
[2025-04-09T07:56:18.644+0000] {subprocess.py:93} INFO - [0m07:56:18
[2025-04-09T07:56:18.645+0000] {subprocess.py:93} INFO - [0m07:56:18  Done. PASS=5 WARN=0 ERROR=0 SKIP=0 TOTAL=5
[2025-04-09T07:56:20.247+0000] {subprocess.py:97} INFO - Command exited with return code 0
[2025-04-09T07:56:20.291+0000] {taskinstance.py:340} INFO - ::group::Post task execution logs
[2025-04-09T07:56:20.292+0000] {taskinstance.py:352} INFO - Marking task as SUCCESS. dag_id=extract_raw_data_pipeline, task_id=run_dbt_staging, run_id=scheduled__2025-04-09T07:55:00+00:00, execution_date=20250409T075500, start_date=20250409T075608, end_date=20250409T075620
[2025-04-09T07:56:20.343+0000] {local_task_job_runner.py:266} INFO - Task exited with return code 0
[2025-04-09T07:56:20.372+0000] {taskinstance.py:3900} INFO - 1 downstream tasks scheduled from follow-on schedule check
[2025-04-09T07:56:20.376+0000] {local_task_job_runner.py:245} INFO - ::endgroup::
