[2025-04-10T07:21:27.307+0000] {local_task_job_runner.py:123} INFO - ::group::Pre task execution logs
[2025-04-10T07:21:27.391+0000] {taskinstance.py:2612} INFO - Dependencies all met for dep_context=non-requeueable deps ti=<TaskInstance: extract_raw_data_pipeline.run_dbt_trusted scheduled__2025-04-10T07:18:00+00:00 [queued]>
[2025-04-10T07:21:27.436+0000] {taskinstance.py:2612} INFO - Dependencies all met for dep_context=requeueable deps ti=<TaskInstance: extract_raw_data_pipeline.run_dbt_trusted scheduled__2025-04-10T07:18:00+00:00 [queued]>
[2025-04-10T07:21:27.439+0000] {taskinstance.py:2865} INFO - Starting attempt 1 of 1
[2025-04-10T07:21:27.534+0000] {taskinstance.py:2888} INFO - Executing <Task(BashOperator): run_dbt_trusted> on 2025-04-10 07:18:00+00:00
[2025-04-10T07:21:27.561+0000] {warnings.py:112} WARNING - /home/***/.local/lib/python3.12/site-packages/***/task/task_runner/standard_task_runner.py:70: DeprecationWarning: This process (pid=3451) is multi-threaded, use of fork() may lead to deadlocks in the child.
  pid = os.fork()

[2025-04-10T07:21:27.575+0000] {standard_task_runner.py:72} INFO - Started process 3453 to run task
[2025-04-10T07:21:27.570+0000] {standard_task_runner.py:104} INFO - Running: ['***', 'tasks', 'run', 'extract_raw_data_pipeline', 'run_dbt_trusted', 'scheduled__2025-04-10T07:18:00+00:00', '--job-id', '560', '--raw', '--subdir', 'DAGS_FOLDER/driven_data_pipeline.py', '--cfg-path', '/tmp/tmpjv1851_u']
[2025-04-10T07:21:27.584+0000] {standard_task_runner.py:105} INFO - Job 560: Subtask run_dbt_trusted
[2025-04-10T07:21:27.761+0000] {task_command.py:467} INFO - Running <TaskInstance: extract_raw_data_pipeline.run_dbt_trusted scheduled__2025-04-10T07:18:00+00:00 [running]> on host c829a6b69367
[2025-04-10T07:21:28.095+0000] {taskinstance.py:3131} INFO - Exporting env vars: AIRFLOW_CTX_DAG_OWNER='***' AIRFLOW_CTX_DAG_ID='extract_raw_data_pipeline' AIRFLOW_CTX_TASK_ID='run_dbt_trusted' AIRFLOW_CTX_EXECUTION_DATE='2025-04-10T07:18:00+00:00' AIRFLOW_CTX_TRY_NUMBER='1' AIRFLOW_CTX_DAG_RUN_ID='scheduled__2025-04-10T07:18:00+00:00'
[2025-04-10T07:21:28.097+0000] {taskinstance.py:731} INFO - ::endgroup::
[2025-04-10T07:21:28.147+0000] {subprocess.py:63} INFO - Tmp dir root location: /tmp
[2025-04-10T07:21:28.152+0000] {subprocess.py:75} INFO - Running command: ['/usr/bin/bash', '-c', 'set -x; cd /opt/***/dbt && dbt run --select tag:trusted']
[2025-04-10T07:21:28.195+0000] {subprocess.py:86} INFO - Output:
[2025-04-10T07:21:28.200+0000] {subprocess.py:93} INFO - + cd /opt/***/dbt
[2025-04-10T07:21:28.206+0000] {subprocess.py:93} INFO - + dbt run --select tag:trusted
[2025-04-10T07:21:34.115+0000] {subprocess.py:93} INFO - [0m07:21:34  Running with dbt=1.8.0
[2025-04-10T07:21:34.894+0000] {subprocess.py:93} INFO - [0m07:21:34  Registered adapter: postgres=1.8.2
[2025-04-10T07:21:36.113+0000] {subprocess.py:93} INFO - [0m07:21:36  Found 9 models, 10 sources, 428 macros
[2025-04-10T07:21:36.120+0000] {subprocess.py:93} INFO - [0m07:21:36
[2025-04-10T07:21:36.446+0000] {subprocess.py:93} INFO - [0m07:21:36  Concurrency: 1 threads (target='dev')
[2025-04-10T07:21:36.448+0000] {subprocess.py:93} INFO - [0m07:21:36
[2025-04-10T07:21:36.484+0000] {subprocess.py:93} INFO - [0m07:21:36  1 of 4 START sql table model driven_trusted.non_pii_data ....................... [RUN]
[2025-04-10T07:22:17.623+0000] {subprocess.py:93} INFO - [0m07:22:17  1 of 4 OK created sql table model driven_trusted.non_pii_data .................. [[32mSELECT 984881[0m in 41.13s]
[2025-04-10T07:22:17.640+0000] {subprocess.py:93} INFO - [0m07:22:17  2 of 4 START sql table model driven_trusted.payment_data ....................... [RUN]
[2025-04-10T07:22:35.317+0000] {subprocess.py:93} INFO - [0m07:22:35  2 of 4 OK created sql table model driven_trusted.payment_data .................. [[32mSELECT 1012412[0m in 17.67s]
[2025-04-10T07:22:35.329+0000] {subprocess.py:93} INFO - [0m07:22:35  3 of 4 START sql table model driven_trusted.pii_data ........................... [RUN]
[2025-04-10T07:23:15.074+0000] {subprocess.py:93} INFO - [0m07:23:15  3 of 4 OK created sql table model driven_trusted.pii_data ...................... [[32mSELECT 1012412[0m in 39.72s]
[2025-04-10T07:23:15.139+0000] {subprocess.py:93} INFO - [0m07:23:15  4 of 4 START sql table model driven_trusted.technical_data ..................... [RUN]
[2025-04-10T07:23:25.826+0000] {subprocess.py:93} INFO - [0m07:23:25  4 of 4 OK created sql table model driven_trusted.technical_data ................ [[32mSELECT 1012412[0m in 10.68s]
[2025-04-10T07:23:25.901+0000] {subprocess.py:93} INFO - [0m07:23:25
[2025-04-10T07:23:25.907+0000] {subprocess.py:93} INFO - [0m07:23:25  Finished running 4 table models in 0 hours 1 minutes and 49.78 seconds (109.78s).
[2025-04-10T07:23:26.115+0000] {subprocess.py:93} INFO - [0m07:23:26
[2025-04-10T07:23:26.120+0000] {subprocess.py:93} INFO - [0m07:23:26  [32mCompleted successfully[0m
[2025-04-10T07:23:26.124+0000] {subprocess.py:93} INFO - [0m07:23:26
[2025-04-10T07:23:26.127+0000] {subprocess.py:93} INFO - [0m07:23:26  Done. PASS=4 WARN=0 ERROR=0 SKIP=0 TOTAL=4
[2025-04-10T07:23:28.814+0000] {subprocess.py:97} INFO - Command exited with return code 0
[2025-04-10T07:23:28.904+0000] {taskinstance.py:340} INFO - ::group::Post task execution logs
[2025-04-10T07:23:28.906+0000] {taskinstance.py:352} INFO - Marking task as SUCCESS. dag_id=extract_raw_data_pipeline, task_id=run_dbt_trusted, run_id=scheduled__2025-04-10T07:18:00+00:00, execution_date=20250410T071800, start_date=20250410T072127, end_date=20250410T072328
[2025-04-10T07:23:28.999+0000] {local_task_job_runner.py:266} INFO - Task exited with return code 0
[2025-04-10T07:23:29.015+0000] {local_task_job_runner.py:245} INFO - ::endgroup::
