[2025-04-10T07:00:36.284+0000] {local_task_job_runner.py:123} INFO - ::group::Pre task execution logs
[2025-04-10T07:00:36.343+0000] {taskinstance.py:2612} INFO - Dependencies all met for dep_context=non-requeueable deps ti=<TaskInstance: extract_raw_data_pipeline.run_dbt_trusted scheduled__2025-04-09T07:59:00+00:00 [queued]>
[2025-04-10T07:00:36.377+0000] {taskinstance.py:2612} INFO - Dependencies all met for dep_context=requeueable deps ti=<TaskInstance: extract_raw_data_pipeline.run_dbt_trusted scheduled__2025-04-09T07:59:00+00:00 [queued]>
[2025-04-10T07:00:36.379+0000] {taskinstance.py:2865} INFO - Starting attempt 1 of 1
[2025-04-10T07:00:36.438+0000] {taskinstance.py:2888} INFO - Executing <Task(BashOperator): run_dbt_trusted> on 2025-04-09 07:59:00+00:00
[2025-04-10T07:00:36.456+0000] {warnings.py:112} WARNING - /home/***/.local/lib/python3.12/site-packages/***/task/task_runner/standard_task_runner.py:70: DeprecationWarning: This process (pid=2237) is multi-threaded, use of fork() may lead to deadlocks in the child.
  pid = os.fork()

[2025-04-10T07:00:36.460+0000] {standard_task_runner.py:104} INFO - Running: ['***', 'tasks', 'run', 'extract_raw_data_pipeline', 'run_dbt_trusted', 'scheduled__2025-04-09T07:59:00+00:00', '--job-id', '436', '--raw', '--subdir', 'DAGS_FOLDER/driven_data_pipeline.py', '--cfg-path', '/tmp/tmpuaphn9dm']
[2025-04-10T07:00:36.462+0000] {standard_task_runner.py:72} INFO - Started process 2239 to run task
[2025-04-10T07:00:36.463+0000] {standard_task_runner.py:105} INFO - Job 436: Subtask run_dbt_trusted
[2025-04-10T07:00:36.574+0000] {task_command.py:467} INFO - Running <TaskInstance: extract_raw_data_pipeline.run_dbt_trusted scheduled__2025-04-09T07:59:00+00:00 [running]> on host c829a6b69367
[2025-04-10T07:00:36.745+0000] {taskinstance.py:3131} INFO - Exporting env vars: AIRFLOW_CTX_DAG_OWNER='***' AIRFLOW_CTX_DAG_ID='extract_raw_data_pipeline' AIRFLOW_CTX_TASK_ID='run_dbt_trusted' AIRFLOW_CTX_EXECUTION_DATE='2025-04-09T07:59:00+00:00' AIRFLOW_CTX_TRY_NUMBER='1' AIRFLOW_CTX_DAG_RUN_ID='scheduled__2025-04-09T07:59:00+00:00'
[2025-04-10T07:00:36.747+0000] {taskinstance.py:731} INFO - ::endgroup::
[2025-04-10T07:00:36.798+0000] {subprocess.py:63} INFO - Tmp dir root location: /tmp
[2025-04-10T07:00:36.802+0000] {subprocess.py:75} INFO - Running command: ['/usr/bin/bash', '-c', 'set -x; cd /opt/***/dbt && dbt run --select tag:trusted']
[2025-04-10T07:00:36.831+0000] {subprocess.py:86} INFO - Output:
[2025-04-10T07:00:36.836+0000] {subprocess.py:93} INFO - + cd /opt/***/dbt
[2025-04-10T07:00:36.839+0000] {subprocess.py:93} INFO - + dbt run --select tag:trusted
[2025-04-10T07:00:42.482+0000] {subprocess.py:93} INFO - [0m07:00:42  Running with dbt=1.8.0
[2025-04-10T07:00:43.104+0000] {subprocess.py:93} INFO - [0m07:00:43  Registered adapter: postgres=1.8.2
[2025-04-10T07:00:43.868+0000] {subprocess.py:93} INFO - [0m07:00:43  Found 9 models, 10 sources, 428 macros
[2025-04-10T07:00:43.876+0000] {subprocess.py:93} INFO - [0m07:00:43
[2025-04-10T07:00:44.059+0000] {subprocess.py:93} INFO - [0m07:00:44  Concurrency: 1 threads (target='dev')
[2025-04-10T07:00:44.061+0000] {subprocess.py:93} INFO - [0m07:00:44
[2025-04-10T07:00:44.079+0000] {subprocess.py:93} INFO - [0m07:00:44  1 of 4 START sql table model driven_trusted.non_pii_data ....................... [RUN]
[2025-04-10T07:01:04.166+0000] {subprocess.py:93} INFO - [0m07:01:04  1 of 4 OK created sql table model driven_trusted.non_pii_data .................. [[32mSELECT 562321[0m in 20.08s]
[2025-04-10T07:01:04.177+0000] {subprocess.py:93} INFO - [0m07:01:04  2 of 4 START sql table model driven_trusted.payment_data ....................... [RUN]
[2025-04-10T07:01:11.178+0000] {subprocess.py:93} INFO - [0m07:01:11  2 of 4 OK created sql table model driven_trusted.payment_data .................. [[32mSELECT 562321[0m in 7.00s]
[2025-04-10T07:01:11.187+0000] {subprocess.py:93} INFO - [0m07:01:11  3 of 4 START sql table model driven_trusted.pii_data ........................... [RUN]
[2025-04-10T07:01:32.634+0000] {subprocess.py:93} INFO - [0m07:01:32  3 of 4 OK created sql table model driven_trusted.pii_data ...................... [[32mSELECT 562321[0m in 21.44s]
[2025-04-10T07:01:32.651+0000] {subprocess.py:93} INFO - [0m07:01:32  4 of 4 START sql table model driven_trusted.technical_data ..................... [RUN]
[2025-04-10T07:01:36.554+0000] {subprocess.py:93} INFO - [0m07:01:36  4 of 4 OK created sql table model driven_trusted.technical_data ................ [[32mSELECT 562321[0m in 3.89s]
[2025-04-10T07:01:36.631+0000] {subprocess.py:93} INFO - [0m07:01:36
[2025-04-10T07:01:36.642+0000] {subprocess.py:93} INFO - [0m07:01:36  Finished running 4 table models in 0 hours 0 minutes and 52.75 seconds (52.75s).
[2025-04-10T07:01:36.877+0000] {subprocess.py:93} INFO - [0m07:01:36
[2025-04-10T07:01:36.880+0000] {subprocess.py:93} INFO - [0m07:01:36  [32mCompleted successfully[0m
[2025-04-10T07:01:36.883+0000] {subprocess.py:93} INFO - [0m07:01:36
[2025-04-10T07:01:36.886+0000] {subprocess.py:93} INFO - [0m07:01:36  Done. PASS=4 WARN=0 ERROR=0 SKIP=0 TOTAL=4
[2025-04-10T07:01:38.646+0000] {subprocess.py:97} INFO - Command exited with return code 0
[2025-04-10T07:01:38.712+0000] {taskinstance.py:340} INFO - ::group::Post task execution logs
[2025-04-10T07:01:38.715+0000] {taskinstance.py:352} INFO - Marking task as SUCCESS. dag_id=extract_raw_data_pipeline, task_id=run_dbt_trusted, run_id=scheduled__2025-04-09T07:59:00+00:00, execution_date=20250409T075900, start_date=20250410T070036, end_date=20250410T070138
[2025-04-10T07:01:38.776+0000] {local_task_job_runner.py:266} INFO - Task exited with return code 0
[2025-04-10T07:01:38.813+0000] {taskinstance.py:3900} INFO - 0 downstream tasks scheduled from follow-on schedule check
[2025-04-10T07:01:38.831+0000] {local_task_job_runner.py:245} INFO - ::endgroup::
