[2025-04-10T07:55:01.947+0000] {local_task_job_runner.py:123} INFO - ::group::Pre task execution logs
[2025-04-10T07:55:01.967+0000] {taskinstance.py:2612} INFO - Dependencies all met for dep_context=non-requeueable deps ti=<TaskInstance: extract_raw_data_pipeline.extract_raw_data scheduled__2025-04-10T07:54:00+00:00 [queued]>
[2025-04-10T07:55:01.977+0000] {taskinstance.py:2612} INFO - Dependencies all met for dep_context=requeueable deps ti=<TaskInstance: extract_raw_data_pipeline.extract_raw_data scheduled__2025-04-10T07:54:00+00:00 [queued]>
[2025-04-10T07:55:01.978+0000] {taskinstance.py:2865} INFO - Starting attempt 1 of 1
[2025-04-10T07:55:01.998+0000] {taskinstance.py:2888} INFO - Executing <Task(PythonOperator): extract_raw_data> on 2025-04-10 07:54:00+00:00
[2025-04-10T07:55:02.006+0000] {warnings.py:112} WARNING - /home/***/.local/lib/python3.12/site-packages/***/task/task_runner/standard_task_runner.py:70: DeprecationWarning: This process (pid=5429) is multi-threaded, use of fork() may lead to deadlocks in the child.
  pid = os.fork()

[2025-04-10T07:55:02.009+0000] {standard_task_runner.py:72} INFO - Started process 5435 to run task
[2025-04-10T07:55:02.009+0000] {standard_task_runner.py:104} INFO - Running: ['***', 'tasks', 'run', 'extract_raw_data_pipeline', 'extract_raw_data', 'scheduled__2025-04-10T07:54:00+00:00', '--job-id', '758', '--raw', '--subdir', 'DAGS_FOLDER/driven_data_pipeline.py', '--cfg-path', '/tmp/tmpjqd2eplt']
[2025-04-10T07:55:02.010+0000] {standard_task_runner.py:105} INFO - Job 758: Subtask extract_raw_data
[2025-04-10T07:55:02.069+0000] {task_command.py:467} INFO - Running <TaskInstance: extract_raw_data_pipeline.extract_raw_data scheduled__2025-04-10T07:54:00+00:00 [running]> on host c829a6b69367
[2025-04-10T07:55:02.177+0000] {taskinstance.py:3131} INFO - Exporting env vars: AIRFLOW_CTX_DAG_OWNER='***' AIRFLOW_CTX_DAG_ID='extract_raw_data_pipeline' AIRFLOW_CTX_TASK_ID='extract_raw_data' AIRFLOW_CTX_EXECUTION_DATE='2025-04-10T07:54:00+00:00' AIRFLOW_CTX_TRY_NUMBER='1' AIRFLOW_CTX_DAG_RUN_ID='scheduled__2025-04-10T07:54:00+00:00'
[2025-04-10T07:55:02.178+0000] {taskinstance.py:731} INFO - ::endgroup::
[2025-04-10T07:55:02.194+0000] {driven_data_pipeline.py:148} INFO - Started batch processing for 2025-04-10.
[2025-04-10T07:55:02.195+0000] {driven_data_pipeline.py:35} INFO - Created synthetic data for RO country code.
[2025-04-10T07:55:02.422+0000] {driven_data_pipeline.py:105} INFO - Written 566 records to the CSV file.
[2025-04-10T07:55:03.031+0000] {driven_data_pipeline.py:121} INFO - Added UUID to the dataset.
[2025-04-10T07:55:03.457+0000] {driven_data_pipeline.py:140} INFO - Updated accessed timestamp.
[2025-04-10T07:55:03.459+0000] {driven_data_pipeline.py:156} INFO - Finished batch processing 2025-04-10.
[2025-04-10T07:55:03.459+0000] {python.py:240} INFO - Done. Returned value was: None
[2025-04-10T07:55:03.475+0000] {taskinstance.py:340} INFO - ::group::Post task execution logs
[2025-04-10T07:55:03.476+0000] {taskinstance.py:352} INFO - Marking task as SUCCESS. dag_id=extract_raw_data_pipeline, task_id=extract_raw_data, run_id=scheduled__2025-04-10T07:54:00+00:00, execution_date=20250410T075400, start_date=20250410T075501, end_date=20250410T075503
[2025-04-10T07:55:03.550+0000] {local_task_job_runner.py:266} INFO - Task exited with return code 0
[2025-04-10T07:55:03.563+0000] {local_task_job_runner.py:245} INFO - ::endgroup::
