[2025-04-10T07:38:10.084+0000] {local_task_job_runner.py:123} INFO - ::group::Pre task execution logs
[2025-04-10T07:38:10.120+0000] {taskinstance.py:2612} INFO - Dependencies all met for dep_context=non-requeueable deps ti=<TaskInstance: extract_raw_data_pipeline.run_dbt_staging scheduled__2025-04-10T07:37:00+00:00 [queued]>
[2025-04-10T07:38:10.138+0000] {taskinstance.py:2612} INFO - Dependencies all met for dep_context=requeueable deps ti=<TaskInstance: extract_raw_data_pipeline.run_dbt_staging scheduled__2025-04-10T07:37:00+00:00 [queued]>
[2025-04-10T07:38:10.140+0000] {taskinstance.py:2865} INFO - Starting attempt 1 of 1
[2025-04-10T07:38:10.183+0000] {taskinstance.py:2888} INFO - Executing <Task(BashOperator): run_dbt_staging> on 2025-04-10 07:37:00+00:00
[2025-04-10T07:38:10.192+0000] {warnings.py:112} WARNING - /home/***/.local/lib/python3.12/site-packages/***/task/task_runner/standard_task_runner.py:70: DeprecationWarning: This process (pid=4475) is multi-threaded, use of fork() may lead to deadlocks in the child.
  pid = os.fork()

[2025-04-10T07:38:10.198+0000] {standard_task_runner.py:72} INFO - Started process 4477 to run task
[2025-04-10T07:38:10.198+0000] {standard_task_runner.py:104} INFO - Running: ['***', 'tasks', 'run', 'extract_raw_data_pipeline', 'run_dbt_staging', 'scheduled__2025-04-10T07:37:00+00:00', '--job-id', '662', '--raw', '--subdir', 'DAGS_FOLDER/driven_data_pipeline.py', '--cfg-path', '/tmp/tmpy1shgeek']
[2025-04-10T07:38:10.200+0000] {standard_task_runner.py:105} INFO - Job 662: Subtask run_dbt_staging
[2025-04-10T07:38:10.281+0000] {task_command.py:467} INFO - Running <TaskInstance: extract_raw_data_pipeline.run_dbt_staging scheduled__2025-04-10T07:37:00+00:00 [running]> on host c829a6b69367
[2025-04-10T07:38:10.417+0000] {taskinstance.py:3131} INFO - Exporting env vars: AIRFLOW_CTX_DAG_OWNER='***' AIRFLOW_CTX_DAG_ID='extract_raw_data_pipeline' AIRFLOW_CTX_TASK_ID='run_dbt_staging' AIRFLOW_CTX_EXECUTION_DATE='2025-04-10T07:37:00+00:00' AIRFLOW_CTX_TRY_NUMBER='1' AIRFLOW_CTX_DAG_RUN_ID='scheduled__2025-04-10T07:37:00+00:00'
[2025-04-10T07:38:10.419+0000] {taskinstance.py:731} INFO - ::endgroup::
[2025-04-10T07:38:10.435+0000] {subprocess.py:63} INFO - Tmp dir root location: /tmp
[2025-04-10T07:38:10.437+0000] {subprocess.py:75} INFO - Running command: ['/usr/bin/bash', '-c', 'set -x; cd /opt/***/dbt && dbt run --select tag:staging']
[2025-04-10T07:38:10.453+0000] {subprocess.py:86} INFO - Output:
[2025-04-10T07:38:10.456+0000] {subprocess.py:93} INFO - + cd /opt/***/dbt
[2025-04-10T07:38:10.457+0000] {subprocess.py:93} INFO - + dbt run --select tag:staging
[2025-04-10T07:38:14.133+0000] {subprocess.py:93} INFO - [0m07:38:14  Running with dbt=1.8.0
[2025-04-10T07:38:14.633+0000] {subprocess.py:93} INFO - [0m07:38:14  Registered adapter: postgres=1.8.2
[2025-04-10T07:38:15.732+0000] {subprocess.py:93} INFO - [0m07:38:15  Found 9 models, 10 sources, 428 macros
[2025-04-10T07:38:15.740+0000] {subprocess.py:93} INFO - [0m07:38:15
[2025-04-10T07:38:16.031+0000] {subprocess.py:93} INFO - [0m07:38:16  Concurrency: 1 threads (target='dev')
[2025-04-10T07:38:16.034+0000] {subprocess.py:93} INFO - [0m07:38:16
[2025-04-10T07:38:16.062+0000] {subprocess.py:93} INFO - [0m07:38:16  1 of 5 START sql table model driven_staging.dim_address ........................ [RUN]
[2025-04-10T07:39:02.509+0000] {subprocess.py:93} INFO - [0m07:39:02  1 of 5 OK created sql table model driven_staging.dim_address ................... [[32mSELECT 1560889[0m in 46.44s]
[2025-04-10T07:39:02.514+0000] {subprocess.py:93} INFO - [0m07:39:02  2 of 5 START sql table model driven_staging.dim_date ........................... [RUN]
[2025-04-10T07:39:34.988+0000] {subprocess.py:93} INFO - [0m07:39:34  2 of 5 OK created sql table model driven_staging.dim_date ...................... [[32mSELECT 1560889[0m in 32.47s]
[2025-04-10T07:39:34.991+0000] {subprocess.py:93} INFO - [0m07:39:34  3 of 5 START sql table model driven_staging.dim_finance ........................ [RUN]
[2025-04-10T07:40:14.657+0000] {subprocess.py:93} INFO - [0m07:40:14  3 of 5 OK created sql table model driven_staging.dim_finance ................... [[32mSELECT 1596930[0m in 39.66s]
[2025-04-10T07:40:14.662+0000] {subprocess.py:93} INFO - [0m07:40:14  4 of 5 START sql table model driven_staging.dim_person ......................... [RUN]
[2025-04-10T07:40:40.040+0000] {subprocess.py:93} INFO - [0m07:40:40  4 of 5 OK created sql table model driven_staging.dim_person .................... [[32mSELECT 1634028[0m in 25.37s]
[2025-04-10T07:40:40.045+0000] {subprocess.py:93} INFO - [0m07:40:40  5 of 5 START sql table model driven_staging.fact_network_usage ................. [RUN]
[2025-04-10T07:40:48.228+0000] {subprocess.py:93} INFO - [0m07:40:48  5 of 5 OK created sql table model driven_staging.fact_network_usage ............ [[32mSELECT 1634028[0m in 8.18s]
[2025-04-10T07:40:48.245+0000] {subprocess.py:93} INFO - [0m07:40:48
[2025-04-10T07:40:48.246+0000] {subprocess.py:93} INFO - [0m07:40:48  Finished running 5 table models in 0 hours 2 minutes and 32.50 seconds (152.50s).
[2025-04-10T07:40:48.332+0000] {subprocess.py:93} INFO - [0m07:40:48
[2025-04-10T07:40:48.333+0000] {subprocess.py:93} INFO - [0m07:40:48  [32mCompleted successfully[0m
[2025-04-10T07:40:48.334+0000] {subprocess.py:93} INFO - [0m07:40:48
[2025-04-10T07:40:48.335+0000] {subprocess.py:93} INFO - [0m07:40:48  Done. PASS=5 WARN=0 ERROR=0 SKIP=0 TOTAL=5
[2025-04-10T07:40:49.535+0000] {subprocess.py:97} INFO - Command exited with return code 0
[2025-04-10T07:40:49.580+0000] {taskinstance.py:340} INFO - ::group::Post task execution logs
[2025-04-10T07:40:49.581+0000] {taskinstance.py:352} INFO - Marking task as SUCCESS. dag_id=extract_raw_data_pipeline, task_id=run_dbt_staging, run_id=scheduled__2025-04-10T07:37:00+00:00, execution_date=20250410T073700, start_date=20250410T073810, end_date=20250410T074049
[2025-04-10T07:40:49.638+0000] {local_task_job_runner.py:266} INFO - Task exited with return code 0
[2025-04-10T07:40:49.670+0000] {taskinstance.py:3900} INFO - 1 downstream tasks scheduled from follow-on schedule check
[2025-04-10T07:40:49.692+0000] {local_task_job_runner.py:245} INFO - ::endgroup::
