[2025-04-09T07:41:06.686+0000] {local_task_job_runner.py:123} INFO - ::group::Pre task execution logs
[2025-04-09T07:41:06.716+0000] {taskinstance.py:2612} INFO - Dependencies all met for dep_context=non-requeueable deps ti=<TaskInstance: extract_raw_data_pipeline.run_dbt_staging scheduled__2025-04-09T07:40:00+00:00 [queued]>
[2025-04-09T07:41:06.751+0000] {taskinstance.py:2612} INFO - Dependencies all met for dep_context=requeueable deps ti=<TaskInstance: extract_raw_data_pipeline.run_dbt_staging scheduled__2025-04-09T07:40:00+00:00 [queued]>
[2025-04-09T07:41:06.766+0000] {taskinstance.py:2865} INFO - Starting attempt 1 of 1
[2025-04-09T07:41:06.913+0000] {taskinstance.py:2888} INFO - Executing <Task(BashOperator): run_dbt_staging> on 2025-04-09 07:40:00+00:00
[2025-04-09T07:41:06.956+0000] {warnings.py:112} WARNING - /home/***/.local/lib/python3.12/site-packages/***/task/task_runner/standard_task_runner.py:70: DeprecationWarning: This process (pid=3397) is multi-threaded, use of fork() may lead to deadlocks in the child.
  pid = os.fork()

[2025-04-09T07:41:06.972+0000] {standard_task_runner.py:72} INFO - Started process 3399 to run task
[2025-04-09T07:41:06.970+0000] {standard_task_runner.py:104} INFO - Running: ['***', 'tasks', 'run', 'extract_raw_data_pipeline', 'run_dbt_staging', 'scheduled__2025-04-09T07:40:00+00:00', '--job-id', '319', '--raw', '--subdir', 'DAGS_FOLDER/driven_data_pipeline.py', '--cfg-path', '/tmp/tmp9l4h6d2v']
[2025-04-09T07:41:06.980+0000] {standard_task_runner.py:105} INFO - Job 319: Subtask run_dbt_staging
[2025-04-09T07:41:07.110+0000] {task_command.py:467} INFO - Running <TaskInstance: extract_raw_data_pipeline.run_dbt_staging scheduled__2025-04-09T07:40:00+00:00 [running]> on host c829a6b69367
[2025-04-09T07:41:07.287+0000] {taskinstance.py:3131} INFO - Exporting env vars: AIRFLOW_CTX_DAG_OWNER='***' AIRFLOW_CTX_DAG_ID='extract_raw_data_pipeline' AIRFLOW_CTX_TASK_ID='run_dbt_staging' AIRFLOW_CTX_EXECUTION_DATE='2025-04-09T07:40:00+00:00' AIRFLOW_CTX_TRY_NUMBER='1' AIRFLOW_CTX_DAG_RUN_ID='scheduled__2025-04-09T07:40:00+00:00'
[2025-04-09T07:41:07.290+0000] {taskinstance.py:731} INFO - ::endgroup::
[2025-04-09T07:41:07.320+0000] {subprocess.py:63} INFO - Tmp dir root location: /tmp
[2025-04-09T07:41:07.324+0000] {subprocess.py:75} INFO - Running command: ['/usr/bin/bash', '-c', 'set -x; cd /opt/***/dbt && dbt run --select tag:staging']
[2025-04-09T07:41:07.342+0000] {subprocess.py:86} INFO - Output:
[2025-04-09T07:41:07.344+0000] {subprocess.py:93} INFO - + cd /opt/***/dbt
[2025-04-09T07:41:07.345+0000] {subprocess.py:93} INFO - + dbt run --select tag:staging
[2025-04-09T07:41:11.946+0000] {subprocess.py:93} INFO - [0m07:41:11  Running with dbt=1.8.0
[2025-04-09T07:41:12.303+0000] {subprocess.py:93} INFO - [0m07:41:12  Registered adapter: postgres=1.8.2
[2025-04-09T07:41:12.886+0000] {subprocess.py:93} INFO - [0m07:41:12  Found 9 models, 10 sources, 428 macros
[2025-04-09T07:41:12.890+0000] {subprocess.py:93} INFO - [0m07:41:12
[2025-04-09T07:41:13.059+0000] {subprocess.py:93} INFO - [0m07:41:13  Concurrency: 1 threads (target='dev')
[2025-04-09T07:41:13.060+0000] {subprocess.py:93} INFO - [0m07:41:13
[2025-04-09T07:41:13.080+0000] {subprocess.py:93} INFO - [0m07:41:13  1 of 5 START sql table model driven_staging.dim_address ........................ [RUN]
[2025-04-09T07:41:13.781+0000] {subprocess.py:93} INFO - [0m07:41:13  1 of 5 OK created sql table model driven_staging.dim_address ................... [[32mSELECT 368292[0m in 0.70s]
[2025-04-09T07:41:13.785+0000] {subprocess.py:93} INFO - [0m07:41:13  2 of 5 START sql table model driven_staging.dim_date ........................... [RUN]
[2025-04-09T07:41:14.258+0000] {subprocess.py:93} INFO - [0m07:41:14  2 of 5 OK created sql table model driven_staging.dim_date ...................... [[32mSELECT 368292[0m in 0.47s]
[2025-04-09T07:41:14.261+0000] {subprocess.py:93} INFO - [0m07:41:14  3 of 5 START sql table model driven_staging.dim_finance ........................ [RUN]
[2025-04-09T07:41:14.724+0000] {subprocess.py:93} INFO - [0m07:41:14  3 of 5 OK created sql table model driven_staging.dim_finance ................... [[32mSELECT 368292[0m in 0.46s]
[2025-04-09T07:41:14.728+0000] {subprocess.py:93} INFO - [0m07:41:14  4 of 5 START sql table model driven_staging.dim_person ......................... [RUN]
[2025-04-09T07:41:15.335+0000] {subprocess.py:93} INFO - [0m07:41:15  4 of 5 OK created sql table model driven_staging.dim_person .................... [[32mSELECT 368292[0m in 0.60s]
[2025-04-09T07:41:15.338+0000] {subprocess.py:93} INFO - [0m07:41:15  5 of 5 START sql table model driven_staging.fact_network_usage ................. [RUN]
[2025-04-09T07:41:15.751+0000] {subprocess.py:93} INFO - [0m07:41:15  5 of 5 OK created sql table model driven_staging.fact_network_usage ............ [[32mSELECT 368292[0m in 0.41s]
[2025-04-09T07:41:15.768+0000] {subprocess.py:93} INFO - [0m07:41:15
[2025-04-09T07:41:15.769+0000] {subprocess.py:93} INFO - [0m07:41:15  Finished running 5 table models in 0 hours 0 minutes and 2.88 seconds (2.88s).
[2025-04-09T07:41:15.834+0000] {subprocess.py:93} INFO - [0m07:41:15
[2025-04-09T07:41:15.836+0000] {subprocess.py:93} INFO - [0m07:41:15  [32mCompleted successfully[0m
[2025-04-09T07:41:15.840+0000] {subprocess.py:93} INFO - [0m07:41:15
[2025-04-09T07:41:15.844+0000] {subprocess.py:93} INFO - [0m07:41:15  Done. PASS=5 WARN=0 ERROR=0 SKIP=0 TOTAL=5
[2025-04-09T07:41:16.432+0000] {subprocess.py:97} INFO - Command exited with return code 0
[2025-04-09T07:41:16.480+0000] {taskinstance.py:340} INFO - ::group::Post task execution logs
[2025-04-09T07:41:16.481+0000] {taskinstance.py:352} INFO - Marking task as SUCCESS. dag_id=extract_raw_data_pipeline, task_id=run_dbt_staging, run_id=scheduled__2025-04-09T07:40:00+00:00, execution_date=20250409T074000, start_date=20250409T074106, end_date=20250409T074116
[2025-04-09T07:41:17.063+0000] {local_task_job_runner.py:266} INFO - Task exited with return code 0
[2025-04-09T07:41:17.085+0000] {taskinstance.py:3900} INFO - 0 downstream tasks scheduled from follow-on schedule check
[2025-04-09T07:41:17.089+0000] {local_task_job_runner.py:245} INFO - ::endgroup::
