[2025-04-10T07:30:10.113+0000] {local_task_job_runner.py:123} INFO - ::group::Pre task execution logs
[2025-04-10T07:30:10.133+0000] {taskinstance.py:2612} INFO - Dependencies all met for dep_context=non-requeueable deps ti=<TaskInstance: extract_raw_data_pipeline.run_dbt_staging scheduled__2025-04-10T07:29:00+00:00 [queued]>
[2025-04-10T07:30:10.144+0000] {taskinstance.py:2612} INFO - Dependencies all met for dep_context=requeueable deps ti=<TaskInstance: extract_raw_data_pipeline.run_dbt_staging scheduled__2025-04-10T07:29:00+00:00 [queued]>
[2025-04-10T07:30:10.145+0000] {taskinstance.py:2865} INFO - Starting attempt 1 of 1
[2025-04-10T07:30:10.173+0000] {taskinstance.py:2888} INFO - Executing <Task(BashOperator): run_dbt_staging> on 2025-04-10 07:29:00+00:00
[2025-04-10T07:30:10.181+0000] {warnings.py:112} WARNING - /home/***/.local/lib/python3.12/site-packages/***/task/task_runner/standard_task_runner.py:70: DeprecationWarning: This process (pid=3980) is multi-threaded, use of fork() may lead to deadlocks in the child.
  pid = os.fork()

[2025-04-10T07:30:10.184+0000] {standard_task_runner.py:72} INFO - Started process 3982 to run task
[2025-04-10T07:30:10.185+0000] {standard_task_runner.py:104} INFO - Running: ['***', 'tasks', 'run', 'extract_raw_data_pipeline', 'run_dbt_staging', 'scheduled__2025-04-10T07:29:00+00:00', '--job-id', '613', '--raw', '--subdir', 'DAGS_FOLDER/driven_data_pipeline.py', '--cfg-path', '/tmp/tmp2lr5cc8u']
[2025-04-10T07:30:10.187+0000] {standard_task_runner.py:105} INFO - Job 613: Subtask run_dbt_staging
[2025-04-10T07:30:10.280+0000] {task_command.py:467} INFO - Running <TaskInstance: extract_raw_data_pipeline.run_dbt_staging scheduled__2025-04-10T07:29:00+00:00 [running]> on host c829a6b69367
[2025-04-10T07:30:10.443+0000] {taskinstance.py:3131} INFO - Exporting env vars: AIRFLOW_CTX_DAG_OWNER='***' AIRFLOW_CTX_DAG_ID='extract_raw_data_pipeline' AIRFLOW_CTX_TASK_ID='run_dbt_staging' AIRFLOW_CTX_EXECUTION_DATE='2025-04-10T07:29:00+00:00' AIRFLOW_CTX_TRY_NUMBER='1' AIRFLOW_CTX_DAG_RUN_ID='scheduled__2025-04-10T07:29:00+00:00'
[2025-04-10T07:30:10.446+0000] {taskinstance.py:731} INFO - ::endgroup::
[2025-04-10T07:30:10.475+0000] {subprocess.py:63} INFO - Tmp dir root location: /tmp
[2025-04-10T07:30:10.478+0000] {subprocess.py:75} INFO - Running command: ['/usr/bin/bash', '-c', 'set -x; cd /opt/***/dbt && dbt run --select tag:staging']
[2025-04-10T07:30:10.499+0000] {subprocess.py:86} INFO - Output:
[2025-04-10T07:30:10.502+0000] {subprocess.py:93} INFO - + cd /opt/***/dbt
[2025-04-10T07:30:10.503+0000] {subprocess.py:93} INFO - + dbt run --select tag:staging
[2025-04-10T07:30:14.506+0000] {subprocess.py:93} INFO - [0m07:30:14  Running with dbt=1.8.0
[2025-04-10T07:30:14.836+0000] {subprocess.py:93} INFO - [0m07:30:14  Registered adapter: postgres=1.8.2
[2025-04-10T07:30:15.412+0000] {subprocess.py:93} INFO - [0m07:30:15  Found 9 models, 10 sources, 428 macros
[2025-04-10T07:30:15.416+0000] {subprocess.py:93} INFO - [0m07:30:15
[2025-04-10T07:30:15.565+0000] {subprocess.py:93} INFO - [0m07:30:15  Concurrency: 1 threads (target='dev')
[2025-04-10T07:30:15.566+0000] {subprocess.py:93} INFO - [0m07:30:15
[2025-04-10T07:30:15.583+0000] {subprocess.py:93} INFO - [0m07:30:15  1 of 5 START sql table model driven_staging.dim_address ........................ [RUN]
[2025-04-10T07:30:22.034+0000] {subprocess.py:93} INFO - [0m07:30:22  1 of 5 OK created sql table model driven_staging.dim_address ................... [[32mSELECT 1285063[0m in 6.45s]
[2025-04-10T07:30:22.038+0000] {subprocess.py:93} INFO - [0m07:30:22  2 of 5 START sql table model driven_staging.dim_date ........................... [RUN]
[2025-04-10T07:30:57.222+0000] {subprocess.py:93} INFO - [0m07:30:57  2 of 5 OK created sql table model driven_staging.dim_date ...................... [[32mSELECT 1285063[0m in 35.18s]
[2025-04-10T07:30:57.226+0000] {subprocess.py:93} INFO - [0m07:30:57  3 of 5 START sql table model driven_staging.dim_finance ........................ [RUN]
[2025-04-10T07:31:30.511+0000] {subprocess.py:93} INFO - [0m07:31:30  3 of 5 OK created sql table model driven_staging.dim_finance ................... [[32mSELECT 1285063[0m in 33.28s]
[2025-04-10T07:31:30.515+0000] {subprocess.py:93} INFO - [0m07:31:30  4 of 5 START sql table model driven_staging.dim_person ......................... [RUN]
[2025-04-10T07:31:37.324+0000] {subprocess.py:93} INFO - [0m07:31:37  4 of 5 OK created sql table model driven_staging.dim_person .................... [[32mSELECT 1318176[0m in 6.81s]
[2025-04-10T07:31:37.328+0000] {subprocess.py:93} INFO - [0m07:31:37  5 of 5 START sql table model driven_staging.fact_network_usage ................. [RUN]
[2025-04-10T07:32:30.268+0000] {subprocess.py:93} INFO - [0m07:32:30  5 of 5 OK created sql table model driven_staging.fact_network_usage ............ [[32mSELECT 1318176[0m in 52.94s]
[2025-04-10T07:32:30.302+0000] {subprocess.py:93} INFO - [0m07:32:30
[2025-04-10T07:32:30.305+0000] {subprocess.py:93} INFO - [0m07:32:30  Finished running 5 table models in 0 hours 2 minutes and 14.88 seconds (134.88s).
[2025-04-10T07:32:30.414+0000] {subprocess.py:93} INFO - [0m07:32:30
[2025-04-10T07:32:30.416+0000] {subprocess.py:93} INFO - [0m07:32:30  [32mCompleted successfully[0m
[2025-04-10T07:32:30.417+0000] {subprocess.py:93} INFO - [0m07:32:30
[2025-04-10T07:32:30.419+0000] {subprocess.py:93} INFO - [0m07:32:30  Done. PASS=5 WARN=0 ERROR=0 SKIP=0 TOTAL=5
[2025-04-10T07:32:32.121+0000] {subprocess.py:97} INFO - Command exited with return code 0
[2025-04-10T07:32:32.197+0000] {taskinstance.py:340} INFO - ::group::Post task execution logs
[2025-04-10T07:32:32.199+0000] {taskinstance.py:352} INFO - Marking task as SUCCESS. dag_id=extract_raw_data_pipeline, task_id=run_dbt_staging, run_id=scheduled__2025-04-10T07:29:00+00:00, execution_date=20250410T072900, start_date=20250410T073010, end_date=20250410T073232
[2025-04-10T07:32:32.248+0000] {local_task_job_runner.py:266} INFO - Task exited with return code 0
[2025-04-10T07:32:32.293+0000] {taskinstance.py:3900} INFO - 1 downstream tasks scheduled from follow-on schedule check
[2025-04-10T07:32:32.310+0000] {local_task_job_runner.py:245} INFO - ::endgroup::
