[2025-04-09T07:35:39.897+0000] {local_task_job_runner.py:123} INFO - ::group::Pre task execution logs
[2025-04-09T07:35:39.923+0000] {taskinstance.py:2612} INFO - Dependencies all met for dep_context=non-requeueable deps ti=<TaskInstance: extract_raw_data_pipeline.run_dbt_trusted manual__2025-04-09T07:35:07.791738+00:00 [queued]>
[2025-04-09T07:35:39.935+0000] {taskinstance.py:2612} INFO - Dependencies all met for dep_context=requeueable deps ti=<TaskInstance: extract_raw_data_pipeline.run_dbt_trusted manual__2025-04-09T07:35:07.791738+00:00 [queued]>
[2025-04-09T07:35:39.936+0000] {taskinstance.py:2865} INFO - Starting attempt 1 of 1
[2025-04-09T07:35:39.958+0000] {taskinstance.py:2888} INFO - Executing <Task(BashOperator): run_dbt_trusted> on 2025-04-09 07:35:07.791738+00:00
[2025-04-09T07:35:39.965+0000] {warnings.py:112} WARNING - /home/***/.local/lib/python3.12/site-packages/***/task/task_runner/standard_task_runner.py:70: DeprecationWarning: This process (pid=3048) is multi-threaded, use of fork() may lead to deadlocks in the child.
  pid = os.fork()

[2025-04-09T07:35:39.968+0000] {standard_task_runner.py:72} INFO - Started process 3050 to run task
[2025-04-09T07:35:39.969+0000] {standard_task_runner.py:104} INFO - Running: ['***', 'tasks', 'run', 'extract_raw_data_pipeline', 'run_dbt_trusted', 'manual__2025-04-09T07:35:07.791738+00:00', '--job-id', '284', '--raw', '--subdir', 'DAGS_FOLDER/driven_data_pipeline.py', '--cfg-path', '/tmp/tmpjif9rjbk']
[2025-04-09T07:35:39.971+0000] {standard_task_runner.py:105} INFO - Job 284: Subtask run_dbt_trusted
[2025-04-09T07:35:40.042+0000] {task_command.py:467} INFO - Running <TaskInstance: extract_raw_data_pipeline.run_dbt_trusted manual__2025-04-09T07:35:07.791738+00:00 [running]> on host c829a6b69367
[2025-04-09T07:35:40.165+0000] {taskinstance.py:3131} INFO - Exporting env vars: AIRFLOW_CTX_DAG_OWNER='***' AIRFLOW_CTX_DAG_ID='extract_raw_data_pipeline' AIRFLOW_CTX_TASK_ID='run_dbt_trusted' AIRFLOW_CTX_EXECUTION_DATE='2025-04-09T07:35:07.791738+00:00' AIRFLOW_CTX_TRY_NUMBER='1' AIRFLOW_CTX_DAG_RUN_ID='manual__2025-04-09T07:35:07.791738+00:00'
[2025-04-09T07:35:40.167+0000] {taskinstance.py:731} INFO - ::endgroup::
[2025-04-09T07:35:40.191+0000] {subprocess.py:63} INFO - Tmp dir root location: /tmp
[2025-04-09T07:35:40.192+0000] {subprocess.py:75} INFO - Running command: ['/usr/bin/bash', '-c', 'set -x; cd /opt/***/dbt && dbt run --select tag:trusted']
[2025-04-09T07:35:40.213+0000] {subprocess.py:86} INFO - Output:
[2025-04-09T07:35:40.215+0000] {subprocess.py:93} INFO - + cd /opt/***/dbt
[2025-04-09T07:35:40.217+0000] {subprocess.py:93} INFO - + dbt run --select tag:trusted
[2025-04-09T07:35:44.619+0000] {subprocess.py:93} INFO - [0m07:35:44  Running with dbt=1.8.0
[2025-04-09T07:35:45.182+0000] {subprocess.py:93} INFO - [0m07:35:45  Registered adapter: postgres=1.8.2
[2025-04-09T07:35:46.071+0000] {subprocess.py:93} INFO - [0m07:35:46  Found 9 models, 10 sources, 428 macros
[2025-04-09T07:35:46.079+0000] {subprocess.py:93} INFO - [0m07:35:46
[2025-04-09T07:35:46.483+0000] {subprocess.py:93} INFO - [0m07:35:46  Concurrency: 1 threads (target='dev')
[2025-04-09T07:35:46.485+0000] {subprocess.py:93} INFO - [0m07:35:46
[2025-04-09T07:35:46.504+0000] {subprocess.py:93} INFO - [0m07:35:46  1 of 4 START sql table model driven_trusted.non_pii_data ....................... [RUN]
[2025-04-09T07:35:59.394+0000] {subprocess.py:93} INFO - [0m07:35:59  1 of 4 OK created sql table model driven_trusted.non_pii_data .................. [[32mSELECT 347335[0m in 12.89s]
[2025-04-09T07:35:59.398+0000] {subprocess.py:93} INFO - [0m07:35:59  2 of 4 START sql table model driven_trusted.payment_data ....................... [RUN]
[2025-04-09T07:35:58.359+0000] {subprocess.py:93} INFO - [0m07:35:58  2 of 4 OK created sql table model driven_trusted.payment_data .................. [[32mSELECT 347335[0m in -1.04s]
[2025-04-09T07:35:58.362+0000] {subprocess.py:93} INFO - [0m07:35:58  3 of 4 START sql table model driven_trusted.pii_data ........................... [RUN]
[2025-04-09T07:36:01.502+0000] {subprocess.py:93} INFO - [0m07:36:01  3 of 4 OK created sql table model driven_trusted.pii_data ...................... [[32mSELECT 347335[0m in 3.14s]
[2025-04-09T07:36:01.507+0000] {subprocess.py:93} INFO - [0m07:36:01  4 of 4 START sql table model driven_trusted.technical_data ..................... [RUN]
[2025-04-09T07:36:03.472+0000] {subprocess.py:93} INFO - [0m07:36:03  4 of 4 OK created sql table model driven_trusted.technical_data ................ [[32mSELECT 347335[0m in 1.96s]
[2025-04-09T07:36:03.496+0000] {subprocess.py:93} INFO - [0m07:36:03
[2025-04-09T07:36:03.497+0000] {subprocess.py:93} INFO - [0m07:36:03  Finished running 4 table models in 0 hours 0 minutes and 17.42 seconds (17.42s).
[2025-04-09T07:36:03.583+0000] {subprocess.py:93} INFO - [0m07:36:03
[2025-04-09T07:36:03.584+0000] {subprocess.py:93} INFO - [0m07:36:03  [32mCompleted successfully[0m
[2025-04-09T07:36:03.586+0000] {subprocess.py:93} INFO - [0m07:36:03
[2025-04-09T07:36:03.588+0000] {subprocess.py:93} INFO - [0m07:36:03  Done. PASS=4 WARN=0 ERROR=0 SKIP=0 TOTAL=4
[2025-04-09T07:36:04.799+0000] {subprocess.py:97} INFO - Command exited with return code 0
[2025-04-09T07:36:04.833+0000] {taskinstance.py:340} INFO - ::group::Post task execution logs
[2025-04-09T07:36:04.834+0000] {taskinstance.py:352} INFO - Marking task as SUCCESS. dag_id=extract_raw_data_pipeline, task_id=run_dbt_trusted, run_id=manual__2025-04-09T07:35:07.791738+00:00, execution_date=20250409T073507, start_date=20250409T073539, end_date=20250409T073604
[2025-04-09T07:36:04.881+0000] {local_task_job_runner.py:266} INFO - Task exited with return code 0
[2025-04-09T07:36:04.900+0000] {taskinstance.py:3900} INFO - 0 downstream tasks scheduled from follow-on schedule check
[2025-04-09T07:36:04.902+0000] {local_task_job_runner.py:245} INFO - ::endgroup::
