[2025-04-10T07:23:29.889+0000] {local_task_job_runner.py:123} INFO - ::group::Pre task execution logs
[2025-04-10T07:23:29.960+0000] {taskinstance.py:2612} INFO - Dependencies all met for dep_context=non-requeueable deps ti=<TaskInstance: extract_raw_data_pipeline.run_dbt_staging scheduled__2025-04-10T07:22:00+00:00 [queued]>
[2025-04-10T07:23:30.000+0000] {taskinstance.py:2612} INFO - Dependencies all met for dep_context=requeueable deps ti=<TaskInstance: extract_raw_data_pipeline.run_dbt_staging scheduled__2025-04-10T07:22:00+00:00 [queued]>
[2025-04-10T07:23:30.002+0000] {taskinstance.py:2865} INFO - Starting attempt 1 of 1
[2025-04-10T07:23:30.074+0000] {taskinstance.py:2888} INFO - Executing <Task(BashOperator): run_dbt_staging> on 2025-04-10 07:22:00+00:00
[2025-04-10T07:23:30.100+0000] {warnings.py:112} WARNING - /home/***/.local/lib/python3.12/site-packages/***/task/task_runner/standard_task_runner.py:70: DeprecationWarning: This process (pid=3564) is multi-threaded, use of fork() may lead to deadlocks in the child.
  pid = os.fork()

[2025-04-10T07:23:30.105+0000] {standard_task_runner.py:72} INFO - Started process 3566 to run task
[2025-04-10T07:23:30.113+0000] {standard_task_runner.py:104} INFO - Running: ['***', 'tasks', 'run', 'extract_raw_data_pipeline', 'run_dbt_staging', 'scheduled__2025-04-10T07:22:00+00:00', '--job-id', '571', '--raw', '--subdir', 'DAGS_FOLDER/driven_data_pipeline.py', '--cfg-path', '/tmp/tmp6kfcfp0k']
[2025-04-10T07:23:30.116+0000] {standard_task_runner.py:105} INFO - Job 571: Subtask run_dbt_staging
[2025-04-10T07:23:30.269+0000] {task_command.py:467} INFO - Running <TaskInstance: extract_raw_data_pipeline.run_dbt_staging scheduled__2025-04-10T07:22:00+00:00 [running]> on host c829a6b69367
[2025-04-10T07:23:30.566+0000] {taskinstance.py:3131} INFO - Exporting env vars: AIRFLOW_CTX_DAG_OWNER='***' AIRFLOW_CTX_DAG_ID='extract_raw_data_pipeline' AIRFLOW_CTX_TASK_ID='run_dbt_staging' AIRFLOW_CTX_EXECUTION_DATE='2025-04-10T07:22:00+00:00' AIRFLOW_CTX_TRY_NUMBER='1' AIRFLOW_CTX_DAG_RUN_ID='scheduled__2025-04-10T07:22:00+00:00'
[2025-04-10T07:23:30.570+0000] {taskinstance.py:731} INFO - ::endgroup::
[2025-04-10T07:23:30.614+0000] {subprocess.py:63} INFO - Tmp dir root location: /tmp
[2025-04-10T07:23:30.615+0000] {subprocess.py:75} INFO - Running command: ['/usr/bin/bash', '-c', 'set -x; cd /opt/***/dbt && dbt run --select tag:staging']
[2025-04-10T07:23:30.656+0000] {subprocess.py:86} INFO - Output:
[2025-04-10T07:23:30.662+0000] {subprocess.py:93} INFO - + cd /opt/***/dbt
[2025-04-10T07:23:30.665+0000] {subprocess.py:93} INFO - + dbt run --select tag:staging
[2025-04-10T07:23:37.171+0000] {subprocess.py:93} INFO - [0m07:23:37  Running with dbt=1.8.0
[2025-04-10T07:23:37.736+0000] {subprocess.py:93} INFO - [0m07:23:37  Registered adapter: postgres=1.8.2
[2025-04-10T07:23:38.636+0000] {subprocess.py:93} INFO - [0m07:23:38  Found 9 models, 10 sources, 428 macros
[2025-04-10T07:23:38.641+0000] {subprocess.py:93} INFO - [0m07:23:38
[2025-04-10T07:23:38.868+0000] {subprocess.py:93} INFO - [0m07:23:38  Concurrency: 1 threads (target='dev')
[2025-04-10T07:23:38.870+0000] {subprocess.py:93} INFO - [0m07:23:38
[2025-04-10T07:23:38.890+0000] {subprocess.py:93} INFO - [0m07:23:38  1 of 5 START sql table model driven_staging.dim_address ........................ [RUN]
[2025-04-10T07:23:48.971+0000] {subprocess.py:93} INFO - [0m07:23:48  1 of 5 OK created sql table model driven_staging.dim_address ................... [[32mSELECT 1068854[0m in 10.07s]
[2025-04-10T07:23:48.975+0000] {subprocess.py:93} INFO - [0m07:23:48  2 of 5 START sql table model driven_staging.dim_date ........................... [RUN]
[2025-04-10T07:24:38.243+0000] {subprocess.py:93} INFO - [0m07:24:38  2 of 5 OK created sql table model driven_staging.dim_date ...................... [[32mSELECT 1068854[0m in 49.26s]
[2025-04-10T07:24:38.252+0000] {subprocess.py:93} INFO - [0m07:24:38  3 of 5 START sql table model driven_staging.dim_finance ........................ [RUN]
[2025-04-10T07:25:12.445+0000] {subprocess.py:93} INFO - [0m07:25:12  3 of 5 OK created sql table model driven_staging.dim_finance ................... [[32mSELECT 1097807[0m in 34.18s]
[2025-04-10T07:25:12.454+0000] {subprocess.py:93} INFO - [0m07:25:12  4 of 5 START sql table model driven_staging.dim_person ......................... [RUN]
[2025-04-10T07:25:27.250+0000] {subprocess.py:93} INFO - [0m07:25:27  4 of 5 OK created sql table model driven_staging.dim_person .................... [[32mSELECT 1127809[0m in 14.79s]
[2025-04-10T07:25:27.259+0000] {subprocess.py:93} INFO - [0m07:25:27  5 of 5 START sql table model driven_staging.fact_network_usage ................. [RUN]
[2025-04-10T07:25:39.006+0000] {subprocess.py:93} INFO - [0m07:25:39  5 of 5 OK created sql table model driven_staging.fact_network_usage ............ [[32mSELECT 1127809[0m in 11.74s]
[2025-04-10T07:25:39.042+0000] {subprocess.py:93} INFO - [0m07:25:39
[2025-04-10T07:25:39.044+0000] {subprocess.py:93} INFO - [0m07:25:39  Finished running 5 table models in 0 hours 2 minutes and 0.40 seconds (120.40s).
[2025-04-10T07:25:39.232+0000] {subprocess.py:93} INFO - [0m07:25:39
[2025-04-10T07:25:39.235+0000] {subprocess.py:93} INFO - [0m07:25:39  [32mCompleted successfully[0m
[2025-04-10T07:25:39.237+0000] {subprocess.py:93} INFO - [0m07:25:39
[2025-04-10T07:25:39.239+0000] {subprocess.py:93} INFO - [0m07:25:39  Done. PASS=5 WARN=0 ERROR=0 SKIP=0 TOTAL=5
[2025-04-10T07:25:41.193+0000] {subprocess.py:97} INFO - Command exited with return code 0
[2025-04-10T07:25:41.301+0000] {taskinstance.py:340} INFO - ::group::Post task execution logs
[2025-04-10T07:25:41.303+0000] {taskinstance.py:352} INFO - Marking task as SUCCESS. dag_id=extract_raw_data_pipeline, task_id=run_dbt_staging, run_id=scheduled__2025-04-10T07:22:00+00:00, execution_date=20250410T072200, start_date=20250410T072329, end_date=20250410T072541
[2025-04-10T07:25:41.410+0000] {local_task_job_runner.py:266} INFO - Task exited with return code 0
[2025-04-10T07:25:41.460+0000] {taskinstance.py:3900} INFO - 1 downstream tasks scheduled from follow-on schedule check
[2025-04-10T07:25:41.475+0000] {local_task_job_runner.py:245} INFO - ::endgroup::
