[2025-04-10T07:33:02.530+0000] {local_task_job_runner.py:123} INFO - ::group::Pre task execution logs
[2025-04-10T07:33:02.573+0000] {taskinstance.py:2612} INFO - Dependencies all met for dep_context=non-requeueable deps ti=<TaskInstance: extract_raw_data_pipeline.extract_raw_data scheduled__2025-04-10T07:32:00+00:00 [queued]>
[2025-04-10T07:33:02.599+0000] {taskinstance.py:2612} INFO - Dependencies all met for dep_context=requeueable deps ti=<TaskInstance: extract_raw_data_pipeline.extract_raw_data scheduled__2025-04-10T07:32:00+00:00 [queued]>
[2025-04-10T07:33:02.600+0000] {taskinstance.py:2865} INFO - Starting attempt 1 of 1
[2025-04-10T07:33:02.656+0000] {taskinstance.py:2888} INFO - Executing <Task(PythonOperator): extract_raw_data> on 2025-04-10 07:32:00+00:00
[2025-04-10T07:33:02.671+0000] {warnings.py:112} WARNING - /home/***/.local/lib/python3.12/site-packages/***/task/task_runner/standard_task_runner.py:70: DeprecationWarning: This process (pid=4137) is multi-threaded, use of fork() may lead to deadlocks in the child.
  pid = os.fork()

[2025-04-10T07:33:02.674+0000] {standard_task_runner.py:72} INFO - Started process 4144 to run task
[2025-04-10T07:33:02.675+0000] {standard_task_runner.py:104} INFO - Running: ['***', 'tasks', 'run', 'extract_raw_data_pipeline', 'extract_raw_data', 'scheduled__2025-04-10T07:32:00+00:00', '--job-id', '629', '--raw', '--subdir', 'DAGS_FOLDER/driven_data_pipeline.py', '--cfg-path', '/tmp/tmphx7k0rob']
[2025-04-10T07:33:02.678+0000] {standard_task_runner.py:105} INFO - Job 629: Subtask extract_raw_data
[2025-04-10T07:33:02.778+0000] {task_command.py:467} INFO - Running <TaskInstance: extract_raw_data_pipeline.extract_raw_data scheduled__2025-04-10T07:32:00+00:00 [running]> on host c829a6b69367
[2025-04-10T07:33:02.920+0000] {taskinstance.py:3131} INFO - Exporting env vars: AIRFLOW_CTX_DAG_OWNER='***' AIRFLOW_CTX_DAG_ID='extract_raw_data_pipeline' AIRFLOW_CTX_TASK_ID='extract_raw_data' AIRFLOW_CTX_EXECUTION_DATE='2025-04-10T07:32:00+00:00' AIRFLOW_CTX_TRY_NUMBER='1' AIRFLOW_CTX_DAG_RUN_ID='scheduled__2025-04-10T07:32:00+00:00'
[2025-04-10T07:33:02.922+0000] {taskinstance.py:731} INFO - ::endgroup::
[2025-04-10T07:33:02.945+0000] {driven_data_pipeline.py:148} INFO - Started batch processing for 2025-04-10.
[2025-04-10T07:33:02.946+0000] {driven_data_pipeline.py:35} INFO - Created synthetic data for RO country code.
[2025-04-10T07:33:03.095+0000] {driven_data_pipeline.py:105} INFO - Written 131 records to the CSV file.
[2025-04-10T07:33:03.789+0000] {driven_data_pipeline.py:121} INFO - Added UUID to the dataset.
[2025-04-10T07:33:04.243+0000] {driven_data_pipeline.py:140} INFO - Updated accessed timestamp.
[2025-04-10T07:33:04.245+0000] {driven_data_pipeline.py:156} INFO - Finished batch processing 2025-04-10.
[2025-04-10T07:33:04.246+0000] {python.py:240} INFO - Done. Returned value was: None
[2025-04-10T07:33:04.263+0000] {taskinstance.py:340} INFO - ::group::Post task execution logs
[2025-04-10T07:33:04.264+0000] {taskinstance.py:352} INFO - Marking task as SUCCESS. dag_id=extract_raw_data_pipeline, task_id=extract_raw_data, run_id=scheduled__2025-04-10T07:32:00+00:00, execution_date=20250410T073200, start_date=20250410T073302, end_date=20250410T073304
[2025-04-10T07:33:04.338+0000] {local_task_job_runner.py:266} INFO - Task exited with return code 0
[2025-04-10T07:33:04.355+0000] {local_task_job_runner.py:245} INFO - ::endgroup::
